14
 energy: -13.663412428838 gnorm: 0.011701635399 xtb: 6.7.1 (edcfbbe)
C           -0.47947293000000        0.95619124000000        1.24778979000000
H           -0.17374659000000       -0.09021952000000        1.20321641000000
H           -0.05593826000000        1.38639459000000        2.15799560000000
H           -0.02401875000000        1.47065799000000        0.39878134000000
C           -2.00023900000000        1.09707300000000        1.22694500000000
H           -2.43008043000000        0.54361906000000        2.06780833000000
H           -2.39840545000000        0.62723872000000        0.32204410000000
C           -2.47573600000000        2.54906500000000        1.28786500000000
H           -2.14216000000000        3.07351700000000        0.38686300000000
H           -3.56979700000000        2.56933900000000        1.26055900000000
C           -1.98256300000000        3.29668400000000        2.52514300000000
H           -2.26174014000000        2.77105901000000        3.44095446000000
H           -0.89664915000000        3.40258119000000        2.52248880000000
H           -2.41286992000000        4.29917616000000        2.57783635000000
14
 energy: -13.663920201869 gnorm: 0.004695083125 xtb: 6.7.1 (edcfbbe)
C           -0.47845981311000        0.95369294504839        1.24276680010748
H           -0.19605715083776       -0.09622823553836        1.18433512870337
H           -0.05102284426571        1.36539771859468        2.15499373539391
H           -0.03937352365806        1.47386866895499        0.39176063173569
C           -1.99416132634755        1.09864591565368        1.23894253223828
H           -2.41172500266457        0.55371907191900        2.09090924624039
H           -2.39166367728610        0.63536005983714        0.33125085447557
C           -2.46341908367615        2.55261984412693        1.28729350175886
H           -2.11493649456489        3.07791654337772        0.39306189976209
H           -3.55691893201451        2.56415434232267        1.26492176808610
C           -1.98947135862832        3.29966315296407        2.52682012169401
H           -2.27648564504810        2.76453696237070        3.43174565870626
H           -0.90775855838703        3.41483162640131        2.52351932637942
H           -2.43196320951125        4.29419782396708        2.56396897471856
14
 energy: -13.664026184509 gnorm: 0.001500561200 xtb: 6.7.1 (edcfbbe)
C           -0.47548476375460        0.94922470340384        1.23733103830308
H           -0.20278497210403       -0.10157590321865        1.16489757174078
H           -0.04000188635935        1.34758490237936        2.14965444312164
H           -0.04508670482751        1.47554259348935        0.38784039044548
C           -1.99117983805237        1.09937535888584        1.24569279806714
H           -2.40179939708280        0.56605615760365        2.10710547067859
H           -2.39635271825086        0.63326735499410        0.34366038468832
C           -2.45838713441960        2.55462725220501        1.28653756076740
H           -2.09661891438331        3.07480042359424        0.39587782309187
H           -3.55106387082878        2.56482665529654        1.25541331325196
C           -1.99572940438412        3.30393601953367        2.52968574650965
H           -2.28852417821677        2.76601853995426        3.42903004175198
H           -0.91593201103059        3.42440097239068        2.53339410388353
H           -2.44447082630531        4.29429140948811        2.56016949369859
14
 energy: -13.664110229755 gnorm: 0.003042616325 xtb: 6.7.1 (edcfbbe)
C           -0.47219029448875        0.94306485717910        1.22707144383925
H           -0.20767806774626       -0.10748883891834        1.12821115378390
H           -0.02258928302746        1.32007830574402        2.14083184877188
H           -0.05337186444069        1.48433909927373        0.38248598119563
C           -1.98912505631392        1.09846853956283        1.25894915899801
H           -2.38686733946034        0.58372815599149        2.13670645569011
H           -2.41050856612949        0.62009815602148        0.37149197993299
C           -2.44925216258951        2.55768886425431        1.28255370127706
H           -2.06516373291895        3.06997384169575        0.39768915780683
H           -3.54042326780210        2.57273090712464        1.23009504167012
C           -2.00663075587946        3.30957440177233        2.53390910820935
H           -2.30998192859881        2.76950432829734        3.42705338799714
H           -0.92805710386071        3.43425655292322        2.55242369492540
H           -2.46157719674355        4.29635926907811        2.55681806590232
14
 energy: -13.664132331738 gnorm: 0.001751058297 xtb: 6.7.1 (edcfbbe)
C           -0.47252277103398        0.94210379980316        1.22390321275374
H           -0.20620774641216       -0.10732696575042        1.11896091195919
H           -0.01878549605104        1.31593241353562        2.13731382407569
H           -0.05631571474868        1.48805338836348        0.38041187455177
C           -1.98904719533944        1.09814613669819        1.26267397528412
H           -2.38243739577960        0.58791856121867        2.14496426796162
H           -2.41609452763840        0.61360756523082        0.38110723755436
C           -2.44694897240884        2.55768160893380        1.28155258036270
H           -2.05618150817444        3.06813654103487        0.39842907370644
H           -3.53782057260612        2.57731244253009        1.22074145039569
C           -2.00965716616941        3.30980429231166        2.53432623512061
H           -2.31889777420861        2.77121766420914        3.42709660607511
H           -0.93039889649981        3.43151356253575        2.55939646394837
H           -2.46210088292946        4.29827542934517        2.55541246625058
14
 energy: -13.664147053450 gnorm: 0.001064243186 xtb: 6.7.1 (edcfbbe)
C           -0.47367401555579        0.94238698582268        1.21803653447648
H           -0.20371081919641       -0.10520230066863        1.10496256739685
H           -0.01249943233872        1.31312969072204        2.12987155715739
H           -0.06234367015937        1.49451857234343        0.37499742058325
C           -1.98915924942622        1.09746058259990        1.26951745286717
H           -2.37453230502506        0.59493113905883        2.16006547942375
H           -2.42620006965150        0.60244135697233        0.39830246276499
C           -2.44259748277808        2.55719829834051        1.27952957085409
H           -2.04047405966713        3.06464342496988        0.39921343782417
H           -3.53282880024485        2.58417044424932        1.20446580012949
C           -2.01488214363235        3.30853002995580        2.53500163455931
H           -2.33881113020939        2.77572174216928        3.42749171173301
H           -0.93407073966778        3.42006163245462        2.57406889206767
H           -2.45763270244733        4.30238484100998        2.55076565816237
14
 energy: -13.664152824865 gnorm: 0.000712667562 xtb: 6.7.1 (edcfbbe)
C           -0.47308977180589        0.94216849053170        1.21734043221279
H           -0.20367210399651       -0.10586223353357        1.10723252398991
H           -0.01139049361420        1.31547800570677        2.12767615812334
H           -0.06285142340452        1.49160571183878        0.37230650252243
C           -1.98841606577059        1.09775387632081        1.26934999830098
H           -2.37344267321986        0.59494181990297        2.15973602631620
H           -2.42513420695452        0.60345275987240        0.39789959069606
C           -2.44287287310145        2.55725957129254        1.28020977173565
H           -2.04115429552584        3.06513765216420        0.40012634948231
H           -3.53296483615333        2.58326689223212        1.20590045964082
C           -2.01549390496471        3.30874110806871        2.53551142792595
H           -2.34364516788344        2.77795265975721        3.42733414379069
H           -0.93460460760147        3.41640377380551        2.57686918674595
H           -2.45468419600365        4.30407635203984        2.54879760851689
14
 energy: -13.664163493832 gnorm: 0.000435726731 xtb: 6.7.1 (edcfbbe)
C           -0.47147529985711        0.94294378998249        1.21454115154134
H           -0.20374848846298       -0.10661924689117        1.11476611629300
H           -0.00690202949751        1.32486705330157        2.11967399582073
H           -0.06448843819993        1.48315876458220        0.36235695263889
C           -1.98688666323392        1.09786651435582        1.26941684823399
H           -2.37028413865053        0.59456187156888        2.16013158169997
H           -2.42412023970417        0.60519190296080        0.39759838221390
C           -2.44281242155961        2.55735497459197        1.28158307776321
H           -2.04200753427226        3.06637558047702        0.40190207384955
H           -3.53281124986017        2.58031776200184        1.20848914972482
C           -2.01724467799545        3.30848911280076        2.53777770457919
H           -2.36143990603004        2.78612743887318        3.42812340866187
H           -0.93568764420402        3.40234364391035        2.58871250804747
H           -2.44350788847227        4.30939727748429        2.54121722893204
14
 energy: -13.664168005510 gnorm: 0.000292407683 xtb: 6.7.1 (edcfbbe)
C           -0.47051654566376        0.94230342497513        1.21153764479387
H           -0.20239190622100       -0.10761495273415        1.11569568235762
H           -0.00309351565255        1.32875909907086        2.11326324245481
H           -0.06662425932647        1.47893142343687        0.35556488454690
C           -1.98570864628224        1.09798211218143        1.27080936498524
H           -2.36642806639011        0.59589082838180        2.16332058076067
H           -2.42525665177360        0.60357776564832        0.40098210000928
C           -2.44222409101574        2.55739845435431        1.28227430358838
H           -2.03895086615971        3.06644615310710        0.40369548959588
H           -3.53218764198262        2.58115086671223        1.20640616027597
C           -2.01981821056539        3.30881056985583        2.53930329265613
H           -2.37510743234417        2.79199182850063        3.42851736094587
H           -0.93784155626896        3.39329164052832        2.59819259301448
H           -2.43726723035366        4.31345722598131        2.53672748001489
14
 energy: -13.664170497112 gnorm: 0.000145726776 xtb: 6.7.1 (edcfbbe)
C           -0.47035676895180        0.94223477751668        1.20974253203222
H           -0.20235076125777       -0.10774560589570        1.11498578708262
H           -0.00062145109970        1.33023485620419        2.10965488855682
H           -0.06815657938516        1.47729434316799        0.35197078836019
C           -1.98541814087140        1.09785208557132        1.27217472949800
H           -2.36433937617725        0.59723529305566        2.16632129172801
H           -2.42709295610777        0.60187889885963        0.40421210901825
C           -2.44096675085641        2.55745558960793        1.28212587374098
H           -2.03541373482520        3.06615350307850        0.40435026010964
H           -3.53075784994731        2.58204645205544        1.20346233590155
C           -2.02131825953222        3.30882370581242        2.54015397534812
H           -2.38160627948331        2.79426696673691        3.42853117368795
H           -0.93946947313075        3.39004251046166        2.60348470736286
H           -2.43554823837394        4.31460306376737        2.53511972757276
14
 energy: -13.664172043419 gnorm: 0.000130879239 xtb: 6.7.1 (edcfbbe)
C           -0.47023642033817        0.94188404237341        1.20847373448088
H           -0.20254689263663       -0.10824734109022        1.11435123310918
H            0.00120410960018        1.33083367737283        2.10710977617969
H           -0.06937370323307        1.47600819310995        0.34939656814427
C           -1.98516273697163        1.09793779707882        1.27334289426991
H           -2.36280538805856        0.59867773830331        2.16881897193805
H           -2.42850498047469        0.60080067530653        0.40687237037005
C           -2.43995793525884        2.55770922246537        1.28188567552363
H           -2.03221778202022        3.06591674513035        0.40480066573726
H           -3.52958468609658        2.58314540618086        1.20084022830458
C           -2.02239747832000        3.30884491105270        2.54079382588754
H           -2.38517586188553        2.79469344633256        3.42844039578633
H           -0.94064887673641        3.38928662234321        2.60664277751687
H           -2.43600798756985        4.31488530404033        2.53452106275174
14
 energy: -13.664173198564 gnorm: 0.000134033703 xtb: 6.7.1 (edcfbbe)
C           -0.47014590043589        0.94143504967160        1.20744336622782
H           -0.20291153757935       -0.10894586343433        1.11498689768375
H            0.00266723805566        1.33200752778323        2.10465758732202
H           -0.07020445926039        1.47374044763516        0.34680349541791
C           -1.98493472541716        1.09796923878247        1.27393213203536
H           -2.36168172599562        0.59977454372881        2.17036580986122
H           -2.42944245044300        0.60003676331218        0.40852218542868
C           -2.43900301843488        2.55797595837346        1.28175616539254
H           -2.02964960210891        3.06599256812948        0.40534099290376
H           -3.52845349734646        2.58394817553482        1.19895458278757
C           -2.02340770800911        3.30907810806826        2.54139236353328
H           -2.38741516013460        2.79470888607762        3.42839323895491
H           -0.94177192698674        3.38953977983111        2.60888944856270
H           -2.43706214590353        4.31511525650613        2.53485191388845
14
 energy: -13.664174293193 gnorm: 0.000098547416 xtb: 6.7.1 (edcfbbe)
C           -0.46999274323367        0.94099153675696        1.20647792604167
H           -0.20322520093971       -0.10977019850513        1.11696509350844
H            0.00414819117838        1.33426496543970        2.10181118696639
H           -0.07099610363680        1.47040318336287        0.34361742004284
C           -1.98464262335031        1.09823965083461        1.27448859444970
H           -2.36069543512894        0.60085997139029        2.17163842907388
H           -2.43015922942041        0.59987124469933        0.40989922536395
C           -2.43828636476340        2.55840200888530        1.28158681716596
H           -2.02735688820263        3.06636262665295        0.40589386311842
H           -3.52758877691386        2.58475436599541        1.19712493105044
C           -2.02429569038797        3.30900432766530        2.54202603066129
H           -2.38944807631682        2.79434621111041        3.42841139537584
H           -0.94275131201058        3.38967730905924        2.61108457122499
H           -2.43812636687326        4.31496923665276        2.53526469595618
14
 energy: -13.664175302103 gnorm: 0.000075825257 xtb: 6.7.1 (edcfbbe)
C           -0.46985894566044        0.94059865934041        1.20540440881452
H           -0.20349745018855       -0.11064599505513        1.12000142528801
H            0.00555857283026        1.33757136783821        2.09843256212867
H           -0.07199422330949        1.46630860558239        0.33973042561003
C           -1.98435235495295        1.09843709323930        1.27477689663073
H           -2.35967736394096        0.60189660578174        2.17270755898913
H           -2.43085664615017        0.59958094155723        0.41096396179268
C           -2.43741333941976        2.55879918398149        1.28157843087726
H           -2.02489861175868        3.06676097918694        0.40664824564750
H           -3.52656105725204        2.58557201439178        1.19542572226068
C           -2.02525957247658        3.30899557661802        2.54283604906711
H           -2.39185184744517        2.79398386770990        3.42848494479844
H           -0.94377827302113        3.38945202105990        2.61354435464988
H           -2.43897550725433        4.31506551876782        2.53575519344534
14
 energy: -13.664175995163 gnorm: 0.000053756260 xtb: 6.7.1 (edcfbbe)
C           -0.46971149673054        0.94020571411560        1.20438741599638
H           -0.20355908912676       -0.11139782721565        1.12279234054809
H            0.00692554496009        1.34065238181225        2.09520498771381
H           -0.07289292957595        1.46240170957347        0.33615389702695
C           -1.98407871584903        1.09864720822329        1.27517064410018
H           -2.35876000464673        0.60273830669116        2.17370418480168
H           -2.43142586984862        0.59939481515212        0.41205275449627
C           -2.43672443445699        2.55918291213595        1.28148190421949
H           -2.02276346047662        3.06721383206071        0.40728074090341
H           -3.52573316333685        2.58639572690104        1.19384406986324
C           -2.02618480522020        3.30893707818280        2.54353293617497
H           -2.39425169249888        2.79384629096949        3.42850314826423
H           -0.94477973752036        3.38900242501291        2.61597517355796
H           -2.43947676567255        4.31515586638487        2.53620598233331
