14
 energy: -13.661978132041 gnorm: 0.013179033741 xtb: 6.7.1 (edcfbbe)
C           -2.49341300000000        0.34945400000000       -0.01033300000000
H           -3.39843896000000       -0.22193742000000        0.20149412000000
H           -1.73821196000000       -0.34991593000000       -0.37568797000000
H           -2.72144182000000        1.04111287000000       -0.82429907000000
C           -2.00023900000000        1.09707300000000        1.22694500000000
H           -0.90617800000000        1.07679900000000        1.25425000000000
H           -2.33381500000000        0.57262200000000        2.12794700000000
C           -2.47573600000000        2.54906500000000        1.28786500000000
H           -2.14216000000000        3.07351700000000        0.38686300000000
H           -3.56979700000000        2.56933900000000        1.26055900000000
C           -1.98256300000000        3.29668400000000        2.52514300000000
H           -0.89126000000000        3.32285300000000        2.56126900000000
H           -2.33875400000000        4.32789100000000        2.53819100000000
H           -2.32989700000000        2.81479100000000        3.44169600000000
14
 energy: -13.662613297399 gnorm: 0.005119108939 xtb: 6.7.1 (edcfbbe)
C           -2.49286676826196        0.35935780271355       -0.00277684595588
H           -3.41451977260377       -0.18158816404458        0.20629337315542
H           -1.75477874165418       -0.36124304362077       -0.35216873237655
H           -2.69200870067922        1.05341437615379       -0.81864525568332
C           -1.98911341343398        1.10288095863301        1.23497545130456
H           -0.89546953061136        1.10301193739605        1.24913634696025
H           -2.32082349866862        0.58229661700454        2.13751264280279
C           -2.48391731906623        2.54688087532333        1.28145433824578
H           -2.13993897160773        3.07352395224316        0.38633104925783
H           -3.57786787385625        2.55762186326716        1.26851831993492
C           -1.98478342057828        3.28096245641117        2.51836903439217
H           -0.89557641889983        3.30236776497081        2.54215921767968
H           -2.34555588292680        4.30812836764605        2.52390356999449
H           -2.33468442715181        2.79173175590274        3.42683957028785
14
 energy: -13.663053940469 gnorm: 0.004429181820 xtb: 6.7.1 (edcfbbe)
C           -2.49183170581906        0.36058148091267       -0.00043219581596
H           -3.44508758366497       -0.12565847899210        0.20634610937113
H           -1.78275659114313       -0.40292275168888       -0.31784612124115
H           -2.63841630213832        1.05369143768076       -0.82764549570690
C           -1.97791488329380        1.10851094939141        1.23215768655006
H           -0.88553569497938        1.12918309241503        1.22670212958847
H           -2.29532981709240        0.58735922368318        2.13745825296267
C           -2.49087177326856        2.54540177437242        1.28136592419501
H           -2.14824325777364        3.07555315214316        0.38969197191697
H           -3.58348823838398        2.54202870352396        1.27908827208969
C           -1.98970965225059        3.27547326456906        2.51836832796522
H           -0.90279886785379        3.29292918081168        2.53118640933543
H           -2.35284494849625        4.29980629180397        2.52566929352656
H           -2.33707542384211        2.77741019937368        3.41979151526280
14
 energy: -13.663496412062 gnorm: 0.018852493234 xtb: 6.7.1 (edcfbbe)
C           -2.49119452011817        0.36270832064260        0.00270881084517
H           -3.51669954119482        0.00460725287504        0.19705149645510
H           -1.85253229412788       -0.50443434968249       -0.23249537586850
H           -2.51000024218983        1.03902069281143       -0.86371161170895
C           -1.95350760091791        1.11895704550701        1.22114038237958
H           -0.86349722616271        1.17636791029325        1.16921347783397
H           -2.22820257540750        0.58794618651416        2.13328538173715
C           -2.50603529418031        2.54196608451543        1.28392992976989
H           -2.17996232863757        3.08379758469591        0.39564314484207
H           -3.59627914336914        2.50959558562569        1.29984737572184
C           -2.00021778315089        3.26825380605910        2.52262605117411
H           -0.91615880532516        3.28502840286591        2.51934325494997
H           -2.36849106405641        4.28813889847722        2.53700798811187
H           -2.33912632116171        2.75739409879974        3.41631177375671
14
 energy: -13.663961314804 gnorm: 0.008505580916 xtb: 6.7.1 (edcfbbe)
C           -2.49278419957559        0.36069160989868        0.00234640151458
H           -3.50437819493707       -0.00642787052811        0.19104655806634
H           -1.85520556593975       -0.49355458811962       -0.23646990895998
H           -2.52141276261436        1.02414212824971       -0.86380070946527
C           -1.95697552459601        1.11789910359829        1.21841185647388
H           -0.86780487148454        1.17172938634716        1.16525062834365
H           -2.22553663193719        0.58357898350390        2.13086349108138
C           -2.50384684660607        2.54253262600958        1.28617227369489
H           -2.17942104783340        3.08389225578704        0.39642426923126
H           -3.59371013951960        2.51459467246878        1.29528442383631
C           -2.00000422794380        3.27217303170153        2.52545599878813
H           -0.91493873502551        3.28596641312629        2.53018109449106
H           -2.36215332717817        4.29520599150323        2.53907368594002
H           -2.34373266480892        2.76692377645351        3.42166201696376
14
 energy: -13.664515696817 gnorm: 0.005573668838 xtb: 6.7.1 (edcfbbe)
C           -2.49504285505214        0.35972076041586        0.00345794096392
H           -3.52997003994909        0.06329251552406        0.17241184612945
H           -1.90767187891683       -0.54039378713137       -0.18585556551299
H           -2.45691608512652        0.98558346938817       -0.88965143914785
C           -1.94495239832050        1.12250108566550        1.20466593410008
H           -0.85822049635671        1.18669420457795        1.12404699789498
H           -2.17852756809969        0.57697240860775        2.12185073186962
C           -2.50795775952801        2.54043814951223        1.29153431142312
H           -2.20333585160254        3.09233542866431        0.39992770157248
H           -3.59739275692925        2.50118661558854        1.30345169500906
C           -2.00600606273934        3.27304226618100        2.53249967292063
H           -0.91956651547753        3.28808334344765        2.54350669148726
H           -2.36527485419938        4.29830528605341        2.54795390877479
H           -2.35106961770247        2.77158577350493        3.43210165251543
14
 energy: -13.664753868771 gnorm: 0.010774128919 xtb: 6.7.1 (edcfbbe)
C           -2.49630632804024        0.36068280783252        0.00456013372253
H           -3.56163439479486        0.14999325816229        0.15260371174287
H           -1.96858854595419       -0.59213738704314       -0.12876258948317
H           -2.38420236350702        0.94623634281119       -0.91463181244945
C           -1.92713729962144        1.12787670919069        1.19008160733254
H           -0.84223543726195        1.20039001124965        1.08571616569513
H           -2.13166433005137        0.57598775839569        2.11150289491192
C           -2.50996652481420        2.53663463757169        1.29549187672292
H           -2.23019415637770        3.10328586795496        0.40257591199591
H           -3.60067005331356        2.48024638910811        1.31722271999512
C           -2.01226292681864        3.27014463786987        2.53713592585314
H           -0.92416229471859        3.29390446670330        2.55465284733428
H           -2.37654759977576        4.29512688060782        2.55284008563560
H           -2.35633248495050        2.77097513958532        3.44091260099064
14
 energy: -13.664885043854 gnorm: 0.004232299040 xtb: 6.7.1 (edcfbbe)
C           -2.49696943757268        0.36143920211618        0.00408784734514
H           -3.55727132691197        0.15855222322342        0.14800547307399
H           -1.97948919156443       -0.58766659088300       -0.12466546397718
H           -2.38470749999864        0.93530244663190       -0.91358716331862
C           -1.92386428372744        1.12776785156302        1.18733668705628
H           -0.83860363508361        1.19480883157360        1.08565309774382
H           -2.13000776506356        0.57827558683673        2.10874945523506
C           -2.50624514878007        2.53537769268856        1.29525164224141
H           -2.23274462393804        3.10574560886860        0.40199499603524
H           -3.59833142134947        2.47684241343112        1.31883620221421
C           -2.01243809177524        3.26882385762993        2.53657896706009
H           -0.92321724242912        3.29815989052384        2.56043907625874
H           -2.38027242415391        4.29360094143152        2.55005950798687
H           -2.35774264765184        2.77231756436456        3.44316175504494
14
 energy: -13.664959567549 gnorm: 0.003960916336 xtb: 6.7.1 (edcfbbe)
C           -2.49677540752504        0.36256951432362        0.00349577256139
H           -3.56253456148451        0.18776657967292        0.14051149162629
H           -2.00199763636436       -0.60214631572343       -0.10449775725988
H           -2.35914878154123        0.92110172637580       -0.92194269433688
C           -1.92045569385429        1.13018942532133        1.18474920530681
H           -0.83531660806442        1.20233500874576        1.07607367841719
H           -2.12057300898494        0.58005094337765        2.10734931845437
C           -2.50750607132434        2.53482438291574        1.29653247629788
H           -2.23931394400167        3.10765700242068        0.40430884735146
H           -3.59897703980904        2.46921300498338        1.32467451445297
C           -2.01365946297097        3.26778829576706        2.53703137326244
H           -0.92496615348356        3.30095391044166        2.55764425731777
H           -2.38625111650155        4.29056302286862        2.55379620882442
H           -2.35442925409009        2.76648101850919        3.44217538772377
14
 energy: -13.665024207676 gnorm: 0.003105410008 xtb: 6.7.1 (edcfbbe)
C           -2.49441322854439        0.36334693838895        0.00296813979451
H           -3.57027386588299        0.23248471558244        0.12518520165974
H           -2.03435779575440       -0.62100795665820       -0.07720957080865
H           -2.31951608734180        0.90285387686985       -0.92796923322356
C           -1.91578999575066        1.13292931455058        1.18341542387104
H           -0.83151591117567        1.21161911255743        1.07023134230946
H           -2.11255077848084        0.58182761193826        2.10578036587645
C           -2.51099896650791        2.53390202897745        1.29739442969262
H           -2.24929474376371        3.10825356138172        0.40625740594013
H           -3.60075176694079        2.45893633445844        1.33311188413622
C           -2.01462999560033        3.26642952221453        2.53662250345042
H           -0.92730003417363        3.30982137697990        2.54500489852884
H           -2.39891615154905        4.28392733983862        2.56175298217777
H           -2.34159541853382        2.75402374292001        3.43935630659499
14
 energy: -13.665052975463 gnorm: 0.001738314985 xtb: 6.7.1 (edcfbbe)
C           -2.49263698696484        0.36406226266700        0.00157638460904
H           -3.56679091733357        0.23915324923181        0.11664294174611
H           -2.03946163430877       -0.62141029335772       -0.07160776420698
H           -2.30870002432904        0.89994072878631       -0.92852466743391
C           -1.91879842120391        1.13272753087754        1.18605270350953
H           -0.83466913598674        1.21158487736617        1.07758391430424
H           -2.12106175516482        0.58215350254911        2.10715886058345
C           -2.51357572190934        2.53410708232563        1.29753637443365
H           -2.25220171994456        3.10653222016022        0.40576867543034
H           -3.60244059423466        2.45880916794347        1.33706745682780
C           -2.01256845471017        3.26657966722072        2.53537523818990
H           -0.92601380330261        3.31785982388947        2.53277777720189
H           -2.40522452701211        4.28025708824297        2.56691576216789
H           -2.32776104359488        2.74699061209726        3.43757842263703
14
 energy: -13.665085126797 gnorm: 0.002567823126 xtb: 6.7.1 (edcfbbe)
C           -2.48840057153247        0.36466554630332       -0.00095739716972
H           -3.56801490368377        0.26468199367173        0.09267968589764
H           -2.05566119362565       -0.63007927608763       -0.05694803737716
H           -2.27670591272798        0.89043745045614       -0.93001509961068
C           -1.92203323183411        1.13069851941970        1.18910847617996
H           -0.83810783653355        1.20775355153030        1.08992883036122
H           -2.13280619101710        0.57918358489738        2.10748086706985
C           -2.51824739844018        2.53227804421945        1.29937298064132
H           -2.26399395996827        3.10377607512463        0.40385943557591
H           -3.60660037227058        2.45620719014925        1.34756434750302
C           -2.00885639185693        3.26790005344217        2.53327236894226
H           -0.92303554000889        3.34142202663987        2.51093789601377
H           -2.42163273979328        4.27346443289703        2.57732719124527
H           -2.29780849670724        2.73695832733662        3.43829053472733
14
 energy: -13.665101470282 gnorm: 0.001985001722 xtb: 6.7.1 (edcfbbe)
C           -2.48696698716043        0.36493127752998       -0.00246652695460
H           -3.56678367375885        0.26600018951013        0.08330756271603
H           -2.05586163340492       -0.63035924224220       -0.05779072123962
H           -2.26830640015866        0.89025810631933       -0.92970602612839
C           -1.92616094601945        1.12850418971265        1.19142274464184
H           -0.84106266240895        1.20376369115709        1.09786185868444
H           -2.14219429322370        0.57548072478581        2.10827904084390
C           -2.51987391975816        2.53121836363274        1.30134915349114
H           -2.26738003957017        3.10061552014257        0.40352455506187
H           -3.60847684528434        2.45780509877881        1.35174894209283
C           -2.00654803921395        3.26990473175489        2.53193842526626
H           -0.92167428181244        3.35304974235013        2.50226029763585
H           -2.42698510037345        4.27198781344843        2.58114256318515
H           -2.28362991785251        2.73618731311962        3.43903021070329
14
 energy: -13.665118333774 gnorm: 0.001129505307 xtb: 6.7.1 (edcfbbe)
C           -2.48396713466321        0.36698632617696       -0.00557039703618
H           -3.56565991077724        0.27243232451071        0.06384382862085
H           -2.05663950315671       -0.63196287189942       -0.05816599800111
H           -2.24662654083033        0.89101819657494       -0.92979472015993
C           -1.93492378267078        1.12420872846671        1.19685451290636
H           -0.84741787330888        1.19533090905296        1.11567875379711
H           -2.16163885524796        0.56756514665029        2.10984787072205
C           -2.52367427255518        2.52879839583012        1.30578095941826
H           -2.27629862605146        3.09329061006965        0.40303733073731
H           -3.61286143333632        2.45905150034699        1.36199958244113
C           -2.00169933189374        3.27365562707389        2.52858913987339
H           -0.91919625050153        3.37691823709236        2.48143255742980
H           -2.43866338704662        4.26810322297310        2.58829277628092
H           -2.25263783795999        2.73395116708071        3.44007588297002
14
 energy: -13.665121807533 gnorm: 0.001195663071 xtb: 6.7.1 (edcfbbe)
C           -2.48236655594360        0.36777855268035       -0.00631599907382
H           -3.56350658947396        0.26593084310740        0.06266266308810
H           -2.04786733037316       -0.62675363932868       -0.06579358874498
H           -2.24921543499037        0.89851840427218       -0.92567424419290
C           -1.93827624179904        1.12240312480867        1.20011998787804
H           -0.85026616029520        1.19187070933091        1.12463659406101
H           -2.17070064460587        0.56546478502038        2.11116125206967
C           -2.52507708730812        2.52796007591190        1.30662592977010
H           -2.27742281543586        3.08994805438371        0.40287980245104
H           -3.61421225890676        2.45949925970854        1.36403895100449
C           -2.00001536046823        3.27452501161048        2.52672079280207
H           -0.91842615266159        3.37851915153584        2.47506332781484
H           -2.43750936233826        4.26815329293217        2.58694633685171
H           -2.24704274539994        2.73552989402612        3.43883027422061
14
 energy: -13.665124824092 gnorm: 0.000492339125 xtb: 6.7.1 (edcfbbe)
C           -2.48146732591417        0.36863698442942       -0.00696546291436
H           -3.56264278024024        0.26760256229809        0.05997401081612
H           -2.04683940637597       -0.62661657744680       -0.06452703723611
H           -2.24406314274973        0.90026947896581       -0.92623822117872
C           -1.93968139859968        1.12216675369319        1.20137548240700
H           -0.85186117347718        1.19159985501966        1.12826416868451
H           -2.17453149711012        0.56521607543051        2.11126203260425
C           -2.52705014064532        2.52746823487037        1.30732964882474
H           -2.28154538764882        3.08891042253892        0.40284277284428
H           -3.61586906151840        2.45797758562584        1.36779116705823
C           -1.99892281228144        3.27439715333841        2.52577530930474
H           -0.91753662693821        3.37829747749983        2.47016679572255
H           -2.43657173993550        4.26791092309074        2.58635216576984
H           -2.24332224656519        2.73551059064598        3.43849924729290
14
 energy: -13.665125896946 gnorm: 0.000391345301 xtb: 6.7.1 (edcfbbe)
C           -2.48060387775795        0.36866923993535       -0.00751564513337
H           -3.56226162915285        0.26911842787693        0.05808136066640
H           -2.04717340781287       -0.62766511909289       -0.06443478387598
H           -2.24210545241409        0.90031918248390       -0.92639227453834
C           -1.93994461840282        1.12199453516486        1.20156350394586
H           -0.85208087180317        1.19203741343918        1.12910588375431
H           -2.17529276500549        0.56449611876590        2.11115691102753
C           -2.52786029258845        2.52703786963535        1.30798058664069
H           -2.28409828765135        3.08845927859896        0.40290196930077
H           -3.61648527171371        2.45701479704805        1.37012159282413
C           -1.99857741850186        3.27467184392942        2.52552975041442
H           -0.91695941876615        3.37748151195398        2.46953015225934
H           -2.43523790446558        4.26891455235830        2.58526830720388
H           -2.24322352396362        2.73679786790268        3.43900476551033
14
 energy: -13.665127005507 gnorm: 0.000503103203 xtb: 6.7.1 (edcfbbe)
C           -2.47960629589317        0.36876225624475       -0.00813118362873
H           -3.56155025970355        0.26926410882765        0.05537045234002
H           -2.04590156419396       -0.62693988016086       -0.06568427221168
H           -2.23985115572019        0.90153217999924       -0.92649814714109
C           -1.94061458555762        1.12142285335473        1.20215657033690
H           -0.85262996678297        1.19232786958675        1.13078321986133
H           -2.17642518006286        0.56277247681933        2.11121999442385
C           -2.52952491521020        2.52604827604920        1.30923247099073
H           -2.28865658815898        3.08711867159095        0.40299023215597
H           -3.61790663996439        2.45544078452314        1.37417791947366
C           -1.99787812137826        3.27517845761703        2.52493359706690
H           -0.91575298240915        3.37449957832559        2.46918913333688
H           -2.43117880481943        4.27126628551581        2.58208070249259
H           -2.24442768014523        2.74065360170667        3.44008139050264
14
 energy: -13.665127439544 gnorm: 0.000288792390 xtb: 6.7.1 (edcfbbe)
C           -2.47858525037323        0.36940672825222       -0.00890933232740
H           -3.55996720774314        0.26889641915042        0.05357355738990
H           -2.04444491586457       -0.62632986384655       -0.06694022194253
H           -2.23856361080929        0.90305879269681       -0.92627707331250
C           -1.94153026191379        1.12104027325563        1.20279874780846
H           -0.85349307849460        1.19208479253691        1.13311672002005
H           -2.17833987782976        0.56144697648227        2.11097140083691
C           -2.53099613674966        2.52538477957309        1.31028264763391
H           -2.29196080856792        3.08576073026385        0.40324143809393
H           -3.61920906903841        2.45442474455490        1.37731820340782
C           -1.99720470336877        3.27558654776190        2.52436312579280
H           -0.91487684069635        3.37237241693674        2.46783471160014
H           -2.42823768733166        4.27270802675292        2.57980012399734
H           -2.24449529121881        2.74350615562887        3.44072803100114
