14
 energy: -13.655253697283 gnorm: 0.015671898104 xtb: 6.7.1 (edcfbbe)
C           -2.99969265000000        0.10680232000000        1.82147675000000
H           -3.49375194000000       -0.47849603000000        1.04445543000000
H           -3.77565130000000        0.62332552000000        2.39070703000000
H           -2.50596935000000       -0.59282864000000        2.49947654000000
C           -2.00023900000000        1.09707300000000        1.22694500000000
H           -1.79684835000000        0.82998009000000        0.18511023000000
H           -1.04381595000000        1.01083255000000        1.75224867000000
C           -2.47573600000000        2.54906500000000        1.28786500000000
H           -2.14216000000000        3.07351700000000        0.38686300000000
H           -3.56979700000000        2.56933900000000        1.26055900000000
C           -1.98256300000000        3.29668400000000        2.52514300000000
H           -1.67667877000000        2.60160232000000        3.31014519000000
H           -1.12632849000000        3.93219577000000        2.29402093000000
H           -2.76644454000000        3.93485065000000        2.93891133000000
14
 energy: -13.656026673704 gnorm: 0.006984168604 xtb: 6.7.1 (edcfbbe)
C           -2.99140795312216        0.10888221187528        1.83386530371831
H           -3.51201363895061       -0.45651704222186        1.06263752306586
H           -3.74337301314181        0.62844659863473        2.42601201447681
H           -2.49370697079639       -0.60555653912756        2.48780398248535
C           -1.99646984390864        1.09790343485907        1.21703020982829
H           -1.81356727591134        0.82291603015707        0.17526728535605
H           -1.03512952988360        1.02165835497807        1.73098268972387
C           -2.47511756066848        2.55328729770034        1.27728793922801
H           -2.12469424064939        3.08645048761642        0.38982679603167
H           -3.56709100120186        2.56889900633221        1.23840918742811
C           -1.99436662643893        3.29072156176342        2.52983658962935
H           -1.72957192385381        2.58784793522936        3.31899393806804
H           -1.11430567919783        3.89535900060530        2.31449316566416
H           -2.76486108227517        3.95364421159814        2.92148047529612
14
 energy: -13.657508211888 gnorm: 0.011100981318 xtb: 6.7.1 (edcfbbe)
C           -2.97135050684048        0.11851449790702        1.85995744868739
H           -3.56501880803507       -0.38989091751457        1.09849717990122
H           -3.65751907005507        0.64391846066248        2.52465906727159
H           -2.44926727402462       -0.63892543993135        2.44162665506856
C           -1.98638896793520        1.10102148122388        1.19781641656628
H           -1.84948312791561        0.81071721890116        0.15546738975906
H           -1.01311650102494        1.04370537241468        1.68545773362851
C           -2.47764584025323        2.55836662550738        1.25738529728977
H           -2.09142287123288        3.10621722390769        0.39675438708626
H           -3.56557952443266        2.56451293029246        1.19101176397243
C           -2.02213373379199        3.27429388302604        2.53945400834877
H           -1.87379769216464        2.55698841244698        3.35151633067473
H           -1.07349035020759        3.79228526991027        2.36358529822654
H           -2.75946207208605        4.01221753124585        2.86073812351889
14
 energy: -13.658359512496 gnorm: 0.026127788169 xtb: 6.7.1 (edcfbbe)
C           -2.94833562126619        0.13550555349262        1.88421247297528
H           -3.63181049187289       -0.30812813058269        1.14380822143817
H           -3.55354254731259        0.66554736602957        2.63497992365122
H           -2.40299778447359       -0.67307913844106        2.38201460669639
C           -1.97568360858168        1.10511230852406        1.17823894974493
H           -1.87633376661507        0.79854572726856        0.13694725162986
H           -0.99116034828516        1.06126369638605        1.64117202005996
C           -2.47747914064661        2.56001339747289        1.23644697652351
H           -2.06347916168240        3.12326435920677        0.39961132848764
H           -3.56218487868597        2.55845186427202        1.14287524631591
C           -2.05320206394777        3.25220534879332        2.54467294272922
H           -2.02954469572289        2.52993357001160        3.38002889150001
H           -1.04020847365700        3.68011251484161        2.42426560720975
H           -2.74971375725025        4.06519411272462        2.79465266103817
14
 energy: -13.659395049448 gnorm: 0.015892255908 xtb: 6.7.1 (edcfbbe)
C           -2.94140253289068        0.15035477218652        1.88973699668316
H           -3.64912143463896       -0.27794493628195        1.16824361387859
H           -3.51905280987700        0.68048725175973        2.65666388053759
H           -2.39998192705852       -0.66871077087210        2.36667597415559
C           -1.97196417446909        1.10684579252544        1.17270638600491
H           -1.87651092972589        0.79193113382116        0.13388605260257
H           -0.98529315964957        1.06166705045734        1.63073728665945
C           -2.47466596236923        2.55699005054124        1.22993559552257
H           -2.05852934949237        3.12621802501934        0.39851531907286
H           -3.55907078584922        2.55494825497780        1.12764382422722
C           -2.06332259238998        3.23842253476636        2.54278425885168
H           -2.05816663689785        2.52515759813493        3.37237583686064
H           -1.05385660119461        3.65405950652701        2.44624836782669
H           -2.74473744349708        4.05351628643710        2.78777370711649
14
 energy: -13.660607203029 gnorm: 0.010074735329 xtb: 6.7.1 (edcfbbe)
C           -2.91940137529948        0.16823601499144        1.90445426902822
H           -3.68030981445132       -0.21796594413659        1.22491520445806
H           -3.43189427778526        0.68453211315622        2.71647102387079
H           -2.38129992739981       -0.68007167663209        2.32319293018794
C           -1.97515588592708        1.11365687029625        1.16121103885141
H           -1.88981234382242        0.78658182947855        0.12480147434855
H           -0.97771395506827        1.06916397751667        1.60015199417883
C           -2.47187519351569        2.55781059690047        1.21869445845650
H           -2.04628691196441        3.13595034209409        0.39764462896552
H           -3.55593070459344        2.56428761384940        1.09581772909533
C           -2.08536411561032        3.21789345541278        2.53942783726572
H           -2.17663031050260        2.51158899224310        3.37055415812409
H           -1.04447071870043        3.56052735899130        2.50184564099662
H           -2.71953080535955        4.08175100583833        2.74474471217246
14
 energy: -13.661088567138 gnorm: 0.022186572713 xtb: 6.7.1 (edcfbbe)
C           -2.90288921483315        0.17719894262746        1.91470425787430
H           -3.74341103781527       -0.14015453225165        1.27199272078866
H           -3.32791039790522        0.68429839539375        2.79942313345608
H           -2.36606587374048       -0.72165445020753        2.25347262711483
C           -1.97267222957653        1.11201675103981        1.15296945546734
H           -1.90008855784012        0.78032965896561        0.11515011714117
H           -0.96487516438638        1.06424547665318        1.57441244014023
C           -2.46156718299296        2.55525714891055        1.21155251196544
H           -2.02145548487354        3.13680353950456        0.39799821826015
H           -3.54565588341177        2.56804192609773        1.06442358441281
C           -2.10942325150513        3.20995971313872        2.53895065988083
H           -2.28227425368638        2.52629061125810        3.37315903512842
H           -1.05446940023988        3.49059521818259        2.55091689243416
H           -2.70291840719327        4.11071415068701        2.70480144593562
14
 energy: -13.661648352989 gnorm: 0.018526087635 xtb: 6.7.1 (edcfbbe)
C           -2.89839540738190        0.16828201061354        1.91113104453110
H           -3.74290248623219       -0.13137896149828        1.29786122459089
H           -3.29490422690041        0.64959412115854        2.80137800240024
H           -2.37593406975924       -0.73350927866502        2.22914347427143
C           -1.98296275875279        1.11067430252327        1.15438946753008
H           -1.90556293950905        0.78835405034262        0.11145246031256
H           -0.96872760749605        1.05631294393882        1.56904480375347
C           -2.45800275967084        2.55716266225714        1.21773029232534
H           -2.01768928804549        3.12921710869280        0.39560597694090
H           -3.54393601250918        2.58500929061124        1.06786694913354
C           -2.11051603111671        3.21880471640538        2.53679340779311
H           -2.32377288370384        2.55816497030136        3.36739564449521
H           -1.05838983511679        3.46109661707487        2.57234950129425
H           -2.67398003380563        4.13615799624360        2.69178485062792
14
 energy: -13.661860635097 gnorm: 0.025215774937 xtb: 6.7.1 (edcfbbe)
C           -2.88373692998587        0.17183984669553        1.92147266779578
H           -3.76450758190429       -0.08982707402628        1.34509605164984
H           -3.22430616716813        0.62744185726681        2.84838442237332
H           -2.36232909866595       -0.74643909723977        2.18499792332474
C           -1.98291891439188        1.11526816535657        1.14470156349831
H           -1.92323305754895        0.78995885507667        0.09981660172848
H           -0.96295484538361        1.06743774209849        1.54712001829408
C           -2.46357805499076        2.56174319331825        1.20726566167823
H           -2.00913644216336        3.13401459847355        0.39198077074330
H           -3.54804897741183        2.59095682132421        1.04930854513069
C           -2.12253473864058        3.21196811018141        2.53569353468360
H           -2.44016240622291        2.56673330812971        3.37591511012656
H           -1.03231837889942        3.37226495721305        2.62839774104321
H           -2.63591074662258        4.18058126613167        2.64377648792991
14
 energy: -13.662481075192 gnorm: 0.013331741166 xtb: 6.7.1 (edcfbbe)
C           -2.88695065032251        0.16969353938431        1.92160192973866
H           -3.78393716701578       -0.06836496278896        1.34298264187455
H           -3.20986089160578        0.62364415892013        2.86359180489087
H           -2.36955181022320       -0.76552037103210        2.16272870768985
C           -1.97690392278913        1.11262152687992        1.14835092213273
H           -1.91830998734390        0.78726288763815        0.10487171961855
H           -0.96323084099547        1.06319367902049        1.55754473993530
C           -2.46170791366200        2.56065287876704        1.20591973343405
H           -2.00306521829555        3.13216524462102        0.39292221606566
H           -3.54450618963383        2.58317904518078        1.04748563432353
C           -2.12268693767309        3.21638511683784        2.53635136154193
H           -2.42559806783273        2.58059688672283        3.37083925125759
H           -1.04875107731279        3.38886249380100        2.62463544299224
H           -2.64061566529436        4.16957042604740        2.64410099450454
14
 energy: -13.662829687795 gnorm: 0.009627326183 xtb: 6.7.1 (edcfbbe)
C           -2.88595392790400        0.16319824173887        1.91994500920709
H           -3.79482193808607       -0.04683775059886        1.35190177063644
H           -3.18009751441545        0.60339879383207        2.87543441252459
H           -2.37823166326245       -0.78303112201937        2.12967103689536
C           -1.97385820751078        1.11010336060431        1.15005538834610
H           -1.91923122325360        0.78627623953323        0.10726572175504
H           -0.96285075999508        1.06202917365660        1.56042926204536
C           -2.46297905968232        2.55893529931130        1.20950564154354
H           -2.00251891613432        3.13017682941359        0.39900496618210
H           -3.54391200743594        2.57887574363132        1.05285528683522
C           -2.12571770916673        3.22244198347292        2.53860683759991
H           -2.45208944407189        2.60659625844367        3.37278095896523
H           -1.05420596976433        3.36841621047457        2.62984115916288
H           -2.61920799931715        4.19336328850564        2.62662964830118
14
 energy: -13.663299021660 gnorm: 0.010328488206 xtb: 6.7.1 (edcfbbe)
C           -2.87970884217434        0.15225749281898        1.92338830616111
H           -3.82251133333111        0.01044943760782        1.38940543862993
H           -3.09992058954858        0.55135205312412        2.91736177106890
H           -2.39461872357039       -0.82159018348827        2.05035080097992
C           -1.97102622613522        1.10924606264108        1.15247614004134
H           -1.92544783259318        0.78502746253852        0.11154410463042
H           -0.96160520986943        1.06589137274792        1.56107082302542
C           -2.46553969510272        2.56051948752312        1.20822271063656
H           -1.99912774838286        3.13013338486371        0.40277869259459
H           -3.54383630697633        2.57561380011899        1.05062657828944
C           -2.13285400304406        3.23470031421660        2.53735522171944
H           -2.54053214564340        2.66052974988400        3.37027563539370
H           -1.05326014198589        3.30746340128267        2.66645036017687
H           -2.56568754164261        4.23234871412058        2.58262051665242
14
 energy: -13.663381215102 gnorm: 0.014971403659 xtb: 6.7.1 (edcfbbe)
C           -2.87905903607460        0.14522403371155        1.92372757782125
H           -3.82101201025161        0.02485267623900        1.40817304001015
H           -3.07640376619578        0.51562061374253        2.91762510028243
H           -2.41316598317478       -0.82480344073427        2.01858255994725
C           -1.96999808816556        1.11011704791216        1.15464299170561
H           -1.92506741616387        0.78643313457341        0.11496577847698
H           -0.96106867429991        1.07187404744172        1.56475675986777
C           -2.47056430617859        2.56071827472374        1.20972792653973
H           -2.00513048953359        3.13107041995831        0.40557957130514
H           -3.54901027629303        2.57153095654915        1.05435565987310
C           -2.13336736693063        3.23934208212447        2.53927752727704
H           -2.56982655481337        2.69234076871980        3.36961447771034
H           -1.05487735236142        3.27981616264976        2.68013046784202
H           -2.52712501956339        4.24980577238850        2.56276766134126
14
 energy: -13.663533401821 gnorm: 0.014368547258 xtb: 6.7.1 (edcfbbe)
C           -2.86814029039402        0.14354564009834        1.92803987322066
H           -3.85011596888901        0.08396207409314        1.45385004919362
H           -2.99667010159575        0.47107496097492        2.96118923904692
H           -2.42592846695622       -0.85544764992086        1.94280441001785
C           -1.97069988529046        1.11024307960570        1.15519035571964
H           -1.93004755161385        0.78735333960156        0.11388348558543
H           -0.95520220651740        1.07032383704351        1.55634662670878
C           -2.46953325110593        2.55835608651123        1.21188368336901
H           -1.99658824757023        3.12772458903286        0.40942123256052
H           -3.54897640457125        2.57474891672063        1.04283680095604
C           -2.14727341606171        3.23883219230486        2.54151011246564
H           -2.65169278607360        2.73647287345885        3.37202443915925
H           -1.06797485786868        3.21495272918630        2.71682320158975
H           -2.47683290549205        4.29179988128877        2.51812359040696
14
 energy: -13.663733632041 gnorm: 0.006707170837 xtb: 6.7.1 (edcfbbe)
C           -2.87062828510663        0.15085233259297        1.92825270703690
H           -3.84518843220406        0.06981159543631        1.44279934269926
H           -3.02226937947762        0.49508355663871        2.95244605890245
H           -2.42170813869121       -0.84451787588194        1.96822145781427
C           -1.97168010634255        1.11013594387019        1.15547555502560
H           -1.92769780801721        0.78466301403727        0.11325672258354
H           -0.95587913327436        1.06488708235121        1.55710146212852
C           -2.46419118187053        2.55820150925829        1.21047441137184
H           -1.99405950567663        3.12629553691738        0.40452430418521
H           -3.54408215113448        2.57776546858206        1.04096731143468
C           -2.14471499962348        3.23687567927186        2.53832064871197
H           -2.61313911051177        2.71341280974856        3.36506694551705
H           -1.07268626765152        3.25179436645741        2.70584634180012
H           -2.50775184041809        4.25868153071956        2.54117383078866
14
 energy: -13.663820609445 gnorm: 0.002142398471 xtb: 6.7.1 (edcfbbe)
C           -2.86762349429544        0.14998434631864        1.92967321483524
H           -3.84714853614411        0.07824432541000        1.45753150077192
H           -3.00437052312316        0.48594201260184        2.95516663747305
H           -2.42580978722239       -0.84337534026912        1.95546303003251
C           -1.97172084290837        1.11036828633740        1.15364293527842
H           -1.93094394871897        0.78472545671245        0.11132019257221
H           -0.95572827795364        1.06616013265043        1.55321520201919
C           -2.46540268709913        2.55810512383832        1.20971151430324
H           -1.99329102339434        3.12760302508945        0.40564361457788
H           -3.54444976155600        2.57743757044650        1.03961483511573
C           -2.14782388289453        3.23593483082870        2.53894493284157
H           -2.63558003034877        2.72324695539434        3.36481627393810
H           -1.07365802232165        3.23258598490075        2.71823723530552
H           -2.49212552201964        4.26697983974011        2.53094598093549
14
 energy: -13.663873003602 gnorm: 0.004089403054 xtb: 6.7.1 (edcfbbe)
C           -2.86270546721907        0.14963552470812        1.93419725198398
H           -3.85428222188430        0.10516304835760        1.48611545353409
H           -2.96578126569775        0.46358143392294        2.97118540388222
H           -2.43671322338113       -0.85394907463620        1.91954255779958
C           -1.97262456002658        1.11092980556180        1.15353396096065
H           -1.93693883860099        0.78488595008909        0.11085869539582
H           -0.95450144155072        1.06607000471588        1.54767144434177
C           -2.46529300786381        2.55811742118560        1.20880595730477
H           -1.98750794274703        3.12727128157032        0.40715475640963
H           -3.54337580303543        2.57919979670422        1.03211515797541
C           -2.15433528409075        3.23576638155240        2.53939120545167
H           -2.67440888583613        2.74457006111448        3.36127253561193
H           -1.08202904403210        3.20287649227506        2.74001165536294
H           -2.46517935403434        4.27982442287849        2.51207106398561
14
 energy: -13.663912369041 gnorm: 0.003852672483 xtb: 6.7.1 (edcfbbe)
C           -2.85909410517313        0.15054931761463        1.93621100643392
H           -3.86029877020783        0.11721712000112        1.50333606799275
H           -2.94508570400241        0.45768104112362        2.97710929385105
H           -2.44297708880183       -0.85351498603904        1.90810716155259
C           -1.97267921392213        1.11045764724392        1.15128279485856
H           -1.94124408982678        0.78465746844804        0.10808628389356
H           -0.95227956098046        1.06433496041746        1.54022789943137
C           -2.46337981427029        2.55746700252003        1.20815489533733
H           -1.98124905251440        3.12705121904036        0.40884361354532
H           -3.54071494577600        2.58075912799521        1.02515858806310
C           -2.15915142416757        3.23374188226769        2.54051117886101
H           -2.69004839508760        2.75080588768641        3.35882396665617
H           -1.09051331162567        3.19185513936325        2.75109282379821
H           -2.45696086364403        4.28087972231712        2.50698152572512
14
 energy: -13.663954566639 gnorm: 0.003864732071 xtb: 6.7.1 (edcfbbe)
C           -2.85472632315896        0.15316509948131        1.94195184063127
H           -3.86072716121615        0.13314752381950        1.52889247879511
H           -2.91972376761296        0.45011500859280        2.98441059528617
H           -2.45217514010846       -0.85530465576981        1.89388329307643
C           -1.97438505926520        1.11015165772794        1.14855592592531
H           -1.95281390340290        0.78381287863800        0.10475323413401
H           -0.94997998905156        1.06106804581110        1.52711180124601
C           -2.45979250623053        2.55797660791038        1.20638478504465
H           -1.96842623203109        3.12677194600890        0.41172198624299
H           -3.53517180212021        2.58632872668410        1.01217302237115
C           -2.16632781290512        3.23134529891439        2.54163867791755
H           -2.70951574479313        2.75717916867652        3.35234173829712
H           -1.10353751893337        3.17872248623059        2.76609359319537
H           -2.44837337917051        4.27946275727408        2.50401412783695
14
 energy: -13.663985400929 gnorm: 0.005790480090 xtb: 6.7.1 (edcfbbe)
C           -2.84717186874290        0.15541983589366        1.94941310991276
H           -3.87068694393006        0.16413285397083        1.57095573660268
H           -2.86908799524140        0.43388941561344        3.00262715864112
H           -2.46527857925751       -0.86016691369815        1.86520363016093
C           -1.97512661129357        1.10944724130833        1.14309636080226
H           -1.96876682655651        0.78158826693704        0.09902874671890
H           -0.94567463589834        1.05793609457648        1.50799203466855
C           -2.45482255360750        2.55916218013758        1.20224933019235
H           -1.95045377622807        3.12753555539173        0.41525919743761
H           -3.52739488892087        2.59311116386759        0.99388947113964
C           -2.17686922433083        3.22906603045815        2.54281183356407
H           -2.75445363577143        2.77206545534688        3.34313470904920
H           -1.11962296824985        3.14896422597677        2.79529230666507
H           -2.43026583197130        4.28179114421948        2.49297347444495
14
 energy: -13.664027292097 gnorm: 0.004104218776 xtb: 6.7.1 (edcfbbe)
C           -2.84515872869641        0.15665014563758        1.95173958686840
H           -3.86959616469155        0.16669614018445        1.57867986094714
H           -2.86178028561216        0.43658998141685        3.00296440333651
H           -2.46578524477755       -0.85794757865587        1.87028357935828
C           -1.97564796886457        1.10931904910614        1.14024156326584
H           -1.97549212731913        0.78114246918184        0.09688149502064
H           -0.94481836444506        1.05723365971172        1.50008068756237
C           -2.45337007406440        2.56028797641120        1.20003285129247
H           -1.94336201863379        3.12899039717557        0.41736904444179
H           -3.52465167871176        2.59660890695620        0.98677292250617
C           -2.17929058520674        3.22623718174306        2.54363474712547
H           -2.76034792731193        2.76700839092037        3.33983572967694
H           -1.12402847805317        3.14465082775369        2.79897097436704
H           -2.43234669361194        4.28047500245699        2.49643965423102
14
 energy: -13.664076712944 gnorm: 0.001487370505 xtb: 6.7.1 (edcfbbe)
C           -2.84537078629779        0.15981198015369        1.95285520038207
H           -3.87089651294337        0.17527851212502        1.58698312090929
H           -2.85214809346440        0.44037905798293        3.00297073097614
H           -2.47049958287658       -0.85786998257896        1.87462376134175
C           -1.97514905945610        1.10868638862603        1.13735016118963
H           -1.97900272620751        0.77902112941842        0.09515979354814
H           -0.94417495336911        1.05463586385939        1.49541088756377
C           -2.44999729890967        2.56101591135930        1.19712902810225
H           -1.93690727473823        3.13025671655826        0.41774276714869
H           -3.52040948228189        2.59851882928712        0.98139080652344
C           -2.18039410993348        3.22391143500168        2.54326658503116
H           -2.76175289497913        2.75755468952980        3.33440471012456
H           -1.12551847836185        3.14461273465461        2.80018534239853
H           -2.44345508618106        4.27812928402250        2.50445420476067
14
 energy: -13.664116676872 gnorm: 0.002622473127 xtb: 6.7.1 (edcfbbe)
C           -2.84557092520053        0.16802235477884        1.95779260311889
H           -3.87395670504725        0.19614566891750        1.60640709986650
H           -2.83150330871560        0.44696199371353        3.00774389058354
H           -2.48237103452884       -0.85542640540960        1.87825609948564
C           -1.97397944353620        1.10747453045107        1.13203280628407
H           -1.98692562674327        0.77545657952456        0.09155073200635
H           -0.94194777972892        1.04917473357613        1.48489453338996
C           -2.44306565476355        2.56231397499799        1.19055608391993
H           -1.92008569875484        3.13142261052872        0.41874589212087
H           -3.51113413450110        2.60380665945443        0.96569672316923
C           -2.18444394631349        3.21643031021535        2.54336942311068
H           -2.76218157072621        2.73349941979479        3.32715776449545
H           -1.12956946373031        3.15042721727757        2.80128652873591
H           -2.46894104771005        4.26823290217890        2.51843691971305
14
 energy: -13.664132928265 gnorm: 0.001954370180 xtb: 6.7.1 (edcfbbe)
C           -2.84487099301347        0.16933587748113        1.95994069235079
H           -3.87543857230366        0.20299616045582        1.61471414109185
H           -2.82341303066259        0.44582895379812        3.01061768813260
H           -2.48690668846820       -0.85531318221588        1.87498393365719
C           -1.97438966806289        1.10684751337446        1.13095159671344
H           -1.99090581128831        0.77388428609974        0.09067982134664
H           -0.94134502703554        1.04717508206776        1.48069858371739
C           -2.44054959123041        2.56265860646125        1.18936410855938
H           -1.91258546752696        3.13158339506002        0.42062700591191
H           -3.50744816592175        2.60679890102993        0.95919832820550
C           -2.18700363661736        3.21512845397943        2.54370504009409
H           -2.76273751088573        2.72734717292639        3.32597570060058
H           -1.13210723913869        3.15457396246831        2.80246856968960
H           -2.47597493784460        4.26509736701331        2.52000188992913
14
 energy: -13.664156924411 gnorm: 0.001284788273 xtb: 6.7.1 (edcfbbe)
C           -2.84192002977266        0.17270302221457        1.96747841399580
H           -3.88096615868168        0.22692941611647        1.64572581671313
H           -2.79403687844385        0.43605133092718        3.02153244798938
H           -2.50331966543941       -0.85555121953771        1.85898773690800
C           -1.97591821269437        1.10515315936052        1.12856153707433
H           -2.00517979719358        0.77018104192071        0.08850677326739
H           -0.93881098968694        1.04074810316948        1.46654088796795
C           -2.43239907041592        2.56366301589667        1.18571871703833
H           -1.88627409086267        3.13056595213752        0.42709031458651
H           -3.49504055032151        2.61765970889970        0.93612185672252
C           -2.19606621664483        3.21184822582063        2.54476124096447
H           -2.76635689756583        2.71060565898621        3.32238349377691
H           -1.14117249500646        3.16762493489664        2.80837713083725
H           -2.49821528727047        4.25576019919119        2.52214073215814
14
 energy: -13.664160981214 gnorm: 0.000543478708 xtb: 6.7.1 (edcfbbe)
C           -2.84145944388956        0.17277183538039        1.96747400784539
H           -3.88034811259507        0.22874507892531        1.64780039202129
H           -2.79144432414244        0.43417455342368        3.02135181169667
H           -2.50494153538873       -0.85575928397115        1.85770445398289
C           -1.97572064173258        1.10511692732853        1.12823391309331
H           -2.00523590771841        0.77009509680365        0.08834224847854
H           -0.93877497857941        1.04031345678191        1.46615089229344
C           -2.43197343970466        2.56358642285679        1.18562325341603
H           -1.88672524243206        3.13051266926105        0.42686524962008
H           -3.49441534739369        2.61720422359465        0.93680944937825
C           -2.19633388872438        3.21222363161057        2.54461357738972
H           -2.76896141787878        2.71252969833994        3.32137073957105
H           -1.14212123143203        3.16547347981500        2.80996386574333
H           -2.49722082838836        4.25695475984948        2.52162324547011
14
 energy: -13.664166460974 gnorm: 0.000459236367 xtb: 6.7.1 (edcfbbe)
C           -2.84025367105491        0.17344936233718        1.96832777896853
H           -3.88070684046859        0.23701868673363        1.65683043426866
H           -2.78020698094126        0.42919803701840        3.02273114347909
H           -2.51024766154981       -0.85652378247785        1.85181020963683
C           -1.97500832480262        1.10506527115233        1.12769119178818
H           -2.00627372188498        0.77000324648104        0.08807623290987
H           -0.93779077953939        1.03952430562552        1.46430433854783
C           -2.43124034653123        2.56343227351233        1.18471059321847
H           -1.88503695464503        3.13031889694114        0.42701717290183
H           -3.49320527319799        2.61691841444820        0.93482029261049
C           -2.19803464900687        3.21180571842436        2.54439897239171
H           -2.77714563047630        2.71550781326536        3.31847778585133
H           -1.14544939990579        3.16000525090673        2.81492403184454
H           -2.49507610599542        4.25821905563142        2.51980692158274
14
 energy: -13.664170881378 gnorm: 0.000516666769 xtb: 6.7.1 (edcfbbe)
C           -2.83827559254992        0.17417301216700        1.97006659983293
H           -3.88103267029827        0.24665128033620        1.66867744243792
H           -2.76647731042736        0.42317367522683        3.02538858051271
H           -2.51628743737929       -0.85741780771153        1.84441254753182
C           -1.97468648209088        1.10494066695360        1.12651049217024
H           -2.00775879220762        0.76938349414236        0.08708529863287
H           -0.93695835238555        1.03950673649964        1.46141999213129
C           -2.43033371776832        2.56350284704522        1.18357261564513
H           -1.88209485024400        3.13065977006020        0.42750673636016
H           -3.49172409274406        2.61729074874375        0.93112972886051
C           -2.20095828146922        3.21106520320523        2.54439329825130
H           -2.78813752838010        2.71909891119316        3.31532431687307
H           -1.15033228017542        3.15230776987709        2.82096705101929
H           -2.49061895188018        4.25960624226104        2.51747239974085
14
 energy: -13.664173025104 gnorm: 0.000284407720 xtb: 6.7.1 (edcfbbe)
C           -2.83680181862702        0.17480224702124        1.97130857887852
H           -3.88102063845925        0.25142470338424        1.67576144002524
H           -2.75860900224395        0.42077666908238        3.02687305140418
H           -2.51892313703315       -0.85729287261843        1.84081105777658
C           -1.97455194807438        1.10515826873607        1.12601005201516
H           -2.00943878665091        0.76907219334181        0.08675606976395
H           -0.93606344406100        1.04002025549070        1.45904700210569
C           -2.43034669719421        2.56370697337226        1.18277456676893
H           -1.88024047366887        3.13110639311211        0.42804037982933
H           -3.49134117079582        2.61821223906452        0.92797447414529
C           -2.20283816080575        3.20997295244509        2.54440661078661
H           -2.79559394705072        2.72112797690883        3.31305996205178
H           -1.15352382332991        3.14592251673300        2.82515002414592
H           -2.48638329200525        4.25993203392597        2.51595383030291
14
 energy: -13.664174116127 gnorm: 0.000135540714 xtb: 6.7.1 (edcfbbe)
C           -2.83599000833312        0.17523930349573        1.97217965022104
H           -3.88085757968347        0.25274408716097        1.67857726454876
H           -2.75561428280661        0.42103751504778        3.02773784180364
H           -2.51910999862565       -0.85697148563187        1.84050270577081
C           -1.97488304270430        1.10514910457286        1.12521469044164
H           -2.01109741094358        0.76878171518028        0.08602593019872
H           -0.93590868896111        1.04012658536827        1.45685641502066
C           -2.42999909604932        2.56389446840612        1.18238255092356
H           -1.87868515781273        3.13140198279220        0.42845310097123
H           -3.49069533327464        2.61899215276409        0.92617584643569
C           -2.20390448886463        3.20932412141501        2.54461856023222
H           -2.79924010972454        2.72164718758489        3.31199157515378
H           -1.15524085429752        3.14263850522555        2.82728525643910
H           -2.48445028791896        4.25993730661790        2.51592571183924
14
 energy: -13.664175041134 gnorm: 0.000184234210 xtb: 6.7.1 (edcfbbe)
C           -2.83534225072823        0.17568860614006        1.97283086530097
H           -3.88045139382302        0.25237861763028        1.67968747489048
H           -2.75460795130442        0.42262375521509        3.02811176068990
H           -2.51808536948595       -0.85649097906611        1.84194264523085
C           -1.97524606184948        1.10523114621887        1.12445598739559
H           -2.01308400965750        0.76875309432810        0.08533896730300
H           -0.93577318708403        1.03990700181814        1.45454197099464
C           -2.42974843198937        2.56416287799823        1.18204998883999
H           -1.87743006891082        3.13181191392085        0.42891606410482
H           -3.49019241665530        2.62001427261599        0.92487838035357
C           -2.20452222534912        3.20859053447673        2.54486651756058
H           -2.80187290458587        2.72170895655227        3.31117539547863
H           -1.15637573756418        3.13987659290323        2.82900752868516
H           -2.48294433101289        4.25968615924805        2.51612355317190
