14
 energy: -13.663912314306 gnorm: 0.011861311262 xtb: 6.7.1 (edcfbbe)
C           -2.49341300000000        0.34945400000000       -0.01033300000000
H           -2.13722100000000       -0.68175300000000       -0.02338100000000
H           -2.14607900000000        0.83134700000000       -0.92688600000000
H           -3.58471500000000        0.32328500000000       -0.04645800000000
C           -2.00023900000000        1.09707300000000        1.22694500000000
H           -0.90617800000000        1.07679900000000        1.25425000000000
H           -2.33381500000000        0.57262200000000        2.12794700000000
C           -2.47573600000000        2.54906500000000        1.28786500000000
H           -2.14216000000000        3.07351700000000        0.38686300000000
H           -3.56979700000000        2.56933900000000        1.26055900000000
C           -1.98256300000000        3.29668400000000        2.52514300000000
H           -2.07988928000000        2.68167025000000        3.42248230000000
H           -0.93304919000000        3.57940003000000        2.43015579000000
H           -2.55803429000000        4.21035466000000        2.68936810000000
14
 energy: -13.664508199397 gnorm: 0.004649665806 xtb: 6.7.1 (edcfbbe)
C           -2.49122406061472        0.36635282032898       -0.00158081896641
H           -2.13073706352858       -0.66091462578676       -0.00707731058420
H           -2.14088321466598        0.85526547751402       -0.91010042703728
H           -3.58042805672620        0.34505686191708       -0.02598488677926
C           -1.99206343717576        1.10017572891879        1.23560325298629
H           -0.89817997843952        1.08822340934674        1.24918509731849
H           -2.33619614915318        0.57424490231911        2.13104942445387
C           -2.48557362865384        2.54458407570779        1.27943932903626
H           -2.14880419076665        3.06981800723220        0.38106539195826
H           -3.57951274243180        2.55112075265645        1.26915806746676
C           -1.98382854551753        3.28286124770217        2.51506599976477
H           -2.10388436054073        2.66891058190296        3.40734138156753
H           -0.92900018405588        3.53688684768004        2.41877542648649
H           -2.54257314772963        4.20627085256040        2.66258026232844
14
 energy: -13.664702609528 gnorm: 0.002313464239 xtb: 6.7.1 (edcfbbe)
C           -2.48785947813293        0.36821265790734       -0.00155263395565
H           -2.12615444449410       -0.65729991701927       -0.00886461895682
H           -2.13916212052501        0.86343177239655       -0.90494783971669
H           -3.57535016079825        0.35014086377136       -0.01900106256599
C           -1.98889404431237        1.10187393873612        1.23526702423856
H           -0.89616888473887        1.09959177718890        1.24320468053479
H           -2.33174104372959        0.57528011862141        2.12922503140297
C           -2.49203954761449        2.54198667030539        1.28164575074524
H           -2.16271026456159        3.06722589569616        0.38212029713773
H           -3.58495934056616        2.53669409897341        1.28314268904858
C           -1.98496061425943        3.28234983903556        2.51352495762077
H           -2.13362113751343        2.67700087918014        3.40599365030606
H           -0.92176790751481        3.49941453164449        2.42137113636012
H           -2.51749977123898        4.22295381356244        2.64339112780033
14
 energy: -13.664913352461 gnorm: 0.005556008078 xtb: 6.7.1 (edcfbbe)
C           -2.48253015865121        0.37014780604563       -0.00395442191344
H           -2.11694844105414       -0.65263017115615       -0.01605375933420
H           -2.13895291917698        0.87245378730005       -0.90349262062418
H           -3.56850239227929        0.35063504924014       -0.01415726421007
C           -1.98291562176206        1.10421549173388        1.23411581032715
H           -0.89150722657836        1.11767094977898        1.23407490224514
H           -2.31488147291150        0.57264805159191        2.12763509057601
C           -2.50473764965232        2.53800352774664        1.28705553576710
H           -2.19578313386413        3.06672629100857        0.38360265085957
H           -3.59637226011517        2.51666452283605        1.30915491623424
C           -1.98554142436256        3.28149286372743        2.51257746425004
H           -2.19260031212103        2.70401423961052        3.41381362012296
H           -0.90654388464682        3.42956581573099        2.43598418547596
H           -2.46507186282445        4.25724871480538        2.60416408022370
14
 energy: -13.665026820895 gnorm: 0.005050734834 xtb: 6.7.1 (edcfbbe)
C           -2.48012773685855        0.36949448364998       -0.00696602798656
H           -2.11196579076084       -0.65257350561563       -0.02153622659572
H           -2.13941499429753        0.87322472192807       -0.90720718222308
H           -3.56636232107135        0.34627838930736       -0.01659449488521
C           -1.98054740119063        1.10496370198254        1.23151066112955
H           -0.88938031947630        1.12531024912595        1.22794181056985
H           -2.30303819995488        0.56850983194979        2.12576105269635
C           -2.51077607995383        2.53587787038847        1.29206960375717
H           -2.21646510055486        3.06841927850834        0.38565481635958
H           -3.60183943068459        2.50836282422556        1.32514510865618
C           -1.98507511601563        3.28215411193485        2.51302381099260
H           -2.22441754444121        2.72981075821097        3.42247203100399
H           -0.90128455893376        3.39395106694799        2.45155565987605
H           -2.43219416580603        4.27507315745577        2.58168956664923
14
 energy: -13.665098721039 gnorm: 0.001324943413 xtb: 6.7.1 (edcfbbe)
C           -2.47928729235525        0.36885470555812       -0.00937744976018
H           -2.10834615506221       -0.65322605093390       -0.02490849412035
H           -2.14097781098036        0.87081789531057       -0.91312715992297
H           -3.56668090859059        0.33972750554723       -0.02175224690020
C           -1.97994688674077        1.10529364106990        1.22882794045604
H           -0.88819105114184        1.12816676943470        1.22281442629252
H           -2.29347907066050        0.56371364801854        2.12433280075130
C           -2.51386021450123        2.53460607653603        1.29687726315813
H           -2.22945546589689        3.07047197550760        0.38842787510470
H           -3.60488078481777        2.50648798277239        1.33503557775408
C           -1.98434675610359        3.28313401201461        2.51399334763520
H           -2.24232520105743        2.75390524586212        3.42955995547202
H           -0.90154545194704        3.37396552759276        2.46710162231379
H           -2.40956571014454        4.28293800570933        2.56671473176592
14
 energy: -13.665098838573 gnorm: 0.003454407878 xtb: 6.7.1 (edcfbbe)
C           -2.47784590010429        0.37062874779414       -0.00974267924951
H           -2.09919271924114       -0.64920272049236       -0.02821261744407
H           -2.14688483710447        0.87532040390440       -0.91564873275683
H           -3.56571215306617        0.33254109325123       -0.01894369033310
C           -1.97776783316956        1.10679013098603        1.22710387743686
H           -0.88520427395247        1.13689814276799        1.21326477952891
H           -2.28071123237923        0.55922163170371        2.12337538007320
C           -2.51975318669369        2.53251308519024        1.30141769744911
H           -2.24210255977844        3.07062037277286        0.39175077812427
H           -3.61108519432383        2.50169654962843        1.34577658380178
C           -1.98523227968970        3.28234668204871        2.51467901049848
H           -2.27520263005422        2.77529139079553        3.43557046326229
H           -0.89651829921696        3.33556896046721        2.48180059259598
H           -2.37967566122583        4.29862246918189        2.54232874701263
14
 energy: -13.665114769845 gnorm: 0.001218551060 xtb: 6.7.1 (edcfbbe)
C           -2.47870825688566        0.37032559865551       -0.00895816683717
H           -2.10030704364213       -0.64949112021878       -0.02750795563104
H           -2.14794356646560        0.87508194734733       -0.91471636790213
H           -3.56642329171766        0.33269653582700       -0.01775476540894
C           -1.97832114749855        1.10665624743401        1.22738873452804
H           -0.88583702073294        1.13504976732179        1.21460321010873
H           -2.28338785323932        0.56073089233430        2.12364784797383
C           -2.51761671594509        2.53321029609139        1.29987138925148
H           -2.23621985953192        3.07042948227264        0.39099145551769
H           -3.60908076232321        2.50368098172210        1.34092133144506
C           -1.98548942663773        3.28225017127230        2.51487482531564
H           -2.26733107754987        2.77004538271960        3.43324960440842
H           -0.89907925005260        3.34489385286955        2.47943601116717
H           -2.38714348777771        4.29329690435125        2.54847303606321
14
 energy: -13.665119202095 gnorm: 0.000513635202 xtb: 6.7.1 (edcfbbe)
C           -2.47991210946525        0.36970329861382       -0.00802573781669
H           -2.09931703194995       -0.64899839527942       -0.02888369219380
H           -2.15334542325373        0.87658775804959       -0.91375303354381
H           -3.56726423482480        0.33007939284286       -0.01285760886047
C           -1.97757835634207        1.10675393156816        1.22710534405871
H           -0.88540753041329        1.13462504513858        1.21373914044615
H           -2.28295739855717        0.56274028897722        2.12398663044375
C           -2.51523562648576        2.53384898534115        1.29801958921590
H           -2.23018620057066        3.07083128820273        0.39025502517074
H           -3.60672454695181        2.50481799157199        1.33556354808701
C           -1.98640361941493        3.28188713513917        2.51551048859754
H           -2.26753857957086        2.76746949015970        3.43186761298060
H           -0.90126241137626        3.34769373057739        2.48093128763926
H           -2.38975569082347        4.29081699909706        2.55106159577509
14
 energy: -13.665122166905 gnorm: 0.000488768351 xtb: 6.7.1 (edcfbbe)
C           -2.48084121668743        0.36928112279880       -0.00738602737666
H           -2.09688029736375       -0.64804003161595       -0.03051857598346
H           -2.15931970839097        0.87820788462120       -0.91370188398857
H           -3.56801749566771        0.32608749293963       -0.00798309739916
C           -1.97644200478917        1.10711009933539        1.22658534229358
H           -0.88438327249716        1.13488387691256        1.21155483971327
H           -2.28068574931143        0.56393185339911        2.12429500386445
C           -2.51400279040706        2.53437049437251        1.29698296745991
H           -2.22663870099341        3.07170919173381        0.39020772539173
H           -3.60553115761576        2.50574544462291        1.33209577641603
C           -1.98734987716819        3.28165372035058        2.51603677167339
H           -2.27245850528050        2.76760313334511        3.43130113148827
H           -0.90182676834969        3.34480981197025        2.48475199081945
H           -2.38851121547776        4.29150284521408        2.55029822562777
14
 energy: -13.665125311673 gnorm: 0.000158169990 xtb: 6.7.1 (edcfbbe)
C           -2.48208810100321        0.36869300361896       -0.00663211051624
H           -2.09220352057999       -0.64634020255274       -0.03322926749904
H           -2.16822770708874        0.88074207319217       -0.91393163056372
H           -3.56899075664697        0.31904053828943       -0.00168800098790
C           -1.97522522855036        1.10769959026923        1.22571250039897
H           -0.88318157346800        1.13535389667898        1.20815772202796
H           -2.27752989678862        0.56521537984882        2.12461731959200
C           -2.51234413664377        2.53515778698342        1.29591669511828
H           -2.22247989949646        3.07310074541616        0.39018122990090
H           -3.60408196913477        2.50706871289801        1.32833447686037
C           -1.98838388632761        3.28113788101235        2.51690511898518
H           -2.28080704035219        2.76946707792604        3.43159991328954
H           -0.90226905841135        3.33915132224447        2.49073239067127
H           -2.38507598550797        4.29336913417470        2.54784383272240
14
 energy: -13.665126571470 gnorm: 0.000162514518 xtb: 6.7.1 (edcfbbe)
C           -2.48313443486037        0.36821768319902       -0.00588902571613
H           -2.08922018629072       -0.64518241988350       -0.03475804024178
H           -2.17511513713327        0.88207937837689       -0.91418119837397
H           -3.56980298171515        0.31395549486254        0.00336907373406
C           -1.97417574083264        1.10823793117837        1.22496625270750
H           -0.88207535299426        1.13533686065044        1.20593208869222
H           -2.27540845380230        0.56654740112492        2.12474674373359
C           -2.51088524021345        2.53592725958447        1.29484792811719
H           -2.21843479243691        3.07433070442853        0.39022300078581
H           -3.60274921782982        2.50872975017251        1.32445874181199
C           -1.98925069846469        3.28086554340826        2.51737225370659
H           -2.28567202368878        2.76955076035156        3.43084893216670
H           -0.90271942194531        3.33648443166252        2.49511804443165
H           -2.38424507779232        4.29377616088345        2.54746539444457
14
 energy: -13.665127016709 gnorm: 0.000087393472 xtb: 6.7.1 (edcfbbe)
C           -2.48375953701528        0.36794444412319       -0.00548545907301
H           -2.08852672867187       -0.64486374824343       -0.03534114660522
H           -2.17830308411245        0.88243538577848       -0.91421891843227
H           -3.57028089374887        0.31222417527266        0.00600313119038
C           -1.97355806523878        1.10844642521632        1.22456072243044
H           -0.88147337951156        1.13533710496147        1.20470289873363
H           -2.27425877074376        0.56732184713375        2.12485389301287
C           -2.50970268250482        2.53633372328934        1.29408884748787
H           -2.21593511568733        3.07491847979636        0.38998698779772
H           -3.60158783819924        2.50936998445644        1.32228551904928
C           -1.98980699844043        3.28056505859478        2.51777981055754
H           -2.28758771662835        2.76894533754272        3.43071880121471
H           -0.90340993009654        3.33628080731693        2.49694299868391
H           -2.38469801940070        4.29359791476098        2.54764210395214
