14
 energy: -13.661986621949 gnorm: 0.012684129953 xtb: 6.7.1 (edcfbbe)
C           -3.02105794000000        0.10175848000000        1.77493160000000
H           -2.65164475000000       -0.92324193000000        1.71714827000000
H           -3.95742660000000        0.14832025000000        1.21459516000000
H           -3.25386791000000        0.31131181000000        2.82126654000000
C           -2.00023900000000        1.09707300000000        1.22694500000000
H           -1.76099610000000        0.84152243000000        0.18984192000000
H           -1.06281638000000        1.00326852000000        1.78422944000000
C           -2.47573600000000        2.54906500000000        1.28786500000000
H           -2.14216000000000        3.07351700000000        0.38686300000000
H           -3.56979700000000        2.56933900000000        1.26055900000000
C           -1.98256300000000        3.29668400000000        2.52514300000000
H           -0.89126000000000        3.32285300000000        2.56126900000000
H           -2.33875400000000        4.32789100000000        2.53819100000000
H           -2.32989700000000        2.81479100000000        3.44169600000000
14
 energy: -13.662538980758 gnorm: 0.005108544865 xtb: 6.7.1 (edcfbbe)
C           -3.01679400388736        0.11547720064120        1.78441405693714
H           -2.64018054877571       -0.90462725487923        1.72717653336414
H           -3.94759524714735        0.16526159856850        1.22011766934727
H           -3.23786551960686        0.33914124409412        2.82739938752585
C           -1.99676019724163        1.09621603225652        1.22154980685442
H           -1.78295237170850        0.82255947219108        0.18449950599085
H           -1.06092495011983        0.99766053871628        1.77835253995110
C           -2.47584700235539        2.55150308494909        1.28186576443750
H           -2.12222161688296        3.09153273074532        0.39903359461314
H           -3.56866614838475        2.57636510857880        1.25621036047247
C           -1.99020236770387        3.28138073778528        2.52708107996194
H           -0.90123401201669        3.30584510568422        2.55622747167076
H           -2.35238543438157        4.30825917969699        2.53549536684014
H           -2.34458625978751        2.78757778097184        3.43112079203330
14
 energy: -13.662753099559 gnorm: 0.002234924985 xtb: 6.7.1 (edcfbbe)
C           -3.01396071279933        0.12576788210248        1.79596923037366
H           -2.63665748181875       -0.89312901240857        1.74631870054500
H           -3.94550446437195        0.17260585688402        1.23623916255144
H           -3.22410370359347        0.36401440610980        2.83607216095383
C           -1.99600802794287        1.09622533567151        1.21010738369780
H           -1.80470206889441        0.81423586471323        0.17166494800595
H           -1.05499148451598        1.00061233757144        1.75599848570225
C           -2.47036747249301        2.55441912758200        1.27222380661279
H           -2.09766674172677        3.10117310390079        0.40237733888974
H           -3.56150324749841        2.57956075363754        1.23425369306959
C           -1.99799809175962        3.26876054479062        2.53231624246225
H           -0.91106216896552        3.29486900145123        2.56628433753174
H           -2.36472536690093        4.29262217275825        2.54618416736030
H           -2.35896464671894        2.76241518523566        3.42453427224366
14
 energy: -13.662988011625 gnorm: 0.004263347281 xtb: 6.7.1 (edcfbbe)
C           -3.01039591856439        0.13559908569986        1.81000738883908
H           -2.63351039392188       -0.88343335524987        1.77342912958284
H           -3.94518984584746        0.17491188283880        1.25705509999447
H           -3.20973685410839        0.39237756055832        2.84663472675433
C           -1.99678012094196        1.09623948466057        1.19584369957472
H           -1.83431337376254        0.80774474233317        0.15490990124100
H           -1.04473740161849        1.00161710668138        1.72106874855874
C           -2.46209696840118        2.55792492949229        1.26111715865255
H           -2.06426141558986        3.10944522721003        0.40629580507160
H           -3.55140560152566        2.58810950957057        1.20032456513507
C           -2.00777018456087        3.25601542011636        2.53928039141379
H           -0.92227548072764        3.28744702064490        2.58234333276925
H           -2.38113871821267        4.27669897269917        2.56395886141937
H           -2.37460340221695        2.73345497274445        3.41827512099320
14
 energy: -13.663240895709 gnorm: 0.004954346855 xtb: 6.7.1 (edcfbbe)
C           -3.00549523366633        0.14615536893225        1.82572449093134
H           -2.62898443819558       -0.87367144763424        1.80550299801615
H           -3.94659815928984        0.17413513934780        1.28252305886359
H           -3.19349879236197        0.42333044553563        2.85906400093092
C           -1.99949984430120        1.09646418092879        1.17953935084960
H           -1.87003853457965        0.80329371765256        0.13526702392467
H           -1.03239904356318        0.99863971081370        1.67678725826724
C           -2.45108071055817        2.56159486692172        1.24935058320882
H           -2.02401366602740        3.11601928568757        0.41063693231176
H           -3.53836291847292        2.60300163272550        1.15873058730414
C           -2.01951036080243        3.24224843299222        2.54670446756969
H           -0.93475121801113        3.28170623449358        2.60385143888708
H           -2.40135962422407        4.25956933180673        2.58498761636490
H           -2.39262313594606        2.70166565979618        3.41187412257012
14
 energy: -13.663444380614 gnorm: 0.003553913381 xtb: 6.7.1 (edcfbbe)
C           -2.99957233200879        0.15642489020153        1.83990363137891
H           -2.62365211608810       -0.86416675725604        1.83329826554701
H           -3.94948633806445        0.17378882052999        1.31001569435034
H           -3.17496214256688        0.45040836761148        2.87128927710424
C           -2.00352917123332        1.09690394678628        1.16430980971749
H           -1.90421581304048        0.80098116632977        0.11719443352722
H           -1.02219756599514        0.99249161033105        1.63341120250275
C           -2.43951982103680        2.56469067714873        1.23909732796605
H           -1.98574975380511        3.12025023012577        0.41488255859947
H           -3.52423937604267        2.62056893873201        1.11980401826769
C           -2.03131111168385        3.22921964137269        2.55241268830190
H           -0.94703031501351        3.27493248528079        2.62767673166661
H           -2.41999308590342        4.24382056728227        2.60219597351989
H           -2.41275673751738        2.67383797552365        3.40505231755047
14
 energy: -13.663570692697 gnorm: 0.001938837797 xtb: 6.7.1 (edcfbbe)
C           -2.99377657844076        0.16448519155371        1.85021066418562
H           -2.61956752133053       -0.85678121027975        1.84902122009543
H           -3.95282875031084        0.17688814368090        1.33529924378040
H           -3.15545021155591        0.46729547702161        2.88173623138916
C           -2.00724185307843        1.09731707859469        1.15295712042774
H           -1.92976167996518        0.80015653703715        0.10426860582534
H           -1.01634893263035        0.98624652800820        1.60070205272651
C           -2.43029844338057        2.56686353349794        1.23181154308067
H           -1.95739354561181        3.12239413061507        0.41829955341673
H           -3.51215529482797        2.63523245305929        1.09183863757723
C           -2.04110017551233        3.21928474489860        2.55561670157984
H           -0.95749151150351        3.26535319189015        2.64909719117358
H           -2.43128417357405        4.23305198155523        2.61085587185559
H           -2.43351700827767        2.65636477886720        3.39882929288621
14
 energy: -13.663686880417 gnorm: 0.002280729396 xtb: 6.7.1 (edcfbbe)
C           -2.98596796852129        0.17277833010725        1.86109925026407
H           -2.61672166101785       -0.85007708963373        1.85568869404913
H           -3.95778510253362        0.18727647047228        1.36921534535960
H           -3.12468634968830        0.47811781466209        2.89577666889139
C           -2.01123302100217        1.09763989219921        1.14126868289485
H           -1.95695361045234        0.79941921204629        0.09135251697116
H           -1.01155093234227        0.97917300923280        1.56675708817307
C           -2.42066988176984        2.56918714476644        1.22442612308046
H           -1.92764992099100        3.12432934736872        0.42258173789080
H           -3.49858768532263        2.65092756924085        1.06364448447954
C           -2.05287770368852        3.20912845212358        2.55815663194388
H           -0.97066462102072        3.24645416355304        2.67652133912991
H           -2.43674541701768        4.22512003782212        2.61303755509553
H           -2.46612180463165        2.64467820603906        3.39101781177665
14
 energy: -13.663755005744 gnorm: 0.002550795725 xtb: 6.7.1 (edcfbbe)
C           -2.98137166287395        0.17596638857472        1.86667505349497
H           -2.61780215887499       -0.84888928644169        1.85112235187845
H           -3.96071083364148        0.19809856232606        1.39015455140288
H           -3.10244860321796        0.47712675727235        2.90499719078002
C           -2.01258304633076        1.09765124878644        1.13600953944789
H           -1.96993698456869        0.79862632188007        0.08569016210105
H           -1.00906763500695        0.97676273129613        1.55128220269264
C           -2.41672286589744        2.57039489973600        1.22089855683972
H           -1.91375047199055        3.12555230087370        0.42514442941389
H           -3.49259134809909        2.65731844979318        1.05042900604708
C           -2.05949050942000        3.20499378169136        2.55940352092900
H           -0.97858380394434        3.23054108336318        2.69227535329668
H           -2.43330827430755        4.22503852929207        2.60963032641214
H           -2.48984748182609        2.64497079155643        3.38683168526363
14
 energy: -13.663882460718 gnorm: 0.003451125733 xtb: 6.7.1 (edcfbbe)
C           -2.97215853914494        0.18054586297537        1.87666364162197
H           -2.62325013577167       -0.84930101596528        1.83317013956622
H           -3.96695384035597        0.22419795293648        1.43328031569144
H           -3.05371078922753        0.46703612953240        2.92383401394831
C           -2.01428413860494        1.09771562506436        1.12741015755567
H           -1.99207697969120        0.79740821264881        0.07687278764013
H           -1.00430414208334        0.97365386419699        1.52494185546460
C           -2.41069204099174        2.57236306165531        1.21484854199163
H           -1.89048622405758        3.12729823157054        0.43015780974224
H           -3.48276303415975        2.66727715841183        1.02739868091513
C           -2.07224528526954        3.19875172400790        2.56139794201948
H           -0.99442853328986        3.19407290710246        2.72388238112457
H           -2.41916137431587        4.22953384772184        2.59815028058017
H           -2.54170062303591        2.65359899814099        3.37853538213851
14
 energy: -13.663990697437 gnorm: 0.007443330148 xtb: 6.7.1 (edcfbbe)
C           -2.95674605270161        0.18755812927601        1.89322010612108
H           -2.63564456310614       -0.85073108649431        1.80387192985961
H           -3.97452109933028        0.26779640229311        1.50388944091067
H           -2.97427496200282        0.44833284362364        2.95292599901776
C           -2.01634528082631        1.09805899057426        1.11376053367038
H           -2.02693835567381        0.79497044971503        0.06303260590056
H           -0.99547953938177        0.96976258875886        1.48269901547225
C           -2.40163965935408        2.57530163410450        1.20484366724803
H           -1.85391638198394        3.13053805706067        0.43821733876334
H           -3.46791806790282        2.68227970150992        0.98955669401996
C           -2.09354874100823        3.18897402552664        2.56477329376257
H           -1.02254190926156        3.13372465781833        2.77399696644263
H           -2.39317947668547        4.23734237391306        2.58147616487962
H           -2.62552159078097        2.67024379232029        3.36428017393161
14
 energy: -13.664056940274 gnorm: 0.004417250790 xtb: 6.7.1 (edcfbbe)
C           -2.95290928722057        0.18957203778350        1.89696203719541
H           -2.64144830105494       -0.85018279798496        1.80054195239870
H           -3.97186314388607        0.27774898318271        1.51865703767767
H           -2.95861761236853        0.44471253760632        2.95579768001138
C           -2.01625999650071        1.09837743946304        1.11100122332401
H           -2.03295499093557        0.79400302961144        0.06117928993331
H           -0.99356569841709        0.96968503539938        1.47403812145073
C           -2.40021396607752        2.57569250174107        1.20249056646200
H           -1.84793133642495        3.13149065263494        0.44017760315709
H           -3.46490916298049        2.68466821241052        0.98156162421579
C           -2.09862932679937        3.18637621469228        2.56523979387201
H           -1.03193098509934        3.12061220815938        2.78200384036402
H           -2.38647257093191        4.23721804513620        2.58175044469483
H           -2.64050930130277        2.67417846016418        3.35914271524312
14
 energy: -13.664130362122 gnorm: 0.003424360454 xtb: 6.7.1 (edcfbbe)
C           -2.94235308942874        0.19471464679517        1.90781275006283
H           -2.65548406231099       -0.84858751134883        1.78329460411183
H           -3.97256663841434        0.30863587152299        1.57022142518792
H           -2.90032653137655        0.43219269399844        2.96959905416225
C           -2.01734910429402        1.09878352045162        1.10192180230726
H           -2.05550420382352        0.79224705445839        0.05355798937014
H           -0.98813453598923        0.96833843777635        1.44548942725625
C           -2.39441678377196        2.57749653801279        1.19564039629399
H           -1.82500119375445        3.13342540783572        0.44651014436669
H           -3.45433288969776        2.69352925749302        0.95594991749609
C           -2.11293390575756        3.17947399165280        2.56707162095068
H           -1.05659350845149        3.07781764997186        2.81626406492627
H           -2.36532150719263        4.23896293521307        2.57492354210477
H           -2.69789772573658        2.68712206616660        3.34228719140311
14
 energy: -13.664161865047 gnorm: 0.000774931361 xtb: 6.7.1 (edcfbbe)
C           -2.93786682457898        0.19676727376006        1.91251319564420
H           -2.66313784506637       -0.84640085124664        1.77639281643411
H           -3.97089208804055        0.32252629802601        1.59517870598475
H           -2.87267628969157        0.42671035615885        2.97253506334443
C           -2.01804355411575        1.09876228825921        1.09780084924563
H           -2.06514527396935        0.79212176321508        0.05022512313158
H           -0.98705982568760        0.96710814510433        1.43380887878639
C           -2.39163228792517        2.57849893247563        1.19268968003007
H           -1.81511119286750        3.13366754041779        0.44900081425462
H           -3.44908975462964        2.69772539980066        0.94625426898497
C           -2.11907057568169        3.17664659517100        2.56795533067020
H           -1.07030560728652        3.05827636081393        2.83203525731460
H           -2.35502729470096        4.23801578201771        2.57289158833116
H           -2.72315726575817        2.69372667602638        3.33126235784336
14
 energy: -13.664108399608 gnorm: 0.006327508751 xtb: 6.7.1 (edcfbbe)
C           -2.92194387580698        0.20325065300463        1.92905462996512
H           -2.68159111663288       -0.84477932644142        1.74910147995080
H           -3.97086818101969        0.36758435396138        1.67188809351152
H           -2.78885348559438        0.40646592646249        2.99236031027148
C           -2.02053631120371        1.09882859566171        1.08418049935208
H           -2.09849488761915        0.79144324555638        0.03737517632252
H           -0.98115763641336        0.96152750512011        1.39338703492110
C           -2.38225267017653        2.58166563122933        1.18300844625743
H           -1.78021298984396        3.13507307435918        0.45661113072611
H           -3.43288171719121        2.71368541097701        0.91186707422857
C           -2.14083501743334        3.16742097865964        2.57117848537129
H           -1.10796204652041        2.99555212455527        2.88265382508452
H           -2.32478891184538        4.24192658283902        2.56030890667581
H           -2.80583683269883        2.71450780405526        3.30756883736174
14
 energy: -13.664174174815 gnorm: 0.001341359428 xtb: 6.7.1 (edcfbbe)
C           -2.92896127050170        0.20035068806782        1.92175029559795
H           -2.67346983322159       -0.84536505718624        1.76154237513112
H           -3.96994587300881        0.34722203182040        1.63782649180889
H           -2.82674905502433        0.41541995297670        2.98274376938013
C           -2.01958445807449        1.09873019873568        1.09029454507308
H           -2.08365821455926        0.79197847335109        0.04303672288906
H           -0.98406188598770        0.96341843189199        1.41161612706302
C           -2.38632742383719        2.58029798538804        1.18746075146706
H           -1.79569184136321        3.13423635698228        0.45312237278898
H           -3.44003320093191        2.70707391577815        0.92766119389523
C           -2.13123872712207        3.17153159423023        2.56975711396351
H           -1.09205325049268        3.02381564026419        2.85976811960983
H           -2.33831704069449        4.23997416988503        2.56616160998399
H           -2.76812360518035        2.70546817781464        3.31780244134823
14
 energy: -13.664177012636 gnorm: 0.000374118561 xtb: 6.7.1 (edcfbbe)
C           -2.92934817150901        0.20039386614979        1.92084992147816
H           -2.67398607672034       -0.84495429985046        1.76252151681353
H           -3.96943711453763        0.34582144893475        1.63662014804562
H           -2.82801829389656        0.41552729607831        2.98119356832964
C           -2.01970980126334        1.09877314354527        1.09074112698634
H           -2.08249167571330        0.79199416428315        0.04389726167512
H           -0.98450306031582        0.96358367352152        1.41258704853925
C           -2.38645722638434        2.58013525676537        1.18787747933263
H           -1.79713271354577        3.13409188595172        0.45319004445645
H           -3.44016806528624        2.70663825533171        0.92863926904949
C           -2.13042876646874        3.17168701377639        2.56922605351733
H           -1.09194110311696        3.02550771715863        2.85887362468467
H           -2.33837488454278        4.23929390514785        2.56712488056852
H           -2.76621872669898        2.70565923320600        3.31720198652332
14
 energy: -13.664177283166 gnorm: 0.000265536512 xtb: 6.7.1 (edcfbbe)
C           -2.92870467086995        0.20066732189000        1.92156096563912
H           -2.67428489782619       -0.84491246700876        1.76221967249458
H           -3.96914183966375        0.34691281124142        1.63875868064423
H           -2.82632917061769        0.41506917600926        2.98190161974892
C           -2.01984146638150        1.09879154359527        1.09024533753691
H           -2.08402975534686        0.79197521890115        0.04317824348383
H           -0.98415579060610        0.96326257846569        1.41093055605467
C           -2.38608015175681        2.58023206690864        1.18754293155106
H           -1.79545480565243        3.13417648305855        0.45343588409057
H           -3.43959945957331        2.70738929982785        0.92719695285774
C           -2.13133022208596        3.17129246523051        2.56938778926565
H           -1.09325120369835        3.02393993034513        2.86016875684729
H           -2.33795888385621        4.23930707607926        2.56703031966272
H           -2.76805336206467        2.70604905545603        3.31698622012279
