14
 energy: -13.663633424162 gnorm: 0.011708748646 xtb: 6.7.1 (edcfbbe)
C           -2.49341300000000        0.34945400000000       -0.01033300000000
H           -1.90765886000000        0.60751903000000       -0.89391967000000
H           -3.53777455000000        0.58691486000000       -0.22446490000000
H           -2.42439018000000       -0.73169752000000        0.12850910000000
C           -2.00023900000000        1.09707300000000        1.22694500000000
H           -0.90617800000000        1.07679900000000        1.25425000000000
H           -2.33381500000000        0.57262200000000        2.12794700000000
C           -2.47573600000000        2.54906500000000        1.28786500000000
H           -2.14216000000000        3.07351700000000        0.38686300000000
H           -3.56979700000000        2.56933900000000        1.26055900000000
C           -1.98256300000000        3.29668400000000        2.52514300000000
H           -2.41796491000000        2.88128080000000        3.43662394000000
H           -0.89723487000000        3.23956990000000        2.62122102000000
H           -2.25605483000000        4.35324843000000        2.48265772000000
14
 energy: -13.664274992383 gnorm: 0.004844478805 xtb: 6.7.1 (edcfbbe)
C           -2.49257934497737        0.36250911312670       -0.00017275596283
H           -1.91789496535660        0.64892693469884       -0.88005157199408
H           -3.54092878875596        0.58878250772644       -0.19309639112169
H           -2.39822697595669       -0.71494689613582        0.12953454656595
C           -2.00013702492206        1.09808008431315        1.24138701358731
H           -0.90689434605281        1.07648555289583        1.26626339860907
H           -2.35573133092533        0.58205941459105        2.13812993844782
C           -2.47656603161647        2.54859301614606        1.27486081654696
H           -2.12402421793060        3.06788413703443        0.37869382180651
H           -3.57009751085396        2.56935644718049        1.25597886983809
C           -1.98352339342782        3.28294601843820        2.51447507059376
H           -2.41522769574603        2.85311397002240        3.41798093033764
H           -0.89902759850141        3.22311474352102        2.59468637799471
H           -2.26411997497690        4.33448345644120        2.47119614475076
14
 energy: -13.664566542045 gnorm: 0.002753391910 xtb: 6.7.1 (edcfbbe)
C           -2.49269892195150        0.36349340927065        0.00339376761265
H           -1.93814053860829        0.69055100995504       -0.87519938606024
H           -3.54913865250830        0.56486770910381       -0.16489170913099
H           -2.35999373028879       -0.71153792052621        0.11319880782860
C           -2.00767341419930        1.09646803437377        1.24897472020648
H           -0.91623769870497        1.06833797186267        1.28338952877284
H           -2.38409769672199        0.59043407128162        2.14162490509055
C           -2.47252115778105        2.55007316106384        1.26885188863912
H           -2.10345188608921        3.05972681614136        0.37533202443669
H           -3.56449240666706        2.57594522099117        1.24515926289708
C           -1.98177956506302        3.28221950305343        2.50988060161771
H           -2.40608740181867        2.83645339859505        3.40672115170632
H           -0.89790187226751        3.22467076918434        2.57872643627277
H           -2.27076425733034        4.32968534564947        2.47470421011041
14
 energy: -13.664836961288 gnorm: 0.005037365189 xtb: 6.7.1 (edcfbbe)
C           -2.49372992772760        0.36367415835275        0.00532235919821
H           -1.97213274748101        0.74312899079019       -0.87491774123526
H           -3.56362222281836        0.51828334108293       -0.13346056065118
H           -2.30329512213107       -0.70708498586354        0.08697603844588
C           -2.01904023764118        1.09290121985628        1.25740741701675
H           -0.92938908550047        1.05042819338288        1.31040044923749
H           -2.42005798610310        0.59615233054735        2.14378987765208
C           -2.46630648556804        2.55281492740389        1.26238867588613
H           -2.07926339032903        3.05107812838650        0.37120121069134
H           -3.55679154701487        2.59134671488099        1.22599973987128
C           -1.97757039948966        3.28346003464305        2.50662475778171
H           -2.39248497165027        2.82350724398962        3.39941106372770
H           -0.89352379668819        3.23490580072696        2.56734322112160
H           -2.27777127985713        4.32679240182013        2.48137970125625
14
 energy: -13.665003754464 gnorm: 0.004239034675 xtb: 6.7.1 (edcfbbe)
C           -2.49444568473258        0.36252957009155        0.00473762478941
H           -1.99980827168998        0.77144696545895       -0.87707810019801
H           -3.57144255852086        0.47816249347081       -0.11911196283160
H           -2.26507573967651       -0.70181468027329        0.06714133030321
C           -2.02816186605374        1.09001716557619        1.26071379720227
H           -0.93956011388705        1.03482514486833        1.32923693618716
H           -2.44424798529145        0.59750720500119        2.14224238322678
C           -2.46036853627907        2.55494124435403        1.26040049731437
H           -2.06369486912985        3.04708030617797        0.37040864367540
H           -3.55022689227981        2.60487953271878        1.21329041215545
C           -1.97387391653997        3.28620370731678        2.50638751913909
H           -2.38104847690295        2.81935781233973        3.39952254062063
H           -0.88888217212782        3.24906068830112        2.56436133995137
H           -2.28414211688836        4.32719134459785        2.48761324846448
14
 energy: -13.665097557612 gnorm: 0.002171322712 xtb: 6.7.1 (edcfbbe)
C           -2.49536801108870        0.36169438854802        0.00405189566530
H           -2.02904773772984        0.79685968784356       -0.87885636392838
H           -3.57668485310065        0.43796857984179       -0.10742421370250
H           -2.22898854908305       -0.69366208667575        0.04859131311286
C           -2.03783082571912        1.08675812752196        1.26370438659019
H           -0.95037659267935        1.01920842385959        1.34708194845955
H           -2.46739442100090        0.59691124338500        2.14051806016972
C           -2.45390875093436        2.55641087217329        1.25890631817879
H           -2.04684966655770        3.04383292448701        0.37035820123052
H           -3.54326783339209        2.61936103909609        1.20050678677030
C           -1.97017616328407        3.28785939638109        2.50597953077884
H           -2.36798049850231        2.81547836250741        3.40154775208395
H           -0.88378354184225        3.26653202226732        2.56226338647953
H           -2.29332175508558        4.32617551876358        2.49263720811133
14
 energy: -13.665110825297 gnorm: 0.000884248147 xtb: 6.7.1 (edcfbbe)
C           -2.49614267432665        0.36147303618342        0.00406060044872
H           -2.03967550369219        0.80532313182914       -0.87864774710909
H           -3.57760536281695        0.42520927364518       -0.10326011513777
H           -2.21742693166398       -0.68980381093645        0.04259101106415
C           -2.04079959203777        1.08570707234690        1.26464666270127
H           -0.95387550758079        1.01550623049807        1.35123276476830
H           -2.47343740227060        0.59647447190141        2.14039802619507
C           -2.45179493380380        2.55635813761177        1.25871767956774
H           -2.04024832127491        3.04208227062300        0.37080593130032
H           -3.54074949478994        2.62395105539558        1.19651471109291
C           -1.96946720044293        3.28788001325746        2.50561241037355
H           -2.36517556459220        2.81512291682614        3.40210577416212
H           -0.88300177761667        3.27065937071528        2.56236333119873
H           -2.29557893309058        4.32544533010309        2.49272516937399
14
 energy: -13.665115581133 gnorm: 0.000951214257 xtb: 6.7.1 (edcfbbe)
C           -2.49745046108792        0.36148604645295        0.00464724951626
H           -2.05265224918842        0.81745970749766       -0.87821565493917
H           -3.58031298753900        0.41083878683988       -0.09490219380031
H           -2.20272872049057       -0.68563285573351        0.03575450470890
C           -2.04307256419124        1.08497779824425        1.26595131540756
H           -0.95652419077766        1.01302541354217        1.35384814449164
H           -2.47798498779709        0.59649393322899        2.14117267137658
C           -2.44974557273709        2.55643858604128        1.25783398088059
H           -2.03241959063095        3.04002777868663        0.37102064118330
H           -3.53806313443012        2.62839993340703        1.19134683299422
C           -1.96933004546580        3.28739877337555        2.50507633157128
H           -2.36699900243234        2.81588110713084        3.40126064716263
H           -0.88324829658211        3.26950205372826        2.56424911815784
H           -2.29444739664967        4.32509143755800        2.49082262128867
14
 energy: -13.665118558716 gnorm: 0.001145276857 xtb: 6.7.1 (edcfbbe)
C           -2.49824095247594        0.36131681082663        0.00507756147511
H           -2.05618360104623        0.81681758804521       -0.87781829348357
H           -3.58001707899193        0.40973089846630       -0.09246444381282
H           -2.20297276032887       -0.68394382608642        0.03530074332567
C           -2.04141117865316        1.08563136031064        1.26533561277268
H           -0.95467739669385        1.01494142541195        1.35043574994241
H           -2.47387900871942        0.59724235658472        2.14174805015269
C           -2.44939837194058        2.55651446988467        1.25754903932096
H           -2.03159898464416        3.04037862679485        0.37139896095258
H           -3.53739141449502        2.62750876855440        1.19034058444016
C           -1.97037891428114        3.28707937448263        2.50548493082240
H           -2.37308480340524        2.81792327561752        3.40066529605794
H           -0.88464715659317        3.26421216289150        2.56792610427186
H           -2.29109757773127        4.32603520821538        2.48888631376191
14
 energy: -13.665123429373 gnorm: 0.000609626164 xtb: 6.7.1 (edcfbbe)
C           -2.49890269150995        0.36094605229218        0.00556899438078
H           -2.06038417082488        0.81838732840839       -0.87866155562453
H           -3.58163722925741        0.40740635474735       -0.08791290602822
H           -2.20098186915562       -0.68415625230848        0.03432385479821
C           -2.03963590360985        1.08620682242987        1.26463724332187
H           -0.95251897447223        1.01634068482790        1.34712432197347
H           -2.46984045063569        0.59803797506193        2.14223029451141
C           -2.44897496015821        2.55695949683540        1.25684562749040
H           -2.03067813258746        3.04142235887059        0.37150526100740
H           -3.53698037626205        2.62682096300884        1.18885099547467
C           -1.97140402945810        3.28696246498156        2.50608060422330
H           -2.38100907736330        2.82086999986723        3.39971876088666
H           -0.88596699085407        3.25744750800234        2.57291307416074
H           -2.28606434385116        4.32773674297489        2.48664163942381
14
 energy: -13.665126647183 gnorm: 0.000291752898 xtb: 6.7.1 (edcfbbe)
C           -2.49988076867097        0.36058025081435        0.00602080632880
H           -2.06709319825476        0.81985762773105       -0.88044939242519
H           -3.58363301595595        0.40352271988362       -0.08215594316792
H           -2.19849357603402       -0.68412147443183        0.03307396178295
C           -2.03706727590288        1.08676779549241        1.26319242434572
H           -0.94950976491432        1.01802776540684        1.34215024607593
H           -2.46367333937709        0.59849606805686        2.14250045674369
C           -2.44803069467815        2.55725001543510        1.25625282155468
H           -2.02916969390163        3.04316364846915        0.37196853975307
H           -3.53621644359036        2.62603282920971        1.18695919084835
C           -1.97295787901267        3.28663976473013        2.50701971531868
H           -2.39213995519565        2.82637573082463        3.39930869046887
H           -0.88806294028970        3.24879604300185        2.58123714107985
H           -2.27905065422183        4.32999971537614        2.48278755129251
14
 energy: -13.665127228640 gnorm: 0.000132229838 xtb: 6.7.1 (edcfbbe)
C           -2.50047673236247        0.36040757775531        0.00633941548433
H           -2.07049649979479        0.82025030147384       -0.88115850401768
H           -3.58442335990461        0.40170167682975       -0.07940236911883
H           -2.19772943053203       -0.68394980273721        0.03256936643007
C           -2.03580823448497        1.08705823109211        1.26241643709115
H           -0.94808819771692        1.01860603924613        1.33962249404510
H           -2.46076864180129        0.59869126427310        2.14252866914295
C           -2.44720664524170        2.55741388346221        1.25604176662208
H           -2.02797610140758        3.04401150458170        0.37221720939840
H           -3.53538515770261        2.62586450528308        1.18585352350951
C           -1.97372951710490        3.28650848346699        2.50744270158384
H           -2.39704695033088        2.82847277513314        3.39899650341359
H           -0.88919836294955        3.24553760207477        2.58511889134556
H           -2.27664536866567        4.33081445806505        2.48128010506992
