14
 energy: -13.663912314306 gnorm: 0.011861300331 xtb: 6.7.1 (edcfbbe)
C           -2.49341300000000        0.34945400000000       -0.01033300000000
H           -2.13722100000000       -0.68175300000000       -0.02338100000000
H           -2.14607900000000        0.83134700000000       -0.92688600000000
H           -3.58471500000000        0.32328500000000       -0.04645800000000
C           -2.00023900000000        1.09707300000000        1.22694500000000
H           -0.90617800000000        1.07679900000000        1.25425000000000
H           -2.33381500000000        0.57262200000000        2.12794700000000
C           -2.47573600000000        2.54906500000000        1.28786500000000
H           -2.14216000000000        3.07351700000000        0.38686300000000
H           -3.56979700000000        2.56933900000000        1.26055900000000
C           -1.98256300000000        3.29668400000000        2.52514300000000
H           -2.07988928000000        2.68167025000000        3.42248230000000
H           -0.93304919000000        3.57940003000000        2.43015579000000
H           -2.55803429000000        4.21035466000000        2.68936810000000
14
 energy: -13.664508200047 gnorm: 0.004649669301 xtb: 6.7.1 (edcfbbe)
C           -2.49122403406874        0.36635287345831       -0.00158077938277
H           -2.13073706228815       -0.66091456553158       -0.00707724302984
H           -2.14088315871086        0.85526560748728       -0.91010035769391
H           -3.58042805425170        0.34505701192201       -0.02598478002019
C           -1.99206341481319        1.10017574495859        1.23560330913991
H           -0.89817993317554        1.08822345515552        1.24918510299661
H           -2.33619613666223        0.57424491010673        2.13104946627077
C           -2.48557365085436        2.54458406801957        1.27943928378946
H           -2.14880424813343        3.06981799514310        0.38106532880335
H           -3.57951278666899        2.55112066091430        1.26915807913999
C           -1.98382856740259        3.28286120038543        2.51506595418503
H           -2.10388445571642        2.66891047713481        3.40734130142264
H           -0.92900016054251        3.53688666445154        2.41877534302477
H           -2.54257309671128        4.20627083639440        2.66258018135419
14
 energy: -13.664702610839 gnorm: 0.002313486995 xtb: 6.7.1 (edcfbbe)
C           -2.48785943429873        0.36821269917532       -0.00155261103057
H           -2.12615440656859       -0.65729986363168       -0.00886461410994
H           -2.13916207904926        0.86343188222037       -0.90494778260499
H           -3.57535012737450        0.35014095726300       -0.01900101679527
C           -1.98889401296732        1.10187395822284        1.23526704899465
H           -0.89616883557472        1.09959191200100        1.24320463257871
H           -2.33174094362060        0.57528010289623        2.12922505581446
C           -2.49203964886369        2.54198663084544        1.28164577521966
H           -2.16271042932397        3.06722584408348        0.38212028855717
H           -3.58495945995752        2.53669397666971        1.28314278492911
C           -1.98496063359034        3.28234980437042        2.51352491322803
H           -2.13362143486428        2.67700094667794        3.40599364925637
H           -0.92176781254227        3.49941410765006        2.42137114326301
H           -2.51749950140420        4.22295398155586        2.64339092269960
14
 energy: -13.664913355259 gnorm: 0.005556284169 xtb: 6.7.1 (edcfbbe)
C           -2.48252993627137        0.37014791689161       -0.00395448557047
H           -2.11694779903586       -0.65262985309894       -0.01605412840957
H           -2.13895304057133        0.87245436014933       -0.90349248966750
H           -3.56850209750037        0.35063486851073       -0.01415702319998
C           -1.98291545813158        1.10421555368963        1.23411578407736
H           -0.89150707942228        1.11767173847983        1.23407447383163
H           -2.31488078870532        0.57264780243441        2.12763505019243
C           -2.50473824759580        2.53800331625463        1.28705580356289
H           -2.19578442255895        3.06672618856812        0.38360276037023
H           -3.59637282738879        2.51666382699427        1.30915597355730
C           -1.98554145375700        3.28149279538249        2.51257738237766
H           -2.19260286286867        2.70401544874029        3.41381401500222
H           -0.90654317579013        3.42956272275141        2.43598474603157
H           -2.46506957040255        4.25725025425218        2.60416232784424
14
 energy: -13.665026821660 gnorm: 0.005050425374 xtb: 6.7.1 (edcfbbe)
C           -2.48012791941979        0.36949445076527       -0.00696589821875
H           -2.11196596929086       -0.65257355150240       -0.02153606830402
H           -2.13941508110626        0.87322463411820       -0.90720705874115
H           -3.56636250607763        0.34627832618401       -0.01659458243729
C           -1.98054767954823        1.10496359952421        1.23151078028526
H           -0.88938056024096        1.12530960921526        1.22794234291976
H           -2.30303893315421        0.56850995409069        2.12576118380198
C           -2.51077566115107        2.53587800625579        1.29206934242300
H           -2.21646386995695        3.06841920168049        0.38565469568190
H           -3.60183903557074        2.50836357495458        1.32514404447228
C           -1.98507508292293        3.28215409524487        2.51302377132388
H           -2.22441527365478        2.72980966725912        3.42247163031850
H           -0.90128513012158        3.39395355264463        2.45155495259351
H           -2.43219605778400        4.27507181956527        2.58169105388112
14
 energy: -13.665098721828 gnorm: 0.001324762160 xtb: 6.7.1 (edcfbbe)
C           -2.47928739830661        0.36885484140838       -0.00937732465196
H           -2.10834567706067       -0.65322578117274       -0.02490841488279
H           -2.14097834566301        0.87081806047727       -0.91312728354507
H           -3.56668109216802        0.33972688177833       -0.02175207404517
C           -1.97994702889425        1.10529364223178        1.22882797740615
H           -0.88819107000748        1.12816653072787        1.22281430131687
H           -2.29347911008664        0.56371347032032        2.12433287006489
C           -2.51386012682018        2.53460612151843        1.29687732516088
H           -2.22945473536335        3.07047195449807        0.38842808514526
H           -3.60488077875950        2.50648864938094        1.33503511367826
C           -1.98434679140479        3.28313397423714        2.51399337116468
H           -2.24232489021921        2.75390506591782        3.42955990282703
H           -0.90154554873053        3.37396582568722        2.46710159143301
H           -2.40956616651577        4.28293770298917        2.56671474892794
14
 energy: -13.665098831153 gnorm: 0.003455144240 xtb: 6.7.1 (edcfbbe)
C           -2.47784571567692        0.37062882597840       -0.00974275956668
H           -2.09919163253865       -0.64920233210964       -0.02821322579297
H           -2.14688558353424        0.87532104704674       -0.91564885704560
H           -3.56571196209062        0.33254020392631       -0.01894323571696
C           -1.97776759449766        1.10679028782230        1.22710370415157
H           -0.88520401006102        1.13689904691281        1.21326402507196
H           -2.28071016100646        0.55922133219453        2.12337523554951
C           -2.51975372819702        2.53251292662124        1.30141806405788
H           -2.24210395569943        3.07062047674375        0.39175094730767
H           -3.61108577941070        2.50169582223033        1.34577778755590
C           -1.98523233432444        3.28234661952981        2.51467908099978
H           -2.27520622928815        2.77529333980916        3.43557121315563
H           -0.89651750909943        3.33556492731444        2.48180193875235
H           -2.37967256457526        4.29862441597983        2.54232627151994
14
 energy: -13.665114769381 gnorm: 0.001218742793 xtb: 6.7.1 (edcfbbe)
C           -2.47870820293398        0.37032555900177       -0.00895821500369
H           -2.10030677012931       -0.64949107726492       -0.02750818810824
H           -2.14794374056938        0.87508211314151       -0.91471637362581
H           -3.56642322381835        0.33269627058052       -0.01775468710702
C           -1.97832112076766        1.10665627367733        1.22738870019436
H           -0.88583700368886        1.13504991849039        1.21460319716144
H           -2.28338777282655        0.56073088630093        2.12364780439005
C           -2.51761679918455        2.53321029265686        1.29987142295370
H           -2.23622023256557        3.07042955051308        0.39099139508411
H           -3.60908086460399        2.50368076002817        1.34092160669174
C           -1.98548940294288        3.28225017362729        2.51487483526092
H           -2.26733177285397        2.77004571788015        3.43324983432710
H           -0.89907898013308        3.34489309908310        2.47943625448479
H           -2.38714287298186        4.29329740228382        2.54847260329655
14
 energy: -13.665119201928 gnorm: 0.000513613993 xtb: 6.7.1 (edcfbbe)
C           -2.47991203751088        0.36970331614946       -0.00802582603897
H           -2.09931712376708       -0.64899844945614       -0.02888363533117
H           -2.15334507467567        0.87658763291817       -0.91375312632912
H           -3.56726418811078        0.33007954470112       -0.01285794356446
C           -1.97757841970768        1.10675388500878        1.22710539028192
H           -0.88540758029519        1.13462489248492        1.21373935397953
H           -2.28295757388940        0.56274018803448        2.12398663976829
C           -2.51523573631530        2.53384895378562        1.29801967868740
H           -2.23018650761055        3.07083127230090        0.39025507335391
H           -3.60672463236090        2.50481803571510        1.33556378132835
C           -1.98640354245481        3.28188718704317        2.51551040817130
H           -2.26753823275969        2.76746952390746        3.43186761060225
H           -0.90126234071538        3.34769395602947        2.48093109862585
H           -2.38975576982668        4.29081700137749        2.55106168646490
14
 energy: -13.665122166505 gnorm: 0.000488714019 xtb: 6.7.1 (edcfbbe)
C           -2.48084107114835        0.36928119841313       -0.00738616433646
H           -2.09688084092204       -0.64804024411353       -0.03051819531949
H           -2.15931860122763        0.87820745648984       -0.91370198862721
H           -3.56801740526850        0.32608826767901       -0.00798399231263
C           -1.97644215081062        1.10711004303412        1.22658541264276
H           -0.88438338157714        1.13488375883238        1.21155517026821
H           -2.28068607229605        0.56393161258263        2.12429495037832
C           -2.51400298854727        2.53437042561220        1.29698315970262
H           -2.22663935280367        3.07170908505557        0.39020775748174
H           -3.60553132929225        2.50574535237505        1.33209641079496
C           -1.98734971376756        3.28165377872468        2.51603666594843
H           -2.27245762047021        2.76760306850291        3.43130122163906
H           -0.90182664161804        3.34481041342683        2.48475139792574
H           -2.38851159025066        4.29150272338516        2.55029838381395
14
 energy: -13.665125311376 gnorm: 0.000158147648 xtb: 6.7.1 (edcfbbe)
C           -2.48208791532906        0.36869308823138       -0.00663224644166
H           -2.09220416901392       -0.64634046842619       -0.03322882472935
H           -2.16822634642689        0.88074162323481       -0.91393167545781
H           -3.56899062216586        0.31904152274768       -0.00168905415254
C           -1.97522542897239        1.10769950939667        1.22571260426126
H           -0.88318175554575        1.13535380289012        1.20815810058855
H           -2.27753028415388        0.56521514201785        2.12461728031653
C           -2.51234442289317        2.53515766864338        1.29591692428746
H           -2.22248059877568        3.07310058476514        0.39018129961574
H           -3.60408225478041        2.50706851279139        1.32833513399142
C           -1.98838371598939        3.28113796448015        2.51690500716480
H           -2.28080594639671        2.76946693813181        3.43159995442193
H           -0.90226893190896        3.33915202941459        2.49073156628235
H           -2.38507636764794        4.29336902168123        2.54784411985131
14
 energy: -13.665126571385 gnorm: 0.000162522593 xtb: 6.7.1 (edcfbbe)
C           -2.48313433043069        0.36821772683765       -0.00588908513827
H           -2.08922045044057       -0.64518253154599       -0.03475787549150
H           -2.17511444904396        0.88207926214926       -0.91418115863414
H           -3.56980290758580        0.31395596242454        0.00336857332364
C           -1.97417584130343        1.10823789729867        1.22496632948074
H           -0.88207546199757        1.13533690346099        1.20593230953046
H           -2.27540864319366        0.56654729726166        2.12474673979507
C           -2.51088541433681        2.53592719173763        1.29484802203608
H           -2.21843523579030        3.07433060939654        0.39022298384305
H           -3.60274938803570        2.50872959223554        1.32445910542997
C           -1.98925060387360        3.28086555955318        2.51737219799942
H           -2.28567159722939        2.76955075283339        3.43084899016049
H           -0.90271931674822        3.33648458310267        2.49511761542327
H           -2.38424511999030        4.29377613325425        2.54746544224170
14
 energy: -13.665127016686 gnorm: 0.000087408939 xtb: 6.7.1 (edcfbbe)
C           -2.48375950889598        0.36794444886091       -0.00548547493280
H           -2.08852671242502       -0.64486374556426       -0.03534117353875
H           -2.17830298704329        0.88243543487985       -0.91421888287410
H           -3.57028086605743        0.31222421836642        0.00600306044520
C           -1.97355810571615        1.10844641021673        1.22456074855929
H           -0.88147342968021        1.13533713620514        1.20470295335361
H           -2.27425884547594        0.56732182203271        2.12485389334358
C           -2.50970271032289        2.53633370426849        1.29408886719688
H           -2.21593519843787        3.07491843508890        0.38998697015069
H           -3.60158786327643        2.50936993788990        1.32228561773079
C           -1.98980697975186        3.28056504869723        2.51777981811087
H           -2.28758766942843        2.76894537179460        3.43071885706253
H           -0.90340993686358        3.33628078568297        2.49694288802335
H           -2.38469794662493        4.29359793158040        2.54764204736883
