14
 energy: -13.663633424162 gnorm: 0.011708740170 xtb: 6.7.1 (edcfbbe)
C           -2.49341300000000        0.34945400000000       -0.01033300000000
H           -1.90765886000000        0.60751903000000       -0.89391967000000
H           -3.53777455000000        0.58691486000000       -0.22446490000000
H           -2.42439018000000       -0.73169752000000        0.12850910000000
C           -2.00023900000000        1.09707300000000        1.22694500000000
H           -0.90617800000000        1.07679900000000        1.25425000000000
H           -2.33381500000000        0.57262200000000        2.12794700000000
C           -2.47573600000000        2.54906500000000        1.28786500000000
H           -2.14216000000000        3.07351700000000        0.38686300000000
H           -3.56979700000000        2.56933900000000        1.26055900000000
C           -1.98256300000000        3.29668400000000        2.52514300000000
H           -2.41796491000000        2.88128080000000        3.43662394000000
H           -0.89723487000000        3.23956990000000        2.62122102000000
H           -2.25605483000000        4.35324843000000        2.48265772000000
14
 energy: -13.664274991580 gnorm: 0.004844475256 xtb: 6.7.1 (edcfbbe)
C           -2.49257933837587        0.36250907823289       -0.00017277908358
H           -1.91789490046988        0.64892683104800       -0.88005159529491
H           -3.54092876980280        0.58878259286514       -0.19309644486321
H           -2.39822708385866       -0.71494693397481        0.12953455864691
C           -2.00013699556549        1.09808007628158        1.24138699318490
H           -0.90689430476175        1.07648559616954        1.26626333762910
H           -2.35573128049608        0.58205942325982        2.13812993963853
C           -2.47656604460176        2.54859300987789        1.27486083761441
H           -2.12402427959886        3.06788413258708        0.37869382487714
H           -3.57009752528730        2.56935638826154        1.25597891407356
C           -1.98352340219608        3.28294606045275        2.51447509559538
H           -2.41522775595647        2.85311401716939        3.41798095896377
H           -0.89902759042502        3.22311471219875        2.59468641437116
H           -2.26411992860399        4.33448351557044        2.47119615464683
14
 energy: -13.664566540356 gnorm: 0.002753382138 xtb: 6.7.1 (edcfbbe)
C           -2.49269890715956        0.36349341354226        0.00339374153587
H           -1.93814038527254        0.69055074606399       -0.87519940587625
H           -3.54913858454364        0.56486788112502       -0.16489189693199
H           -2.35999397250902       -0.71153791764596        0.11319891436373
C           -2.00767336386317        1.09646804064780        1.24897468226583
H           -0.91623762690957        1.06833807570227        1.28338939893394
H           -2.38409748667616        0.59043399796664        2.14162490146312
C           -2.47252122219287        2.55007315112384        1.26885192521833
H           -2.10345207838568        3.05972687412285        0.37533203383763
H           -3.56449248273398        2.57594513908401        1.24515937674047
C           -1.98177956772853        3.28221950000569        2.50988062805781
H           -2.40608752976479        2.83645357427562        3.40672121673583
H           -0.89790189499135        3.22467064854277        2.57872656309348
H           -2.27076409726912        4.32968537544319        2.47470413056220
14
 energy: -13.664836959144 gnorm: 0.005037308997 xtb: 6.7.1 (edcfbbe)
C           -2.49372988695287        0.36367413995683        0.00532228614110
H           -1.97213228222767        0.74312827872475       -0.87491779583447
H           -3.56362202832437        0.51828383399225       -0.13346106969559
H           -2.30329577938213       -0.70708505855196        0.08697636369070
C           -2.01904011181514        1.09290124704653        1.25740725422872
H           -0.92938890825467        1.05042848076325        1.31040000081028
H           -2.42005740801114        0.59615215031684        2.14378981222456
C           -2.46630664374633        2.55281489662850        1.26238883886431
H           -2.07926388575056        3.05107827910249        0.37120132170383
H           -3.55679173415312        2.59134652576044        1.22600016249332
C           -1.97757044217100        3.28346003449434        2.50662482696112
H           -2.39248535923825        2.82350776150125        3.39941122837090
H           -0.89352389069201        3.23490540289634        2.56734355978273
H           -2.27777083928073        4.32679252736814        2.48137942025848
14
 energy: -13.665003754794 gnorm: 0.004239087404 xtb: 6.7.1 (edcfbbe)
C           -2.49444565674413        0.36252954446250        0.00473756674562
H           -1.99980850865805        0.77144733730296       -0.87707818719313
H           -3.57144266807093        0.47816200908488       -0.11911183161377
H           -2.26507519488581       -0.70181467608142        0.06714112634318
C           -2.02816196183495        1.09001711257912        1.26071378264970
H           -0.93956019509219        1.03482511554958        1.32923695336132
H           -2.44424811089292        0.59750711067601        2.14224233451958
C           -2.46036857685706        2.55494124172853        1.26040056046045
H           -2.06369491266225        3.04708029450706        0.37040869740033
H           -3.55022694590276        2.60487961394445        1.21329055331329
C           -1.97387387843046        3.28620374036868        2.50638753055734
H           -2.38104875001777        2.81935822117767        3.39952259535791
H           -0.88888217082675        3.24906033850115        2.56436154875528
H           -2.28414166912395        4.32719149619881        2.48761297934288
14
 energy: -13.665097557758 gnorm: 0.002171314971 xtb: 6.7.1 (edcfbbe)
C           -2.49536794699635        0.36169444846340        0.00405192241365
H           -2.02904774779551        0.79685980085172       -0.87885631359128
H           -3.57668477260627        0.43796858232306       -0.10742417008624
H           -2.22898845969926       -0.69366201303873        0.04859124936808
C           -2.03783077179186        1.08675817946277        1.26370443491745
H           -0.95037653695561        1.01920853795382        1.34708198594782
H           -2.46739436126226        0.59691129835983        2.14051808476181
C           -2.45390887567480        2.55641087321223        1.25890631311386
H           -2.04684995591812        3.04383289433863        0.37035813427578
H           -3.54326796450580        2.61936088014291        1.20050692920387
C           -1.97017615290204        3.28785935981583        2.50597949294446
H           -2.36798079387668        2.81547856182162        3.40154769634408
H           -0.88378355496746        3.26653148602766        2.56226344451128
H           -2.29332130504795        4.32617561026524        2.49263700587537
14
 energy: -13.665110825505 gnorm: 0.000884243493 xtb: 6.7.1 (edcfbbe)
C           -2.49614262416755        0.36147304908524        0.00406059416185
H           -2.03967545765903        0.80532319255624       -0.87864772815507
H           -3.57760531239586        0.42520929828081       -0.10326008271613
H           -2.21742686914457       -0.68980379978687        0.04259098266612
C           -2.04079956000901        1.08570709282222        1.26464666366810
H           -0.95387547527644        1.01550634301766        1.35123271239612
H           -2.47343731546723        0.59647445769535        2.14039801810124
C           -2.45179503032757        2.55635811937655        1.25871770373368
H           -2.04024857745248        3.04208228602136        0.37080591457526
H           -3.54074960073370        2.62395092476422        1.19651489861388
C           -1.96946720021512        3.28788000946966        2.50561238292456
H           -2.36517587939545        2.81512316941356        3.40210573736123
H           -0.88300179408206        3.27065890636553        2.56236344158249
H           -2.29557850367391        4.32544545091845        2.49272497108666
14
 energy: -13.665115581338 gnorm: 0.000951207477 xtb: 6.7.1 (edcfbbe)
C           -2.49745042887414        0.36148604082506        0.00464721741790
H           -2.05265221483708        0.81745968595621       -0.87821568912403
H           -3.58031295949352        0.41083877691605       -0.09490222777496
H           -2.20272869255591       -0.68563285067193        0.03575449160038
C           -2.04307253609625        1.08497780323969        1.26595128713983
H           -0.95652415134166        1.01302548896617        1.35384809080085
H           -2.47798490600669        0.59649388369482        2.14117265308819
C           -2.44974564488324        2.55643856369483        1.25783402178218
H           -2.03241980027539        3.04002780793237        0.37102064267840
H           -3.53806322132928        2.62839986222265        1.19134698085033
C           -1.96933004050879        3.28739877587117        2.50507633665151
H           -2.36699923709157        2.81588136151174        3.40126068987538
H           -0.88324828952955        3.26950175396901        2.56424926494681
H           -2.29444707717692        4.32509154587213        2.49082245006721
14
 energy: -13.665118558798 gnorm: 0.001145267478 xtb: 6.7.1 (edcfbbe)
C           -2.49824093623977        0.36131679762908        0.00507752451751
H           -2.05618363699301        0.81681760444312       -0.87781834715155
H           -3.58001707496102        0.40973077073802       -0.09246450949705
H           -2.20297265273679       -0.68394381864163        0.03530067481915
C           -2.04141120445210        1.08563134160913        1.26533559413248
H           -0.95467741472644        1.01494140323364        1.35043577842349
H           -2.47387903281374        0.59724229160103        2.14174802654362
C           -2.44939840053003        2.55651445801519        1.25754908867848
H           -2.03159907989457        3.04037863527608        0.37139897506305
H           -3.53739145643522        2.62750878141200        1.19034066835797
C           -1.97037889115780        3.28707939735405        2.50548495177841
H           -2.37308486735802        2.81792345911245        3.40066537813673
H           -0.88464712156658        3.26421209144313        2.56792618975087
H           -2.29109743013490        4.32603528677468        2.48888621644683
14
 energy: -13.665123429369 gnorm: 0.000609611180 xtb: 6.7.1 (edcfbbe)
C           -2.49890267459683        0.36094604606646        0.00556897714264
H           -2.06038426582533        0.81838748114264       -0.87866155641590
H           -3.58163721945877        0.40740613248203       -0.08791291874630
H           -2.20098164313507       -0.68415621279034        0.03432370738695
C           -2.03963599817600        1.08620678591985        1.26463727107828
H           -0.95251907764148        1.01634058144329        1.34712444380497
H           -2.46984061255374        0.59803792062930        2.14223028392470
C           -2.44897496111004        2.55695949375250        1.25684566170285
H           -2.03067812338433        3.04142233374569        0.37150527933985
H           -3.53698037375859        2.62682101926663        1.18885102611064
C           -1.97140399073465        3.28696249994059        2.50608059661826
H           -2.38100899287964        2.82087006900186        3.39971879641651
H           -0.88596694849642        3.25744756633930        2.57291302213231
H           -2.28606431824909        4.32773678306019        2.48664161950422
14
 energy: -13.665126647180 gnorm: 0.000291762557 xtb: 6.7.1 (edcfbbe)
C           -2.49988077675537        0.36058027162905        0.00602081687234
H           -2.06709340715606        0.81985785058484       -0.88044937673521
H           -3.58363306025484        0.40352245573124       -0.08215580666268
H           -2.19849329997080       -0.68412137315197        0.03307383681107
C           -2.03706731019797        1.08676779597615        1.26319245400173
H           -0.94950980419166        1.01802774513429        1.34215032845374
H           -2.46367344072759        0.59849609785609        2.14250046672339
C           -2.44803069598554        2.55725001610410        1.25625280354383
H           -2.02916959982726        3.04316358753535        0.37196853581710
H           -3.53621643579260        2.62603287716756        1.18695911642973
C           -1.97295786624654        3.28663974926374        2.50701970443421
H           -2.39213999331289        2.82637576332749        3.39930867261472
H           -0.88806293917057        3.24879595397727        2.58123715256290
H           -2.27905057041028        4.32999970886478        2.48278750513312
14
 energy: -13.665127228630 gnorm: 0.000132229989 xtb: 6.7.1 (edcfbbe)
C           -2.50047671149768        0.36040756705712        0.00633941916638
H           -2.07049646547329        0.82025034947923       -0.88115846936360
H           -3.58442331608845        0.40170168573181       -0.07940239527885
H           -2.19772939675766       -0.68394981498279        0.03256932425764
C           -2.03580828828376        1.08705821188555        1.26241646999433
H           -0.94808825771229        1.01860601953974        1.33962254553166
H           -2.46076870999237        0.59869123447298        2.14252868157573
C           -2.44720665485295        2.55741388374096        1.25604177056238
H           -2.02797613047986        3.04401149800024        0.37221720837730
H           -3.53538516271756        2.62586451854589        1.18585356081171
C           -1.97372950181694        3.28650849960584        2.50744268190299
H           -2.39704687394027        2.82847275035558        3.39899648714425
H           -0.88919834757884        3.24553763273293        2.58511880104910
H           -2.27664538280806        4.33081446383490        2.48128012426897
