14
 energy: -13.652119227639 gnorm: 0.016279789259 xtb: 6.7.1 (edcfbbe)
C           -1.09209717000000        0.80650867000000        0.03368795000000
H           -0.10838007000000        0.46017438000000        0.35428754000000
H           -0.94566568000000        1.69991474000000       -0.57730679000000
H           -1.52108283000000        0.03534678000000       -0.60990395000000
C           -2.00023900000000        1.09707300000000        1.22694500000000
H           -1.47352787000000        0.85321296000000        2.15497180000000
H           -2.87175183000000        0.43570658000000        1.19250284000000
C           -2.47573600000000        2.54906500000000        1.28786500000000
H           -2.14216000000000        3.07351700000000        0.38686300000000
H           -3.56979700000000        2.56933900000000        1.26055900000000
C           -1.98256300000000        3.29668400000000        2.52514300000000
H           -1.10598595000000        2.80906307000000        2.95731270000000
H           -1.70558105000000        4.32492782000000        2.28760183000000
H           -2.75332655000000        3.33156740000000        3.29821342000000
14
 energy: -13.652740256063 gnorm: 0.007286809010 xtb: 6.7.1 (edcfbbe)
C           -1.08539566165775        0.79055824995843        0.02890761292020
H           -0.10859927071509        0.44191626417938        0.35772808773543
H           -0.92522818593668        1.67644830740011       -0.58266771122356
H           -1.50906273683936        0.02301528737267       -0.61612901718250
C           -2.00637337466304        1.09483997499892        1.21731286311678
H           -1.48590031076097        0.84273680233191        2.14382806223626
H           -2.87560784384723        0.43499355731992        1.17199939695574
C           -2.48025340824578        2.55645329063193        1.29447024934754
H           -2.14666259076943        3.09067788961556        0.40213927794284
H           -3.57216110022076        2.58715659570998        1.27589225708088
C           -1.98495883306205        3.30697073268862        2.53276667745658
H           -1.08448147688815        2.84403970787145        2.93499417539627
H           -1.74572164656639        4.34270266711726        2.29683221743477
H           -2.73748755982732        3.30959107280387        3.32066819078278
14
 energy: -13.653333631818 gnorm: 0.006656712891 xtb: 6.7.1 (edcfbbe)
C           -1.08062504656172        0.78334468574263        0.03196552049443
H           -0.11290896932700        0.43122411161114        0.37573309115858
H           -0.90776452941643        1.66565073669963       -0.57623205448718
H           -1.49963724653992        0.01927847322903       -0.61456065692115
C           -2.01896072661197        1.09138599557360        1.21412247949216
H           -1.51210081810658        0.83246529560074        2.14377291977557
H           -2.89168658899602        0.44171686334057        1.14703239566903
C           -2.48176849555853        2.56382691449907        1.29176408621520
H           -2.13916790919735        3.09697586655247        0.40491070391770
H           -3.57130110156683        2.60493795559161        1.28014154225841
C           -1.98014020699437        3.30949802466277        2.53521678169139
H           -1.03543747649863        2.89032821381192        2.88603180582737
H           -1.81382876373008        4.36337580560406        2.30869726967920
H           -2.70256612089456        3.24809145748076        3.35014645522929
14
 energy: -13.653881771039 gnorm: 0.022498676562 xtb: 6.7.1 (edcfbbe)
C           -1.07551950666868        0.77866159909121        0.04461487842762
H           -0.11836114031551        0.42642804207876        0.41246512880335
H           -0.89081050976626        1.66051734244678       -0.55665215385192
H           -1.48474532565387        0.01653244885723       -0.60627633312747
C           -2.04244988984892        1.08686185029622        1.21245172598135
H           -1.56185884593247        0.81759099542164        2.15089514867090
H           -2.92326342287714        0.45549513576461        1.10940578987054
C           -2.48238760731420        2.57265060693001        1.28353018249604
H           -2.11895386498968        3.09650054544947        0.40217324796766
H           -3.56909680858507        2.63534309084883        1.27617940383426
C           -1.96772240514551        3.30735557766999        2.53129534512377
H           -0.95081188892159        2.96581323766797        2.79172653938003
H           -1.92976292626489        4.39183406070705        2.33349818078038
H           -2.63214985771618        3.13051586677028        3.39343525564350
14
 energy: -13.654441983153 gnorm: 0.015078765471 xtb: 6.7.1 (edcfbbe)
C           -1.07642747455091        0.78353630036669        0.04947589919285
H           -0.11741347005000        0.43750137388731        0.41977416602372
H           -0.89767712322757        1.66658626292207       -0.55329939399214
H           -1.48133510289807        0.01643502038172       -0.60008480854404
C           -2.04606437175996        1.08725388976916        1.21429491300057
H           -1.56959440435250        0.81831825033307        2.15507507303580
H           -2.92774914210357        0.45820716418439        1.10683528839547
C           -2.48263814833778        2.57133484065718        1.28064857412695
H           -2.11573710159801        3.08967243020671        0.39701793938555
H           -3.56954106075147        2.63797218285215        1.27277075627241
C           -1.96365854162583        3.30224319324201        2.52632693508622
H           -0.95088851727844        2.97265685475069        2.78033448828419
H           -1.93549058707792        4.38157282514115        2.34145567982825
H           -2.61367895438795        3.11880981130575        3.38811682990420
14
 energy: -13.655454693121 gnorm: 0.011471027132 xtb: 6.7.1 (edcfbbe)
C           -1.07419045795522        0.78740709758016        0.07082249039923
H           -0.11496821814935        0.45965513338041        0.46297725503100
H           -0.90084851821675        1.66779195127302       -0.54146658159996
H           -1.45821763853328        0.00300792259168       -0.57609960748059
C           -2.06788835913248        1.09340064535135        1.21049429009503
H           -1.62110850405187        0.81353130114229        2.16435247815315
H           -2.95716065212458        0.47899557113643        1.07705268545862
C           -2.48287351180984        2.57725242505994        1.27191812109364
H           -2.10898415661332        3.08824383149339        0.38574831507694
H           -3.56977528749282        2.66202871970547        1.26559616998741
C           -1.94717940200951        3.28994058461938        2.51298235721306
H           -0.89965595005029        3.03291592091508        2.68810104091823
H           -2.02002432883768        4.37475755356388        2.38367529723375
H           -2.52501901502296        3.01317174218758        3.40258802842049
14
 energy: -13.656198458036 gnorm: 0.009932841764 xtb: 6.7.1 (edcfbbe)
C           -1.07044727844446        0.78887400125677        0.09242461821861
H           -0.10620983075996        0.49295969467965        0.50578092646083
H           -0.90725445519754        1.65815272916828       -0.54388481491186
H           -1.42227652401038       -0.02370121536189       -0.54557628008215
C           -2.08910643138440        1.10356605671904        1.19831243635859
H           -1.67459347925311        0.80582042283077        2.16542461368797
H           -2.98418067869729        0.49835302602480        1.04348920251485
C           -2.48499042532079        2.58414394905534        1.26922433669722
H           -2.12362095745596        3.10118318540930        0.37852720210101
H           -3.57333755693808        2.67987062898319        1.26856226293117
C           -1.93048312657748        3.28020728320688        2.50288601128747
H           -0.86179008191088        3.08214520781503        2.60822858522805
H           -2.07791082255718        4.35985122588267        2.42900634121774
H           -2.44169235149242        2.93067420433028        3.40633689829052
14
 energy: -13.656734378016 gnorm: 0.013573131914 xtb: 6.7.1 (edcfbbe)
C           -1.06447704405785        0.79257392423689        0.11155129258930
H           -0.09553256727228        0.53817934636507        0.54665664367450
H           -0.91670474724038        1.64735407323144       -0.55035265220253
H           -1.37856594917884       -0.05046503659907       -0.51099802120096
C           -2.11180930665319        1.10729164087802        1.18541892232776
H           -1.73087224913866        0.78937414540380        2.16317315686560
H           -3.01112543221135        0.51153544203056        0.99933344842316
C           -2.49176396093810        2.58890974103588        1.26792954979474
H           -2.14505113587402        3.11000798863823        0.37099154842069
H           -3.58124043339629        2.69366447516458        1.28369591395320
C           -1.91154686680792        3.27377112816526        2.49443699279025
H           -0.83215739915178        3.12327061239206        2.54530352383075
H           -2.11433430622966        4.34490751538546        2.46537618434882
H           -2.36271260184962        2.87172540367195        3.40622583638473
14
 energy: -13.657541812956 gnorm: 0.018863678003 xtb: 6.7.1 (edcfbbe)
C           -1.05246907007087        0.80049526352685        0.13818190567490
H           -0.07859514973818        0.61944404457225        0.60761225722885
H           -0.93419319323414        1.62943360059342       -0.56460878011920
H           -1.30482076622708       -0.09087397419120       -0.45130288767221
C           -2.14547660420839        1.10907646619175        1.16351835152579
H           -1.81845957776545        0.75680894106182        2.15288361715048
H           -3.04806721059428        0.53068439967286        0.92044545259112
C           -2.50638663828272        2.59340046510859        1.26985581925848
H           -2.18978923607678        3.11961847816274        0.36166331885440
H           -3.59608657889947        2.70478518840966        1.32354800656142
C           -1.88203534382033        3.26723242020335        2.48285697661514
H           -0.80116243027689        3.17135352435316        2.46638286345624
H           -2.13884872619819        4.31838671920303        2.50988142139371
H           -2.25150347460713        2.81225486313188        3.39782401748086
14
 energy: -13.657498849860 gnorm: 0.035577898086 xtb: 6.7.1 (edcfbbe)
C           -1.03399282268661        0.81019963536621        0.17740740860400
H           -0.06490045607851        0.72286956300588        0.69778839721433
H           -0.94644588008627        1.60146501802000       -0.57453135541172
H           -1.20592424068902       -0.13699349326560       -0.36369480435496
C           -2.19592301144030        1.10728758402036        1.13495891717237
H           -1.95188566427450        0.70483711354298        2.13777670698549
H           -3.10243435668618        0.56360519699663        0.79683455530059
C           -2.52646017774995        2.60087903923813        1.26942001513961
H           -2.24317202627663        3.12772768161100        0.34857704074733
H           -3.61344217708847        2.72425234466502        1.38111854102733
C           -1.83903536683795        3.25936791295845        2.46481112621798
H           -0.73697966798336        3.26472580475054        2.33158099615949
H           -2.20946457133089        4.29433590217521        2.58023946631146
H           -2.07783358079124        2.69754109691540        3.39645532888667
14
 energy: -13.659191749277 gnorm: 0.016540567048 xtb: 6.7.1 (edcfbbe)
C           -1.02855869226038        0.81337387795768        0.17810832672072
H           -0.08406427661591        0.73353621062222        0.69197488994172
H           -0.93415089011392        1.58643792146785       -0.57350169000318
H           -1.20196766964604       -0.11612646585185       -0.33392013393718
C           -2.19281396806687        1.09711911573882        1.13119905533815
H           -1.96304554306181        0.68389624278302        2.11437209589205
H           -3.08542535984357        0.57107820367300        0.76367106025521
C           -2.53185495547371        2.59539243936965        1.27543193503832
H           -2.26407211266782        3.12038818252647        0.35496856446653
H           -3.61151895004084        2.70146656787528        1.41741391549024
C           -1.83549157307953        3.26684854337057        2.46385939407783
H           -0.75670914966326        3.26344712721447        2.34544518048164
H           -2.18075630153890        4.29718720424318        2.57695953907119
H           -2.07746455792732        2.72805522900986        3.37276020716671
14
 energy: -13.659928472037 gnorm: 0.028051228311 xtb: 6.7.1 (edcfbbe)
C           -1.02348911856372        0.82402762871781        0.19423842402493
H           -0.07507502278219        0.83922213433674        0.75970293137313
H           -0.96715323436386        1.56834796876810       -0.60312279434667
H           -1.11968390423675       -0.17208122808680       -0.27370029953954
C           -2.22083728852887        1.10724236388926        1.10837535131280
H           -2.02820833016998        0.67646245318661        2.09165264211767
H           -3.10026275430971        0.59563148617602        0.70870084211557
C           -2.55360971780413        2.59894837257468        1.27896128494451
H           -2.31153881711362        3.13174077655385        0.35667839979703
H           -3.62841016046710        2.70466149832825        1.44976035338569
C           -1.81677130915862        3.24984028778948        2.45477628915953
H           -0.75079529642848        3.25276737139631        2.29312578162877
H           -2.14499397367367        4.25543702405610        2.58981419262487
H           -2.00706507239915        2.70985226231385        3.36977894140166
14
 energy: -13.661102978710 gnorm: 0.018303921516 xtb: 6.7.1 (edcfbbe)
C           -1.01231107445975        0.83234379579983        0.21950242231703
H           -0.07896832550836        0.88951545549420        0.79808058322824
H           -0.96383152166717        1.55162804076704       -0.60011532903602
H           -1.07450944724547       -0.17599047138088       -0.21728521882562
C           -2.24250370894084        1.10416449341455        1.09539708245343
H           -2.10354117833824        0.63699068557916        2.08101537023485
H           -3.11884610652714        0.62087533264678        0.63171925038647
C           -2.56239279488137        2.59678017473755        1.28425688757086
H           -2.34917607827158        3.13275543586320        0.35572037529687
H           -3.63248113063275        2.69979432689959        1.49070746850949
C           -1.79295642678837        3.24584646649886        2.44072960049648
H           -0.72356718937263        3.30132858266773        2.22218545052137
H           -2.17447517189076        4.24515019992730        2.62226128037059
H           -1.91833384547542        2.66091788108534        3.35456711647588
14
 energy: -13.661872424543 gnorm: 0.009905817541 xtb: 6.7.1 (edcfbbe)
C           -1.00824938892428        0.83883457513867        0.23849469475299
H           -0.09407083512008        0.92173519889690        0.82084136812728
H           -0.95524660614401        1.53857932182302       -0.59090139033024
H           -1.05013478703580       -0.16562962432095       -0.17613531498469
C           -2.25475977671272        1.10474931628112        1.08669798626950
H           -2.14167580563955        0.62416219113334        2.06228052846781
H           -3.11631716785595        0.64019373840602        0.59684756303502
C           -2.56949694528227        2.59303041097247        1.28776578000948
H           -2.37876100002362        3.13452359806877        0.35856664956950
H           -3.63358223715326        2.69207578313569        1.51551086705067
C           -1.77944929263190        3.23740552228985        2.42715676696834
H           -0.71709420798108        3.31307588565357        2.17968150375947
H           -2.17573808795179        4.23555868323074        2.63526799699032
H           -1.87331786154351        2.63380579929111        3.33666734031447
14
 energy: -13.662932730999 gnorm: 0.012910352775 xtb: 6.7.1 (edcfbbe)
C           -0.99763834833834        0.85945368766939        0.27736313270300
H           -0.10872063274463        1.04129314511902        0.88877800785823
H           -0.96546674976247        1.51240150260626       -0.59468199320368
H           -0.96324577728370       -0.17717752005792       -0.07430042255450
C           -2.29057722178410        1.10152006797938        1.06229040064430
H           -2.24633857703665        0.57739476594238        2.02681199763637
H           -3.12787557373966        0.67400474734318        0.48794468971471
C           -2.59084430306621        2.58355230673762        1.30167647855836
H           -2.45109074438187        3.13561665714559        0.36729527030234
H           -3.64477509964936        2.67758633950318        1.58421813613093
C           -1.74266638196658        3.21975479118764        2.40244131718496
H           -0.69915187522810        3.33123639251949        2.09601166628302
H           -2.15016705771022        4.20398409902453        2.65313160903556
H           -1.76933565730791        2.60147941728059        3.29976204970631
14
 energy: -13.663394762872 gnorm: 0.018369047088 xtb: 6.7.1 (edcfbbe)
C           -0.99579283979098        0.87921835542545        0.30206157093177
H           -0.13461390265222        1.11429942828483        0.92362553624734
H           -0.96006973326182        1.50268373190893       -0.58867865701024
H           -0.91804639438216       -0.16227161287055       -0.01124334879572
C           -2.30632387469249        1.10148166506886        1.05043137522775
H           -2.28973956991011        0.56114874049275        1.99925068710304
H           -3.11409878040114        0.68852224917900        0.43994701103977
C           -2.61083260136910        2.57232067590065        1.31347868456662
H           -2.50249884962506        3.13375573097192        0.38150048157152
H           -3.65568667425539        2.65886049077644        1.62139723179636
C           -1.72911546241153        3.20193801364272        2.38309826132315
H           -0.70454798371384        3.29764255397681        2.05537290455660
H           -2.08498764101721        4.18177534504353        2.62876033663182
H           -1.74153969251672        2.61072503219904        3.27974026481010
14
 energy: -13.663581269437 gnorm: 0.019476709577 xtb: 6.7.1 (edcfbbe)
C           -0.98779799421982        0.88906958647047        0.32868388050930
H           -0.15104442276852        1.17873012750050        0.97907418372264
H           -0.94951988155501        1.47934360365813       -0.58978736581771
H           -0.86239381809762       -0.17024397566115        0.05781208421731
C           -2.33019709865563        1.10834572665051        1.02835670824916
H           -2.34615308072503        0.55288024214381        1.96408258561197
H           -3.11563282219338        0.71117997323401        0.39100687012484
C           -2.63331274416176        2.57641247303702        1.31166886949005
H           -2.55813532887447        3.14294032013346        0.37626526637988
H           -3.67099349544444        2.65588715702027        1.66231592493220
C           -1.70942102703137        3.19052370616144        2.36280693332638
H           -0.70080174624082        3.29599711398772        1.97903584915897
H           -2.07074248893937        4.16574946910645        2.65929322350789
H           -1.66174805109253        2.56528487655775        3.26812732658700
14
 energy: -13.663946578920 gnorm: 0.006872852840 xtb: 6.7.1 (edcfbbe)
C           -0.98789163626851        0.88826805022923        0.32666686566000
H           -0.15251465388445        1.15210573395284        0.96677994397556
H           -0.93838524994105        1.49154534609279       -0.57387700321768
H           -0.88130781949241       -0.15327627879277        0.04051280547662
C           -2.32404676726173        1.10318256087423        1.03273843428239
H           -2.33901069370696        0.54042624769505        1.97173006405610
H           -3.11648625989785        0.70478065608316        0.39351377543779
C           -2.62870749568245        2.57337640446119        1.31626579834763
H           -2.55184220750579        3.13919366522820        0.38224114720688
H           -3.66599211953984        2.65074643721503        1.66236842174294
C           -1.70958391773185        3.19462241426478        2.36415464241673
H           -0.69270619337618        3.30586262134187        1.98211197263861
H           -2.08316216998555        4.17701857228593        2.65333002562759
H           -1.67625681572517        2.57424796906887        3.26020544634870
14
 energy: -13.663974479089 gnorm: 0.009275453054 xtb: 6.7.1 (edcfbbe)
C           -0.99069084071703        0.89121620555691        0.32873980852458
H           -0.15916062895691        1.17296692961076        0.97112607759032
H           -0.94541397719104        1.48572096378650       -0.58351292591123
H           -0.87267924600712       -0.15991017012611        0.05942246619413
C           -2.32534673645609        1.10252065162177        1.02974666761981
H           -2.34021710072836        0.53851321012557        1.96268473798280
H           -3.11465683362134        0.70790235204216        0.38864260053954
C           -2.62776100635211        2.57238533803112        1.31924456451734
H           -2.55466511809445        3.14291166031715        0.39052975238279
H           -3.66072944814618        2.64878677422650        1.66769160263767
C           -1.70622422014303        3.19153140896798        2.36118938389697
H           -0.69848877259061        3.29501049840235        1.98411004571333
H           -2.07080570671846        4.17935447435174        2.65018452694060
H           -1.68105436427705        2.57319010308598        3.24894303137121
14
 energy: -13.664045541791 gnorm: 0.008015544526 xtb: 6.7.1 (edcfbbe)
C           -0.98580132162330        0.89949223693166        0.34054383406625
H           -0.16573779467915        1.19778371848856        0.99087074623947
H           -0.93433692209424        1.48512125843193       -0.57566352214361
H           -0.85037532671611       -0.15074564760921        0.08122402975884
C           -2.33551397945156        1.10170024139546        1.02324604157759
H           -2.36556527924121        0.52932820786437        1.95311503909892
H           -3.11876371434848        0.71410714071015        0.36416138657302
C           -2.64047965564980        2.56899688991578        1.32355060440318
H           -2.58194996692426        3.14327835145692        0.39524998875309
H           -3.66880695762162        2.64124580557173        1.68797637969821
C           -1.70025275877378        3.18570959046083        2.35354819782310
H           -0.69455725191275        3.29080308211756        1.95675414738081
H           -2.05029450379523        4.16661775571717        2.63616047942482
H           -1.65545856716825        2.56866176854750        3.24800498734616
14
 energy: -13.664097307961 gnorm: 0.004281727750 xtb: 6.7.1 (edcfbbe)
C           -0.98574865781116        0.89577037547552        0.33753114523722
H           -0.16574413869886        1.18319981792435        0.98881123745932
H           -0.92744734000365        1.48603749561509       -0.57300508246500
H           -0.85735177391405       -0.14970548652811        0.07201195382672
C           -2.33214648727882        1.10465766895333        1.02258581016636
H           -2.35631402423925        0.53691120068112        1.95395268129035
H           -3.11718063031278        0.71253313076322        0.37703273025816
C           -2.64024312291808        2.57231886980117        1.31942225504797
H           -2.58225201825881        3.14625471012585        0.39027001202014
H           -3.66925933618126        2.64281950914647        1.68656957196193
C           -1.70250658438021        3.18606936497167        2.35406480337187
H           -0.69563626936818        3.28609347808544        1.95714700540133
H           -2.05518890924528        4.17217187967348        2.64265238591011
H           -1.66087470738938        2.56696838531180        3.24969583051339
14
 energy: -13.664134820925 gnorm: 0.001513772731 xtb: 6.7.1 (edcfbbe)
C           -0.98636885385570        0.89852698437237        0.33785692376035
H           -0.16851498237558        1.18916752113378        0.99150814290947
H           -0.92839426837603        1.49061256563485       -0.57292345001598
H           -0.85390611025495       -0.14831537799499        0.07436225714235
C           -2.33373986941661        1.10325276067009        1.02144302982126
H           -2.35580053397745        0.53566422167523        1.95428708361405
H           -3.12025030358269        0.70818268803068        0.37506357893560
C           -2.64050611070937        2.57107905527100        1.32004224855027
H           -2.58336412947841        3.14619761777442        0.39260879327164
H           -3.66736535276406        2.64234243862569        1.68870783219089
C           -1.70191258256391        3.18476313022610        2.35297426516376
H           -0.69357054247301        3.27711036915760        1.95830094006928
H           -2.04759957957790        4.17633973388800        2.63577606229084
H           -1.66660078059410        2.56717669153559        3.24873463229608
14
 energy: -13.664151613864 gnorm: 0.001901219036 xtb: 6.7.1 (edcfbbe)
C           -0.98658333286547        0.90243363869468        0.33793137235729
H           -0.17090883593888        1.19800706855786        0.99298210721017
H           -0.92976795953783        1.49527814076787       -0.57338847100227
H           -0.84738255899085       -0.14507343743211        0.07637866501790
C           -2.33416442790269        1.10323013149251        1.02108115957568
H           -2.35490311224979        0.53474467823557        1.95465644150733
H           -3.12223080997617        0.70500417891862        0.37472718088372
C           -2.64325841298134        2.57042331303498        1.32059518540751
H           -2.58820787521423        3.14602293261877        0.39411638044073
H           -3.66753571381826        2.64132511981787        1.69264031970770
C           -1.70112585447820        3.18074333343736        2.35174848882552
H           -0.68943353142000        3.25693143317023        1.96149511256790
H           -2.03361782160617        4.18179169288451        2.62135645868300
H           -1.67877375301987        2.57123817580169        3.25242193881767
14
 energy: -13.664162241400 gnorm: 0.001164477463 xtb: 6.7.1 (edcfbbe)
C           -0.98647426403865        0.90343385585670        0.33694819674559
H           -0.17012414522672        1.19967676243848        0.99060239717015
H           -0.93104979889997        1.49542493559603       -0.57460127473453
H           -0.84642361226056       -0.14336583114193        0.07514873581537
C           -2.33361865187756        1.10272228402380        1.02094777239637
H           -2.35420118033199        0.53340416831176        1.95369374179636
H           -3.12129016610665        0.70459933369554        0.37495725757977
C           -2.64335218801141        2.56952006317768        1.32161219569357
H           -2.58967982017178        3.14538197612476        0.39499386492805
H           -3.66764202527862        2.63917174606338        1.69471482531206
C           -1.70144393403196        3.18101902923886        2.35241584207739
H           -0.68760067945448        3.24638782723667        1.96554435930064
H           -2.02742059399857        4.18617869694418        2.61358204940304
H           -1.68757294031084        2.57854555243449        3.25818237651603
14
 energy: -13.664171468548 gnorm: 0.000577716179 xtb: 6.7.1 (edcfbbe)
C           -0.98579531194200        0.90379864794180        0.33367649537119
H           -0.16729346655285        1.20037653573402        0.98408060581474
H           -0.93421594676935        1.49537392068015       -0.57803926543302
H           -0.84635615060516       -0.14252229753633        0.07128097368379
C           -2.33112933720582        1.10231994421971        1.02172549706066
H           -2.34955286086798        0.53185659577558        1.95333352751521
H           -3.11869879974776        0.70545479075901        0.37663545827098
C           -2.64351422106172        2.56834619944237        1.32374701206748
H           -2.59156333605765        3.14505591188713        0.39718126060129
H           -3.66850498248807        2.63588521160940        1.69730850457243
C           -1.70280072656614        3.18177841288938        2.35435944909066
H           -0.68466918086125        3.22700693897780        1.97602080466805
H           -2.01825065733722        4.19428066283819        2.59741227094458
H           -1.70554902193680        2.59308892478221        3.27001974577181
14
 energy: -13.664173212153 gnorm: 0.000321411170 xtb: 6.7.1 (edcfbbe)
C           -0.98596147136310        0.90389423291023        0.33228111008799
H           -0.16626467038268        1.20015806117944        0.98135971036237
H           -0.93550695356323        1.49531950634685       -0.57959449251010
H           -0.84730557351593       -0.14251443094755        0.06973479703109
C           -2.33072549937108        1.10185420225814        1.02211216750170
H           -2.34730280373876        0.53219723387999        1.95419710472677
H           -3.11906775326051        0.70409681341533        0.37836311625464
C           -2.64258151028438        2.56805781361288        1.32380864822370
H           -2.58991097224568        3.14447949462910        0.39710549265982
H           -3.66794209198876        2.63538798088403        1.69617612682426
C           -1.70365702271182        3.18241106863957        2.35553595989682
H           -0.68454433293385        3.22369688229246        1.98035615292214
H           -2.01677360593829        4.19633402502624        2.59462149232715
H           -1.71034973870170        2.59672751587370        3.27268495369152
14
 energy: -13.664174462231 gnorm: 0.000214180727 xtb: 6.7.1 (edcfbbe)
C           -0.98622133276623        0.90373103828863        0.33108369815657
H           -0.16564788578536        1.19984188641153        0.97915492996218
H           -0.93696784437222        1.49541936843881       -0.58070751849535
H           -0.84800774809877       -0.14272015058775        0.06812601445977
C           -2.33000607601943        1.10180460347933        1.02295300281687
H           -2.34459156136234        0.53308843330755        1.95566670675121
H           -3.11920339318356        0.70272458922079        0.38087379762432
C           -2.64213447225162        2.56819482859685        1.32356011421445
H           -2.58764573221400        3.14415924380592        0.39673774861579
H           -3.66796559126710        2.63620745269558        1.69432481279197
C           -1.70441461778579        3.18254109517482        2.35634596063969
H           -0.68449032242254        3.22170107438001        1.98342200149261
H           -2.01642752314618        4.19724632962120        2.59318824700499
H           -1.71416989932465        2.59816060716713        3.27401282396480
14
 energy: -13.664175451402 gnorm: 0.000131299084 xtb: 6.7.1 (edcfbbe)
C           -0.98662232320429        0.90369602786796        0.32998511458170
H           -0.16511344990785        1.19981278131430        0.97692964164733
H           -0.93882550602898        1.49570152682283       -0.58173817258092
H           -0.84869159388246       -0.14274196537474        0.06662094971661
C           -2.32929919348318        1.10170341693176        1.02398262239905
H           -2.34179141753174        0.53432664741739        1.95760590780184
H           -3.11950798543506        0.70118474373361        0.38392314232446
C           -2.64153226386500        2.56838144592050        1.32289756939026
H           -2.58488913787764        3.14368870110373        0.39581676079050
H           -3.66794383469541        2.63738651260772        1.69170378607551
C           -1.70516527903314        3.18238669452123        2.35716332152052
H           -0.68440463755498        3.22001460939500        1.98618030867545
H           -2.01651893493629        4.19780375291538        2.59233707667769
H           -1.71758844256377        2.59875550482373        3.27533431097988
