14
 energy: -13.657520885837 gnorm: 0.016068901858 xtb: 6.7.1 (edcfbbe)
C           -0.49577276000000        0.94275113000000        1.44090223000000
H           -0.18963803000000       -0.10332286000000        1.39148983000000
H           -0.19433252000000        1.33022455000000        2.41657087000000
H            0.06864028000000        1.48911690000000        0.68205292000000
C           -2.00023900000000        1.09707300000000        1.22694500000000
H           -2.53829553000000        0.51189032000000        1.97939597000000
H           -2.27733377000000        0.66956837000000        0.25813920000000
C           -2.47573600000000        2.54906500000000        1.28786500000000
H           -2.14216000000000        3.07351700000000        0.38686300000000
H           -3.56979700000000        2.56933900000000        1.26055900000000
C           -1.98256300000000        3.29668400000000        2.52514300000000
H           -1.70657778000000        4.32482237000000        2.28081576000000
H           -2.74846419000000        3.33534075000000        3.30124298000000
H           -1.10164501000000        2.81318246000000        2.95309267000000
14
 energy: -13.658134743244 gnorm: 0.008139190089 xtb: 6.7.1 (edcfbbe)
C           -0.50190403017538        0.94634442151950        1.43926503968741
H           -0.20314347715815       -0.09774660945089        1.38922323964021
H           -0.20368930222104        1.32035653061727        2.41609212702245
H            0.04764348459078        1.50620850660735        0.68310033579839
C           -2.00410030793478        1.09340060449980        1.23349914424960
H           -2.53433871915923        0.51516244307413        1.99594001838292
H           -2.27378885564752        0.67071941023061        0.26112509841886
C           -2.46599308564389        2.55174557200492        1.28022852426916
H           -2.11011706075917        3.06504775624466        0.38224158866848
H           -3.55876211469841        2.57206377909989        1.24180249246409
C           -1.98499417233255        3.29695608012481        2.52678504989759
H           -1.71831597351522        4.32478544378681        2.29113194259576
H           -2.74221258926517        3.30815414290178        3.30765072057982
H           -1.10019810608028        2.82605390873937        2.94299210832526
14
 energy: -13.658591122673 gnorm: 0.007741500849 xtb: 6.7.1 (edcfbbe)
C           -0.50773534954678        0.94668978322853        1.44117413531554
H           -0.21037841495899       -0.09413839510233        1.38165272510615
H           -0.21301321073545        1.30673264435702        2.42110486978656
H            0.02707871894832        1.52351394093557        0.69110238712109
C           -2.00966952670620        1.09114688550336        1.24073000232398
H           -2.53672980392019        0.52794835894741        2.01430782886342
H           -2.27966632994357        0.66745879750868        0.27011574811116
C           -2.45565413237970        2.55691101073199        1.27023704511902
H           -2.06267724847799        3.05719442932002        0.38108738280965
H           -3.54635856288880        2.59106649136353        1.20910541634455
C           -1.98663270768948        3.29407918474396        2.52810062495047
H           -1.75464133713779        4.33082677865224        2.30752257946789
H           -2.73430616678548        3.25606620472975        3.31582370021295
H           -1.08353023777793        2.84375587508027        2.91901298446757
14
 energy: -13.659405177204 gnorm: 0.015204122464 xtb: 6.7.1 (edcfbbe)
C           -0.52102218718039        0.94356427078206        1.44933898843815
H           -0.22157945613584       -0.09119451435577        1.36259907107018
H           -0.23533170732821        1.27339895632618        2.44001961168667
H           -0.00425529267127        1.55394707224764        0.71738240844080
C           -2.02357268165222        1.08804371418035        1.25276899107871
H           -2.55126880654100        0.55836454061887        2.04669324865413
H           -2.29899886435669        0.65414459137625        0.29018155339764
C           -2.43172788854494        2.56901754072373        1.24786136246749
H           -1.96505839477845        3.04606874821909        0.37909280954784
H           -3.51736514853590        2.64014047789725        1.13694334784116
C           -1.98847841990047        3.28703659099055        2.52832199835015
H           -1.86378242733566        4.35532637705240        2.34918310428854
H           -2.70574904054174        3.12262917615544        3.34077314855530
H           -1.02572399449727        2.89876444778597        2.84991778618328
14
 energy: -13.659902332385 gnorm: 0.021962094061 xtb: 6.7.1 (edcfbbe)
C           -0.53115909119111        0.93773106147727        1.46003893785436
H           -0.22422597108254       -0.09241736774946        1.34245134274085
H           -0.25630921630357        1.24018657110024        2.46421982693904
H           -0.01364543776727        1.57385898581298        0.75048671452517
C           -2.03409842797260        1.08897387204277        1.25606536516365
H           -2.56948749530810        0.58175895436481        2.05816051519140
H           -2.31565160366233        0.64365472320641        0.30111437222316
C           -2.41585304342024        2.57713453652527        1.23290463694292
H           -1.90449543140956        3.04216108548331        0.38219272624528
H           -3.49575000690347        2.68097411344814        1.08646690497039
C           -1.98784157998818        3.27898457815837        2.52498972637985
H           -1.96233785374528        4.37008765380293        2.38361168323574
H           -2.66822414206729        3.01980107442168        3.35639349926237
H           -0.97483500917854        2.95636214790529        2.79198117832587
14
 energy: -13.660830060258 gnorm: 0.013386357126 xtb: 6.7.1 (edcfbbe)
C           -0.53442566774829        0.93188960237437        1.47039286398222
H           -0.21320798676719       -0.09567124389389        1.32327496921547
H           -0.27004822145398        1.21761922149838        2.48782309973981
H            0.00685801926660        1.57812972760741        0.78326557762681
C           -2.03792730159133        1.09455161360782        1.24719510596251
H           -2.58811957627213        0.58952585909716        2.03966464452920
H           -2.32446663149403        0.63887774842530        0.29753251272879
C           -2.41270787143955        2.57878234286907        1.23055179676535
H           -1.89940939561597        3.04851298649333        0.39119978361944
H           -3.48723485760247        2.70382648718079        1.07191657327184
C           -1.98658518647851        3.27057516053087        2.52055212528579
H           -2.00345927792934        4.35965629752628        2.40094910574748
H           -2.63980267355986        2.99653120478571        3.34927682609659
H           -0.96337768131403        2.98644498189742        2.77748244542877
14
 energy: -13.661369048088 gnorm: 0.015716746148 xtb: 6.7.1 (edcfbbe)
C           -0.54219011023051        0.92139835665960        1.48587794049736
H           -0.22082345543484       -0.10431464102641        1.31404557429525
H           -0.29453180063334        1.18236888885067        2.51685855482952
H            0.02997173887494        1.57489183762815        0.82597253978537
C           -2.03989013707314        1.10471267271968        1.23528444235422
H           -2.60962112018197        0.59931956341567        2.01588909082853
H           -2.31985070200524        0.64495066409408        0.28466266706374
C           -2.40009985409442        2.58876663454405        1.22087910495669
H           -1.88304359112653        3.06474355454708        0.38985069400310
H           -3.46978987422933        2.72323835309268        1.05503336168685
C           -1.98702795063502        3.26982422843359        2.51661568635927
H           -2.06931950803966        4.36117164636414        2.43149340500189
H           -2.60480098832597        2.93330582170671        3.35585894067896
H           -0.94289695686512        3.03487440897035        2.74275542765932
14
 energy: -13.662011282531 gnorm: 0.012781271254 xtb: 6.7.1 (edcfbbe)
C           -0.54988054022757        0.90665339482226        1.50645587679013
H           -0.24189172497778       -0.11994153270383        1.32203437417844
H           -0.32472851424110        1.14606965661360        2.54694427176321
H            0.06819368821738        1.55186672852236        0.87410460150607
C           -2.03456994188089        1.12139407154505        1.21269297255362
H           -2.63458947577973        0.59851579114698        1.96521755966101
H           -2.29040705017858        0.67306259119981        0.24803928933874
C           -2.38852369130253        2.60219418473838        1.21369498294839
H           -1.87882090079154        3.09648793885497        0.38542814296964
H           -3.45735191357127        2.73044563057081        1.05058243301132
C           -1.98827114266386        3.27211479722460        2.51753502656201
H           -2.12168851364069        4.34982432839463        2.46514654904331
H           -2.57145805849592        2.88850366423916        3.35670987057697
H           -0.93992653046613        3.08206074483128        2.72649147909725
14
 energy: -13.662369006707 gnorm: 0.022484525848 xtb: 6.7.1 (edcfbbe)
C           -0.56189575170706        0.88803647008657        1.53296829420941
H           -0.27487553926419       -0.14065918029060        1.33226322912358
H           -0.36921379274313        1.09712527481201        2.58550397476283
H            0.09082989828452        1.53376580357616        0.93326542014554
C           -2.03010194573456        1.13517887357360        1.19010854563301
H           -2.66342366156098        0.60224929976171        1.91350808072929
H           -2.25522761133550        0.70982558250184        0.20549210384262
C           -2.37171127104438        2.61716392954722        1.20420287667628
H           -1.84877917726950        3.12426692803425        0.38557481237801
H           -3.44104551471009        2.74901437183944        1.02946282458065
C           -1.98386702530616        3.27076857913526        2.52035242909498
H           -2.23081969641747        4.34482913557589        2.51176136370661
H           -2.51309552297141        2.79754100006991        3.36239839375293
H           -0.90068769822039        3.17014592177683        2.68421508136438
14
 energy: -13.662905955188 gnorm: 0.009422164249 xtb: 6.7.1 (edcfbbe)
C           -0.56062241738392        0.88425988127404        1.53562206862751
H           -0.28991580470739       -0.15021407042542        1.35386109984593
H           -0.37715118744977        1.10271362917719        2.58196087143369
H            0.08699811168181        1.51675002074360        0.93006902120826
C           -2.02113639987874        1.13477660275326        1.18195503392156
H           -2.65901214533997        0.59130248848337        1.89065808875241
H           -2.22826926126864        0.73307698073461        0.18289265907689
C           -2.37173501010124        2.61839881427258        1.20946607128098
H           -1.85862393424490        3.13028391842880        0.38621940525932
H           -3.44654110190767        2.73777935315161        1.04352833013411
C           -1.98175338153050        3.27554770663128        2.52665640797377
H           -2.22376496562895        4.33662540505422        2.51213800120611
H           -2.51194338150537        2.81295018789046        3.35660364178747
H           -0.91044343073505        3.17500107183047        2.69944672949211
14
 energy: -13.663102938966 gnorm: 0.006462879480 xtb: 6.7.1 (edcfbbe)
C           -0.56332178855664        0.87427116077670        1.54612362491992
H           -0.30573770614595       -0.16509012945162        1.36510268092126
H           -0.40126231887993        1.08179829234880        2.59999813149845
H            0.10031314535181        1.50540781615447        0.95704692224746
C           -2.01614030737565        1.13928205860926        1.16725897320114
H           -2.67015567573650        0.59205749111784        1.85556737378543
H           -2.20630553195559        0.75755343869439        0.15790871424194
C           -2.36422323819114        2.62673551988707        1.20594411188710
H           -1.84858860537143        3.14097125901971        0.38709879874224
H           -3.43978952253214        2.74578513568443        1.03902051305638
C           -1.98196966421265        3.27911367419686        2.52939724591248
H           -2.26133769568591        4.33052120176076        2.53378084001618
H           -2.48665741270874        2.78004611889690        3.35851688591001
H           -0.90873798799991        3.21079895230450        2.68831261366012
14
 energy: -13.663214804629 gnorm: 0.005269882178 xtb: 6.7.1 (edcfbbe)
C           -0.56854492403691        0.86426623247028        1.55522197782444
H           -0.31840817938685       -0.17821195253619        1.37708675629815
H           -0.42501096197692        1.06634007119728        2.61266601017982
H            0.11279476933688        1.49011857109760        0.98287519665105
C           -2.01350620318537        1.14334193855984        1.15331985959350
H           -2.68260521715275        0.59464843276076        1.82079483417802
H           -2.18703648157605        0.77872783037157        0.13738714504332
C           -2.35720414297782        2.63447445915581        1.20257586610647
H           -1.83567115807823        3.15147883467178        0.39210888788561
H           -3.43127351207384        2.75471539140197        1.03287087226644
C           -1.98280075118662        3.27837099085179        2.53306281309359
H           -2.30823819246383        4.31831149169729        2.55611966750650
H           -2.45520850689109        2.74686538895914        3.36030024513484
H           -0.90120084835099        3.25580430934120        2.67468729823838
14
 energy: -13.663261579260 gnorm: 0.003874570610 xtb: 6.7.1 (edcfbbe)
C           -0.57137025695353        0.86166098602595        1.55737369950337
H           -0.32075960605036       -0.18170006128942        1.37996797744342
H           -0.43138534097644        1.06449774093674        2.61568164761266
H            0.11590937025141        1.48511377876073        0.99009049039648
C           -2.01382003143233        1.14475194762847        1.14933073409195
H           -2.68794474740216        0.59829408669496        1.81026131186096
H           -2.18235351606794        0.78325376079964        0.13374581185220
C           -2.35388984073568        2.63751264365084        1.20009261984733
H           -1.82385195977073        3.15447386092769        0.39627775371623
H           -3.42608718261999        2.76167092700385        1.02355652055583
C           -1.98460204377630        3.27673916335517        2.53418065694450
H           -2.31948124071038        4.31159959598750        2.56686577397189
H           -2.44667785431094        2.73619345292284        3.35907457901421
H           -0.90760005944503        3.26519010659516        2.67457785318909
14
 energy: -13.663286946193 gnorm: 0.002905657411 xtb: 6.7.1 (edcfbbe)
C           -0.57527752736882        0.85892236737508        1.56155832656621
H           -0.32637054613814       -0.18481429501641        1.38403759708699
H           -0.43764229250723        1.06204128029436        2.61982977389477
H            0.11728923235969        1.47863047154205        0.99725835486838
C           -2.01366287256972        1.14741707226158        1.14505791703375
H           -2.69492010579458        0.60071035302682        1.79993127957575
H           -2.17549318809051        0.78870122878740        0.12655062912755
C           -2.34937959690104        2.64018767342417        1.19832259854394
H           -1.81272817827777        3.15938289406424        0.40046438166565
H           -3.41957402202980        2.76740923037959        1.01409315935438
C           -1.98595700875617        3.27459151516921        2.53589123771661
H           -2.33619640861182        4.30355983991629        2.57754307611350
H           -2.43621895472457        2.72125059655487        3.35838703327457
H           -0.90778284058993        3.28126176222088        2.67215206517810
14
 energy: -13.663300643774 gnorm: 0.002372678491 xtb: 6.7.1 (edcfbbe)
C           -0.57819095025530        0.85774577671877        1.56321649213634
H           -0.33166881797806       -0.18638494324443        1.38829843771553
H           -0.44142700750626        1.06314386954969        2.62123615797289
H            0.11712742461332        1.47440453517346        0.99851422068593
C           -2.01348296127877        1.15007996731859        1.14277771157800
H           -2.69778797863295        0.60446964017903        1.79638646354465
H           -2.17352044621991        0.78986175428295        0.12394871372758
C           -2.34481109403999        2.64235197664563        1.19618750324401
H           -1.80229093896710        3.16219725721030        0.40291791033823
H           -3.41269961455744        2.77343685417453        1.00475820210450
C           -1.98716459275390        3.27173554467407        2.53745614915463
H           -2.34886392417609        4.29647489655099        2.58644063843752
H           -2.42990465753026        2.70922415116989        3.35674387733381
H           -0.90922875071772        3.29051070959666        2.67219495202654
14
 energy: -13.663307542518 gnorm: 0.002468778899 xtb: 6.7.1 (edcfbbe)
C           -0.57925942965410        0.85787636348740        1.56290202851546
H           -0.33563885131329       -0.18733311938270        1.39369097938754
H           -0.44130858081727        1.06894864968837        2.61940045477211
H            0.11651858536255        1.47064530524163        0.99409695153096
C           -2.01372678231684        1.15181538229110        1.14232976468987
H           -2.69841131462608        0.60873207290341        1.79835517638701
H           -2.17629086288422        0.78844178001371        0.12459646994382
C           -2.34131656249329        2.64398969622454        1.19426484190135
H           -1.79301456815734        3.16315496846906        0.40432327000462
H           -3.40733056443532        2.77914811554278        0.99686945314412
C           -1.98875803491103        3.26948032732228        2.53872300259638
H           -2.35673523076866        4.29036839517696        2.59249590388643
H           -2.42752043255898        2.69890044224735        3.35519639346386
H           -0.91112168042656        3.29508361077422        2.67383273977663
14
 energy: -13.663312380102 gnorm: 0.002700201034 xtb: 6.7.1 (edcfbbe)
C           -0.57892133490888        0.85855713799791        1.56158277463447
H           -0.33823899163952       -0.18839180451105        1.39942876415522
H           -0.43972881476274        1.07643052501413        2.61661216533607
H            0.11655375714101        1.46693175239436        0.98723219082898
C           -2.01432722037792        1.15199295116017        1.14245763750273
H           -2.69819020200607        0.61116617936419        1.80180652006243
H           -2.18019052734230        0.78683373309392        0.12547087110485
C           -2.33896932226987        2.64493097340650        1.19302649575089
H           -1.78792882894784        3.16312244171398        0.40440049634209
H           -3.40419653583592        2.78222915979143        0.99375275966595
C           -1.98865362967187        3.26821054505587        2.53929151752669
H           -2.36231746413454        4.28827390865225        2.59712161383181
H           -2.42698088782725        2.69332592455305        3.35227693694278
H           -0.91182430741672        3.29563856231341        2.67661668631520
14
 energy: -13.663316695263 gnorm: 0.002607605135 xtb: 6.7.1 (edcfbbe)
C           -0.57656023524935        0.86070610808435        1.55780259452474
H           -0.33701363671531       -0.18820723734194        1.40417849218460
H           -0.43218250031898        1.08801926534656        2.61024168024189
H            0.11508469731200        1.46412721203443        0.97409739999989
C           -2.01522394000915        1.15070459040106        1.14552921026235
H           -2.69442312946436        0.61194488514148        1.81058931769996
H           -2.18664317487605        0.78269467726121        0.13078192217390
C           -2.34076092882580        2.64411830511859        1.19374425243460
H           -1.79072560339821        3.16010419414040        0.40368743041773
H           -3.40629582690853        2.78093205349764        0.99639391563122
C           -1.98910862746036        3.26857810107000        2.53905799564286
H           -2.35787450636762        4.28849914024324        2.59411666877431
H           -2.43069395027637        2.69645482865539        3.35176461291192
H           -0.91149294744234        3.29057586634771        2.67909193710020
14
 energy: -13.663318517542 gnorm: 0.002746149645 xtb: 6.7.1 (edcfbbe)
C           -0.57638274292028        0.86026655533991        1.55763723344589
H           -0.33765442195019       -0.18961028180871        1.40813023699792
H           -0.42899359783204        1.09216070366944        2.60837456411572
H            0.11528866765380        1.45954372486438        0.97020234387090
C           -2.01533738809816        1.15098217126377        1.14597718379126
H           -2.69462945114423        0.61238552776958        1.81086568208821
H           -2.18632643460870        0.78295144258450        0.13148508529036
C           -2.34133122619191        2.64469221802753        1.19356892151237
H           -1.79077400039266        3.16070475082295        0.40352555422584
H           -3.40742059318645        2.78106298181015        0.99602730366333
C           -1.98960284606564        3.26933585953418        2.53885555307117
H           -2.36037841398261        4.28918819460452        2.59645430420736
H           -2.42884423584610        2.69352199915657        3.35271962726960
H           -0.91152762543525        3.29206614236133        2.67725383645024
14
 energy: -13.663321212544 gnorm: 0.002362874592 xtb: 6.7.1 (edcfbbe)
C           -0.57653618127905        0.86042863275454        1.55753101930090
H           -0.33857597057832       -0.18981241234594        1.40928149114813
H           -0.42711659339102        1.09366004933516        2.60820039668577
H            0.11562177519384        1.45836667393771        0.96837195457424
C           -2.01520539865871        1.15079855425264        1.14603866612686
H           -2.69482834536416        0.61123291647359        1.81019223089150
H           -2.18524110502043        0.78321243563371        0.13109203875183
C           -2.34192754540836        2.64405022566017        1.19431863042743
H           -1.79272050402363        3.16098944079339        0.40381158660891
H           -3.40830597911231        2.77922984657319        0.99736233328436
C           -1.98952197754946        3.26950531177513        2.53893254666045
H           -2.35956563009428        4.28971322326887        2.59616794901706
H           -2.42853351406697        2.69574153800255        3.35306949759522
H           -0.91145734064757        3.29213555388540        2.67670708892750
14
 energy: -13.663322628654 gnorm: 0.002344672330 xtb: 6.7.1 (edcfbbe)
C           -0.57606101565098        0.86065043755964        1.55656348109087
H           -0.33961004746776       -0.19048131548843        1.41256434207148
H           -0.42378246434191        1.09881839151736        2.60583277464999
H            0.11498334564302        1.45525415009560        0.96284252994166
C           -2.01483955728829        1.15049382751432        1.14686431036600
H           -2.69343055286867        0.61064991945330        1.81152545586763
H           -2.18551413228993        0.78265499577785        0.13221287027995
C           -2.34282746781992        2.64334694957031        1.19526482936492
H           -1.79597031402434        3.16061819393368        0.40375548790543
H           -3.40935900281555        2.77729525116737        0.99998241991009
C           -1.98929591269629        3.26973779722818        2.53897865383563
H           -2.35989343301548        4.28994859078954        2.59532980694702
H           -2.42715073898082        2.69686333012529        3.35372953879542
H           -0.91116301638350        3.29340147075612        2.67563092897406
14
 energy: -13.663633672258 gnorm: 0.001541189853 xtb: 6.7.1 (edcfbbe)
C           -0.56686287347782        0.84166170908043        1.54478061687504
H           -0.34630344022370       -0.21150677879949        1.38693598079498
H           -0.39541433050748        1.06750977040753        2.59391286294592
H            0.12336608145094        1.43183845222101        0.94558817665122
C           -2.00809027364113        1.15106329005725        1.15609772609890
H           -2.68418450826922        0.61427880238682        1.82591253037443
H           -2.19121886236196        0.78487953247331        0.14294484087840
C           -2.33414410452399        2.64531268004984        1.20179077685577
H           -1.78176894005217        3.15987551690076        0.41199461037643
H           -3.39919078784869        2.77564866955441        0.99521127447813
C           -2.00424034461620        3.28800876386451        2.54452445659728
H           -2.38477000154305        4.30585063641458        2.58473343802747
H           -2.45212710867516        2.72054177370555        3.35773406487287
H           -0.92896481571082        3.32428917168360        2.69891607417334
14
 energy: -13.663803563019 gnorm: 0.001708166696 xtb: 6.7.1 (edcfbbe)
C           -0.55791059899294        0.82786075858941        1.53110951949831
H           -0.35704658433229       -0.22770407617719        1.35714968977672
H           -0.36059995941473        1.04086592636644        2.57927055970164
H            0.12991856671466        1.41171050076290        0.92289856842456
C           -2.00379035960454        1.15160975558090        1.16935869557523
H           -2.67237974984075        0.62297106121722        1.85356774638330
H           -2.20842850240934        0.78438292061069        0.15997166897102
C           -2.32200423487340        2.64749251276145        1.20573015861399
H           -1.75480077597671        3.15686849668194        0.42248484977413
H           -3.38400848953999        2.77516325538332        0.97897009658472
C           -2.02005767552739        3.30089672492768        2.55056226233285
H           -2.40930066579276        4.31715660721811        2.56830862730780
H           -2.48492676262816        2.74268426789685        3.36094711802537
H           -0.94857851778212        3.34729327818042        2.73074786903053
14
 energy: -13.663887157857 gnorm: 0.001016268471 xtb: 6.7.1 (edcfbbe)
C           -0.55505236534316        0.82487652588621        1.52282165684039
H           -0.35690309579590       -0.23072986149227        1.34959973941876
H           -0.34751849602259        1.03984106275135        2.56780173570999
H            0.12715281520010        1.40710919890207        0.90690918057228
C           -2.00345419036972        1.15130064960164        1.17604637947327
H           -2.66503183073539        0.63103684763642        1.87330860929551
H           -2.22134631975331        0.77562570683391        0.17250305705863
C           -2.31601124427461        2.64842122924372        1.20603221787276
H           -1.73508668007156        3.15343113795540        0.43016548158097
H           -3.37412589992232        2.78230985686942        0.96500711192279
C           -2.02864816495610        3.30314875343281        2.55273077245594
H           -2.41202173024354        4.32135617729121        2.56440068857867
H           -2.50608383124228        2.74823018114406        3.35792199742969
H           -0.95978327647007        3.34329452394418        2.74582880179053
14
 energy: -13.663975382504 gnorm: 0.000965305828 xtb: 6.7.1 (edcfbbe)
C           -0.55302000003262        0.82701183389134        1.51438782388684
H           -0.35515654861754       -0.22903638330769        1.34641745851791
H           -0.33147342811864        1.05021353408011        2.55474135286246
H            0.11981688517545        1.40629666189322        0.88505382967025
C           -2.00585331726627        1.15065392734302        1.18477731661817
H           -2.65909740501369        0.64208222732858        1.89845042639542
H           -2.24102518707435        0.76390594897044        0.18957780719787
C           -2.30858475761877        2.64936027109810        1.20338682524366
H           -1.71002917766026        3.14759811388172        0.43649806459808
H           -3.36100685958190        2.79156651746150        0.94371484753357
C           -2.03661328411730        3.30028459808261        2.55482273424864
H           -2.40696367311209        4.32291992783624        2.56152554362635
H           -2.53430431005075        2.75004329687927        3.35131672580432
H           -0.97060324691171        3.32635151456166        2.76640667379664
14
 energy: -13.664033401184 gnorm: 0.001007667994 xtb: 6.7.1 (edcfbbe)
C           -0.55025587899872        0.82694040318839        1.50588389915854
H           -0.35407342230147       -0.23103399420337        1.34612588194254
H           -0.31544814937604        1.06159193802831        2.54112017157776
H            0.11429380007893        1.40038435174659        0.86236489534266
C           -2.00648987845135        1.15032199296407        1.19135366380695
H           -2.65200953484175        0.65111227403398        1.91816517785624
H           -2.25500993610002        0.75416627591935        0.20344216045821
C           -2.30296835325729        2.64998907339603        1.20267514599248
H           -1.69039248926426        3.14290215351957        0.44379172219777
H           -3.35038404077902        2.79943840502855        0.92844105074422
C           -2.04503209211783        3.29978360576677        2.55736885243436
H           -2.40060342958148        4.32803642756618        2.55838350597802
H           -2.56343917546918        2.75610537441032        3.34525328021120
H           -0.98210172954098        3.30951370863538        2.78670802229923
14
 energy: -13.664071815080 gnorm: 0.000789989752 xtb: 6.7.1 (edcfbbe)
C           -0.54761272021240        0.82620675700200        1.49926105919992
H           -0.35554750241848       -0.23379169600705        1.34885659413900
H           -0.30208144097183        1.07057530491408        2.52959856486559
H            0.11229444526521        1.39108690517132        0.84350945033532
C           -2.00603998532774        1.15030351462832        1.19602362270925
H           -2.64608221709887        0.65550780751792        1.93030407277455
H           -2.26298099823125        0.75017778866563        0.21223954703369
C           -2.29892958945398        2.65067669696988        1.20290086705863
H           -1.67863594835319        3.14174475722290        0.44942797622000
H           -3.34333764901284        2.80272998516071        0.91995447015829
C           -2.05155580061589        3.29986923607705        2.55975758270516
H           -2.39481206720999        4.33214167980734        2.55438979862237
H           -2.58661674339376        2.76411725183858        3.34174895715409
H           -0.99197609296544        3.29790600103145        2.80310486702432
14
 energy: -13.664105586433 gnorm: 0.000747012887 xtb: 6.7.1 (edcfbbe)
C           -0.54453783835697        0.82435043643854        1.49349796423545
H           -0.35854886598685       -0.23836652522039        1.35382899383107
H           -0.28812263183432        1.08001854046593        2.51852485576461
H            0.11150742718466        1.37835446500524        0.82474953755148
C           -2.00413036626996        1.15053807094788        1.19881176860826
H           -2.64007023630222        0.65843075496665        1.93820546605721
H           -2.26790945867083        0.74872126364848        0.21747963572119
C           -2.29614734007474        2.65106884605809        1.20478292027576
H           -1.67065432553143        3.14122990326958        0.45522865802153
H           -3.33865619915914        2.80367194421140        0.91503687340522
C           -2.05753805920720        3.30140034797730        2.56260404033009
H           -2.38900962064581        4.33753836551865        2.54972423372958
H           -2.60876735060946        2.77428430252430        3.33901654153040
H           -1.00132944453618        3.28801127418849        2.81958594093833
14
 energy: -13.664134151895 gnorm: 0.000606934927 xtb: 6.7.1 (edcfbbe)
C           -0.54112892020253        0.82211316053346        1.48707557759439
H           -0.36195983175149       -0.24357645630978        1.36082095059937
H           -0.27345059341736        1.09083483866461        2.50578145450577
H            0.11133610510828        1.36298802321597        0.80415193796366
C           -2.00224710104244        1.15075177981790        1.20246655290741
H           -2.63469613745869        0.65977886997733        1.94585639354123
H           -2.27131943386605        0.74811475840955        0.22291273746802
C           -2.29280866426268        2.65197861958368        1.20647961937348
H           -1.66301914046446        3.14228865134040        0.46032639712898
H           -3.33380913321548        2.80487356648239        0.91127948544805
C           -2.06413030429115        3.30288179267982        2.56575711916350
H           -2.38296304137796        4.34288151644586        2.54486336217370
H           -2.63195766848171        2.78534223926656        3.33658677972842
H           -1.01176044527674        3.27800062989239        2.83671906240421
14
 energy: -13.664153466151 gnorm: 0.000530580998 xtb: 6.7.1 (edcfbbe)
C           -0.53811771909696        0.82031008237928        1.48126263160880
H           -0.36542875111115       -0.24794731282170        1.36877267221349
H           -0.25825020894650        1.10231048547614        2.49323483915511
H            0.10996980180066        1.34762556613682        0.78369471174671
C           -2.00027129252241        1.15108219942339        1.20507267778637
H           -2.62904373743512        0.66236493989770        1.95320539170112
H           -2.27616727774860        0.74709089226230        0.22758294982530
C           -2.28967700488784        2.65244499940683        1.20843781349930
H           -1.65486179374728        3.14222642144684        0.46612473771426
H           -3.32888552580601        2.80569041580234        0.90623054506526
C           -2.07019648824712        3.30425723206876        2.56881825726276
H           -2.37714605066639        4.34754177157939        2.54114587547198
H           -2.65395747628326        2.79544400532188        3.33340899526361
H           -1.02188078530250        3.26881029162015        2.85408533168613
14
 energy: -13.664164689213 gnorm: 0.000407728066 xtb: 6.7.1 (edcfbbe)
C           -0.53557918816634        0.81879555722894        1.47587488738404
H           -0.36779122362964       -0.25147482973131        1.37496462247975
H           -0.24608852448817        1.11233319088665        2.48167887791124
H            0.10820851739774        1.33511776208421        0.76645739547061
C           -1.99892821316222        1.15145332231971        1.20834907916436
H           -2.62431099908547        0.66502648618469        1.96082150942358
H           -2.28034822285966        0.74563017016117        0.23328207034171
C           -2.28662444363108        2.65319531740824        1.20961467990273
H           -1.64658340466567        3.14209383577123        0.47112061955163
H           -3.32378950259064        2.80797256777156        0.90120638623158
C           -2.07572852527004        3.30494634283005        2.57130240069949
H           -2.37309312559467        4.35094652368149        2.53823975368730
H           -2.67224679100359        2.80271684432810        3.33025808522037
H           -1.03101066325101        3.26049889907540        2.86790706253179
14
 energy: -13.664171692250 gnorm: 0.000368788724 xtb: 6.7.1 (edcfbbe)
C           -0.53386097749848        0.81786959286395        1.47121235288327
H           -0.36944659309275       -0.25361699430946        1.37999370028538
H           -0.23556435353481        1.12076564416697        2.47156883455096
H            0.10562491751070        1.32509036083798        0.75150893436581
C           -1.99831846362754        1.15143369616705        1.21107988221430
H           -2.62006985363185        0.66812741618950        1.96869296727041
H           -2.28569378320660        0.74287257427973        0.23878076998294
C           -2.28322877743542        2.65380285159301        1.21013738968369
H           -1.63770198987933        3.14157497370342        0.47567938977728
H           -3.31813305792667        2.81045044339704        0.89522085220110
C           -2.08053280569138        3.30546713052446        2.57325059421305
H           -2.37050173199901        4.35320832774088        2.53724097233632
H           -2.68736551254026        2.80788520972040        3.32687826950135
H           -1.03912132744706        3.25432076312521        2.87983252073435
14
 energy: -13.664175616033 gnorm: 0.000289392279 xtb: 6.7.1 (edcfbbe)
C           -0.53221558500855        0.81692829954421        1.46702845322316
H           -0.37036109705050       -0.25554768044816        1.38347289898526
H           -0.22660686764428        1.12754581932259        2.46266174790108
H            0.10324757837074        1.31708837070525        0.73900822454506
C           -1.99769440009659        1.15187596160918        1.21418961647863
H           -2.61614876618115        0.67181414176558        1.97633398122918
H           -2.29069846413565        0.74082137535971        0.24476838971608
C           -2.28071127841073        2.65448724793429        1.21051494240257
H           -1.62944384289205        3.14047867418250        0.48003249090018
H           -3.31328467327976        2.81345067408928        0.88912055023832
C           -2.08475190829075        3.30546213374387        2.57476889323685
H           -2.36866448539447        4.35489972069375        2.53574164150757
H           -2.70047823135127        2.81143224281016        3.32373245551540
H           -1.04610228863546        3.24851500868791        2.88970314412084
14
 energy: -13.664177150444 gnorm: 0.000218611886 xtb: 6.7.1 (edcfbbe)
C           -0.53134100776182        0.81628618441370        1.46382260028379
H           -0.37156684267871       -0.25693136824518        1.38551909594657
H           -0.22019836943270        1.13235337083694        2.45602112084429
H            0.10112149792478        1.31133294242315        0.72971241565996
C           -1.99746328721067        1.15178051399731        1.21624788020573
H           -2.61311877847083        0.67455327816596        1.98240226506506
H           -2.29487784358971        0.73828696935853        0.24928580734304
C           -2.27785392140203        2.65491808061006        1.21066340630017
H           -1.62239470856176        3.13979741851823        0.48334815130587
H           -3.30844135148629        2.81551342143669        0.88439039523502
C           -2.08818822917626        3.30589342495145        2.57590927466523
H           -2.36865351895568        4.35611677819258        2.53566603794378
H           -2.70925482177053        2.81377443815603        3.32138404703001
H           -1.05168312742824        3.24557653718468        2.89670493217167
14
 energy: -13.664177370794 gnorm: 0.000111006536 xtb: 6.7.1 (edcfbbe)
C           -0.53101724858823        0.81590236882159        1.46277498397965
H           -0.37141356215293       -0.25730303666095        1.38563967711600
H           -0.21811023828270        1.13301665415316        2.45398858949953
H            0.10041973991608        1.30976903960524        0.72709867182876
C           -1.99742056589474        1.15184879796435        1.21716759968247
H           -2.61204457027712        0.67553385479180        1.98469968325525
H           -2.29650598144355        0.73763113384128        0.25104609561277
C           -2.27720179489868        2.65514687797690        1.21066190627108
H           -1.62008044257575        3.13950615163145        0.48450925269419
H           -3.30711308751689        2.81645671334404        0.88253690590843
C           -2.08915172013431        3.30600836828707        2.57611892782839
H           -2.36874015969998        4.35644328560777        2.53536719975751
H           -2.71229969045501        2.81440981432602        3.32045245578238
H           -1.05323498799666        3.24488196631042        2.89901548078378
