14
 energy: -13.661978132041 gnorm: 0.013179026394 xtb: 6.7.1 (edcfbbe)
C           -2.49341300000000        0.34945400000000       -0.01033300000000
H           -3.39843896000000       -0.22193742000000        0.20149412000000
H           -1.73821196000000       -0.34991593000000       -0.37568797000000
H           -2.72144182000000        1.04111287000000       -0.82429907000000
C           -2.00023900000000        1.09707300000000        1.22694500000000
H           -0.90617800000000        1.07679900000000        1.25425000000000
H           -2.33381500000000        0.57262200000000        2.12794700000000
C           -2.47573600000000        2.54906500000000        1.28786500000000
H           -2.14216000000000        3.07351700000000        0.38686300000000
H           -3.56979700000000        2.56933900000000        1.26055900000000
C           -1.98256300000000        3.29668400000000        2.52514300000000
H           -0.89126000000000        3.32285300000000        2.56126900000000
H           -2.33875400000000        4.32789100000000        2.53819100000000
H           -2.32989700000000        2.81479100000000        3.44169600000000
14
 energy: -13.662613296686 gnorm: 0.005119103569 xtb: 6.7.1 (edcfbbe)
C           -2.49286676456560        0.35935775745604       -0.00277688114410
H           -3.41451972977995       -0.18158826369366        0.20629336774038
H           -1.75477869508989       -0.36124302382583       -0.35216884003481
H           -2.69200877819884        1.05341438123953       -0.81864524500364
C           -1.98911341469748        1.10288093128738        1.23497544218145
H           -0.89546953395055        1.10301188820323        1.24913637317980
H           -2.32082354817879        0.58229661417417        2.13751264200917
C           -2.48391730771833        2.54688087387609        1.28145434727226
H           -2.13993902439819        3.07352394138274        0.38633103056412
H           -3.57786785646476        2.55762186425508        1.26851830399080
C           -1.98478341039318        3.28096251230656        2.51836906492558
H           -0.89557638472936        3.30236776483250        2.54215927954746
H           -2.34555583299185        4.30812845458239        2.52390358427499
H           -2.33468445884322        2.79173182392380        3.42683961049652
14
 energy: -13.663053943132 gnorm: 0.004429219012 xtb: 6.7.1 (edcfbbe)
C           -2.49183169546068        0.36058150722836       -0.00043217946297
H           -3.44508783512528       -0.12565799784553        0.20634613530397
H           -1.78275683951110       -0.40292311056083       -0.31784583263865
H           -2.63841586935548        1.05369144368774       -0.82764562191923
C           -1.97791474732252        1.10851100410222        1.23215765313760
H           -0.88553557232892        1.12918322953960        1.22670203953266
H           -2.29532964318643        0.58735931764618        2.13745825772094
C           -2.49087181045791        2.54540178194053        1.28136589444255
H           -2.14824341583426        3.07555323628253        0.38969194225503
H           -3.58348826765207        2.54202855438716        1.27908836675381
C           -1.98970967520984        3.27547319610911        2.51836832097317
H           -0.90279889611095        3.29292914667112        2.53118633864619
H           -2.35284504167105        4.29980617630735        2.52566930019200
H           -2.33707543077351        2.77741003450447        3.41979146506291
14
 energy: -13.663496414396 gnorm: 0.018852371924 xtb: 6.7.1 (edcfbbe)
C           -2.49119448364526        0.36270839897005        0.00270885633191
H           -3.51669920795980        0.00460679596036        0.19705157182651
H           -1.85253204438555       -0.50443387210850       -0.23249572328680
H           -2.51000073011473        1.03902080976599       -0.86371146799786
C           -1.95350766831094        1.11895705505595        1.22114042028470
H           -0.86349726334211        1.17636778167648        1.16921377359209
H           -2.22820283985249        0.58794626727319        2.13328546566461
C           -2.50603525494230        2.54196606875217        1.28392992878227
H           -2.17996228776499        3.08379758364860        0.39564309427244
H           -3.59627914870161        2.50959562962878        1.29984743418681
C           -2.00021773240303        3.26825374596612        2.52262594767788
H           -0.91615872998271        3.28502821346352        2.51934329932128
H           -2.36849088292346        4.28813884510432        2.53700774308432
H           -2.33912646567100        2.75739419684294        3.41631173625982
14
 energy: -13.663961316265 gnorm: 0.008505616625 xtb: 6.7.1 (edcfbbe)
C           -2.49278416534221        0.36069170729093        0.00234646966947
H           -3.50437843198744       -0.00642730839684        0.19104655492854
H           -1.85520583602177       -0.49355488754210       -0.23646956754849
H           -2.52141226398300        1.02414214398291       -0.86380082558143
C           -1.95697540522440        1.11789918219199        1.21841181868577
H           -0.86780474324149        1.17172962671886        1.16525045376859
H           -2.22553633794932        0.58357902435425        2.13086352509597
C           -2.50384693807172        2.54253257880063        1.28617228434707
H           -2.17942124909915        3.08389228831751        0.39642425899255
H           -3.59371025101013        2.51459447283931        1.29528460975846
C           -2.00000426792542        3.27217291991639        2.52545593881579
H           -0.91493878004660        3.28596614824488        2.53018105389694
H           -2.36215324995003        4.29520588134332        2.53907354537189
H           -2.34373282014732        2.76692374193793        3.42166195979886
14
 energy: -13.664515701764 gnorm: 0.005573671513 xtb: 6.7.1 (edcfbbe)
C           -2.49504283943659        0.35972085689162        0.00345803104982
H           -3.52997033208845        0.06329344842538        0.17241165112160
H           -1.90767246928299       -0.54039423310843       -0.18585495835396
H           -2.45691536000954        0.98558310324392       -0.88965167441261
C           -1.94495219287458        1.12250120743313        1.20466580134387
H           -0.85822031511684        1.18669432752459        1.12404660047295
H           -2.17852689526399        0.57697227750761        2.12185063146715
C           -2.50795787339203        2.54043811784358        1.29153434108934
H           -2.20333632793392        3.09233549052688        0.39992763780292
H           -3.59739287101787        2.50118637226285        1.30345175995007
C           -2.00600614052229        3.27304218752252        2.53249970490197
H           -0.91956658115061        3.28808312398070        2.54350689328908
H           -2.36527470295874        4.29830530149164        2.54795387194997
H           -2.35106983895157        2.77158593845399        3.43210178832781
14
 energy: -13.664753869347 gnorm: 0.010774137551 xtb: 6.7.1 (edcfbbe)
C           -2.49630632678146        0.36068284280954        0.00456016649605
H           -3.56163442564964        0.14999360463812        0.15260356941699
H           -1.96858877264633       -0.59213751907630       -0.12876237243188
H           -2.38420211770444        0.94623603630695       -0.91463199476720
C           -1.92713721077637        1.12787682545026        1.19008151159084
H           -0.84223536108886        1.20039012802083        1.08571587356176
H           -2.13166398590798        0.57598770402359        2.11150282856130
C           -2.50996659944717        2.53663463323369        1.29549198970358
H           -2.23019448482868        3.10328587639519        0.40257596114744
H           -3.60067011914001        2.48024615679453        1.31722285456699
C           -2.01226295424401        3.27014464594090        2.53713596962574
H           -0.92416233784541        3.29390409423900        2.55465310571019
H           -2.37654721652738        4.29512702479426        2.55283993394604
H           -2.35633282741227        2.77097546642942        3.44091268287214
14
 energy: -13.664885043784 gnorm: 0.004232310339 xtb: 6.7.1 (edcfbbe)
C           -2.49696944131939        0.36143916598708        0.00408781647639
H           -3.55727135497787        0.15855251422801        0.14800533307237
H           -1.97948939672999       -0.58766672518509       -0.12466531428589
H           -2.38470732472369        0.93530211786143       -0.91358730416211
C           -1.92386417755240        1.12776790928214        1.18733655562557
H           -0.83860354736454        1.19480890286226        1.08565284977091
H           -2.13000754197973        0.57827562093978        2.10874933812496
C           -2.50624514748626        2.53537766868090        1.29525174951959
H           -2.23274490214119        3.10574568637540        0.40199508180581
H           -3.59833142494007        2.47684217804775        1.31883642364965
C           -2.01243811190153        3.26882389037898        2.53657902059975
H           -0.92321725725024        3.29815962230279        2.56043934712828
H           -2.38027213180549        4.29360109974832        2.55005934044439
H           -2.35774297982763        2.77231786849022        3.44316184223031
14
 energy: -13.664959567243 gnorm: 0.003960885409 xtb: 6.7.1 (edcfbbe)
C           -2.49677540670226        0.36256947962560        0.00349575361351
H           -3.56253455413050        0.18776661462298        0.14051151712743
H           -2.00199761767283       -0.60214632183541       -0.10449777051343
H           -2.35914881204495        0.92110166656666       -0.92194268966049
C           -1.92045562875394        1.13018943876499        1.18474914954132
H           -0.83531656398472        1.20233512423353        1.07607351295080
H           -2.12057286244193        0.58005096522330        2.10734927406082
C           -2.50750609306822        2.53482436155400        1.29653250693026
H           -2.23931409147561        3.10765705026962        0.40430889403691
H           -3.59897704562592        2.46921288566958        1.32467464892863
C           -2.01365948366222        3.26778829280981        2.53703139718468
H           -0.92496617272079        3.30095355117316        2.55764445952587
H           -2.38625079358681        4.29056314549293        2.55379601541296
H           -2.35442961412930        2.76648126582920        3.44217541086070
14
 energy: -13.665024207135 gnorm: 0.003105286516 xtb: 6.7.1 (edcfbbe)
C           -2.49441328858167        0.36334691216495        0.00296816892639
H           -3.57027362265805        0.23248349856562        0.12518581440641
H           -2.03435692967143       -0.62100739919956       -0.07721031635207
H           -2.31951725328970        0.90285446317572       -0.92796894594869
C           -1.91579003552875        1.13292928799347        1.18341546076827
H           -0.83151597515404        1.21161904368050        1.07023135210150
H           -2.11255081726456        0.58182767410379        2.10578043922033
C           -2.51099892287974        2.53390208016578        1.29739432064458
H           -2.24929447035387        3.10825356960348        0.40625734078630
H           -3.60075170261223        2.45893657349666        1.33311165783998
C           -2.01462999325244        3.26642948354412        2.53662251338109
H           -0.92730004196527        3.30982072776237        2.54500538914775
H           -2.39891558424047        4.28392749323007        2.56175260460124
H           -2.34159610254780        2.75402411171301        3.43935628047688
14
 energy: -13.665052974751 gnorm: 0.001738321165 xtb: 6.7.1 (edcfbbe)
C           -2.49263702368787        0.36406226334438        0.00157641566971
H           -3.56679089325264        0.23915278580213        0.11664328618233
H           -2.03946130059071       -0.62141012135348       -0.07160797163151
H           -2.30870047638619        0.89994099769691       -0.92852459524929
C           -1.91879838227054        1.13272753972114        1.18605268285618
H           -0.83466914138890        1.21158490479053        1.07758378094937
H           -2.12106159751964        0.58215356653832        2.10715887521477
C           -2.51357571500280        2.53410710366833        1.29753629871007
H           -2.25220162977047        3.10653227347622        0.40576863261048
H           -3.60244057368319        2.45880923628159        1.33706736458594
C           -2.01256847677047        3.26657962174981        2.53537525336422
H           -0.92601381508460        3.31785939929976        2.53277808449920
H           -2.40522421761890        4.28025716633381        2.56691555468324
H           -2.32776149697309        2.74699078265052        3.43757841755523
14
 energy: -13.665085126292 gnorm: 0.002567805836 xtb: 6.7.1 (edcfbbe)
C           -2.48840054249032        0.36466551685588       -0.00095739778856
H           -3.56801509322895        0.26468273467142        0.09267953928033
H           -2.05566180180185       -0.63007974492776       -0.05694744738707
H           -2.27670529647532        0.89043700506254       -0.93001530677147
C           -1.92203308044027        1.13069862999352        1.18910834425280
H           -0.83810771209955        1.20775385122325        1.08992845384718
H           -2.13280578388651        0.57918365552442        2.10748078175279
C           -2.51824744618130        2.53227806139624        1.29937299586955
H           -2.26399414388563        3.10377621187520        0.40385948708608
H           -3.60660040911373        2.45620706686908        1.34756444453342
C           -2.00885644977049        3.26790001189354        2.53327242263520
H           -0.92303557949016        3.34142193593943        2.51093790469147
H           -2.42163278236868        4.27346440442799        2.57732732582080
H           -2.29780861876723        2.73695817919522        3.43829053217746
14
 energy: -13.665101469846 gnorm: 0.001985060422 xtb: 6.7.1 (edcfbbe)
C           -2.48696699440789        0.36493120462700       -0.00246650877077
H           -3.56678364707297        0.26600004510471        0.08330769736981
H           -2.05586163327208       -0.63035920833710       -0.05779073980877
H           -2.26830665511245        0.89025799853348       -0.92970599171680
C           -1.92616088973674        1.12850425241805        1.19142268103309
H           -0.84106260824314        1.20376383551189        1.09786169608192
H           -2.14219414573343        0.57548078969708        2.10827901906744
C           -2.51987388655646        2.53121841110963        1.30134912477891
H           -2.26737992003425        3.10061559737664        0.40352457185528
H           -3.60847682043036        2.45780516479673        1.35174880285942
C           -2.00654808357956        3.26990471268118        2.53193847387652
H           -0.92167430443548        3.35304952629315        2.50226048067528
H           -2.42698495584819        4.27198787493350        2.58114258041099
H           -2.28363019553697        2.73618731525404        3.43903019228766
14
 energy: -13.665118333082 gnorm: 0.001129748095 xtb: 6.7.1 (edcfbbe)
C           -2.48396694544936        0.36698643257848       -0.00557065453902
H           -3.56565977758499        0.27243356843282        0.06384192543701
H           -2.05664042684061       -0.63196342627367       -0.05816496026491
H           -2.24662416821599        0.89101739637224       -0.92979525346244
C           -1.93492434232171        1.12420855388306        1.19685470451909
H           -0.84741831571785        1.19533057471125        1.11567955982824
H           -2.16163994269205        0.56756473416164        2.10984787414616
C           -2.52367465013823        2.52879826878794        1.30578129804551
H           -2.27629955567842        3.09329030220442        0.40303732981676
H           -3.61286184213117        2.45905152751277        1.36200047432572
C           -2.00169898626352        3.27365584050174        2.52858900988452
H           -0.91919602945979        3.37692008091656        2.48143111213117
H           -2.43866436524069        4.26810285605750        2.58829358338100
H           -2.25263539226559        2.73395081015324        3.44007607675116
14
 energy: -13.665121807172 gnorm: 0.001195853541 xtb: 6.7.1 (edcfbbe)
C           -2.48236625805998        0.36777860871429       -0.00631615530531
H           -3.56350654028307        0.26593151502274        0.06266147552187
H           -2.04786755117484       -0.62675380907011       -0.06579356299625
H           -2.24921431683511        0.89851832715333       -0.92567401814474
C           -1.93827663776561        1.12240290638489        1.20012028142696
H           -0.85026646700266        1.19187034760655        1.12463755305265
H           -2.17070158209323        0.56546434473498        2.11116131923845
C           -2.52507728958659        2.52795994457820        1.30662614468481
H           -2.27742327708286        3.08994767474497        0.40287980549180
H           -3.61421246544908        2.45949925799752        1.36403946778796
C           -2.00001514513261        3.27452521356247        2.52672061127410
H           -0.91842611543326        3.37852037962568        2.47506216206468
H           -2.43750999612931        4.26815305971419        2.58694674605604
H           -2.24704109797175        2.73552974923027        3.43883024984696
14
 energy: -13.665124824011 gnorm: 0.000492292527 xtb: 6.7.1 (edcfbbe)
C           -2.48146754482555        0.36863675266097       -0.00696523749218
H           -3.56264304164715        0.26760267592685        0.05997472361531
H           -2.04684007162762       -0.62661678734426       -0.06452676711406
H           -2.24406396920674        0.90026881994033       -0.92623824774755
C           -1.93968082061177        1.12216697551523        1.20137504780242
H           -0.85186068505173        1.19160027092045        1.12826294409469
H           -2.17453011035799        0.56521640238165        2.11126189151285
C           -2.52704977653086        2.52746838252341        1.30732940695532
H           -2.28154473700766        3.08891090005346        0.40284277207777
H           -3.61586871281808        2.45797767797952        1.36779042758958
C           -1.99892313980912        3.27439702764299        2.52577557177163
H           -0.91753687556413        3.37829684261214        2.47016809927034
H           -2.43657159984124        4.26791101190490        2.58635216991989
H           -2.24332365510031        2.73551056728235        3.43849927774395
14
 energy: -13.665125896838 gnorm: 0.000391359102 xtb: 6.7.1 (edcfbbe)
C           -2.48060405097410        0.36866917341584       -0.00751554560292
H           -3.56226170316242        0.26911853494067        0.05808198794535
H           -2.04717386555776       -0.62766538081440       -0.06443439666198
H           -2.24210599486491        0.90031873107165       -0.92639249782300
C           -1.93994422812191        1.12199475300425        1.20156317764477
H           -0.85208055370600        1.19203779703117        1.12910493457581
H           -2.17529179364216        0.56449646834202        2.11115681367769
C           -2.52786009084552        2.52703799939174        1.30798041399650
H           -2.28409790272734        3.08845965877502        0.40290198700026
H           -3.61648507008073        2.45701480133888        1.37012112646475
C           -1.99857762996849        3.27467169696118        2.52552995562553
H           -0.91695951765480        3.37748088020828        2.46953106340933
H           -2.43523772523120        4.26891461776726        2.58526825108804
H           -2.24322461346261        2.73679778856642        3.43900480865984
14
 energy: -13.665127005329 gnorm: 0.000503075435 xtb: 6.7.1 (edcfbbe)
C           -2.47960667029821        0.36876224299356       -0.00813099839997
H           -3.56155054950486        0.26926387383638        0.05537156464515
H           -2.04590169346017       -0.62693998078280       -0.06568402591398
H           -2.23985204331911        0.90153200379152       -0.92649831245521
C           -1.94061424732339        1.12142306317517        1.20215632576719
H           -0.85262966235416        1.19232808164731        1.13078228969303
H           -2.17642437331103        0.56277299837865        2.11122001532245
C           -2.52952449445634        2.52604849617746        1.30923216095261
H           -2.28865554062084        3.08711907822482        0.40299025336805
H           -3.61790625663380        2.45544094930226        1.37417696196551
C           -1.99787837675725        3.27517826700206        2.52493380651227
H           -0.91575319583531        3.37449940711179        2.46918985247100
H           -2.43117920691873        4.27126603507191        2.58208095147676
H           -2.24442842920675        2.74065300406988        3.44008123459512
14
 energy: -13.665127439511 gnorm: 0.000288792741 xtb: 6.7.1 (edcfbbe)
C           -2.47858550681126        0.36940669360976       -0.00890919177383
H           -3.55996734729249        0.26889549460523        0.05357445494555
H           -2.04444427183181       -0.62632944402754       -0.06694071203089
H           -2.23856462296520        0.90305921159952       -0.92627704703717
C           -1.94153012078022        1.12104032181588        1.20279867198669
H           -0.85349293831013        1.19208474879067        1.13311638004712
H           -2.17833954309060        0.56144712854878        2.11097142477303
C           -2.53099594357547        2.52538485498284        1.31028250803137
H           -2.29196029454257        3.08576085295128        0.40324141723032
H           -3.61920891313948        2.45442487723668        1.37731775018675
C           -1.99720482503390        3.27558647287758        2.52436319444410
H           -0.91487688590031        3.37237186754355        2.46783535276956
H           -2.42823740317283        4.27270814226861        2.57979984207680
H           -2.24449612355367        2.74350629719714        3.44072803435057
