14
 energy: -13.655253697283 gnorm: 0.015671901030 xtb: 6.7.1 (edcfbbe)
C           -2.99969265000000        0.10680232000000        1.82147675000000
H           -3.49375194000000       -0.47849603000000        1.04445543000000
H           -3.77565130000000        0.62332552000000        2.39070703000000
H           -2.50596935000000       -0.59282864000000        2.49947654000000
C           -2.00023900000000        1.09707300000000        1.22694500000000
H           -1.79684835000000        0.82998009000000        0.18511023000000
H           -1.04381595000000        1.01083255000000        1.75224867000000
C           -2.47573600000000        2.54906500000000        1.28786500000000
H           -2.14216000000000        3.07351700000000        0.38686300000000
H           -3.56979700000000        2.56933900000000        1.26055900000000
C           -1.98256300000000        3.29668400000000        2.52514300000000
H           -1.67667877000000        2.60160232000000        3.31014519000000
H           -1.12632849000000        3.93219577000000        2.29402093000000
H           -2.76644454000000        3.93485065000000        2.93891133000000
14
 energy: -13.656026674658 gnorm: 0.006984177626 xtb: 6.7.1 (edcfbbe)
C           -2.99140791670441        0.10888228988457        1.83386535726348
H           -3.51201365705151       -0.45651701391305        1.06263764171878
H           -3.74337295144968        0.62844674902784        2.42601204960360
H           -2.49370694761491       -0.60555641020840        2.48780409917330
C           -1.99646982760224        1.09790343044971        1.21703014366944
H           -1.81356729142323        0.82291600012162        0.17526719973382
H           -1.03512947796134        1.02165839844981        1.73098259634579
C           -2.47511754754012        2.55328730852433        1.27728788097461
H           -2.12469422093662        3.08645054661772        0.38982677252554
H           -3.56709098631556        2.56889900678209        1.23840907346384
C           -1.99436666920439        3.29072147948687        2.52983661352878
H           -1.72957202474253        2.58784775875114        3.31899390577517
H           -1.11430568368178        3.89535889823263        2.31449325177993
H           -2.76486113777169        3.95364410779312        2.92148051444391
14
 energy: -13.657508203065 gnorm: 0.011100767491 xtb: 6.7.1 (edcfbbe)
C           -2.97135067713422        0.11851455066357        1.85995727989656
H           -3.56501819660683       -0.38989168831717        1.09849710814530
H           -3.65751989220442        0.64391862647507        2.52465799024285
H           -2.44926770484978       -0.63892473284248        2.44162746441199
C           -1.98638906335484        1.10102146672007        1.19781649480704
H           -1.84948279683447        0.81071736295659        0.15546745771873
H           -1.01311669036218        1.04370517045098        1.68545799855769
C           -2.47764579220675        2.55836662968726        1.25738537863575
H           -2.09142311141440        3.10621710334691        0.39675422471830
H           -3.56557950557165        2.56451306449507        1.19101206119008
C           -2.02213348770953        3.27429385407624        2.53945392929686
H           -1.87379628528683        2.55698836258711        3.35151580930617
H           -1.07349089402973        3.79228622214467        2.36358501048095
H           -2.75946224243441        4.01221655755604        2.86073889259175
14
 energy: -13.658359532400 gnorm: 0.026127096891 xtb: 6.7.1 (edcfbbe)
C           -2.94833609410350        0.13550544181196        1.88421200922852
H           -3.63180867279309       -0.30813020957467        1.14380755731363
H           -3.55354495816274        0.66554743865519        2.63497704131610
H           -2.40299881264232       -0.67307761674485        2.38201658166382
C           -1.97568385156024        1.10511228456299        1.17823925749065
H           -1.87633306840554        0.79854600642997        0.13694756912099
H           -0.99116089235539        1.06126342115459        1.64117283593381
C           -2.47747916231304        2.56001341307568        1.23644732064272
H           -2.06347992178855        3.12326408258740        0.39961110321194
H           -3.56218496546215        2.55845201852817        1.14287619035217
C           -2.05320135746811        3.25220554121596        2.54467285616095
H           -2.02954122572415        2.52993358127268        3.38002786021309
H           -1.04020935662372        3.68011477000228        2.42426447247112
H           -2.74971400059750        4.06519237702259        2.79465444488052
14
 energy: -13.659395058578 gnorm: 0.015892569843 xtb: 6.7.1 (edcfbbe)
C           -2.94140208695537        0.15035532198078        1.88973751483631
H           -3.64912245913469       -0.27794348352920        1.16824467104714
H           -3.51905092775946        0.68048823057701        2.65666558107212
H           -2.39998114110520       -0.66871087218755        2.36667540530007
C           -1.97196392459586        1.10684591235893        1.17270595746541
H           -1.87651129578919        0.79193085141610        0.13388567163742
H           -0.98529275074148        1.06166749444012        1.63073633774510
C           -2.47466594769914        2.55699010770241        1.22993512138546
H           -2.05852895357064        3.12621845050578        0.39851525132568
H           -3.55907071014620        2.55494801108762        1.12764285039514
C           -2.06332315987000        3.23842189298746        2.54278438841486
H           -2.05816942169328        2.52515660744856        3.37237592923411
H           -1.05385621754112        3.65405729800911        2.44624958727076
H           -2.74473734339842        4.05351672720281        2.78777283287046
14
 energy: -13.660607212336 gnorm: 0.010075102664 xtb: 6.7.1 (edcfbbe)
C           -2.91940073688921        0.16823610226245        1.90445470058403
H           -3.68030932698611       -0.21796550886008        1.22491651361563
H           -3.43189289313146        0.68453165989974        2.71647155171026
H           -2.38129944392998       -0.68007173045218        2.32319283319638
C           -1.97515622412195        1.11365717364757        1.16121070945917
H           -1.88981312166028        0.78658198302372        0.12480111567782
H           -0.97771392620904        1.06916436637735        1.60015093865579
C           -2.47187531930492        2.55781088969021        1.21869427019359
H           -2.04628681606598        3.13595074629017        0.39764464445877
H           -3.55593081038998        2.56428827645756        1.09581733981626
C           -2.08536445930532        3.21789317458208        2.53942784717054
H           -2.17663399235388        2.51158834090851        3.37055422565819
H           -1.04446949066646        3.56052432318483        2.50184691924631
H           -2.71952977898549        4.08175275298796        2.74474349055728
14
 energy: -13.661088563805 gnorm: 0.022186953774 xtb: 6.7.1 (edcfbbe)
C           -2.90288894123366        0.17719877550455        1.91470429865922
H           -3.74341214032441       -0.14015328892434        1.27199333050673
H           -3.32790853431534        0.68429800949741        2.79942443959485
H           -2.36606598133989       -0.72165582663393        2.25347149284643
C           -1.97267245358408        1.11201665110669        1.15296946920482
H           -1.90008876223248        0.78032968751606        0.11515011752339
H           -0.96487517875589        1.06424484219786        1.57441204361911
C           -2.46156662780475        2.55525718029138        1.21155262243493
H           -2.02145476948953        3.13680351468162        0.39799837478727
H           -3.54565533967184        2.56804238761535        1.06442322628770
C           -2.10942359472685        3.20995996961655        2.53895056735254
H           -2.28227545542297        2.52629136983913        3.37315863847971
H           -1.05447016541841        3.49059484245294        2.55091734343395
H           -2.70291839567999        4.11071443523864        2.70480113526939
14
 energy: -13.661648218005 gnorm: 0.018527400140 xtb: 6.7.1 (edcfbbe)
C           -2.89839704139625        0.16828169434153        1.91112968520922
H           -3.74290228573818       -0.13138128394179        1.29785847359593
H           -3.29490841866406        0.64959488604744        2.80137459206919
H           -2.37593652513733       -0.73350828416141        2.22914547487830
C           -1.98296240302585        1.11067352459497        1.15439026281492
H           -1.90556128532533        0.78835399135579        0.11145329118594
H           -0.96872802862918        1.05631096038447        1.56904703170242
C           -2.45800182980404        2.55716205536141        1.21773105173051
H           -2.01768917451587        3.12921595836116        0.39560602980124
H           -3.54393516771198        2.58500844452880        1.06786835965409
C           -2.11051491171285        3.21880567333035        2.53679321920984
H           -2.32376201801019        2.55816743756074        3.36739389828084
H           -1.05839464049820        3.46110547040162        2.57234622977928
H           -2.67398260983077        4.13615202183481        2.69178950008834
14
 energy: -13.661860574324 gnorm: 0.025215206342 xtb: 6.7.1 (edcfbbe)
C           -2.88373880075740        0.17183918417728        1.92147112715090
H           -3.76449990593640       -0.08983747469799        1.34509064889547
H           -3.22431880986492        0.62744291690799        2.84837417015850
H           -2.36232998215243       -0.74643267218827        2.18500707530187
C           -1.98291911940625        1.11526807958512        1.14470186751731
H           -1.92323259064179        0.78995959150022        0.09981677014835
H           -0.96295547145665        1.06743799288651        1.54712143348029
C           -2.46357916310399        2.56174299667124        1.20726687042628
H           -2.00913934152623        3.13401403309627        0.39198104624783
H           -3.54805021449880        2.59095623697947        1.04931244424812
C           -2.12253239354099        3.21196859517966        2.53569372421767
H           -2.44015160369523        2.56673198902483        3.37591630118898
H           -1.03231685037044        3.37227174094805        2.62839264420152
H           -2.63591209304861        4.18057933992946        2.64378097681696
14
 energy: -13.662480999026 gnorm: 0.013332610865 xtb: 6.7.1 (edcfbbe)
C           -2.88695159724461        0.16969364138109        1.92160101160259
H           -3.78393142125958       -0.06837302755130        1.34297584825189
H           -3.20987238624157        0.62364808904576        2.86358476577703
H           -2.36955077284489       -0.76551704627294        2.16273712005887
C           -1.97690479144083        1.11262158850099        1.14835165431413
H           -1.91830921522968        0.78726283933558        0.10487280122664
H           -0.96323140289093        1.06319339279094        1.55754556898219
C           -2.46170792418910        2.56065240366552        1.20592128591080
H           -2.00306734502648        3.13216532336236        0.39292323881545
H           -3.54450649922459        2.58317922464910        1.04748806089554
C           -2.12268582495729        3.21638487934055        2.53635142626693
H           -2.42558738662226        2.58059260239167        3.37084058511775
H           -1.04875014783418        3.38886967116455        2.62462833972882
H           -2.64061962499411        4.16956896819600        2.64410539305141
14
 energy: -13.662829589741 gnorm: 0.009627870323 xtb: 6.7.1 (edcfbbe)
C           -2.88595440839486        0.16319975605013        1.91994479063946
H           -3.79481790321843       -0.04684635336486        1.35189661843997
H           -3.18010884791933        0.60340592035545        2.87542931615566
H           -2.37822909498528       -0.78302553902951        2.12968263997345
C           -1.97385964135744        1.11010386979775        1.15005523815512
H           -1.91923033092663        0.78627620223340        0.10726567003977
H           -0.96285111691132        1.06202901832880        1.56042860061692
C           -2.46297809725481        2.55893540826636        1.20950562978780
H           -2.00251965423110        3.13017748700175        0.39900406534977
H           -3.54391173882209        2.57887723878233        1.05285471004586
C           -2.12571682719766        3.22244059562360        2.53860619079865
H           -2.45207836482763        2.60658790775973        3.37278080400987
H           -1.05420467208638        3.36842492880958        2.62983662705569
H           -2.61921564186716        4.19335610938535        2.62663619893207
14
 energy: -13.663298991241 gnorm: 0.010328201832 xtb: 6.7.1 (edcfbbe)
C           -2.87970909302841        0.15225913700847        1.92338895098910
H           -3.82250912842129        0.01044489875289        1.38940268268942
H           -3.09992799656006        0.55135719209744        2.91735980466760
H           -2.39461629886946       -0.82158733419737        2.05035788133251
C           -1.97102725562157        1.10924681529706        1.15247630821798
H           -1.92544692497938        0.78502772860959        0.11154413933863
H           -0.96160558699246        1.06589170575639        1.56107096042773
C           -2.46553926332308        2.56051991436202        1.20822197983941
H           -1.99912780518024        3.13013399612401        0.40277715952354
H           -3.54383644742796        2.57561520136610        1.05062488986818
C           -2.13285346790683        3.23469868094131        2.53735467592976
H           -2.54052457579246        2.66052297382360        3.37027485613766
H           -1.05325953968852        3.30746901429067        2.66644814879135
H           -2.56569295620841        4.23234262576766        2.58262466224719
14
 energy: -13.663381228172 gnorm: 0.014970839869 xtb: 6.7.1 (edcfbbe)
C           -2.87905952697459        0.14522436233550        1.92372729190790
H           -3.82101145398869        0.02485123555072        1.40817063749080
H           -3.07640736119150        0.51562260750736        2.91762332974986
H           -2.41316526766814       -0.82480349780773        2.01858417258183
C           -1.96999775280978        1.11011699137621        1.15464347561563
H           -1.92506610111921        0.78643356526914        0.11496584304714
H           -0.96106902317382        1.07187364022252        1.56475846676543
C           -2.47056476869260        2.56071789873578        1.20972844866581
H           -2.00513083089888        3.13106996496046        0.40557961189743
H           -3.54901081071048        2.57153058790798        1.05435638214418
C           -2.13336703150929        3.23934116519895        2.53927826185465
H           -2.56982081704639        2.69233936605615        3.36961521802621
H           -1.05487922010388        3.27981906783982        2.68012733508407
H           -2.52712637411288        4.24980559484697        2.56276862516913
14
 energy: -13.663533236200 gnorm: 0.014372958681 xtb: 6.7.1 (edcfbbe)
C           -2.86813975326542        0.14354476811793        1.92803836064978
H           -3.85011855352666        0.08396410820204        1.45385090978415
H           -2.99666490553140        0.47107372485254        2.96119044607496
H           -2.42592784174733       -0.85544907445185        1.94279992200904
C           -1.97069891027103        1.11024219672971        1.15518966372338
H           -1.93004738280570        0.78735338683893        0.11388223403352
H           -0.95520210384372        1.07032291705406        1.55634664005471
C           -2.46953395815004        2.55835502940013        1.21188518977219
H           -1.99658858765894        3.12772355067283        0.40942299700676
H           -3.54897664850961        2.57474794527915        1.04283923658793
C           -2.14727436806737        3.23883226263189        2.54151132814324
H           -2.65169883509738        2.73647708533332        3.37202735129491
H           -1.06797582471826        3.21494664042467        2.71682345557206
H           -2.47682866680729        4.29180800891447        2.51811936529343
14
 energy: -13.663733622454 gnorm: 0.006706973510 xtb: 6.7.1 (edcfbbe)
C           -2.87062885526961        0.15085192595250        1.92825211886398
H           -3.84518825020239        0.06980848109618        1.44279728080908
H           -3.02227190374120        0.49508530302040        2.95244550625810
H           -2.42170624513415       -0.84451667109300        1.96822482600822
C           -1.97168008837281        1.11013589502293        1.15547503846447
H           -1.92769768805995        0.78466319040641        0.11325621414200
H           -0.95587969474756        1.06488760132486        1.55710177482376
C           -2.46419150183013        2.55820199965866        1.21047383107735
H           -1.99405987475420        3.12629560602205        0.40452360771436
H           -3.54408233345617        2.57776543593452        1.04096786497913
C           -2.14471417972544        3.23687642595298        2.53832015374389
H           -2.61313826323813        2.71341191850035        3.36506691797186
H           -1.07268366885136        3.25179499540713        2.70584662316991
H           -2.50775379261704        4.25868044279385        2.54117534197396
14
 energy: -13.663820595252 gnorm: 0.002141647249 xtb: 6.7.1 (edcfbbe)
C           -2.86762436091773        0.14998365910707        1.92967288598539
H           -3.84714568316745        0.07823932801218        1.45752670534230
H           -3.00437758828361        0.48594448532352        2.95516286198602
H           -2.42580780555416       -0.84337494786180        1.95546871535902
C           -1.97172109634357        1.11036843111260        1.15364338697459
H           -1.93094349361922        0.78472615026894        0.11132073302029
H           -0.95572912134985        1.06616085299812        1.55321658667488
C           -2.46540343992427        2.55810558486826        1.20971156141614
H           -1.99329239144974        3.12760324307964        0.40564332210871
H           -3.54445050593723        2.57743746146998        1.03961644531655
C           -2.14782225439212        3.23593515911478        2.53894475766286
H           -2.63557486690998        2.72324477929714        3.36481674037418
H           -1.07365605186388        3.23258896484381        2.71823406030580
H           -2.49212768028733        4.26697939836557        2.53094833747333
14
 energy: -13.663873007063 gnorm: 0.004088432276 xtb: 6.7.1 (edcfbbe)
C           -2.86270606353867        0.14963538245047        1.93419619047312
H           -3.85428236471898        0.10515961475745        1.48611250867294
H           -2.96578438137284        0.46358453928249        2.97118395171493
H           -2.43671177298720       -0.85394669666987        1.91954734164705
C           -1.97262415692175        1.11092957927631        1.15353332010662
H           -1.93693780865750        0.78488604157403        0.11085813338858
H           -0.95450154338771        1.06607015131129        1.54767173929428
C           -2.46529315259041        2.55811737545470        1.20880589077419
H           -1.98750845170657        3.12727152960500        0.40715471855964
H           -3.54337601571534        2.57919921969112        1.03211588405338
C           -2.15433466859427        3.23576611375800        2.53939149431333
H           -2.67440553705566        2.74456811074552        3.36127271937358
H           -1.08202874641291        3.20287808418423        2.74001003690345
H           -2.46518167634035        4.27982350457906        2.51207317072500
14
 energy: -13.663912373356 gnorm: 0.003852507063 xtb: 6.7.1 (edcfbbe)
C           -2.85909355869554        0.15054945993388        1.93621137487424
H           -3.86029948440580        0.11721940277005        1.50333833379182
H           -2.94508264808792        0.45768012349621        2.97710972813458
H           -2.44297790604968       -0.85351563600649        1.90810530611924
C           -1.97267886848320        1.11045756361806        1.15128254866540
H           -1.94124474426170        0.78465727188835        0.10808596053492
H           -0.95227888232438        1.06433487629085        1.54022690478656
C           -2.46337964171247        2.55746687962291        1.20815491481897
H           -1.98124873538774        3.12705110742173        0.40884386820589
H           -3.54071469292896        2.58075907054194        1.02515830772978
C           -2.15915191067439        3.23374184998487        2.54051134492836
H           -2.69005201838810        2.75080808685455        3.35882330975665
H           -1.09051488608391        3.19185197763920        2.75109461400414
H           -2.45695836251636        4.28088051594370        2.50698058364954
14
 energy: -13.663954574821 gnorm: 0.003865034036 xtb: 6.7.1 (edcfbbe)
C           -2.85472376310028        0.15316588568101        1.94195504169358
H           -3.86072847132593        0.13316168454738        1.52890757582150
H           -2.91970481547989        0.45010433723838        2.98441868677023
H           -2.45218125114797       -0.85531078810766        1.89386619093570
C           -1.97438607315683        1.11015196448745        1.14855595760404
H           -1.95281894590501        0.78381254839574        0.10475307987408
H           -0.94997897324008        1.06106687234598        1.52710718695466
C           -2.45979138273611        2.55797679715784        1.20638441321753
H           -1.96842135343123        3.12677148853776        0.41172315709647
H           -3.53517012981780        2.58633122335732        1.01216756492684
C           -2.16633169244418        3.23134509025657        2.54163894790923
H           -2.70953441346309        2.75718980763612        3.35233805810154
H           -1.10354466918534        3.17870814278209        2.76610436086149
H           -2.44836040556641        4.27946749568383        2.50400687823319
14
 energy: -13.663985398264 gnorm: 0.005790589489 xtb: 6.7.1 (edcfbbe)
C           -2.84717071021917        0.15542034924747        1.94941445333640
H           -3.87068612856033        0.16413660015906        1.57096165627843
H           -2.86908119568362        0.43388582044378        3.00263001967839
H           -2.46527971573784       -0.86016720724958        1.86519954687780
C           -1.97512751787098        1.10944781587005        1.14309572854732
H           -1.96876927861742        0.78158817604690        0.09902838670936
H           -0.94567477092181        1.05793624487614        1.50798953321039
C           -2.45482230497522        2.55916278604441        1.20224840574538
H           -1.95045213170674        3.12753636563267        0.41525911705463
H           -3.52739454183911        2.59311271561769        0.99388692338453
C           -2.17687065009787        3.22906538212797        2.54281170597497
H           -2.75446319245338        2.77206919516167        3.34313235003085
H           -1.11962491391797        3.14895582718342        2.79529840220347
H           -2.43025928739868        4.28179247883814        2.49297087096818
14
 energy: -13.664027292122 gnorm: 0.004106312947 xtb: 6.7.1 (edcfbbe)
C           -2.84515775223124        0.15665115045108        1.95173991585841
H           -3.86959680141698        0.16669462440655        1.57868189369089
H           -2.86177929489488        0.43659405598573        3.00296314911018
H           -2.46578388398559       -0.85794331528842        1.87028960014535
C           -1.97564762706270        1.10931906261516        1.14023945922354
H           -1.97549388430305        0.78114189346632        0.09687965824346
H           -0.94481751464406        1.05723378925360        1.50007708489344
C           -2.45336929317811        2.56028830857455        1.20003155164002
H           -1.94336059103999        3.12899147677031        0.41736893155117
H           -3.52465067610409        2.59660953869800        0.98677108934875
C           -2.17929121402521        3.22623582195531        2.54363482291299
H           -2.76035061496166        2.76700599211832        3.33983407437715
H           -1.12402946041191        3.14464865619310        2.79897384914342
H           -2.43234773174069        4.28047149480018        2.49644201986132
14
 energy: -13.664076714985 gnorm: 0.001488021931 xtb: 6.7.1 (edcfbbe)
C           -2.84536966674196        0.15981260959647        1.95285606715534
H           -3.87089569825585        0.17527779493997        1.58698399696592
H           -2.85214762716226        0.44038288107573        3.00297072360478
H           -2.47049755547676       -0.85786833454215        1.87462727850981
C           -1.97514925129145        1.10868645222610        1.13734888148401
H           -1.97900475079236        0.77902091201381        0.09515864579194
H           -0.94417466526503        1.05463564827855        1.49540807805654
C           -2.44999690809053        2.56101617685468        1.19712828176391
H           -1.93690587923473        3.13025738860636        0.41774304663366
H           -3.52040885380159        2.59851965935092        0.98138920849855
C           -2.18039505358865        3.22391039926586        2.54326680918002
H           -2.76175516806951        2.75755275068486        3.33440366697926
H           -1.12551980489840        3.14461035312299        2.80018708805813
H           -2.44345545733107        4.27812785852564        2.50445532731823
14
 energy: -13.664116676150 gnorm: 0.002623815658 xtb: 6.7.1 (edcfbbe)
C           -2.84557022589248        0.16802312406651        1.95779376557133
H           -3.87395552265007        0.19614587244141        1.60640847085406
H           -2.83150173004863        0.44696359298126        3.00774531487283
H           -2.48236953313447       -0.85542739022202        1.87825613719512
C           -1.97397974537571        1.10747468482638        1.13203240236811
H           -1.98692794200233        0.77545672215677        0.09155031561693
H           -0.94194729046059        1.04917453836065        1.48489194159555
C           -2.44306548029605        2.56231407208596        1.19055586680207
H           -1.92008380130187        3.13142264471186        0.41874667209490
H           -3.51113360746383        2.60380757964786        0.96569453686018
C           -2.18444524379088        3.21642941705327        2.54336987267882
H           -2.76218406555725        2.73349884176359        3.32715726737564
H           -1.12957129009619        3.15042528699854        2.80128782305418
H           -2.46894086192980        4.26823356312776        2.51843671306037
14
 energy: -13.664132926477 gnorm: 0.001955336811 xtb: 6.7.1 (edcfbbe)
C           -2.84487030776260        0.16933579456120        1.95994118472482
H           -3.87543734523420        0.20299448666917        1.61471405015500
H           -2.82341274848103        0.44582913745676        3.01061839253574
H           -2.48690429752156       -0.85531417328074        1.87498395997543
C           -1.97439012378674        1.10684776229546        1.13095153286125
H           -1.99090723629892        0.77388466824062        0.09067966496078
H           -0.94134498659642        1.04717534910647        1.48069719846054
C           -2.44054995253746        2.56265871727451        1.18936432730359
H           -1.91258520420420        3.13158352723147        0.42062754303668
H           -3.50744839971013        2.60679938643045        0.95919772430753
C           -2.18700438897304        3.21512833344074        2.54370535830306
H           -2.76274039141145        2.72734923794489        3.32597554614917
H           -1.13210854187176        3.15457136824609        2.80246994256863
H           -2.47597241561066        4.26509895438272        2.52000067465790
14
 energy: -13.664156926246 gnorm: 0.001285124292 xtb: 6.7.1 (edcfbbe)
C           -2.84191912550730        0.17270194017865        1.96747806585030
H           -3.88096584704186        0.22692682455485        1.64572600825476
H           -2.79403628138944        0.43604927503082        3.02153215490346
H           -2.50331745781048       -0.85555103278387        1.85898704640700
C           -1.97591846792879        1.10515342360903        1.12856166872850
H           -2.00517991505438        0.77018155991210        0.08850677153449
H           -0.93881111641370        1.04074907274980        1.46654083629227
C           -2.43239995426214        2.56366305755983        1.18571916534539
H           -1.88627532039007        3.13056591387727        0.42709045986928
H           -3.49504147972931        2.61765976162653        0.93612267480768
C           -2.19606656607854        3.21184902613213        2.54476120411333
H           -2.76636091934292        2.71061039668184        3.32238328962076
H           -1.14117340732377        3.16762141800522        2.80837927233834
H           -2.49821048172747        4.25576191286561        2.52213848193453
14
 energy: -13.664160983134 gnorm: 0.000543598083 xtb: 6.7.1 (edcfbbe)
C           -2.84145843908811        0.17277179164970        1.96747456557972
H           -3.88034790520414        0.22874601071006        1.64780318152899
H           -2.79144092769849        0.43417352421047        3.02135250399723
H           -2.50494159310508       -0.85575934247270        1.85770346808080
C           -1.97572069103733        1.10511699584820        1.12823347495144
H           -2.00523696684376        0.77009502182658        0.08834186762275
H           -0.93877470138613        1.04031365514766        1.46614948159053
C           -2.43197325224584        2.56358658478281        1.18562289752776
H           -1.88672426268316        3.13051291180471        0.42686549122828
H           -3.49441493102693        2.61720461336395        0.93680819578512
C           -2.19633494319703        3.21222353103413        2.54461360719216
H           -2.76896507178839        2.71253082434064        3.32136976922353
H           -1.14212278703548        3.16547122396889        2.80996589923708
H           -2.49721986766028        4.25695520378471        2.52162269645470
14
 energy: -13.664166461901 gnorm: 0.000459363682 xtb: 6.7.1 (edcfbbe)
C           -2.84025296232583        0.17345034509329        1.96832871230022
H           -3.88070643658227        0.23702159908893        1.65683327936620
H           -2.78020350802634        0.42919903767298        3.02273205514565
H           -2.51024875157025       -0.85652374640045        1.85181008686447
C           -1.97500793623082        1.10506526356910        1.12769054832621
H           -2.00627452834158        0.77000286213997        0.08807579206137
H           -0.93779008115178        1.03952416323629        1.46430270815846
C           -2.43123993543718        2.56343233244191        1.18470983260450
H           -1.88503547897192        3.13031928030869        0.42701738938926
H           -3.49320463581843        2.61691850179063        0.93481819093824
C           -2.19803581018469        3.21180465477236        2.54439902392003
H           -2.77714731235780        2.71550562132159        3.31847674172265
H           -1.14545088190419        3.16000461065656        2.81492491487248
H           -2.49507808109709        4.25821802430793        2.51980782433035
14
 energy: -13.664170881509 gnorm: 0.000516926930 xtb: 6.7.1 (edcfbbe)
C           -2.83827516256240        0.17417366314156        1.97006723852849
H           -3.88103235266192        0.24665366653740        1.66867958451909
H           -2.76647467947495        0.42317420458679        3.02538920681515
H           -2.51628848378473       -0.85741793751940        1.84441241313945
C           -1.97468617712247        1.10494056487226        1.12651004892297
H           -2.00775933977341        0.76938317608098        0.08708499742989
H           -0.93695783957885        1.03950643614301        1.46141879925362
C           -2.43033313406722        2.56350286483613        1.18357210402304
H           -1.88209357910516        3.13066005278413        0.42750692756873
H           -3.49172330040365        2.61729068575483        0.93112819021525
C           -2.20095922914879        3.21106455997439        2.54439336179565
H           -2.78813802819304        2.71909672889193        3.31532366344143
H           -1.15033334949928        3.15230855086840        2.82096735701918
H           -2.49062168462428        4.25960533304739        2.51747320732814
14
 energy: -13.664173025332 gnorm: 0.000284552291 xtb: 6.7.1 (edcfbbe)
C           -2.83680124331346        0.17480265149295        1.97130904404191
H           -3.88102022987753        0.25142646932268        1.67576359665835
H           -2.75860655391090        0.42077636005259        3.02687346952459
H           -2.51892394946251       -0.85729282768807        1.84081059243889
C           -1.97455169970917        1.10515824209988        1.12600966611184
H           -2.00943908356803        0.76907197005163        0.08675577836291
H           -0.93606309001105        1.04002010919782        1.45904617147249
C           -2.43034635007457        2.56370696879223        1.18277419331614
H           -1.88023968815005        3.13110656742880        0.42804051137296
H           -3.49134063573703        2.61821223307137        0.92797343953175
C           -2.20283900844257        3.20997263399858        2.54440659771100
H           -2.79559507472494        2.72112694888851        3.31305927913676
H           -1.15352484492682        3.14592255164725        2.82515066002192
H           -2.48638488809152        4.25993167164359        2.51595410029858
14
 energy: -13.664174116427 gnorm: 0.000135536889 xtb: 6.7.1 (edcfbbe)
C           -2.83598932914106        0.17523956259048        1.97218010437085
H           -3.88085736561413        0.25274573584769        1.67857973726766
H           -2.75561135089784        0.42103675667519        3.02773835000463
H           -2.51911067370335       -0.85697140995065        1.84050173653955
C           -1.97488284361074        1.10514913441009        1.12521441828415
H           -2.01109785266637        0.76878158191441        0.08602574076332
H           -0.93590830281872        1.04012660424768        1.45685554137377
C           -2.42999888569943        2.56389446932021        1.18238219504025
H           -1.87868434872026        3.13140204987644        0.42845325915038
H           -3.49069490199406        2.61899225425521        0.92617470233857
C           -2.20390542296670        3.20932384904537        2.54461853165749
H           -2.79924196485554        2.72164695788054        3.31199085722371
H           -1.15524210059373        3.14263790657896        2.82728632322329
H           -2.48445099671825        4.25993709730818        2.51592560276247
14
 energy: -13.664175041430 gnorm: 0.000184326452 xtb: 6.7.1 (edcfbbe)
C           -2.83534149896702        0.17568868857953        1.97283131503142
H           -3.88045119134212        0.25237983094149        1.67968987436927
H           -2.75460512242675        0.42262278662271        3.02811228536746
H           -2.51808577989307       -0.85649095966910        1.84194161787233
C           -1.97524596197631        1.10523120353375        1.12445576031813
H           -2.01308456226753        0.76875299980657        0.08533879827939
H           -0.93577284991371        1.03990716311872        1.45454105875423
C           -2.42974831616344        2.56416293074636        1.18204970158309
H           -1.87742928541940        3.13181206721481        0.42891631846252
H           -3.49019209502935        2.62001446854434        0.92487724004909
C           -2.20452315742146        3.20859035249924        2.54486650301922
H           -2.80187512040269        2.72170922440239        3.31117468947686
H           -1.15637703063253        3.13987568019161        2.82900875941373
H           -2.48294436814480        4.25968611346736        2.51612317800335
