14
 energy: -13.664435392788 gnorm: 0.011640120906 xtb: 6.7.1 (edcfbbe)
C           -2.49341300000000        0.34945400000000       -0.01033300000000
H           -3.57538264000000        0.43278981000000       -0.12359247000000
H           -2.24734451000000       -0.71314897000000        0.04673193000000
H           -2.03397465000000        0.74446750000000       -0.91907423000000
C           -2.00023900000000        1.09707300000000        1.22694500000000
H           -0.90617800000000        1.07679900000000        1.25425000000000
H           -2.33381500000000        0.57262200000000        2.12794700000000
C           -2.47573600000000        2.54906500000000        1.28786500000000
H           -2.14216000000000        3.07351700000000        0.38686300000000
H           -3.56979700000000        2.56933900000000        1.26055900000000
C           -1.98256300000000        3.29668400000000        2.52514300000000
H           -0.89126000000000        3.32285300000000        2.56126900000000
H           -2.33875400000000        4.32789100000000        2.53819100000000
H           -2.32989700000000        2.81479100000000        3.44169600000000
14
 energy: -13.664963897397 gnorm: 0.004348969870 xtb: 6.7.1 (edcfbbe)
C           -2.49014225604156        0.36458975778848       -0.00037186358893
H           -3.57209392941676        0.44738512466418       -0.09460935920213
H           -2.23370848847470       -0.69251511133131        0.05572763983432
H           -2.03823144823395        0.77624363396015       -0.90244478546857
C           -1.99675093417668        1.09902436024784        1.23927144169763
H           -0.90320991819625        1.08089099822506        1.25824137096612
H           -2.34758910854009        0.57781155732078        2.13495093008643
C           -2.48015034379436        2.54700082792116        1.27623139605589
H           -2.13249390285268        3.06947622490575        0.38010769551069
H           -3.57390760965400        2.56370904852723        1.26087888340395
C           -1.98222328140239        3.28035969464476        2.51421954266169
H           -0.89312456386739        3.30024087164027        2.54118273351268
H           -2.34156701057297        4.30802992913227        2.51903153262814
H           -2.33532100477622        2.79194942235340        3.42204307190209
14
 energy: -13.665029755344 gnorm: 0.001536633542 xtb: 6.7.1 (edcfbbe)
C           -2.48930660741729        0.36368473780066        0.00020539787784
H           -3.57172640650575        0.43965760686176       -0.08341835857206
H           -2.22181435533737       -0.68998513942898        0.04688960539796
H           -2.04723456419345        0.79052558815350       -0.89819269086389
C           -1.99863584293520        1.09829270514340        1.24087461617490
H           -0.90624138974081        1.08066337648690        1.26337423381326
H           -2.35682451206231        0.58125260742657        2.13472799005088
C           -2.47869739373785        2.54666664751127        1.27539237687700
H           -2.12667292381562        3.06465458629024        0.37975643717810
H           -3.57133773885273        2.56237159552296        1.25977326924081
C           -1.98185382728394        3.28154719431240        2.51293356284218
H           -0.89411774740074        3.29629961137503        2.53730593228883
H           -2.33947250409068        4.30888310264897        2.51837747604851
H           -2.33657798662626        2.78968211989532        3.41646038164570
14
 energy: -13.665083072652 gnorm: 0.002396927460 xtb: 6.7.1 (edcfbbe)
C           -2.48918833772297        0.36358413070958        0.00046192155366
H           -3.57409680742570        0.41436877699340       -0.06580121351245
H           -2.19330055943578       -0.68255958342095        0.02777572013319
H           -2.06991211467894        0.81820810398333       -0.89478271484403
C           -2.00259351521826        1.09585737723331        1.24566157347645
H           -0.91154770684115        1.07445837542786        1.27780485639595
H           -2.37197568560861        0.58348740543504        2.13627873436040
C           -2.47668244198667        2.54688324558099        1.27256038393094
H           -2.11813266613703        3.05817873392766        0.37708675219624
H           -3.56802758698976        2.56599426801547        1.25242209348852
C           -1.97992377284232        3.28290529105836        2.51136065189137
H           -0.89337009801417        3.29210085007917        2.53548311580994
H           -2.33384031797996        4.31044265867825        2.51648140412006
H           -2.33792218911867        2.79028670629853        3.41166695099978
14
 energy: -13.665109120042 gnorm: 0.001880979756 xtb: 6.7.1 (edcfbbe)
C           -2.48958402083455        0.36337259772506        0.00021493571873
H           -3.57587434173939        0.39585765235044       -0.05931990176038
H           -2.17631503330247       -0.67827106777837        0.01808060164181
H           -2.08374962810009        0.83018719027089       -0.89517034107712
C           -2.00571218678362        1.09458161814821        1.24717342309744
H           -0.91465328337514        1.06893590862976        1.28357585127655
H           -2.37941752901807        0.58252451675943        2.13634552631541
C           -2.47513298203597        2.54753207466133        1.27212967888771
H           -2.11302563305144        3.05728054643672        0.37694396311804
H           -3.56657398324682        2.57125538606011        1.24884349314805
C           -1.97874667423064        3.28373623959898        2.51127341689280
H           -0.89181560964501        3.29175204721610        2.53737885431379
H           -2.33097191938303        4.31213744990364        2.51460091831019
H           -2.33894097525377        2.79331418001770        3.41238981011696
14
 energy: -13.665123690647 gnorm: 0.000940348536 xtb: 6.7.1 (edcfbbe)
C           -2.49072129089365        0.36344758053702        0.00016124254675
H           -3.57839121839385        0.36431353225670       -0.04933950296053
H           -2.14874055077427       -0.66978405195603        0.00400444392538
H           -2.10813747078375        0.84791391001495       -0.89632248697185
C           -2.01077520432889        1.09309947785531        1.24877134741868
H           -0.91936192947877        1.06037054241626        1.29119838254122
H           -2.39079093194708        0.58166737418891        2.13639127892195
C           -2.47195733737890        2.54863070111747        1.27138565042231
H           -2.10340035248722        3.05672885606763        0.37698261966650
H           -3.56385824905888        2.58022676819366        1.24226028906263
C           -1.97712069834913        3.28404426379285        2.51110274290345
H           -0.88940022107985        3.29115882471691        2.54242619627881
H           -2.32678162014860        4.31404895926657        2.51108190498955
H           -2.34107672489714        2.79832960153179        3.41435612125517
14
 energy: -13.665125567617 gnorm: 0.000294318763 xtb: 6.7.1 (edcfbbe)
C           -2.49068855867172        0.36328659324192        0.00046382032415
H           -3.57729705695732        0.36977155344502       -0.05072136949403
H           -2.15417858224828       -0.67073407591861        0.00704230316182
H           -2.10475487420277        0.84373147989703       -0.89597969789130
C           -2.00965823537347        1.09372282034730        1.24804003535439
H           -0.91825189273631        1.06284524310792        1.28821955620778
H           -2.38728149641444        0.58213766269277        2.13650441856058
C           -2.47240472887986        2.54851767069641        1.27153440034022
H           -2.10462017867085        3.05732632878128        0.37730851967432
H           -3.56423106755094        2.57879194914720        1.24306595968350
C           -1.97781938578701        3.28361593150754        2.51113890210953
H           -0.89020832012840        3.28975288177712        2.54266616838435
H           -2.32677980135190        4.31379573512089        2.51132330231248
H           -2.34233962102673        2.79763456615622        3.41385391127222
14
 energy: -13.665126236711 gnorm: 0.000129926450 xtb: 6.7.1 (edcfbbe)
C           -2.49104611525016        0.36312036311791        0.00072999777070
H           -3.57792013279769        0.36912951401545       -0.04869207401363
H           -2.15331035624411       -0.67070072880432        0.00695243085006
H           -2.10620122105922        0.84469864568208       -0.89587653914794
C           -2.00922145230190        1.09394784705832        1.24777211597108
H           -0.91779589035227        1.06360045276526        1.28710908061224
H           -2.38616488811939        0.58254987349255        2.13662604917407
C           -2.47213760344655        2.54863193632085        1.27117925447087
H           -2.10363653731176        3.05741919067690        0.37724881507281
H           -3.56389676364644        2.57882340487337        1.24206562104717
C           -1.97822970416416        3.28334474248953        2.51118483656135
H           -0.89070975777897        3.28783102533306        2.54393856386785
H           -2.32572651536463        4.31397273626546        2.51086908378047
H           -2.34451686216274        2.79782733671358        3.41335299398292
