14
 energy: -13.664435392788 gnorm: 0.011640126635 xtb: 6.7.1 (edcfbbe)
C           -2.49341300000000        0.34945400000000       -0.01033300000000
H           -3.57538264000000        0.43278981000000       -0.12359247000000
H           -2.24734451000000       -0.71314897000000        0.04673193000000
H           -2.03397465000000        0.74446750000000       -0.91907423000000
C           -2.00023900000000        1.09707300000000        1.22694500000000
H           -0.90617800000000        1.07679900000000        1.25425000000000
H           -2.33381500000000        0.57262200000000        2.12794700000000
C           -2.47573600000000        2.54906500000000        1.28786500000000
H           -2.14216000000000        3.07351700000000        0.38686300000000
H           -3.56979700000000        2.56933900000000        1.26055900000000
C           -1.98256300000000        3.29668400000000        2.52514300000000
H           -0.89126000000000        3.32285300000000        2.56126900000000
H           -2.33875400000000        4.32789100000000        2.53819100000000
H           -2.32989700000000        2.81479100000000        3.44169600000000
14
 energy: -13.664963897443 gnorm: 0.004348959764 xtb: 6.7.1 (edcfbbe)
C           -2.49014226654568        0.36458972674637       -0.00037188976912
H           -3.57209392224786        0.44738509119932       -0.09460941151878
H           -2.23370851523627       -0.69251514446514        0.05572762791799
H           -2.03823144371258        0.77624356490650       -0.90244481151212
C           -1.99675093717273        1.09902434739913        1.23927140733592
H           -0.90320992957710        1.08089100585799        1.25824134560788
H           -2.34758911126587        0.57781156162380        2.13495090764053
C           -2.48015033520287        2.54700084100572        1.27623142197876
H           -2.13249389321458        3.06947622830385        0.38010771984113
H           -3.57390759712323        2.56370904579516        1.26087890620645
C           -1.98222327659102        3.28035971978006        2.51421956749662
H           -0.89312456896911        3.30024092674217        2.54118276854544
H           -2.34156701160020        4.30802995417762        2.51903156461865
H           -2.33532099154091        2.79194947092745        3.42204310561064
14
 energy: -13.665029755383 gnorm: 0.001536633421 xtb: 6.7.1 (edcfbbe)
C           -2.48930661234831        0.36368473893460        0.00020538936928
H           -3.57172641335663        0.43965758317597       -0.08341834953844
H           -2.22181433524698       -0.68998513471572        0.04688960065265
H           -2.04723457139281        0.79052559223721       -0.89819270295860
C           -1.99863584488471        1.09829269137554        1.24087461358029
H           -0.90624139206257        1.08066336952780        1.26337423400642
H           -2.35682451902150        0.58125259321944        2.13472798991527
C           -2.47869739240622        2.54666665991859        1.27539238015074
H           -2.12667291862964        3.06465459299106        0.37975643808530
H           -3.57133774082814        2.56237160509490        1.25977327260848
C           -1.98185382218328        3.28154719189882        2.51293356932041
H           -0.89411773928875        3.29629961806543        2.53730593947235
H           -2.33947250004825        4.30888310583208        2.51837746693357
H           -2.33657799830220        2.78968213244429        3.41646038840226
14
 energy: -13.665083072817 gnorm: 0.002396944985 xtb: 6.7.1 (edcfbbe)
C           -2.48918833338433        0.36358414629430        0.00046193778425
H           -3.57409683761669        0.41436856162578       -0.06580099588930
H           -2.19330028264752       -0.68255951860547        0.02777553842616
H           -2.06991233964908        0.81820839490470       -0.89478267954102
C           -2.00259355297342        1.09585736105664        1.24566163759001
H           -0.91154774995684        1.07445830563630        1.27780503379090
H           -2.37197590216451        0.58348745981845        2.13627875605373
C           -2.47668239472367        2.54688325656947        1.27256033381748
H           -2.11813254359371        3.05817867739100        0.37708670110784
H           -3.56802753375773        2.56599428179309        1.25242201148409
C           -1.97992375219505        3.28290528716351        2.51136061880240
H           -0.89337008265165        3.29210086898707        2.53548305617712
H           -2.33384034369200        4.31044263873763        2.51648141599396
H           -2.33792215099379        2.79028661862754        3.41166686440240
14
 energy: -13.665109120231 gnorm: 0.001880996023 xtb: 6.7.1 (edcfbbe)
C           -2.48958401800805        0.36337260963743        0.00021496226290
H           -3.57587436674611        0.39585728733531       -0.05931964264788
H           -2.17631462138574       -0.67827095014731        0.01808035271036
H           -2.08374995288701        0.83018757502552       -0.89517028636545
C           -2.00571225815804        1.09458160108333        1.24717349826331
H           -0.91465336566592        1.06893581035912        1.28357605930234
H           -2.37941780835770        0.58252456173469        2.13634554942416
C           -2.47513293600980        2.54753208566211        1.27212963056469
H           -2.11302545469858        3.05728047145857        0.37694392052244
H           -3.56657393717641        2.57125545824899        1.24884337698999
C           -1.97874664439261        3.28373623887935        2.51127338318342
H           -0.89181558614739        3.29175205247961        2.53737878026970
H           -2.33097191986183        4.31213743486517        2.51460092275200
H           -2.33894093050481        2.79331410337808        3.41238972276802
14
 energy: -13.665123690508 gnorm: 0.000940340406 xtb: 6.7.1 (edcfbbe)
C           -2.49072133283132        0.36344752672151        0.00016123044122
H           -3.57839126949157        0.36431289686199       -0.04933930709451
H           -2.14874005603017       -0.66978391567663        0.00400418268760
H           -2.10813796047321        0.84791417452581       -0.89632250981658
C           -2.01077532444374        1.09309944085835        1.24877135455274
H           -0.91936206290320        1.06037035323338        1.29119853500120
H           -2.39079123653727        0.58166739881930        2.13639124352976
C           -2.47195721444790        2.54863074630066        1.27138562153573
H           -2.10340001974379        3.05672885018274        0.37698264221602
H           -3.56385811081583        2.58022700438166        1.24226010234391
C           -1.97712066531910        3.28404430605734        2.51110277494823
H           -0.88940019163532        3.29115905399002        2.54242621997622
H           -2.32678175138911        4.31404895248781        2.51108200547603
H           -2.34107660393847        2.79832955125609        3.41435613420242
14
 energy: -13.665125567588 gnorm: 0.000294326316 xtb: 6.7.1 (edcfbbe)
C           -2.49068857265235        0.36328659249276        0.00046383264830
H           -3.57729705927691        0.36977148660091       -0.05072132882797
H           -2.15417852926309       -0.67073404477194        0.00704227751011
H           -2.10475494931912        0.84373152261736       -0.89597968074369
C           -2.00965825634211        1.09372281702918        1.24804005631693
H           -0.91825192198947        1.06284519865258        1.28821961746050
H           -2.38728157572008        0.58213769441390        2.13650443098015
C           -2.47240470285610        2.54851768198579        1.27153437043865
H           -2.10462006695908        3.05732631575011        0.37730851576240
H           -3.56423103582868        2.57879201093657        1.24306587096959
C           -1.97781937810595        3.28361592221983        2.51113889622604
H           -0.89020831237423        3.28975301890239        2.54266610402380
H           -2.32677993568574        4.31379567726212        2.51132338088449
H           -2.34233950362709        2.79763444590845        3.41385388635070
14
 energy: -13.665126236684 gnorm: 0.000129923848 xtb: 6.7.1 (edcfbbe)
C           -2.49104611790191        0.36312036973032        0.00073000310590
H           -3.57792013866058        0.36912962377219       -0.04869211041589
H           -2.15331044496611       -0.67070075980509        0.00695248029937
H           -2.10620112901444        0.84469860878433       -0.89587652466682
C           -2.00922145128619        1.09394784596324        1.24777213029890
H           -0.91779589185061        1.06360043924788        1.28710910865000
H           -2.38616490453068        0.58254988306281        2.13662606043144
C           -2.47213759923884        2.54863193840648        1.27117923979350
H           -2.10363652311083        3.05741918048738        0.37724880209845
H           -3.56389675894093        2.57882340640162        1.24206559300948
C           -1.97822970438337        3.28334473754823        2.51118482949761
H           -0.89070975574663        3.28783114957716        2.54393847655129
H           -2.32572664238357        4.31397268698490        2.51086915930112
H           -2.34451673798530        2.79782722983857        3.41335298204565
