14
 energy: -13.658343149092 gnorm: 0.015008496339 xtb: 6.7.1 (edcfbbe)
C           -2.49341300000000        0.34945400000000       -0.01033300000000
H           -1.67049635000000       -0.12946506000000       -0.54313276000000
H           -2.99025202000000        1.02672833000000       -0.70846024000000
H           -3.21093981000000       -0.42872850000000        0.25895710000000
C           -2.00023900000000        1.09707300000000        1.22694500000000
H           -0.90617800000000        1.07679900000000        1.25425000000000
H           -2.33381500000000        0.57262200000000        2.12794700000000
C           -2.47573600000000        2.54906500000000        1.28786500000000
H           -2.14216000000000        3.07351700000000        0.38686300000000
H           -3.56979700000000        2.56933900000000        1.26055900000000
C           -1.98256300000000        3.29668400000000        2.52514300000000
H           -1.79810414000000        2.60947552000000        3.35378742000000
H           -1.05264837000000        3.83134923000000        2.32558841000000
H           -2.71927910000000        4.02861757000000        2.86345322000000
14
 energy: -13.658958048153 gnorm: 0.005795943140 xtb: 6.7.1 (edcfbbe)
C           -2.49267118401470        0.35574471081327       -0.00743766988705
H           -1.67563871039967       -0.12995276494192       -0.53672458113335
H           -2.97680535554311        1.03845337220711       -0.70399629640273
H           -3.21799535145450       -0.41180217651892        0.25685695800084
C           -1.98962786081732        1.10199054885513        1.23292747910531
H           -0.89625317664092        1.10462565323516        1.25316903344854
H           -2.32285768858921        0.58504914040850        2.13678180864426
C           -2.48705824152062        2.54520770523142        1.28451971313484
H           -2.15567394750818        3.06789752078204        0.38296709673450
H           -3.58090090372629        2.54320977408029        1.27303692561689
C           -1.98309341019222        3.28890020551036        2.52105856995621
H           -1.82793509172008        2.60012796825665        3.35079936895030
H           -1.03742635352300        3.79139087428390        2.32318200386262
H           -2.70168351435018        4.04168755779701        2.84229173996881
14
 energy: -13.659725969041 gnorm: 0.007553845250 xtb: 6.7.1 (edcfbbe)
C           -2.48750269638493        0.35889834862733       -0.00869346802454
H           -1.67902542605158       -0.14986896264529       -0.52335136681940
H           -2.94298380478728        1.05308913677396       -0.70795283551229
H           -3.23361940027489       -0.38231296965719        0.25766879255634
C           -1.97370548327986        1.10920184765594        1.23155998174398
H           -0.88239693041852        1.14508276655740        1.23054948675711
H           -2.29074494208939        0.59003714957373        2.13702229789118
C           -2.50781932212835        2.53977618394755        1.28906462344452
H           -2.19867214603052        3.06916713285832        0.38603421459947
H           -3.60011778941387        2.50401128715395        1.31088120758295
C           -1.98592443352530        3.28402520026663        2.51987364461022
H           -1.90132427369241        2.59859682676201        3.36213773060715
H           -1.00059773268963        3.71035451499280        2.32575586983597
H           -2.66118640923349        4.09247162713285        2.79888197072733
14
 energy: -13.660477381629 gnorm: 0.013586949682 xtb: 6.7.1 (edcfbbe)
C           -2.48170171849472        0.36050754673415       -0.01250516221823
H           -1.68141110063436       -0.18110198719271       -0.50596102635320
H           -2.90365405851635        1.06249169700956       -0.72420062660680
H           -3.25463259238390       -0.35004644072897        0.25930818939384
C           -1.95902136041098        1.11567078696879        1.22444374211928
H           -0.87013312723450        1.17962021000650        1.19961477180870
H           -2.24923749176982        0.58488012052626        2.13108482835334
C           -2.52750825510345        2.53423257147887        1.29838140494178
H           -2.25221563112364        3.07711417032793        0.39286032025080
H           -3.61725425660951        2.47013454234914        1.35417683646379
C           -1.98870772432981        3.28088021044613        2.52067490335792
H           -1.97885424445477        2.61172952810206        3.38448220991829
H           -0.96577152732905        3.62838173033243        2.33536766711090
H           -2.61551770160517        4.14803540363986        2.75170409145958
14
 energy: -13.661318757814 gnorm: 0.012536778526 xtb: 6.7.1 (edcfbbe)
C           -2.47685751834300        0.36061027579556       -0.01716428713055
H           -1.68605181143635       -0.22479747894504       -0.48226197934529
H           -2.85741372524976        1.06701396916030       -0.75140261941761
H           -3.28451515271104       -0.31309796760439        0.25985098194938
C           -1.94801345892497        1.12086425357869        1.21332746634948
H           -0.86191009970991        1.20262030045100        1.16769159325300
H           -2.20940901149627        0.57522455705830        2.12073317843689
C           -2.54101372427378        2.52933401267743        1.30982280609209
H           -2.30225421498489        3.08763545078899        0.40191764431814
H           -3.62715843263992        2.44516153072633        1.39309342564929
C           -1.99092490244474        3.27999407223684        2.52253492837345
H           -2.03257561126833        2.63638770990855        3.40514314463616
H           -0.94963156399176        3.57179121954174        2.34886703397722
H           -2.57789156252532        4.18378818462571        2.71727883285833
14
 energy: -13.662504913049 gnorm: 0.015600495073 xtb: 6.7.1 (edcfbbe)
C           -2.47000234372478        0.36338918644363       -0.02250581026548
H           -1.70440462284349       -0.31559872448732       -0.42596335534269
H           -2.76083185583902        1.06840364916211       -0.81206758866892
H           -3.35005632576249       -0.23186119474531        0.25592708821377
C           -1.92958544747234        1.13113664722990        1.19145157123174
H           -0.84735509721102        1.24383607646315        1.10392495450291
H           -2.12872355624354        0.55611643230986        2.10206380136280
C           -2.56385231761848        2.51905002919144        1.33313236455601
H           -2.38834726081985        3.10043554870974        0.42103157928070
H           -3.64299704213423        2.40660457101904        1.45570887708401
C           -1.99590307000891        3.27859476524989        2.52672530406237
H           -2.11143228822834        2.68676039672101        3.43896975629864
H           -0.93398017653584        3.48535553783281        2.37661637420959
H           -2.51814938555772        4.23030716890006        2.66441723347454
14
 energy: -13.663149457688 gnorm: 0.013623795904 xtb: 6.7.1 (edcfbbe)
C           -2.46908195762078        0.36559621787555       -0.02198203439690
H           -1.72347594864702       -0.34578798986372       -0.39848724662747
H           -2.72340463286734        1.05377375759990       -0.83621019104549
H           -3.37051146770846       -0.19532370570519        0.24724496090420
C           -1.92441818774575        1.13603575529957        1.17924367097206
H           -0.84491919743413        1.26451231995305        1.06770585604744
H           -2.08409232144690        0.54508305836736        2.09050249943183
C           -2.57173880369977        2.51246206262535        1.34636554217768
H           -2.41995506475453        3.09797046573660        0.43357165485271
H           -3.64663166741921        2.39500054744274        1.47667240950269
C           -1.99944886281459        3.27848816802502        2.53021147803472
H           -2.14987817372352        2.72136558276405        3.45864897837560
H           -0.93046775719002        3.44352055148108        2.39974248550154
H           -2.48759674692804        4.24983329839864        2.63620208626935
14
 energy: -13.663690300979 gnorm: 0.011640784446 xtb: 6.7.1 (edcfbbe)
C           -2.46866232880649        0.36981355116769       -0.01892066413864
H           -1.74921381557020       -0.37853239100375       -0.36457045758481
H           -2.68006331044520        1.04360113010254       -0.85398173663440
H           -3.39705652512040       -0.14688436723417        0.24208333761867
C           -1.91297698498511        1.14330532872683        1.16814112166963
H           -0.83739161157483        1.29106324298357        1.03469979196515
H           -2.03983775332692        0.54660153646608        2.07831508685529
C           -2.57933829879857        2.50546060822962        1.35342112196128
H           -2.44696931631230        3.09466105789484        0.44096071723401
H           -3.65400174805567        2.37267982731078        1.49577708128443
C           -2.00457297277710        3.27443810694618        2.53245551079132
H           -2.18488183211454        2.74654316343486        3.46775841473589
H           -0.92994297677651        3.40090559977572        2.42394501588104
H           -2.46071131533623        4.25887369519922        2.60934780836110
14
 energy: -13.663954339307 gnorm: 0.015945687247 xtb: 6.7.1 (edcfbbe)
C           -2.46905818188051        0.37600390450149       -0.01723564282698
H           -1.78872613089175       -0.42382902669829       -0.32228675414828
H           -2.62337448636242        1.03217231513586       -0.87619686900124
H           -3.42992448503288       -0.07785081839147        0.23980470184282
C           -1.89248170453195        1.15315056967870        1.15507857505984
H           -0.82326347275100        1.33793863096596        0.98100598959607
H           -1.96910204227511        0.54991048775253        2.06718851203360
C           -2.59264967657117        2.49406881252655        1.36364136533777
H           -2.48439649741282        3.09013824291051        0.45321996973803
H           -3.66454786889408        2.33565743452564        1.52142544776557
C           -2.01329079710713        3.26689675711745        2.53840144177001
H           -2.25657457728079        2.77492760544746        3.48758273988489
H           -0.92186062544844        3.32580435839394        2.45461699848603
H           -2.41637024356002        4.28754081613365        2.56318567446183
14
 energy: -13.664218798847 gnorm: 0.013163583139 xtb: 6.7.1 (edcfbbe)
C           -2.47348445855961        0.37867510381260       -0.01508798884637
H           -1.83065281279192       -0.45190988347637       -0.28978872526609
H           -2.58909619962119        1.01659018570131       -0.88310448864438
H           -3.44765162119291       -0.02450771834865        0.24183609423210
C           -1.87929685539198        1.15911612167241        1.14948766725786
H           -0.81930493520036        1.35984053182033        0.95437039430966
H           -1.93656503436044        0.56773103763977        2.06098252404786
C           -2.59048389078751        2.48888455885717        1.36136038637926
H           -2.48012818415807        3.08504173558615        0.45659952214420
H           -3.66025110592945        2.31542136090069        1.51281603751325
C           -2.01969286364562        3.26117179258716        2.54508568448998
H           -2.26592570220337        2.77916565703932        3.47976135778688
H           -0.94429349207629        3.31954431158504        2.47171744406719
H           -2.40879363408135        4.26776529462306        2.56339624052855
14
 energy: -13.664185445945 gnorm: 0.016362939403 xtb: 6.7.1 (edcfbbe)
C           -2.47099707423987        0.37659133680712       -0.01579949215562
H           -1.84294179015808       -0.49287182491415       -0.26284027719704
H           -2.54639304938551        1.01318607909098       -0.90632453696432
H           -3.47622950120779        0.01349748389314        0.24507896435992
C           -1.86938481038572        1.16590399824748        1.14019181611542
H           -0.81476591203236        1.37346890461987        0.93132648596609
H           -1.90812745966504        0.56756226089622        2.05265393065438
C           -2.59719914732541        2.48914126336099        1.36448761486343
H           -2.50969905619363        3.09702742937659        0.45880365515973
H           -3.66368592878661        2.29933254375969        1.53197047695625
C           -2.02260253932717        3.26092669271993        2.54704934906554
H           -2.28766615658508        2.78710542070160        3.48327581380031
H           -0.94094280249772        3.29682801752451        2.48208771082601
H           -2.39498556221009        4.27483048391604        2.55747063854982
14
 energy: -13.664353266727 gnorm: 0.007467619788 xtb: 6.7.1 (edcfbbe)
C           -2.47113304229793        0.37198311449069       -0.01532247312415
H           -1.82961923816311       -0.46222796626144       -0.28386432794600
H           -2.57977763804066        1.00782658866932       -0.89173476664345
H           -3.45124568084921       -0.02032561115366        0.24670425838232
C           -1.87502502007757        1.16396000247181        1.14305077154237
H           -0.82057857123072        1.36029929621529        0.94235629797037
H           -1.92395510549682        0.56371275766233        2.05640873344798
C           -2.59455076598603        2.49436522547124        1.36086989098829
H           -2.49998503789801        3.10190155229954        0.45414169530607
H           -3.66007409141699        2.31370066419320        1.52431097058394
C           -2.02081327103668        3.26361010120109        2.54549504338066
H           -2.29052333291613        2.77874948650828        3.48594430846836
H           -0.92790064838551        3.29973965492329        2.47961229877329
H           -2.40043934620468        4.28523522330901        2.56145944886990
14
 energy: -13.664480078003 gnorm: 0.003699036160 xtb: 6.7.1 (edcfbbe)
C           -2.47319266868334        0.37376995161253       -0.01530631009023
H           -1.83766211714692       -0.47001327646787       -0.27575890123946
H           -2.57502169651438        1.00672866859884       -0.89342594438474
H           -3.45725429283657       -0.00879431539083        0.24567914589749
C           -1.87340668392541        1.16312570331788        1.14281043101873
H           -0.81842165437661        1.36423407038327        0.93595493989024
H           -1.92178421317680        0.56739232217624        2.05658154093580
C           -2.59152778678044        2.49212197507976        1.36062110696198
H           -2.49078960409558        3.09654154746474        0.45656170340964
H           -3.65696289485873        2.31150550704833        1.51858891932562
C           -2.02201360825845        3.26122544541115        2.54778962915822
H           -2.28152161573681        2.77688113613469        3.48450048606891
H           -0.94023473108937        3.31095738239455        2.47905407336258
H           -2.40582722252064        4.27685397223673        2.56578132968518
14
 energy: -13.664521235607 gnorm: 0.004249977196 xtb: 6.7.1 (edcfbbe)
C           -2.47345140664532        0.37294535537188       -0.01424543915535
H           -1.84392626376881       -0.47950915844617       -0.26643759348945
H           -2.56623444287906        1.00193418243193       -0.89811786724852
H           -3.46316018398403        0.00214304638055        0.24789884265318
C           -1.87034424954856        1.16582698953502        1.14013087654453
H           -0.81716574491199        1.36825617980380        0.92918865337866
H           -1.91493690737313        0.57098438618264        2.05466045404706
C           -2.59171710558128        2.49343743627260        1.35926841741964
H           -2.49340915908561        3.10017065826162        0.45605603750854
H           -3.65659803052279        2.30867193088118        1.51867144110956
C           -2.02311900974420        3.26090337862543        2.54819006972033
H           -2.28454972650146        2.77351449000651        3.48193825656275
H           -0.93951775088580        3.30910683722648        2.48267942657643
H           -2.40749080856803        4.27414437746652        2.56955057437258
14
 energy: -13.664599958575 gnorm: 0.005240561138 xtb: 6.7.1 (edcfbbe)
C           -2.47505888410251        0.37061332778243       -0.01163722870594
H           -1.86094111927868       -0.50019895333856       -0.24484557071456
H           -2.54850181664698        0.98920319012876       -0.90749777939667
H           -3.47687790507821        0.02789935674988        0.25202516592737
C           -1.86245031092095        1.17072962719269        1.13346354838451
H           -0.81341852828290        1.37511822607504        0.91143205554555
H           -1.89840820503880        0.57839318710552        2.05056709930779
C           -2.58939957385258        2.49596641931524        1.35581965655950
H           -2.49441612155120        3.10835383887321        0.45528593940652
H           -3.65281678352902        2.30361099687266        1.51616675625042
C           -2.02605278114375        3.25858017731665        2.55066787760473
H           -2.28948800583766        2.76262108485877        3.48010026895976
H           -0.94189643176089        3.31141790332331        2.48874261953300
H           -2.41589432297594        4.27022170774439        2.57914174133797
14
 energy: -13.664713269384 gnorm: 0.006128953804 xtb: 6.7.1 (edcfbbe)
C           -2.47802665085196        0.36693847547706       -0.00727469194093
H           -1.88021019718859       -0.52049700297831       -0.21952177078633
H           -2.53612648837459        0.97045271025012       -0.91584611602931
H           -3.48768603066046        0.05194961739476        0.25848907804610
C           -1.85581785423468        1.17613798497817        1.12671489998012
H           -0.81016790217320        1.37808664237717        0.89436924086508
H           -1.88725941251924        0.58923789724567        2.04820012716468
C           -2.58341116255218        2.50221935124661        1.34826951724610
H           -2.48403069215901        3.12007591366350        0.45210329232272
H           -3.64606582142089        2.30656110829782        1.50283242551780
C           -2.02924219465910        3.25631195669488        2.55299062209721
H           -2.28113157837139        2.73578502534944        3.47244473938078
H           -0.94443983726817        3.33079517611336        2.49012324858785
H           -2.44200496756660        4.25847523388973        2.60553753754807
14
 energy: -13.664840106282 gnorm: 0.006009953272 xtb: 6.7.1 (edcfbbe)
C           -2.48256089275767        0.36283369020372       -0.00095037511705
H           -1.90288839903696       -0.53764521185658       -0.19407644039992
H           -2.52796204617737        0.95081517013063       -0.91915077508287
H           -3.49975134100141        0.07511607836278        0.26470008041858
C           -1.84955615725839        1.17943982736619        1.12128363298166
H           -0.80499555723405        1.37340772926698        0.88227773085959
H           -1.88201007696694        0.60063708112361        2.04803669558446
C           -2.57180924022793        2.50982697903822        1.33743602307758
H           -2.45931470033818        3.13260326029857        0.44661189649655
H           -3.63622426327597        2.31704538685345        1.47870735681981
C           -2.03216006751556        3.25274301646013        2.55515609033807
H           -2.25446892539093        2.69377686226788        3.46337366285900
H           -0.95173727856149        3.37442774645154        2.48138762622751
H           -2.49018184425722        4.23750247403287        2.64463894493698
14
 energy: -13.664913599711 gnorm: 0.004083080888 xtb: 6.7.1 (edcfbbe)
C           -2.48537560486730        0.36411214088450        0.00127783803798
H           -1.91806379134688       -0.54694879789735       -0.17917840944671
H           -2.51811176034516        0.94249015567027       -0.92259437142996
H           -3.50463166254080        0.09036523383127        0.26364183269846
C           -1.84879647966362        1.17992455747710        1.12019483812593
H           -0.80300079500089        1.37378649004677        0.87723997167494
H           -1.87691689962912        0.60332921484443        2.04824861790374
C           -2.56843211476394        2.51060211466687        1.33541494649631
H           -2.44729858934951        3.13352774401983        0.44704390328022
H           -3.63522708847140        2.32223839326262        1.46717138293976
C           -2.03401308349945        3.25039842590988        2.55671969874590
H           -2.23673354108158        2.67846982994483        3.46009112354032
H           -0.95802981770434        3.39464210833824        2.47536952969834
H           -2.51098956173608        4.22559247900072        2.65879124773471
14
 energy: -13.664965916768 gnorm: 0.002818953096 xtb: 6.7.1 (edcfbbe)
C           -2.48601983413510        0.36532979276417        0.00161644118569
H           -1.93115609947523       -0.55210745001009       -0.17203297497609
H           -2.50490279809357        0.93814891272543       -0.92276780443403
H           -3.51164791811794        0.10441599629606        0.25678332536439
C           -1.84915186834171        1.17763212546627        1.12102556850987
H           -0.80131192272074        1.37017351540297        0.88184340141865
H           -1.87593310881294        0.60080604640559        2.04735222156875
C           -2.56614932929745        2.50849109899292        1.33661434641962
H           -2.43982744666792        3.13134947052099        0.44834248422500
H           -3.63640519455230        2.32555577777429        1.46146963808275
C           -2.03465405693606        3.24978839939272        2.55723851505639
H           -2.21524545342014        2.67175532944772        3.46031690211015
H           -0.96527703431755        3.41714905123603        2.46536552969220
H           -2.52793872511140        4.21404202358492        2.66626455577661
14
 energy: -13.664990209376 gnorm: 0.003012384618 xtb: 6.7.1 (edcfbbe)
C           -2.48642297819522        0.36599657972910        0.00039849475470
H           -1.93759645139191       -0.55857099880441       -0.16283968746539
H           -2.49094651139567        0.93342825056840       -0.92974790769472
H           -3.51453382578247        0.11284264659811        0.24844431940280
C           -1.85255519602219        1.17635952089840        1.12219648295663
H           -0.80305315990760        1.36677346352830        0.88666320576249
H           -1.88061932626419        0.59784055225122        2.04734124977142
C           -2.56644767108381        2.50842217820858        1.33814870303130
H           -2.43949554444247        3.13135730309273        0.44871805038111
H           -3.63833587217759        2.32895527034214        1.46231991081703
C           -2.03365088271208        3.25054385121426        2.55726729134769
H           -2.19452445738225        2.66476990059534        3.45962801309586
H           -0.96777624515187        3.43652916451163        2.45487492454553
H           -2.53966266809075        4.20728240726619        2.67601909929351
14
 energy: -13.665013822904 gnorm: 0.002419304857 xtb: 6.7.1 (edcfbbe)
C           -2.48493047459713        0.36675517336786       -0.00215162231620
H           -1.93885449125850       -0.56091838434226       -0.16101356265307
H           -2.47932828826292        0.93414876406047       -0.93148107795885
H           -3.51679075716526        0.11767081829353        0.23761981967987
C           -1.85610926736391        1.17395319375599        1.12524856629377
H           -0.80462378969766        1.36370094732648        0.89472880519567
H           -1.88833414279326        0.59190853159299        2.04852724600179
C           -2.56874100172140        2.50683636914240        1.34090745491609
H           -2.44385287230740        3.12765378972910        0.44935590187194
H           -3.64058083406901        2.32924133120976        1.46787225584485
C           -2.03237079182659        3.25286012178859        2.55591613048482
H           -2.17883675637548        2.66541304074078        3.45965501484579
H           -0.96798124272026        3.44879776417841        2.44533319829737
H           -2.54428607984128        4.20450862915588        2.67891401949611
14
 energy: -13.665039007681 gnorm: 0.000960101207 xtb: 6.7.1 (edcfbbe)
C           -2.48365682937097        0.36751585233273       -0.00346297414650
H           -1.93889997276953       -0.56066980640460       -0.16151993025860
H           -2.47048069235664        0.93573629268975       -0.93143391571682
H           -3.51762453074319        0.12193985657458        0.23078052283910
C           -1.85721623971547        1.17346004214875        1.12718060847638
H           -0.80499010299980        1.36247402390096        0.90037793957330
H           -1.89553842436437        0.59112634264449        2.05071469240839
C           -2.57116954412962        2.50589400672769        1.34187265084306
H           -2.45185510888306        3.12528410231097        0.44929202125462
H           -3.64062638493008        2.32418358990107        1.47571082235359
C           -2.03052458702916        3.25385455971951        2.55399669390790
H           -2.17323361973381        2.66675111168279        3.45880995374623
H           -0.96650465378666        3.44998666590881        2.43896344207603
H           -2.54330009918770        4.20499344986249        2.67814962264326
14
 energy: -13.665067499478 gnorm: 0.001260956584 xtb: 6.7.1 (edcfbbe)
C           -2.48014761743034        0.36938651455039       -0.00743236960318
H           -1.93962729562102       -0.56165031725930       -0.16046098958024
H           -2.45241814719960        0.93824520941365       -0.93410014590683
H           -3.51803298423900        0.13183798724744        0.21684819860032
C           -1.85997478538081        1.17191185485225        1.13059026944297
H           -0.80633509756657        1.35964595358584        0.91194346221290
H           -1.90848660963488        0.58770270724749        2.05316774846064
C           -2.57655952551163        2.50335779978804        1.34502228157374
H           -2.46876274897290        3.11958307332123        0.44984371004488
H           -3.64212262989078        2.31544090050831        1.49238341045583
C           -2.02685510170023        3.25645926789714        2.55045933937757
H           -2.16210151255699        2.67075386235802        3.45764904060519
H           -0.96380927576143        3.45292502865115        2.42679192997245
H           -2.54038745853387        4.20693024783835        2.67672626434370
14
 energy: -13.665084495564 gnorm: 0.001177174107 xtb: 6.7.1 (edcfbbe)
C           -2.47779745258742        0.37092421163965       -0.01001011989135
H           -1.94014504449640       -0.56247990760798       -0.15886525106405
H           -2.44068492077113        0.93994766285189       -0.93635102333867
H           -3.51833619349433        0.13767967283915        0.20626422923585
C           -1.86266064389373        1.17015474240092        1.13306188063248
H           -0.80821344344726        1.35890476766721        0.91959137630672
H           -1.91455133872500        0.58296820830064        2.05333567037545
C           -2.58023888709648        2.50090160305328        1.34845205520619
H           -2.47880790461751        3.11497944364391        0.45102588216681
H           -3.64474058381745        2.31189427963364        1.50248842671185
C           -2.02457782793591        3.25802599503947        2.54870591407169
H           -2.15421010373417        2.67496565062839        3.45842427312866
H           -0.96252190479879        3.45524355045663        2.41850375911941
H           -2.53813454058450        4.20842020945319        2.67480507733891
14
 energy: -13.665098537393 gnorm: 0.000394392457 xtb: 6.7.1 (edcfbbe)
C           -2.47554355085071        0.37240166847606       -0.01216739851710
H           -1.94095361339855       -0.56352673365875       -0.15738395364009
H           -2.42996544653404        0.94130908525615       -0.93838511135181
H           -3.51853836505771        0.14310178937284        0.19642358787454
C           -1.86559668952235        1.16820168525338        1.13540945480447
H           -0.81043831169775        1.35860143682084        0.92580584409170
H           -1.91911212449241        0.57796813016540        2.05336488032777
C           -2.58347465723771        2.49828248569588        1.35223319601781
H           -2.48656825053328        3.11035380396182        0.45256672074569
H           -3.64776482771690        2.30982206159846        1.51084091795688
C           -2.02275016861094        3.25939015076157        2.54733807374875
H           -2.14634879607609        2.67913408064004        3.45950479336156
H           -0.96176572641267        3.45792256791518        2.41062418851759
H           -2.53680026185894        4.20956787774112        2.67325695606217
14
 energy: -13.665107674682 gnorm: 0.000296213485 xtb: 6.7.1 (edcfbbe)
C           -2.47385823636092        0.37389007757773       -0.01377596059109
H           -1.94200665027730       -0.56419253544088       -0.15581167702578
H           -2.42017617377662        0.94289606207823       -0.93970167751660
H           -3.51915529638265        0.14820891200383        0.18755530995253
C           -1.86791974646650        1.16650115423768        1.13772619716443
H           -0.81198476743451        1.35789820134837        0.93208073989679
H           -1.92348119928257        0.57374888243618        2.05380192188929
C           -2.58626319026647        2.49612630820042        1.35499697930640
H           -2.49340583313985        3.10654501586403        0.45346626713463
H           -3.65021757268459        2.30769576412152        1.51770711455796
C           -2.02109568437455        3.26030845643853        2.54588210379574
H           -2.13819656709007        2.68193467374024        3.46006570432179
H           -0.96138561656820        3.46131207414832        2.40297121047500
H           -2.53647425589525        4.20965704324579        2.67246791663885
14
 energy: -13.665113595050 gnorm: 0.000420914758 xtb: 6.7.1 (edcfbbe)
C           -2.47232438025235        0.37460009308778       -0.01536746480203
H           -1.94272150491065       -0.56509886991218       -0.15532851510850
H           -2.41259355790105        0.94383027999318       -0.94076148506268
H           -3.51919768552000        0.15206214469741        0.18081836839056
C           -1.87002784129928        1.16509144675528        1.13937888485717
H           -0.81348537642879        1.35658018495819        0.93693837399765
H           -1.92809482480054        0.57082726907700        2.05428401713912
C           -2.58816319931450        2.49465406327234        1.35730369348443
H           -2.49827464729151        3.10360654633562        0.45447507751808
H           -3.65161742736892        2.30608063241532        1.52330333349371
C           -2.01978525611168        3.26160490562614        2.54479347753259
H           -2.13119213261445        2.68378321076801        3.45997226773381
H           -0.96124207600683        3.46506162858155        2.39676831606962
H           -2.53690088017949        4.20984655434435        2.67285380475642
14
 energy: -13.665118007673 gnorm: 0.000263565490 xtb: 6.7.1 (edcfbbe)
C           -2.47128871467972        0.37563510594877       -0.01635243744794
H           -1.94311631072202       -0.56504242389095       -0.15473558918422
H           -2.40651988586683        0.94521599462727       -0.94115867836985
H           -3.51939429715815        0.15526824716603        0.17551638183056
C           -1.87145494643769        1.16399702004608        1.14116654117640
H           -0.81427509245123        1.35510044365731        0.94171557664036
H           -1.93244717740978        0.56859204666565        2.05519203390012
C           -2.58983041537710        2.49355022031626        1.35852416327215
H           -2.50237530976440        3.10128790118243        0.45465834051495
H           -3.65274573856817        2.30471359461529        1.52752329754554
C           -2.01856362596477        3.26217806083576        2.54354019779899
H           -2.12461846761267        2.68447597633118        3.45943681434740
H           -0.96120748799261        3.46853586758818        2.39110583295337
H           -2.53778331999492        4.20902203491073        2.67329967502213
14
 energy: -13.665121306938 gnorm: 0.000144486625 xtb: 6.7.1 (edcfbbe)
C           -2.47038657529802        0.37608644407874       -0.01739145250705
H           -1.94309175459686       -0.56517528932426       -0.15495952249749
H           -2.40152764854400        0.94648574062584       -0.94134747211490
H           -3.51947582302935        0.15722714593534        0.17080469011351
C           -1.87299797875379        1.16293583113031        1.14258190507184
H           -0.81519994038810        1.35351118927738        0.94621495365718
H           -1.93697413058914        0.56667891230963        2.05586532397446
C           -2.59100342580750        2.49275949905180        1.35968397770457
H           -2.50562341362737        3.09933574213617        0.45492144545722
H           -3.65335513749067        2.30361222359460        1.53125684742837
C           -2.01747741813395        3.26311837726722        2.54255855608451
H           -2.11854542139119        2.68511864699756        3.45885331629153
H           -0.96126620715924        3.47223702493969        2.38611760524736
H           -2.53869591519086        4.20859860197996        2.67427197608885
14
 energy: -13.665123538378 gnorm: 0.000131368599 xtb: 6.7.1 (edcfbbe)
C           -2.46945102492075        0.37673684293531       -0.01828478805419
H           -1.94260165249322       -0.56481074000793       -0.15540073716754
H           -2.39780193740896        0.94787941970798       -0.94151242471876
H           -3.51911784360333        0.15867964755029        0.16720150812446
C           -1.87438237559989        1.16198365967275        1.14404010494524
H           -0.81604624901763        1.35182385617009        0.95014150314586
H           -1.94106468806241        0.56504274594378        2.05674023679068
C           -2.59220701811020        2.49201975127670        1.36066333638092
H           -2.50828912683988        3.09756646843415        0.45515950170072
H           -3.65418176758679        2.30296051332105        1.53434178662189
C           -2.01647161583618        3.26378165870587        2.54157276861046
H           -2.11342504366272        2.68560736995813        3.45818870627346
H           -0.96120733478508        3.47515015364327        2.38174597221154
H           -2.53937311207299        4.20810874268856        2.67483467513520
14
 energy: -13.665124947572 gnorm: 0.000108278147 xtb: 6.7.1 (edcfbbe)
C           -2.46884546811231        0.37712604387924       -0.01891341336858
H           -1.94201767092229       -0.56444289101470       -0.15595029894974
H           -2.39505997050526        0.94920522775981       -0.94140636929984
H           -3.51900702378487        0.15928347776332        0.16421316368201
C           -1.87551441483867        1.16119089783371        1.14510145209596
H           -0.81671316144072        1.35072335060524        0.95343914327623
H           -1.94426985366587        0.56354927821904        2.05717655966564
C           -2.59299332888241        2.49144562538030        1.36145088499448
H           -2.51034511385204        3.09612511628379        0.45523899214049
H           -3.65469902853569        2.30246564472901        1.53675283485364
C           -2.01573494214304        3.26435284476133        2.54087728693671
H           -2.10949674559547        2.68629362817491        3.45789515988696
H           -0.96121470812014        3.47727954456103        2.37837672328628
H           -2.53970935960125        4.20793230106396        2.67518003079970
14
 energy: -13.665125819007 gnorm: 0.000087158919 xtb: 6.7.1 (edcfbbe)
C           -2.46828056467543        0.37750880305890       -0.01944731559057
H           -1.94140286464255       -0.56403656531660       -0.15653711853339
H           -2.39320165127041        0.95028607822345       -0.94141237362294
H           -3.51870888076034        0.15965739862023        0.16208052146381
C           -1.87642856151768        1.16056305144093        1.14599964215951
H           -0.81731056661396        1.34987022426623        0.95589844121767
H           -1.94656908837563        0.56237785565909        2.05760449477788
C           -2.59374926093897        2.49093564262980        1.36215330300511
H           -2.51198338265508        3.09499464042778        0.45544469155597
H           -3.65530294695314        2.30209459968074        1.53860266510227
C           -2.01511492898191        3.26476867366095        2.54030131691753
H           -2.10685891214149        2.68699295938401        3.45768213859756
H           -0.96105266125511        3.47856058697895        2.37595741895891
H           -2.53965651921835        4.20795614128555        2.67510432399061
