14
 energy: -13.654454149842 gnorm: 0.015037534887 xtb: 6.7.1 (edcfbbe)
C           -1.11692296000000        0.79907885000000        0.01700125000000
H           -0.06335508000000        0.97848858000000        0.23663216000000
H           -1.38923211000000        1.42679509000000       -0.83432197000000
H           -1.21694824000000       -0.24207331000000       -0.29752541000000
C           -2.00023900000000        1.09707300000000        1.22694500000000
H           -1.45404433000000        0.85999429000000        2.14541718000000
H           -2.87165405000000        0.43478552000000        1.21521909000000
C           -2.47573600000000        2.54906500000000        1.28786500000000
H           -2.14216000000000        3.07351700000000        0.38686300000000
H           -3.56979700000000        2.56933900000000        1.26055900000000
C           -1.98256300000000        3.29668400000000        2.52514300000000
H           -2.75668487000000        3.95752463000000        2.92132115000000
H           -1.69636885000000        2.60789220000000        3.32144001000000
H           -1.11191241000000        3.91365312000000        2.29223136000000
14
 energy: -13.655364600046 gnorm: 0.007365609667 xtb: 6.7.1 (edcfbbe)
C           -1.11356223495057        0.79269277206570        0.01013976359608
H           -0.06911008015019        1.01106980437128        0.22917986387326
H           -1.41056291143142        1.39412960275814       -0.84820159654401
H           -1.18449910700694       -0.25572870385279       -0.27812568252082
C           -2.00288962077699        1.08931090876915        1.21631795756998
H           -1.45175198485542        0.83419786062809        2.12450167860250
H           -2.87095390163720        0.42608035341041        1.18643134071705
C           -2.47778264341690        2.55014940399013        1.29851188603887
H           -2.14864777468129        3.08469597265817        0.40461649812018
H           -3.57003523179348        2.57286136067298        1.28325548615314
C           -1.98193816284133        3.30967783434524        2.53127842512414
H           -2.74338442577846        3.99284741722777        2.90523787621624
H           -1.73009505499647        2.62400721175459        3.33832625934749
H           -1.09240476568334        3.89582517120113        2.30332006370590
14
 energy: -13.656666634397 gnorm: 0.009448189156 xtb: 6.7.1 (edcfbbe)
C           -1.10779691278951        0.79852971130065        0.00376721958463
H           -0.08120732919319        1.11083942963280        0.20897935337487
H           -1.46590740763116        1.33201517560878       -0.87834959556188
H           -1.10555945581449       -0.27026915331632       -0.22090782625215
C           -2.00934923150732        1.08109844392404        1.20721421804001
H           -1.46214574842460        0.80424730813602        2.10852844308173
H           -2.87943979999790        0.42640679927529        1.14364930121639
C           -2.48417551534223        2.55117478944112        1.30695959645874
H           -2.16700621722619        3.09365483282973        0.41701875009746
H           -3.57395293822465        2.56817704700410        1.32015448344607
C           -1.97162252690851        3.31302829401252        2.53739535042744
H           -2.70155586815842        4.05694885566318        2.85643313225940
H           -1.80439855524350        2.63071611016730        3.37211999727773
H           -1.03350039353829        3.82524932632077        2.32182739654955
14
 energy: -13.657645117539 gnorm: 0.023677073622 xtb: 6.7.1 (edcfbbe)
C           -1.09960630028783        0.81477826619308        0.00299841573247
H           -0.09965182255163        1.24049463518367        0.18341635816094
H           -1.52415680957403        1.26015627205333       -0.90790350027876
H           -0.99832121851208       -0.27180447998773       -0.15149144663713
C           -2.01981141608409        1.07548013180394        1.19903062314740
H           -1.48996611250942        0.77634484916300        2.10180786014763
H           -2.89459779937121        0.43289854017454        1.09500229842056
C           -2.49615533264009        2.54853526558640        1.31520877187526
H           -2.20487366596593        3.09626865160146        0.42140148078097
H           -3.58428293341505        2.55420060929470        1.36907329623637
C           -1.95482873151759        3.30610946240781        2.53856318398640
H           -2.63120091622406        4.13659359236242        2.78981934618076
H           -1.89585945003170        2.63516737200573        3.40848658311866
H           -0.95430539131524        3.71659380215761        2.33937654912847
14
 energy: -13.658772734822 gnorm: 0.014989669701 xtb: 6.7.1 (edcfbbe)
C           -1.09297992524463        0.82858380984929        0.01138677642157
H           -0.10938544471084        1.27330614701061        0.18544529392481
H           -1.51576654334643        1.24771964019319       -0.90353027733879
H           -0.96317449626990       -0.24896977725384       -0.13402574170652
C           -2.02740689644045        1.07613274231748        1.19798687541392
H           -1.51854960438497        0.76737490316682        2.11042417793937
H           -2.90637017890327        0.44146300431360        1.07214278140304
C           -2.50610036073940        2.54416543699995        1.31653309349528
H           -2.24059787582216        3.09172225323859        0.41296101799220
H           -3.59420544188476        2.53915381799172        1.39778325311426
C           -1.94248167981872        3.29611959756382        2.53037231420089
H           -2.58914123766202        4.14946559175200        2.76737139901780
H           -1.90711131946387        2.64201315874396        3.40688433621462
H           -0.93434689530852        3.67356664411278        2.33305451990755
14
 energy: -13.660262866746 gnorm: 0.011233699289 xtb: 6.7.1 (edcfbbe)
C           -1.07876120777813        0.85746623605527        0.03061916612981
H           -0.13438126300747        1.37932914740267        0.20025473983859
H           -1.51621333477893        1.21051796749370       -0.90091418672075
H           -0.86286886153402       -0.21059659306628       -0.08186328186231
C           -2.05356699182673        1.07667064885022        1.18629354721956
H           -1.58629630740858        0.75446863181232        2.11884522024128
H           -2.92620464519768        0.43985822552401        1.01970198386817
C           -2.53370033448662        2.53336969578274        1.32466372451327
H           -2.31761435904306        3.08044934610890        0.40353028971621
H           -3.61959520678158        2.52844544234165        1.45752948942193
C           -1.91450887589857        3.27405712720194        2.51095293864583
H           -2.48541441555171        4.18666605172263        2.71956593522812
H           -1.94117156183684        2.64956530473283        3.40173823252481
H           -0.87732053486993        3.56154973803734        2.31387202123549
14
 energy: -13.661319649307 gnorm: 0.011131189843 xtb: 6.7.1 (edcfbbe)
C           -1.06630092897816        0.89033331418702        0.05360995183280
H           -0.16130744509260        1.46548131805250        0.23163587721535
H           -1.49848545648904        1.19808124519984       -0.89178343906048
H           -0.78858682084655       -0.15862630806049       -0.03953657442766
C           -2.08175273578133        1.07276095980284        1.17647112894593
H           -1.65037431333960        0.73443270624964        2.12418123560858
H           -2.94047374161374        0.42532762032777        0.96983527710744
C           -2.56128339893263        2.51852237395923        1.33507737414100
H           -2.39124944386942        3.06340046339963        0.39975490520923
H           -3.64203085651634        2.52370588737855        1.51238448547795
C           -1.88602606904768        3.25382209555986        2.48692282972373
H           -2.38677034208633        4.20873685904261        2.67240044208245
H           -1.95782468989792        2.66483897948347        3.39736316212274
H           -0.83515165750844        3.46099945541743        2.27647316402097
14
 energy: -13.661717642943 gnorm: 0.023205360079 xtb: 6.7.1 (edcfbbe)
C           -1.05434111688302        0.92549458836002        0.07724283506198
H           -0.19945999752606        1.59130322801547        0.26813188998256
H           -1.49144629199880        1.16603228395168       -0.89585925971372
H           -0.68010200528520       -0.11287543734309        0.03019318409357
C           -2.11694831268120        1.06622750111716        1.16351246303228
H           -1.72168160922013        0.70087552661637        2.12011540172881
H           -2.96659047633360        0.42018391190827        0.90321410126149
C           -2.59460676614706        2.50664179423929        1.34449422410392
H           -2.47212520100184        3.05311584683160        0.40040848699785
H           -3.66791837590558        2.51426108115873        1.57958276998751
C           -1.85263110290086        3.23127218984915        2.46288055626074
H           -2.27160562228311        4.23855936472077        2.61284840398308
H           -1.97566181353298        2.68260172149829        3.39698849299345
H           -0.78249920830028        3.33812336907618        2.24103627022650
14
 energy: -13.662266201242 gnorm: 0.018345591847 xtb: 6.7.1 (edcfbbe)
C           -1.05077450694207        0.94213661590744        0.09591125416390
H           -0.22091823461534        1.61525366623212        0.31538050103713
H           -1.45208670661285        1.18709951008217       -0.88506119161779
H           -0.66268907844816       -0.07899155499654        0.05163732804230
C           -2.13846503936746        1.06242946571140        1.15684732600191
H           -1.75679750481329        0.68599284548378        2.11192941996719
H           -2.97787536491713        0.41626517165271        0.87798964749076
C           -2.61372843313759        2.50018064966198        1.34818959189413
H           -2.50876295254009        3.04482547029619        0.40582357320669
H           -3.67833656727909        2.51397186423337        1.60374712836092
C           -1.83750156583852        3.21980377170820        2.44394181822966
H           -2.22812709649558        4.21113864354522        2.59851260946019
H           -1.92973557951059        2.69600797096173        3.37825441007446
H           -0.79181926948191        3.30570287952012        2.20168640368861
14
 energy: -13.661768038859 gnorm: 0.032484225136 xtb: 6.7.1 (edcfbbe)
C           -1.04310676704526        0.96378482147645        0.10704808937138
H           -0.23290835927728        1.61704947272038        0.33892436730213
H           -1.40981690246652        1.23275081460980       -0.86282818600836
H           -0.66669916312860       -0.02795202640708        0.04558428746692
C           -2.14397318674246        1.04907327054947        1.15800761081196
H           -1.76702265839759        0.65768426764982        2.10372021132493
H           -2.97413190479277        0.40722141558044        0.85532609340830
C           -2.63527062109998        2.48350381276781        1.36336504078069
H           -2.55545002652359        3.02521768810433        0.41908487504208
H           -3.69090284168799        2.48487322493501        1.64709902850412
C           -1.83225927804174        3.21770464908943        2.43063734489512
H           -2.17653382073662        4.25972616844817        2.53603880565036
H           -1.95449653260351        2.72351619255530        3.39989984230431
H           -0.76504583745576        3.22766319792053        2.16288240914612
14
 energy: -13.662984383824 gnorm: 0.008240745438 xtb: 6.7.1 (edcfbbe)
C           -1.04287118536144        0.96390570878479        0.10946207534896
H           -0.24191429489263        1.66119892672109        0.34651443643168
H           -1.42587636242069        1.20140644230617       -0.87742544658753
H           -0.62218059693958       -0.04012613482357        0.07399761508305
C           -2.15508256980280        1.05031041255738        1.15094686274255
H           -1.79241876469981        0.65250002959068        2.10418521666050
H           -2.99069406813172        0.41645830669229        0.83388977078117
C           -2.63505907954230        2.48785976791038        1.36146970614165
H           -2.56485099233910        3.03235633334764        0.41449019873762
H           -3.69013377058078        2.49018782405610        1.65880134733244
C           -1.82098765598890        3.21313538774513        2.42874766861123
H           -2.16233529031439        4.24461691378327        2.54117068780764
H           -1.93942312290540        2.71832588139623        3.39067523788439
H           -0.76379014608013        3.22968116993226        2.16786444302470
14
 energy: -13.663114104057 gnorm: 0.004620048338 xtb: 6.7.1 (edcfbbe)
C           -1.03880762142995        0.97042281720662        0.11663886617457
H           -0.24720565776430        1.67424006575373        0.35941976803208
H           -1.41706941118593        1.20403321573075       -0.87658697320112
H           -0.61074670541300       -0.02872557067166        0.08895498926140
C           -2.16100298384949        1.04900164040151        1.14716407965355
H           -1.80876684938545        0.64329322587990        2.10040028543254
H           -2.99502708684375        0.42208345369909        0.81576836787490
C           -2.64247486309814        2.48590326824772        1.36523120066900
H           -2.58509209703920        3.03132557333520        0.41870115747900
H           -3.69203032400580        2.48336262442055        1.67620248207904
C           -1.81548612274830        3.21052636170835        2.42228012001015
H           -2.14405933555964        4.24257426111155        2.52704403767312
H           -1.92931759442622        2.72301341681511        3.38666809527584
H           -0.76053124725048        3.21076261636142        2.15690334358598
14
 energy: -13.663238613348 gnorm: 0.004244714943 xtb: 6.7.1 (edcfbbe)
C           -1.03144721031832        0.98406542627235        0.13188963584322
H           -0.26087027905120        1.70614145209095        0.39279595011344
H           -1.39097028664993        1.22094822567013       -0.86526978210544
H           -0.57999700909191       -0.00377128735731        0.11044257035932
C           -2.17814443969251        1.04136777791845        1.13818546615024
H           -1.85050694215089        0.61611221939124        2.09127633149844
H           -3.00794723540201        0.42966308068621        0.77214926856058
C           -2.65970257634116        2.47717584117437        1.37574259311581
H           -2.63391603399013        3.02284404926278        0.42820824969239
H           -3.69720988270732        2.46596071342462        1.72168551147710
C           -1.80060215298560        3.20458170491524        2.40684170099882
H           -2.09644660963609        4.24815913782860        2.49030287135899
H           -1.90746046830178        2.73949764099863        3.38444921754629
H           -0.75239677368076        3.16907098772357        2.12609023539087
14
 energy: -13.663270918317 gnorm: 0.006391482570 xtb: 6.7.1 (edcfbbe)
C           -1.03127798771400        0.98199349534234        0.13215623033468
H           -0.25583093396129        1.69030718331178        0.39734685569079
H           -1.38495461021623        1.23054031689107       -0.86519209679055
H           -0.59006857564181       -0.00834220219055        0.10785962155675
C           -2.17571793380347        1.04206860661768        1.13640218080067
H           -1.85166074822032        0.61171106616698        2.08580131894751
H           -3.00484104745117        0.43775506193532        0.76568541137486
C           -2.65873913292989        2.47749378951906        1.37885330982457
H           -2.63910692242144        3.02473019188869        0.43402863151846
H           -3.69177758800670        2.45910989452142        1.72947324136935
C           -1.80282694842803        3.20811248770638        2.40649216185331
H           -2.10484151044449        4.24623762872431        2.48718116606090
H           -1.89870127539905        2.74114500528018        3.38484969037295
H           -0.75727268536173        3.17895444428519        2.12385209708582
14
 energy: -13.663329868302 gnorm: 0.006078094047 xtb: 6.7.1 (edcfbbe)
C           -1.02664571398398        0.98780576925481        0.13814938356737
H           -0.25297006213202        1.69396732772719        0.41392039013811
H           -1.37262819929550        1.23703724704690       -0.86385964875931
H           -0.58481483461722       -0.00197830567497        0.11202648896709
C           -2.18134013354449        1.04203202209208        1.13326155583452
H           -1.86762177298886        0.60296346460952        2.08273620818254
H           -3.00752970818042        0.44077609268234        0.74821896531185
C           -2.66653352690526        2.47485175595413        1.38290802856099
H           -2.66147466569231        3.02296313177717        0.43733224504652
H           -3.69585838559142        2.45200207391866        1.74812325092693
C           -1.79836893024367        3.20767042423495        2.40081589125767
H           -2.09272186509338        4.24824758854773        2.48173235610281
H           -1.88869836764726        2.74445539054406        3.37956919461637
H           -0.75041173408379        3.16902298728526        2.10985551024662
14
 energy: -13.663431881385 gnorm: 0.004764340139 xtb: 6.7.1 (edcfbbe)
C           -1.02211135004588        0.99090497900362        0.14337882534151
H           -0.24088779979231        1.68903358605580        0.43361701357683
H           -1.36177834547345        1.25305751820637       -0.85727784897762
H           -0.59146353373121       -0.00306199990976        0.10469646325672
C           -2.18611113211100        1.04031947661885        1.13057164142127
H           -1.88282786733886        0.59077077129241        2.07911304350898
H           -3.01058586363388        0.44368854644269        0.73120405276719
C           -2.67044085269808        2.47044140029543        1.38723473566444
H           -2.67955636543625        3.01913481525858        0.44215256768214
H           -3.69564246287521        2.44418767961394        1.76453118193328
C           -1.79340676029290        3.20830714548512        2.39561311252478
H           -2.09183484559548        4.24918193434672        2.47977912586533
H           -1.87291480564543        2.74668539818308        3.37635739839615
H           -0.74805591532963        3.17916571910697        2.09381850703906
14
 energy: -13.663607426066 gnorm: 0.007084680165 xtb: 6.7.1 (edcfbbe)
C           -1.01411181142994        0.99283304093346        0.15149640548525
H           -0.20393376076388        1.64827595764124        0.47938822378218
H           -1.33322585038143        1.30368439598818       -0.84077084480587
H           -0.62093128021732       -0.02098766592002        0.07694851878703
C           -2.19174127228578        1.04023393577962        1.12429467285019
H           -1.90691127983864        0.57076945209886        2.06829032689186
H           -3.01232577262296        0.45434867447698        0.70118398608258
C           -2.67673882394930        2.46406528223663        1.39570838534880
H           -2.71744083740639        3.01484001039291        0.45220411281640
H           -3.69335180019685        2.42802184400719        1.79967091587703
C           -1.78706233140055        3.21309445000674        2.38635201386629
H           -2.11184740920117        4.24689293917740        2.48760984081067
H           -1.83137530452736        2.74345214836238        3.36517363289931
H           -0.74662036577799        3.22229250481825        2.05723962930836
14
 energy: -13.663716114222 gnorm: 0.007318882782 xtb: 6.7.1 (edcfbbe)
C           -1.00968417194836        0.99312043066083        0.15745505200442
H           -0.18174362313373        1.61544069671097        0.50913223065301
H           -1.31273690688398        1.34418772143082       -0.82753317940095
H           -0.64678348517366       -0.03019506954232        0.05535492401499
C           -2.19337067105438        1.03861182214258        1.12183999614811
H           -1.91922513258425        0.55870237227587        2.06398801660690
H           -3.01263277157975        0.46046662286731        0.68393579575739
C           -2.67964962841256        2.46015470537626        1.40139442826343
H           -2.73708173511414        3.01097774665883        0.45946884729876
H           -3.68981930624335        2.41672516176498        1.81850028080403
C           -1.78465051324364        3.21702906695379        2.38002379922479
H           -2.12790526908328        4.24390867723899        2.49314850598421
H           -1.80046357442478        2.74093452473266        3.35736764843905
H           -0.75187111111969        3.25175249072826        2.03071347420198
14
 energy: -13.663889218020 gnorm: 0.005277610970 xtb: 6.7.1 (edcfbbe)
C           -1.00537207355753        0.99387900410888        0.16755000925556
H           -0.16180123467377        1.57045228708511        0.55286341838573
H           -1.28123375964270        1.40457094073101       -0.80439193341367
H           -0.67706786385764       -0.03610398559270        0.02567070012899
C           -2.19659026757877        1.03678271640463        1.11887872961379
H           -1.93100849036883        0.55114644233710        2.05889758331207
H           -3.01272852084261        0.46626134775717        0.67194186753911
C           -2.68586804626228        2.45681113387932        1.40605202112999
H           -2.76238305976285        3.00602802764980        0.46514646436597
H           -3.68785618286453        2.40562529177136        1.83993613027095
C           -1.78083450357346        3.21909900465741        2.36846875200131
H           -2.14395016383831        4.23566235343321        2.50058304905364
H           -1.75902660735325        2.73193507533429        3.34170699042705
H           -0.76189712582299        3.27966733044323        1.99148603792962
14
 energy: -13.663999840309 gnorm: 0.003744455500 xtb: 6.7.1 (edcfbbe)
C           -1.00209747743565        0.99909037223803        0.17845321760935
H           -0.15403813580381        1.54018134170303        0.59262753664737
H           -1.25624249179850        1.45523741020721       -0.78000415550533
H           -0.69327103228350       -0.03058236835044        0.00300107721090
C           -2.20076185969823        1.03370200546607        1.11867900318986
H           -1.94408492103492        0.54134875761436        2.06054191508717
H           -3.01538691662814        0.46673854390356        0.65827742693511
C           -2.69233640670792        2.45315200495551        1.41001199823178
H           -2.78383196311707        2.99986498172570        0.46850446264169
H           -3.68781065151477        2.39650775908940        1.85635719902787
C           -1.77592537269641        3.22009832450309        2.35604516161310
H           -2.14804536320105        4.22955768121381        2.50620866492444
H           -1.72368366986416        2.72531008519408        3.32386300777567
H           -0.77010163821539        3.29161007053642        1.95222330461114
14
 energy: -13.664037735728 gnorm: 0.006780325030 xtb: 6.7.1 (edcfbbe)
C           -0.99787789338230        1.00202978239856        0.18910535747418
H           -0.13814171114719        1.49615255058308        0.64549642082627
H           -1.22757805805419        1.51314999395535       -0.75068539001539
H           -0.71972561001603       -0.02967333279666       -0.03561927224075
C           -2.20580458287913        1.03267298515371        1.11731634912167
H           -1.95144450712635        0.54098327800107        2.05801576129421
H           -3.01649059164592        0.46604347458961        0.65754297782446
C           -2.70024584600349        2.45030333544254        1.41120166871475
H           -2.80461368041298        2.99417263284778        0.46988683561560
H           -3.69018592648846        2.39071873734212        1.86919338912747
C           -1.77208831896429        3.22063566506766        2.34254483523609
H           -2.16255770599800        4.22063560130562        2.52377156344698
H           -1.68217645123041        2.70846614919312        3.29854511861226
H           -0.77868701665075        3.31552611691625        1.90847420496230
14
 energy: -13.664101494045 gnorm: 0.001691738335 xtb: 6.7.1 (edcfbbe)
C           -0.99757839943400        1.00259420518168        0.19045996518491
H           -0.14076911070033        1.49358816974070        0.64677782313745
H           -1.22298385096112        1.50947178234874       -0.74721212171260
H           -0.71728560301649       -0.02453133141443       -0.03542990716825
C           -2.20743087681726        1.03175128248706        1.11668528311433
H           -1.95659417154128        0.53667320046338        2.05748236295175
H           -3.01850866759362        0.46686435286543        0.65203606921735
C           -2.70017535963880        2.44970940858245        1.41161170575968
H           -2.80769998960621        2.99439519891314        0.47080277776710
H           -3.68884080999196        2.39013679443725        1.87293328237709
C           -1.77090725324505        3.22142944911835        2.34104903413707
H           -2.16271882873044        4.21929054465196        2.52628045506872
H           -1.67618797346975        2.70803621011150        3.29572595244469
H           -0.77993700525320        3.32240770251262        1.90558713772082
14
 energy: -13.664118392035 gnorm: 0.001517491891 xtb: 6.7.1 (edcfbbe)
C           -0.99546176586039        1.00312211851186        0.19309127419306
H           -0.14296062498282        1.49276818050007        0.65415390593961
H           -1.21820600164764        1.50835907038006       -0.74299196318117
H           -0.71470753885038       -0.02261700221104       -0.03135422260849
C           -2.20951442177270        1.03184801138031        1.11425478831699
H           -1.96499025707976        0.53135194077417        2.05433645839383
H           -3.02065912857824        0.47056862653836        0.64295344514511
C           -2.70103840176536        2.44913585078860        1.41265481868891
H           -2.81411073141063        2.99439315453793        0.47263563933269
H           -3.68731104559970        2.38890370893701        1.87960677815696
C           -1.76832630423635        3.22169716737586        2.33813852162730
H           -2.16503928899184        4.21589912392045        2.53099689859259
H           -1.66367319760949        2.70452647283739        3.28985847163278
H           -0.78161919161422        3.33186054572879        1.89645500576993
14
 energy: -13.664132058225 gnorm: 0.001391544015 xtb: 6.7.1 (edcfbbe)
C           -0.99390606420154        1.00341517006580        0.19584920398327
H           -0.14353835476565        1.49313583956581        0.66112615557264
H           -1.21340928495361        1.50876005627541       -0.74119239826551
H           -0.71280890062822       -0.02298256039748       -0.02662922429227
C           -2.21196358991677        1.03180848687803        1.11232012988900
H           -1.97295694903685        0.52718646243805        2.05163086730279
H           -3.02258536604865        0.47410533377789        0.63565261743654
C           -2.70186854576249        2.44881559400961        1.41350687476280
H           -2.81964257144447        2.99450708806692        0.47428240731118
H           -3.68599592844850        2.38755834108896        1.88486214831490
C           -1.76624528148596        3.22197254697451        2.33567385574339
H           -2.16786098489460        4.21274428768688        2.53693365386085
H           -1.65123351377520        2.70025116010777        3.28387000141610
H           -0.78360256463700        3.34053916346165        1.88690352696446
14
 energy: -13.664147845348 gnorm: 0.000549308548 xtb: 6.7.1 (edcfbbe)
C           -0.99209737584383        1.00287836072387        0.20051147347546
H           -0.14354091332542        1.49297870673462        0.67033233761300
H           -1.20568904195432        1.50871514650923       -0.73883542583993
H           -0.70995775164173       -0.02433500322725       -0.02013129151288
C           -2.21552488240749        1.03236954571437        1.10979228665360
H           -1.98339216223656        0.52289960688089        2.04796306562045
H           -3.02475973094148        0.47963247874677        0.62594822721469
C           -2.70401471302538        2.44899723855426        1.41468936742493
H           -2.82732185251781        2.99530776766972        0.47663030488354
H           -3.68542389255051        2.38642488007910        1.89144280990597
C           -1.76378006357270        3.22201667873377        2.33227772340224
H           -2.17234451587722        4.20718315211947        2.54768565105766
H           -1.63202223672246        2.69268010337079        3.27419037866449
H           -0.78774876738262        3.35406830739023        1.87229291143690
14
 energy: -13.664156535070 gnorm: 0.000629265481 xtb: 6.7.1 (edcfbbe)
C           -0.99106156272117        1.00350427078298        0.20492160537217
H           -0.14393285169163        1.49210683426728        0.67962227660687
H           -1.19884836056367        1.51085447155888       -0.73544916637226
H           -0.70894778842553       -0.02391800181593       -0.01543003944838
C           -2.21879929638043        1.03190056857827        1.10798568687711
H           -1.99239747115719        0.51906728042443        2.04568221988473
H           -3.02689579146513        0.48292129739372        0.61831821847673
C           -2.70526878313219        2.44875978835452        1.41518760656746
H           -2.83301171146779        2.99553450225961        0.47801755997637
H           -3.68452042414128        2.38504742484761        1.89603940222219
C           -1.76159250088856        3.22207749583545        2.32891447544143
H           -2.17551338762445        4.20217669455907        2.55714008170081
H           -1.61496726802039        2.68595263960096        3.26475958026805
H           -0.79186070232010        3.36583170335296        1.85908031242686
14
 energy: -13.664161558496 gnorm: 0.000456500612 xtb: 6.7.1 (edcfbbe)
C           -0.98998659355485        1.00344880172975        0.20771835154448
H           -0.14382611294945        1.48959490770461        0.68661869684389
H           -1.19405057901894        1.51381591663974       -0.73176952620898
H           -0.70848837065435       -0.02377735803192       -0.01460462913951
C           -2.22041601430816        1.03218653019210        1.10689500335365
H           -1.99744001519307        0.51739836202870        2.04431522622271
H           -3.02778296286354        0.48506965868139        0.61410078680429
C           -2.70697550999109        2.44873665659311        1.41570213993746
H           -2.83733151253662        2.99549989595228        0.47890730745840
H           -3.68492587472552        2.38476711040640        1.89924486206640
C           -1.76024176784600        3.22181583890538        2.32644068982470
H           -2.17724412773634        4.19850665902144        2.56266853518569
H           -1.60404055447383        2.68178859916831        3.25827459981965
H           -0.79486790414774        3.37296539100855        1.85027777628732
14
 energy: -13.664165506721 gnorm: 0.000244399145 xtb: 6.7.1 (edcfbbe)
C           -0.98933604705683        1.00386605819149        0.20997517262113
H           -0.14313399382299        1.48554031033847        0.69300069290677
H           -1.18980688044510        1.51870899810974       -0.72762118265352
H           -0.70997132338612       -0.02295559609249       -0.01619681990418
C           -2.22170261380712        1.03184348322060        1.10643180432432
H           -2.00077664792273        0.51581744046517        2.04368278390416
H           -3.02844453414437        0.48567616236072        0.61142856979982
C           -2.70788571972519        2.44837800800786        1.41593374602002
H           -2.84053359001437        2.99499707425430        0.47935038936644
H           -3.68475382983651        2.38402687435757        1.90155545339140
C           -1.75932522512657        3.22198781138239        2.32434268320599
H           -2.17834050363601        4.19630558473204        2.56597541030714
H           -1.59635509082723        2.67947669937560        3.25333060709893
H           -0.79725190024836        3.37814806129638        1.84360050961173
14
 energy: -13.664169213208 gnorm: 0.000157307818 xtb: 6.7.1 (edcfbbe)
C           -0.98855668301172        1.00426859505837        0.21197583517871
H           -0.14154683845677        1.47929491985283        0.69993395709565
H           -1.18491492388244        1.52565403226133       -0.72273525504201
H           -0.71293294406734       -0.02218165478867       -0.01997020187379
C           -2.22256464515552        1.03154271850071        1.10620810131218
H           -2.00348756149911        0.51446094027107        2.04337950675701
H           -3.02874143103815        0.48619464640127        0.60925041117662
C           -2.70894896548742        2.44779904317319        1.41633205679499
H           -2.84405700477196        2.99406834697207        0.47987485528537
H           -3.68471096021359        2.38290751661576        1.90414798275609
C           -1.75859062915278        3.22230122300174        2.32216971221641
H           -2.17959302607535        4.19470675385975        2.56793056569163
H           -1.58961460173561        2.67814691628777        3.24911761318561
H           -0.79935768545174        3.38265297253265        1.83717467946569
14
 energy: -13.664172409967 gnorm: 0.000200708679 xtb: 6.7.1 (edcfbbe)
C           -0.98763748507769        1.00462750193664        0.21402974014908
H           -0.13931227494552        1.47180203704350        0.70730808654473
H           -1.17979528000612        1.53418663600122       -0.71694865637855
H           -0.71653063911512       -0.02137784612074       -0.02535819667492
C           -2.22339916062641        1.03105406042411        1.10593002876925
H           -2.00583808754070        0.51271114595700        2.04274843565841
H           -3.02888053700362        0.48640394520753        0.60702806634588
C           -2.71005094430389        2.44699169412661        1.41697800367885
H           -2.84818610070153        2.99285267825524        0.48070896991363
H           -3.68447512006386        2.38137211328346        1.90738298521410
C           -1.75802358959243        3.22290619499465        2.31986242249231
H           -2.18025186550646        4.19403666709817        2.56835841565821
H           -1.58403832872594        2.67828383856293        3.24553845883626
H           -0.80119848679024        3.38596630322952        1.83122305979289
14
 energy: -13.664174462208 gnorm: 0.000137943011 xtb: 6.7.1 (edcfbbe)
C           -0.98688435598703        1.00519246189535        0.21569286423394
H           -0.13749220381795        1.46560994635730        0.71340689281912
H           -1.17514353840537        1.54142973667923       -0.71228728871982
H           -0.71947442059841       -0.02030726940851       -0.02979468544123
C           -2.22396536473407        1.03072769099698        1.10586790094264
H           -2.00813790375295        0.51109691776656        2.04241794735187
H           -3.02887044131627        0.48708514836880        0.60495611055842
C           -2.71112665660129        2.44624301512818        1.41768296902102
H           -2.85217503141611        2.99172225079300        0.48160562172341
H           -3.68426312201824        2.37967836456883        1.91053331859486
C           -1.75741366047229        3.22319411899815        2.31785857891591
H           -2.18050162584848        4.19366951037821        2.56765248717862
H           -1.57985739394670        2.67869743279985        3.24301358546071
H           -0.80231218108435        3.38777764467791        1.82618351736068
14
 energy: -13.664175594619 gnorm: 0.000106634283 xtb: 6.7.1 (edcfbbe)
C           -0.98625875785462        1.00560514985007        0.21691905764307
H           -0.13644500102293        1.46194480811550        0.71761342783513
H           -1.17217643707849        1.54613512585917       -0.70897180072392
H           -0.72096135118919       -0.01946847248293       -0.03252479641040
C           -2.22455941193115        1.03037499627711        1.10541582093867
H           -2.00981057473968        0.50968910241565        2.04158277606491
H           -3.02896499859815        0.48739109183658        0.60297344193125
C           -2.71190079777971        2.44557828846513        1.41842412678071
H           -2.85525178347655        2.99088057765225        0.48261380574931
H           -3.68399958974780        2.37837047769113        1.91325034983355
C           -1.75698635183103        3.22353181967334        2.31644891517302
H           -2.17992748078564        4.19404246611681        2.56651137966085
H           -1.57753048047937        2.67959317336875        3.24158201752013
H           -0.80284488348520        3.38814836516128        1.82295129800386
14
 energy: -13.664176238191 gnorm: 0.000082416532 xtb: 6.7.1 (edcfbbe)
C           -0.98588278103201        1.00609555731773        0.21778019269474
H           -0.13607050130126        1.46020026728864        0.72042144950715
H           -1.17021924675611        1.54904488881512       -0.70697384711888
H           -0.72150903504320       -0.01866402163690       -0.03381112565581
C           -2.22496124801140        1.03016353025607        1.10521769132415
H           -2.01119993000968        0.50841501075702        2.04104278175178
H           -3.02904250046538        0.48791196545433        0.60147691914093
C           -2.71250815719753        2.44514873071683        1.41888470590331
H           -2.85768275069716        2.99043600347293        0.48332604087932
H           -3.68376474364320        2.37734536671946        1.91527343595196
C           -1.75655231032061        3.22349286537461        2.31541790557700
H           -2.17914897358910        4.19421213739497        2.56518801148248
H           -1.57612014215482        2.68027871291630        3.24077666880303
H           -0.80295557977805        3.38773595515274        1.82076898975899
