14
 energy: -13.658807113248 gnorm: 0.013981157811 xtb: 6.7.1 (edcfbbe)
C           -3.04562856000000        0.09621550000000        1.71526512000000
H           -3.77571374000000        0.56919167000000        2.37382418000000
H           -2.58005556000000       -0.72135035000000        2.27002547000000
H           -3.59140974000000       -0.34419268000000        0.87795190000000
C           -2.00023900000000        1.09707300000000        1.22694500000000
H           -1.71612519000000        0.85588474000000        0.19775423000000
H           -1.08830726000000        0.99327823000000        1.82337903000000
C           -2.47573600000000        2.54906500000000        1.28786500000000
H           -2.14216000000000        3.07351700000000        0.38686300000000
H           -3.56979700000000        2.56933900000000        1.26055900000000
C           -1.98256300000000        3.29668400000000        2.52514300000000
H           -0.89162725000000        3.29546883000000        2.57796213000000
H           -2.31241298000000        4.33669432000000        2.52237224000000
H           -2.35607805000000        2.83330258000000        3.44094611000000
14
 energy: -13.659555370557 gnorm: 0.006200867122 xtb: 6.7.1 (edcfbbe)
C           -3.04129636793953        0.09924724709836        1.72606601409644
H           -3.74132019801875        0.57576409225035        2.41058393882654
H           -2.57432025621752       -0.73189564952976        2.25284892249513
H           -3.61553235485883       -0.31370191423229        0.89697080693096
C           -1.99621651325852        1.09880846353352        1.22655785970942
H           -1.72234376227873        0.84342911412976        0.20003217840333
H           -1.08679671353499        1.00335073922750        1.82509765601544
C           -2.47282690812756        2.55635706964308        1.27451815841153
H           -2.11244974937178        3.09593396662977        0.39393758354880
H           -3.56521827692901        2.58505857970948        1.24074435953469
C           -1.99247458650430        3.28341450994714        2.52372576381773
H           -0.90392568351898        3.28162553300014        2.57177700522404
H           -2.32949821856227        4.31885421504284        2.51905901326561
H           -2.37363374087923        2.80392487355011        3.42493614972034
14
 energy: -13.660380519678 gnorm: 0.007301726369 xtb: 6.7.1 (edcfbbe)
C           -3.03760620290087        0.11139231125185        1.74459659100246
H           -3.67465265798869        0.58874412739586        2.49216029432821
H           -2.56240595614255       -0.75373423935165        2.20540153232492
H           -3.67505588150861       -0.24205912811742        0.93138977375572
C           -1.98718515583757        1.09723611986292        1.21951338777732
H           -1.72846769230884        0.82047283750726        0.19663406523361
H           -1.08063052430745        1.01595754870921        1.81999626960333
C           -2.46384863820042        2.55984059355327        1.25387142346533
H           -2.06086759548023        3.10713474555969        0.39745381588339
H           -3.55319547149660        2.59374451994027        1.19120650205519
C           -2.01237179171971        3.26743027043314        2.52504485185958
H           -0.92719454890010        3.27480171224401        2.57685640632385
H           -2.36391845977218        4.29574457671922        2.52664974575256
H           -2.40045275343618        2.76346484429236        3.40608075063452
14
 energy: -13.661040194583 gnorm: 0.019375961342 xtb: 6.7.1 (edcfbbe)
C           -3.03213495525857        0.13043109156289        1.76910354732857
H           -3.57841806890551        0.59881525888379        2.60567133191441
H           -2.55391966708338       -0.78888552370378        2.13034722585944
H           -3.76066718422094       -0.13549908173509        0.98408045190446
C           -1.97609336543287        1.09393005043841        1.21015135100287
H           -1.73700489154973        0.79068979320452        0.19102476920323
H           -1.06833908894250        1.02305088347825        1.80668075477307
C           -2.44719684902846        2.56084918395977        1.22705550835810
H           -1.99602118619008        3.10929149619324        0.39553885098371
H           -3.53250382765609        2.59970632141822        1.11740330344437
C           -2.03965276971970        3.25138346110399        2.52661372228221
H           -0.95697281057453        3.27925293141909        2.59558259104755
H           -2.41435587430736        4.27065367019245        2.54304685495148
H           -2.43457279113030        2.71650130358423        3.38455514694651
14
 energy: -13.661681143098 gnorm: 0.012985370690 xtb: 6.7.1 (edcfbbe)
C           -3.02890362578149        0.14419932581366        1.78106343468958
H           -3.54672724832812        0.60187174221328        2.63266326412071
H           -2.56025636893151       -0.78402184746360        2.11576046025845
H           -3.77800973884574       -0.10304504766122        1.01902434483122
C           -1.97463122000249        1.09415547113709        1.20114106097966
H           -1.74633275035782        0.77914889219120        0.18251909671497
H           -1.06100068640450        1.02526861212780        1.78919572255895
C           -2.43892796490445        2.56051967746639        1.21539099826711
H           -1.97322108838270        3.10592978526363        0.39187051062977
H           -3.52172548666189        2.60212623152215        1.08284808825508
C           -2.05021108149416        3.24257574501344        2.52780416139693
H           -0.96768823348815        3.28274537970037        2.61003295858656
H           -2.43634820429447        4.25801959496872        2.56126735063982
H           -2.44386963212254        2.69067727770705        3.37627395807118
14
 energy: -13.662464279396 gnorm: 0.008652039029 xtb: 6.7.1 (edcfbbe)
C           -3.02093114161341        0.16518701319968        1.80260713691999
H           -3.46154610511564        0.60731857642313        2.70067635688877
H           -2.57419991316000       -0.79421706986686        2.06955391834962
H           -3.82839371330195       -0.02197163712677        1.08585063491091
C           -1.97141038406760        1.09046335542375        1.18986491224639
H           -1.77314746417617        0.76322271789285        0.16745878402335
H           -1.03710691580940        1.01092304471068        1.74802504938586
C           -2.41710561787760        2.55640119954759        1.19861076290825
H           -1.92092471347300        3.09706016294317        0.39098017731741
H           -3.49418382956790        2.60973073881346        1.01932339304319
C           -2.07519586581732        3.22973828023418        2.52836532100128
H           -0.99366754007522        3.29498512878100        2.64618309444561
H           -2.48539215928792        4.23631625152452        2.57913714447798
H           -2.47464796665690        2.65501307749960        3.36021872408138
14
 energy: -13.662861930763 gnorm: 0.006447794196 xtb: 6.7.1 (edcfbbe)
C           -3.01459985256219        0.17525435893383        1.81578265008125
H           -3.40280642974752        0.60134358333919        2.73639147025577
H           -2.58938773502212       -0.79831618774890        2.04436927383424
H           -3.84996615053224        0.02409740800377        1.13600675036890
C           -1.97397445215757        1.08706044822241        1.18010208555609
H           -1.80143170822146        0.76232377897288        0.15073155054546
H           -1.02021443244556        0.99031674307701        1.70910228562921
C           -2.40014210342657        2.55360297594590        1.19387027584220
H           -1.88285200415232        3.09264702665228        0.39715541172430
H           -3.47149223934358        2.61898023865694        0.98475355826513
C           -2.09243236194328        3.22300721134423        2.52955348556517
H           -1.01407561171592        3.29784509809561        2.67830247806190
H           -2.51138857840097        4.22496787286249        2.57587930485460
H           -2.50308967032875        2.64704028364234        3.35485482941578
14
 energy: -13.662555949371 gnorm: 0.025614278074 xtb: 6.7.1 (edcfbbe)
C           -3.00299845731379        0.19559202635094        1.84366802300838
H           -3.27376956503131        0.59289990582159        2.84267972239483
H           -2.60409850804825       -0.82492947896151        1.96800568460518
H           -3.92539151905396        0.13872490465496        1.22951215903541
C           -1.96967754496945        1.08064082156163        1.16103632005386
H           -1.83938500480037        0.74605824751534        0.12511631540420
H           -0.99603989413431        0.96980386565253        1.65622639913541
C           -2.37072918504264        2.55186173280695        1.17504527675083
H           -1.80122635822577        3.09174258129687        0.40726539612162
H           -3.43222327394838        2.63324353132275        0.90722700932291
C           -2.12787501896801        3.20727164707790        2.53261055973662
H           -1.05645079517156        3.29680656419276        2.72915015219396
H           -2.56343183900513        4.20171126520768        2.57157421948525
H           -2.56455636628713        2.61874322549956        3.33773817275153
14
 energy: -13.663232296882 gnorm: 0.005901578258 xtb: 6.7.1 (edcfbbe)
C           -3.00602499788098        0.18411549577995        1.83204722783353
H           -3.32388487870097        0.59079729571204        2.79051808005663
H           -2.59968911841825       -0.81101269369384        2.00389050988984
H           -3.88745076416223        0.08612565284371        1.19744510685528
C           -1.97223787038412        1.08289434011548        1.16636884544434
H           -1.83088982953152        0.75595001656001        0.13183430157872
H           -1.00797390473532        0.97578937803185        1.67265179590825
C           -2.38229992596629        2.55448008588596        1.18507457192736
H           -1.83430392138151        3.09566934862727        0.40848230051617
H           -3.44569498507658        2.63081222399819        0.94415816900922
C           -2.11286120039384        3.21446910671062        2.53234253242225
H           -1.04114547036345        3.28774441484155        2.71208807996889
H           -2.53385624013826        4.21557358687212        2.56502801141740
H           -2.54954022286672        2.63676258771504        3.34492587717211
14
 energy: -13.663359169628 gnorm: 0.004138823155 xtb: 6.7.1 (edcfbbe)
C           -3.00290023398105        0.18386025601505        1.83557047811275
H           -3.29758287149840        0.58130744248497        2.80468592406880
H           -2.60271995917729       -0.81744344945150        1.98762268228989
H           -3.89564400634195        0.10339424775303        1.21668507165555
C           -1.97225720020130        1.08191740322208        1.16358959412042
H           -1.84173076072080        0.75629747820377        0.12792343591608
H           -1.00582695936023        0.97240665062685        1.66288714717727
C           -2.37941945520133        2.55546936126045        1.18388717277732
H           -1.82241620719948        3.09623175934188        0.41426985807824
H           -3.43995590975772        2.63592661913883        0.93488316479011
C           -2.11793160807914        3.21329410318705        2.53286933829033
H           -1.04864098891144        3.27696602715776        2.72465763107242
H           -2.53062651090160        4.21787078921678        2.55585941137325
H           -2.57020065866831        2.64267215184296        3.34146450027754
14
 energy: -13.663636542213 gnorm: 0.009376565147 xtb: 6.7.1 (edcfbbe)
C           -2.98937509648284        0.18528111747692        1.85195244535753
H           -3.18394646939314        0.54221092205190        2.86872384782062
H           -2.61415679778236       -0.83828646046354        1.91952684027859
H           -3.93682490951136        0.17850146653017        1.30292633099514
C           -1.97154298169659        1.07822658668777        1.14834053772314
H           -1.88350818887196        0.75367611011709        0.10890764252672
H           -0.99401632846897        0.96203321669470        1.61886576938882
C           -2.36594531768444        2.55893572092832        1.17499328518045
H           -1.77106831034992        3.09887114821891        0.43402157404308
H           -3.41581706399344        2.65424650827716        0.89205412443772
C           -2.14240420317222        3.20709403669389        2.53606331834121
H           -1.08136801472398        3.22717506161397        2.77967237517519
H           -2.51464091569566        4.22943433221946        2.52617311975365
H           -2.66323873217318        2.66277107295321        3.32463419897814
14
 energy: -13.663777462427 gnorm: 0.005302849012 xtb: 6.7.1 (edcfbbe)
C           -2.98617197910524        0.18430844153007        1.85523787589520
H           -3.16960665460389        0.53129994856552        2.87174793387434
H           -2.61561737373114       -0.84071947419926        1.90919110673169
H           -3.93357199003997        0.18492016170660        1.31731987419987
C           -1.97296598907281        1.07939455131915        1.14687328644341
H           -1.89071730937202        0.75520776139955        0.10735083867092
H           -0.99279846641064        0.96354694111427        1.61192147904660
C           -2.36758111082541        2.55997975370026        1.17431500054522
H           -1.76871647557871        3.09889299767297        0.43664781514111
H           -3.41650769877707        2.65727314215475        0.88822497215941
C           -2.14614926357307        3.20684693323809        2.53651719335816
H           -1.08701916828965        3.20611723804528        2.78909141329475
H           -2.49601421392421        4.23765608053917        2.52165382836842
H           -2.68441563669621        2.67544636321351        3.32076279227089
14
 energy: -13.663941232753 gnorm: 0.006400819666 xtb: 6.7.1 (edcfbbe)
C           -2.97391752270846        0.18542391210858        1.86574714233276
H           -3.09659555395014        0.50074784914552        2.90139700150400
H           -2.62530848320406       -0.84721635466109        1.86669371434561
H           -3.94719140539447        0.22648680242368        1.37681814517875
C           -1.97493946804773        1.08057517950979        1.13779257183678
H           -1.91447033544138        0.75635827536994        0.09716379184785
H           -0.98508686244391        0.96184129956441        1.58269563951031
C           -2.36443612783001        2.56141771088487        1.16957504692751
H           -1.74949422128300        3.09865024574023        0.44584611004879
H           -3.40770280838470        2.66612025254828        0.86531824126339
C           -2.16289970216808        3.20291172067622        2.53791067286408
H           -1.11156722289342        3.14911487512465        2.82804102283695
H           -2.45757158919955        4.25339838119447        2.50702500817506
H           -2.75667202705114        2.70434069037037        3.30483130132817
14
 energy: -13.664047991847 gnorm: 0.003753985594 xtb: 6.7.1 (edcfbbe)
C           -2.96651135204622        0.18929979190424        1.87152058249107
H           -3.05923741314058        0.48744015166135        2.91205462433062
H           -2.63550674521675       -0.84505275701145        1.84621495931220
H           -3.95015998787752        0.24746002458786        1.40935825184682
C           -1.97623805518064        1.08276924086893        1.13375626250945
H           -1.91960771663316        0.75567990122166        0.09387899612402
H           -0.98198962023907        0.96397345379251        1.57072749782901
C           -2.36399895040833        2.56104513212310        1.16622715616660
H           -1.74621482204340        3.09891926130522        0.44589538411636
H           -3.40515256177115        2.66649581942657        0.85429167135767
C           -2.17173931896009        3.19911141941991        2.53771373208936
H           -1.12875339171826        3.11709525433246        2.84408599825007
H           -2.43357358006662        4.25671422471606        2.50946923449191
H           -2.78916981469824        2.71921992165149        3.29166105908486
14
 energy: -13.664013242444 gnorm: 0.010496210007 xtb: 6.7.1 (edcfbbe)
C           -2.95304950739278        0.19623935455754        1.88880799388546
H           -2.97753379802162        0.45450203070302        2.95062239281587
H           -2.65219506674358       -0.85405051044496        1.79462585365409
H           -3.96203575406174        0.30171249270391        1.48092394352955
C           -1.97912158142285        1.08516034412094        1.12486615196666
H           -1.94377008868289        0.75394638877679        0.08295023734909
H           -0.97427955881091        0.96356132754064        1.54065889964245
C           -2.35805656789598        2.56379960438549        1.15808312019569
H           -1.72281967776780        3.10205986517356        0.44998439081007
H           -3.39338442299098        2.67704545649286        0.82548479628608
C           -2.18873614739857        3.19210092298945        2.53778608030013
H           -1.16019387765085        3.06154020021117        2.88599686623882
H           -2.39986475115872        4.26186324794019        2.49999357612089
H           -2.86281253000079        2.74069011484928        3.26607110720515
14
 energy: -13.664122401443 gnorm: 0.002056740550 xtb: 6.7.1 (edcfbbe)
C           -2.95887935686233        0.19434008865581        1.88166668318092
H           -3.01529909816342        0.47035810165464        2.93122669842311
H           -2.64630560728024       -0.84574405242135        1.82139807795143
H           -3.95415789911495        0.27572516200707        1.45002889172155
C           -1.97753749718712        1.08439553543470        1.12845221716792
H           -1.93164337677627        0.75451347242607        0.08676997588017
H           -0.97798866945592        0.96472183027341        1.55473921637474
C           -2.36038421479076        2.56344193999232        1.16116244622243
H           -1.73606048951355        3.10311344344541        0.44501418247399
H           -3.39899186286155        2.67300705736245        0.84138220203725
C           -2.17878060184668        3.19401612377926        2.53752407922609
H           -1.14675439670118        3.08578522170832        2.86959951590197
H           -2.41505379625751        4.25504930711551        2.50464119764642
H           -2.83001646318857        2.72744760856629        3.27325002579203
14
 energy: -13.664139932245 gnorm: 0.002053280424 xtb: 6.7.1 (edcfbbe)
C           -2.95618551904003        0.19459822757039        1.88302039888301
H           -2.99868664799370        0.46481722244403        2.93499908941907
H           -2.65173938694301       -0.84701202892631        1.81254915965886
H           -3.95763148153157        0.28668794744210        1.46239835808662
C           -1.97646572851786        1.08373366759802        1.12720423703056
H           -1.93460346500950        0.75455740677182        0.08546603749958
H           -0.97594794348341        0.96323459478712        1.55010060464815
C           -2.35910746921862        2.56327649336151        1.16107388319027
H           -1.73366168629812        3.10283482139987        0.44612498725951
H           -3.39688629266592        2.67401729212196        0.83972478733036
C           -2.18204378311048        3.19367375366471        2.53774586514819
H           -1.15408536102841        3.07657518298827        2.87635691078230
H           -2.41026977053347        4.25678634103904        2.50120646772148
H           -2.84053879462595        2.73238991773737        3.26888462334205
14
 energy: -13.664155661480 gnorm: 0.002391337745 xtb: 6.7.1 (edcfbbe)
C           -2.95103900269554        0.19618310980648        1.88838609564172
H           -2.96335764769775        0.45005658078712        2.94739518527558
H           -2.66193194169130       -0.84846901247072        1.79303147632678
H           -3.95992211245099        0.30811467396643        1.49194893345459
C           -1.97670276953911        1.08368678125315        1.12348989174341
H           -1.94444094255528        0.75482499770501        0.08138685924386
H           -0.97298652246760        0.96182397435358        1.53784052132615
C           -2.35648753859251        2.56461438116259        1.15886108524356
H           -1.72631260853601        3.10440320342706        0.44702184619295
H           -3.39286043628216        2.67853625191670        0.83259509213624
C           -2.18806671058400        3.19163103167124        2.53793843392137
H           -1.16912503142864        3.05282610146252        2.89556727502943
H           -2.39541095278366        4.25936844395264        2.49484978541374
H           -2.86920911269550        2.74257032100608        3.25654292905065
14
 energy: -13.664161651802 gnorm: 0.002051664743 xtb: 6.7.1 (edcfbbe)
C           -2.94990655408989        0.19679578710369        1.89034737056818
H           -2.95879915214413        0.44813319675220        2.94747683044868
H           -2.66495998301053       -0.84973773214108        1.79061020479665
H           -3.95968013455670        0.31365307915233        1.49779208952006
C           -1.97616374432598        1.08351794698702        1.12295078655648
H           -1.94706322880812        0.75445888546985        0.08059671133571
H           -0.97140775625432        0.96140243087854        1.53502848012999
C           -2.35542639256426        2.56465377114910        1.15831533642212
H           -1.72458936478539        3.10444618844873        0.44680390663568
H           -3.39184458785919        2.67841561760048        0.83122508672863
C           -2.18884156764842        3.19112575337413        2.53795091251663
H           -1.17203712848151        3.05194627962509        2.89829092422872
H           -2.39512122629274        4.25819913769865        2.49520818988429
H           -2.87201250917887        2.74316049790116        3.25425858022817
14
 energy: -13.664166643243 gnorm: 0.001250850383 xtb: 6.7.1 (edcfbbe)
C           -2.94919804249095        0.19723023112049        1.89093575461045
H           -2.95334335159789        0.44673537927108        2.94830001763510
H           -2.66649980460887       -0.84778926968614        1.79027930441694
H           -3.95975774622653        0.31640383489202        1.50351239237230
C           -1.97613753987824        1.08335005286227        1.12117250270404
H           -1.95006806390986        0.75450891991079        0.07892532662396
H           -0.97067712756925        0.96037988500021        1.53109087358833
C           -2.35448540443787        2.56466548144233        1.15762957168336
H           -1.72205104929632        3.10461610727248        0.44763346412577
H           -3.39063049248564        2.67874460208257        0.82905514414543
C           -2.19003550470295        3.19020407876303        2.53822791247181
H           -1.17451132625896        3.04959664034495        2.90168890258493
H           -2.39388748927431        4.25766773620963        2.49562494673487
H           -2.87657038726241        2.74385716051419        3.25277929630271
14
 energy: -13.664170856005 gnorm: 0.001062411249 xtb: 6.7.1 (edcfbbe)
C           -2.94698533992259        0.19861702289377        1.89303303717038
H           -2.93653848951839        0.44125782580043        2.95305741575421
H           -2.67259927240719       -0.84799579293250        1.78290792303557
H           -3.95987573499566        0.32792514656277        1.51816075311584
C           -1.97618139307474        1.08307351583511        1.11877617987372
H           -1.95638245766516        0.75441496975066        0.07701623905616
H           -0.96924777972661        0.95777448728753        1.52357883634940
C           -2.35244087353454        2.56459528312193        1.15647993319163
H           -1.71659905741572        3.10407625864898        0.45005281745985
H           -3.38707593762802        2.68011308758309        0.82390875592181
C           -2.19389352537881        3.18892195898626        2.53818491543909
H           -1.18169825084231        3.04264432941891        2.90832676007959
H           -2.39092130867279        4.25779523087541        2.49511215593087
H           -2.88741390921753        2.74695751616756        3.24825968762187
14
 energy: -13.664174120060 gnorm: 0.000267075503 xtb: 6.7.1 (edcfbbe)
C           -2.94655827931018        0.19906523481940        1.89370103434862
H           -2.93526250678139        0.44206856358791        2.95274775311348
H           -2.67322546887738       -0.84823548309383        1.78451871972900
H           -3.96050603022039        0.32944366072911        1.52107705736178
C           -1.97667289392308        1.08320711754466        1.11829943869906
H           -1.95688075539795        0.75454573882823        0.07620512192465
H           -0.96950239242999        0.95801146820868        1.52272491876284
C           -2.35235776403843        2.56498483624418        1.15589772089942
H           -1.71416970870259        3.10475078064688        0.45192706019657
H           -3.38559941191623        2.68215967395359        0.82078885223182
C           -2.19475410007670        3.18776248288063        2.53818618667716
H           -1.18133926807730        3.04246647255456        2.90706592292603
H           -2.39373954434535        4.25643661322873        2.49532602329001
H           -2.88728520590310        2.74350367986716        3.24838959983957
14
 energy: -13.664175576967 gnorm: 0.000296525556 xtb: 6.7.1 (edcfbbe)
C           -2.94646510613310        0.19997085131277        1.89445446570413
H           -2.93319483771836        0.44278365558485        2.95347356547603
H           -2.67436440178284       -0.84758907618350        1.78455755035933
H           -3.96104077663150        0.33115788035437        1.52339819515429
C           -1.97690646732558        1.08289436187068        1.11760626598572
H           -1.95832925275163        0.75390736968100        0.07551153848821
H           -0.96929402234001        0.95738920368893        1.52093200484696
C           -2.35148878168356        2.56495646179525        1.15544640439086
H           -1.71129242982541        3.10434103977718        0.45294910899121
H           -3.38383846041863        2.68321884680765        0.81831499785164
C           -2.19571577312078        3.18717060775955        2.53825199123559
H           -1.18185168174690        3.04399655748786        2.90685894770401
H           -2.39730878523693        4.25536704523111        2.49667232536805
H           -2.88676255328483        2.74060603483220        3.24842804844397
14
 energy: -13.664176763123 gnorm: 0.000226990512 xtb: 6.7.1 (edcfbbe)
C           -2.94635436255486        0.20078553437010        1.89564216383278
H           -2.92966067409606        0.44241499052533        2.95504440729168
H           -2.67675055426277       -0.84718023169105        1.78378284952815
H           -3.96156888357112        0.33422439105751        1.52722541121299
C           -1.97723386549587        1.08263647653789        1.11713373287994
H           -1.96123250223454        0.75351561901989        0.07510897412612
H           -0.96891399996827        0.95583802096566        1.51834615861407
C           -2.34971773573381        2.56526335145745        1.15465792353555
H           -1.70677711421649        3.10414383042768        0.45418208375992
H           -3.38107430634562        2.68511425095876        0.81486983698098
C           -2.19679933133560        3.18638213007942        2.53822466789745
H           -1.18252095969589        3.04732415499945        2.90707611082779
H           -2.40316742766641        4.25365964132190        2.49796229645870
H           -2.88608161282272        2.73604867996991        3.24759879305390
14
 energy: -13.664176995591 gnorm: 0.000089217014 xtb: 6.7.1 (edcfbbe)
C           -2.94633451306797        0.20108720383708        1.89593708997811
H           -2.92799426921092        0.44156037235394        2.95562255325204
H           -2.67783370155301       -0.84699076909630        1.78282216906927
H           -3.96181613448011        0.33602806080129        1.52905248520257
C           -1.97708361739480        1.08240471611136        1.11674996656269
H           -1.96197660707008        0.75329722285637        0.07471630639776
H           -0.96866489683365        0.95505943901701        1.51744032186132
C           -2.34902337735402        2.56513108719063        1.15470546321566
H           -1.70552096920711        3.10371639702127        0.45459607405524
H           -3.38015098025129        2.68542881812163        0.81420089301857
C           -2.19721099002015        3.18639781907757        2.53830956726908
H           -1.18298791725274        3.04852714759001        2.90753839832210
H           -2.40489192885782        4.25345291110826        2.49801917559991
H           -2.88636342744637        2.73507041400979        3.24714494619570
