14
 energy: -13.661043671306 gnorm: 0.014147436864 xtb: 6.7.1 (edcfbbe)
C           -2.49341300000000        0.34945400000000       -0.01033300000000
H           -2.88653563000000       -0.63521648000000        0.24717332000000
H           -1.68627143000000        0.20537973000000       -0.73192586000000
H           -3.28931250000000        0.90234845000000       -0.51410041000000
C           -2.00023900000000        1.09707300000000        1.22694500000000
H           -0.90617800000000        1.07679900000000        1.25425000000000
H           -2.33381500000000        0.57262200000000        2.12794700000000
C           -2.47573600000000        2.54906500000000        1.28786500000000
H           -2.14216000000000        3.07351700000000        0.38686300000000
H           -3.56979700000000        2.56933900000000        1.26055900000000
C           -1.98256300000000        3.29668400000000        2.52514300000000
H           -0.89126000000000        3.32285300000000        2.56126900000000
H           -2.33875400000000        4.32789100000000        2.53819100000000
H           -2.32989700000000        2.81479100000000        3.44169600000000
14
 energy: -13.661562243369 gnorm: 0.004910574916 xtb: 6.7.1 (edcfbbe)
C           -2.49079928175496        0.35897967285982       -0.00581986271404
H           -2.86622553068834       -0.63075583620741        0.24620927884353
H           -1.69318766061177        0.23471158437372       -0.73658911316999
H           -3.29905908013766        0.90511690303201       -0.49036085201374
C           -1.99839290350414        1.09998229709306        1.24094962643274
H           -0.90564713333595        1.08752168458757        1.27273950510268
H           -2.34814980644839        0.58991715014916        2.14283935684487
C           -2.47794372306628        2.54937026055536        1.27887485824025
H           -2.12856224569012        3.07089438979916        0.38277647583992
H           -3.57175464864860        2.56691376895642        1.26402268108340
C           -1.98055593391814        3.28292738744076        2.51672200764911
H           -0.89151480276541        3.30209877162822        2.54391722986567
H           -2.33971786474458        4.31065998047444        2.52118101111195
H           -2.33442094468565        2.79426168525770        3.42407984688368
14
 energy: -13.661786368138 gnorm: 0.002542836279 xtb: 6.7.1 (edcfbbe)
C           -2.48953794289067        0.35839870672093       -0.00562551294327
H           -2.83258784748509       -0.64422429796248        0.23954980252108
H           -1.69757374678790        0.26995583048549       -0.74611851225874
H           -3.31878790540340        0.89163931675427       -0.46628582870465
C           -2.00391858136224        1.09997357505992        1.24586637691316
H           -0.91294390276913        1.08510396354278        1.28637377062627
H           -2.36943414563005        0.59786182505738        2.14440564123457
C           -2.47637107663962        2.55162964056415        1.27525529790731
H           -2.11731530047686        3.06730356885552        0.38116708797373
H           -3.56883842462816        2.57154436992545        1.26182819590141
C           -1.97796767608012        3.28205779016344        2.51392723022882
H           -0.89077840631830        3.29325041025584        2.53781694347794
H           -2.33412156638671        4.30934374661614        2.51853473807030
H           -2.33575503714174        2.78876125396118        3.41484681905207
14
 energy: -13.662275237803 gnorm: 0.017727919163 xtb: 6.7.1 (edcfbbe)
C           -2.48646932488737        0.35770256179379       -0.00531385034047
H           -2.68696332241856       -0.70205745864354        0.21055735179212
H           -1.71882952013949        0.41895748433442       -0.78914694388150
H           -3.40893536418760        0.82356518970038       -0.37557019613414
C           -2.02774110482584        1.09636487016393        1.26389744433925
H           -0.94215184723675        1.05883654310700        1.34254682162904
H           -2.45304309753453        0.61713522227100        2.14704513945050
C           -2.46824332958004        2.56007246319651        1.26127627002997
H           -2.07674506809875        3.05414499186554        0.37215558515162
H           -3.55667951967961        2.59783991363337        1.24239769087188
C           -1.96676358856246        3.28166067139392        2.50540221728947
H           -0.88419050870466        3.26901620939168        2.52575671385559
H           -2.31004608382424        4.30957413971827        2.51038543762300
H           -2.33912988032007        2.77978689807372        3.39015236832368
14
 energy: -13.662718033373 gnorm: 0.011217821006 xtb: 6.7.1 (edcfbbe)
C           -2.48585612577560        0.35795009189860       -0.00576725474299
H           -2.67804916241616       -0.69789201281452        0.20515039324934
H           -1.72680698705787        0.42147095940043       -0.78818349351397
H           -3.40794670026371        0.80856434673022       -0.37901276751314
C           -2.02997935099980        1.09552351296414        1.26187227425137
H           -0.94459131103296        1.04870280899415        1.34699373883292
H           -2.45977657052594        0.61464619076914        2.14146240379018
C           -2.46625103647422        2.56040792514533        1.26236282258288
H           -2.07956953023094        3.05454539923819        0.37161725331970
H           -3.55516388698681        2.60047306243295        1.24037421148603
C           -1.96545061525168        3.28467645083878        2.50673430571897
H           -0.88192287312115        3.27823511924367        2.52733447593557
H           -2.31186179203134        4.31240263351506        2.51573447582297
H           -2.33270561783180        2.78289321164385        3.39486921078017
14
 energy: -13.663730771435 gnorm: 0.013122262835 xtb: 6.7.1 (edcfbbe)
C           -2.48279677963578        0.36074429394704       -0.00557676882173
H           -2.53571076668647       -0.72470110189701        0.16331475653182
H           -1.77387320985118        0.54965858180625       -0.81939550795018
H           -3.47551771576302        0.70598369857710       -0.32003794353604
C           -2.05699333023520        1.08666016760109        1.27032616596434
H           -0.97541057933188        0.99346401054564        1.40213642781878
H           -2.53814195253762        0.61301752838539        2.12876500730475
C           -2.45274024217120        2.56424897569606        1.25669249176805
H           -2.05403658485097        3.04412608988165        0.36372166483566
H           -3.54172013995704        2.63166521151119        1.21412292480451
C           -1.95320540018691        3.29212568079200        2.50340263829513
H           -0.86776620966180        3.29239091643989        2.52865985687668
H           -2.30087664842251        4.32119601677828        2.51889784182667
H           -2.31714200070844        2.79201962993543        3.39651249428156
14
 energy: -13.664214589815 gnorm: 0.008956624688 xtb: 6.7.1 (edcfbbe)
C           -2.48163116194649        0.36579418197821       -0.00480594814569
H           -2.47701418814306       -0.71733113382265        0.13723621466982
H           -1.80357343119468        0.60609852227037       -0.82678505502729
H           -3.49031246996925        0.65862063914335       -0.30179050051438
C           -2.07377912197647        1.07646960993995        1.27641278023089
H           -0.99482494430786        0.96569962573520        1.42450939081848
H           -2.56428890210075        0.59851631160663        2.12721075485943
C           -2.44787699373718        2.55837099723970        1.25917345378746
H           -2.04279525332919        3.03383532567939        0.36226792304333
H           -3.53852783158761        2.64614848546652        1.20055408662093
C           -1.94755864708333        3.29305579420353        2.49972333064257
H           -0.85782030384775        3.31115804757677        2.52963715078490
H           -2.30337296620862        4.32258079051265        2.51088196982246
H           -2.30255534456776        2.80358250247038        3.40731649840708
14
 energy: -13.664318947491 gnorm: 0.017825888935 xtb: 6.7.1 (edcfbbe)
C           -2.48196207771303        0.36919958975300       -0.00509883806852
H           -2.39337989672853       -0.72427398121274        0.10632806581426
H           -1.83386324539709        0.68403547340066       -0.83651128776177
H           -3.52311313628959        0.60075627332218       -0.26988765724611
C           -2.09179647800626        1.07067841672306        1.28521937036525
H           -1.01678872302694        0.94698714123881        1.45384493359050
H           -2.60609533247162        0.59723946443143        2.12729303521472
C           -2.44335374323427        2.55697622366749        1.25941866525294
H           -2.02201422430262        3.02005343051677        0.36134146766687
H           -3.53234303505584        2.66240755117496        1.19084221312745
C           -1.94102250186412        3.29365143586418        2.49547664328730
H           -0.85075141825628        3.31142696639776        2.52424736324670
H           -2.29533110603745        4.32411519069505        2.50195678945897
H           -2.29411664161635        2.80934652402738        3.40707128605143
14
 energy: -13.664659087036 gnorm: 0.007800862326 xtb: 6.7.1 (edcfbbe)
C           -2.48406873485893        0.37084820167282       -0.00621930734231
H           -2.38344798009853       -0.71140078818006        0.09569791499788
H           -1.84339158149614        0.69159105024002       -0.82585838589556
H           -3.51731126709392        0.59108676803254       -0.27264070437969
C           -2.09501838281135        1.07019683144005        1.28803318681801
H           -1.02174834547492        0.95552768425753        1.45462978781516
H           -2.60798768494082        0.59662356513378        2.13132857893666
C           -2.44582199786205        2.55399814425913        1.26320554951703
H           -2.01737667841605        3.01170485773505        0.36475495153550
H           -3.53243436063986        2.66198852367988        1.19568369243399
C           -1.94093040413438        3.29157675965784        2.49374947880841
H           -0.85123998768140        3.30547722736281        2.51803436213055
H           -2.29289677077098        4.32234785005318        2.49414731347747
H           -2.29225738372067        2.81103302465541        3.40699563114689
14
 energy: -13.664811573852 gnorm: 0.004535550338 xtb: 6.7.1 (edcfbbe)
C           -2.48301043758486        0.37020608391020       -0.00467871642590
H           -2.34489219187323       -0.70488359213326        0.08221493116985
H           -1.86554505265218        0.73021137285353       -0.82910174974580
H           -3.52654152904548        0.56232295146082       -0.25010296543311
C           -2.10042816940568        1.06858742875962        1.29345748055161
H           -1.02896721604419        0.95051060945632        1.46556264624044
H           -2.62144190707761        0.59764453377645        2.13235315826429
C           -2.44562769277716        2.55429939150915        1.26048101977116
H           -2.00908856797103        3.00523423129564        0.36398978993008
H           -3.52988992238389        2.66802326691614        1.18984099306545
C           -1.93900911678069        3.29064828861283        2.49120474399540
H           -0.85052366136868        3.29423239191840        2.51667853343119
H           -2.28345505990146        4.32292926662465        2.48829758674910
H           -2.29751103513385        2.81263347503950        3.40134459843624
14
 energy: -13.664911124540 gnorm: 0.004763591861 xtb: 6.7.1 (edcfbbe)
C           -2.48446214946195        0.36889477384240       -0.00313517094448
H           -2.27942818716173       -0.70087123647291        0.06393186201515
H           -1.90478123639981        0.77804670906535       -0.83095118780852
H           -3.54542669519379        0.51157807394869       -0.22049301601596
C           -2.10760784787590        1.06976615867290        1.29660463540236
H           -1.03789257543379        0.94671602891238        1.47569734296457
H           -2.63762545604357        0.60305000706982        2.12951103952601
C           -2.44426501087805        2.55838405874244        1.25551929964427
H           -1.99648361729074        3.00223005481558        0.36357670640817
H           -3.52616892207431        2.67961686730914        1.17883888196407
C           -1.93625163960871        3.28979343620601        2.49085805272018
H           -0.84915271466884        3.27203312415761        2.52369816727573
H           -2.26329648294687        4.32680081187447        2.48317480362824
H           -2.31308902496190        2.81656083185613        3.39471063322020
14
 energy: -13.664968802408 gnorm: 0.004146556883 xtb: 6.7.1 (edcfbbe)
C           -2.48478527695229        0.36556952571112       -0.00200585020957
H           -2.27767179286818       -0.69778966728638        0.06535341968858
H           -1.91838871364488        0.77560794852546       -0.83555285754346
H           -3.54416449138522        0.50488694386588       -0.21272465100894
C           -2.10239509797850        1.07145833991930        1.29414644281321
H           -1.03129842551300        0.95082061329075        1.46835312591698
H           -2.62799760406226        0.60647196629511        2.12894617396630
C           -2.44307441458117        2.56014098478899        1.25294888938272
H           -1.99594537931182        3.00631956504687        0.36368152697711
H           -3.52529354520087        2.67829292053362        1.17525668923873
C           -1.93863958667996        3.28999817548877        2.49319805600287
H           -0.85230977890362        3.25936027191899        2.53500534171077
H           -2.25406053600291        4.33051494016245        2.48184663169935
H           -2.32990691691532        2.82094717173907        3.39308911136535
14
 energy: -13.665011818649 gnorm: 0.003910359729 xtb: 6.7.1 (edcfbbe)
C           -2.48653781519215        0.36397506842872       -0.00115803519209
H           -2.25932568406792       -0.69577521006774        0.05896093584543
H           -1.94077775388679        0.78796409141952       -0.84275725482051
H           -3.55090295624717        0.48394245377112       -0.19875420644000
C           -2.10006544009245        1.07171638757674        1.29241660731228
H           -1.02823939575993        0.95259435468800        1.46305089179060
H           -2.62338987815804        0.60830622219377        2.12960977207238
C           -2.43963444615824        2.56049279969920        1.25197172992245
H           -1.98829513705084        3.00769322884400        0.36458660931289
H           -3.52221691750677        2.67987184253400        1.16947319955941
C           -1.94091655798393        3.28997360093361        2.49512061216391
H           -0.85504429246542        3.24614325051290        2.54973092828166
H           -2.24251823730005        4.33507419517672        2.47543918175180
H           -2.34806704813031        2.83062741428944        3.39385107843979
14
 energy: -13.665065464733 gnorm: 0.003149379843 xtb: 6.7.1 (edcfbbe)
C           -2.49183373834469        0.36291497059294        0.00051476310647
H           -2.23347148509770       -0.69199213040020        0.04994061712073
H           -1.97974521181087        0.80154294976304       -0.85294613317753
H           -3.56434751924457        0.45015933709220       -0.17262539424217
C           -2.09248673153405        1.07398182927981        1.28716178383605
H           -1.01812482902198        0.95729403472450        1.44583657122673
H           -2.60568555736096        0.61083307193841        2.13200599828005
C           -2.43273244115657        2.56210705725452        1.24971699430726
H           -1.97422331415555        3.01494254945756        0.36693870035965
H           -3.51580524270300        2.68156672907868        1.15760207852518
C           -1.94683527763793        3.28861620316464        2.49877972551189
H           -0.86264290755219        3.21919493144778        2.58265974727453
H           -2.22103973409126        4.34182914526497        2.46200241165846
H           -2.38695757028869        2.84960902134115        3.39395418621267
14
 energy: -13.665087850264 gnorm: 0.002224316562 xtb: 6.7.1 (edcfbbe)
C           -2.49515575539343        0.36268842287033        0.00177517127024
H           -2.23393006550796       -0.69181518169570        0.04773162752326
H           -1.99103210637394        0.80261517039721       -0.85632012528819
H           -3.56718004968598        0.44594436616676       -0.16153839130040
C           -2.08723071774691        1.07467085472353        1.28496479634212
H           -1.01132190123962        0.95872337138061        1.43604778255603
H           -2.59293155424541        0.61082721716192        2.13487160900403
C           -2.42949581310012        2.56225215119185        1.24879152708803
H           -1.96867022735357        3.01758795564171        0.36788184144986
H           -3.51234044767985        2.68010835311591        1.15218415032782
C           -1.95049722671432        3.28825738804429        2.49990541850923
H           -0.86824859466905        3.21091997883974        2.59585613825389
H           -2.21538933681596        4.34309788657108        2.45727372941891
H           -2.40250776347391        2.85672176559075        3.39211677484517
14
 energy: -13.665109708391 gnorm: 0.002092411206 xtb: 6.7.1 (edcfbbe)
C           -2.50082602489069        0.36280667052265        0.00367082096636
H           -2.23431264389851       -0.68911639127392        0.04804738386097
H           -2.01179761607154        0.80379881298859       -0.86265233345415
H           -3.57809815257042        0.43630096081132       -0.13767130207022
C           -2.07594727846179        1.07731159221912        1.28008932525572
H           -0.99771592795386        0.96254664087015        1.41766455072686
H           -2.56832021357756        0.61277485422645        2.13844298995183
C           -2.42255674223337        2.56375731026429        1.24540553909349
H           -1.95506701257710        3.02221034211984        0.36948355941055
H           -3.50424168293844        2.67870398710335        1.13858875685549
C           -1.95772398813866        3.28711239992726        2.50264880209605
H           -0.87945543202651        3.19466145755013        2.62040704961835
H           -2.20664045378936        4.34445674550970        2.45123944114675
H           -2.43322839087223        2.86527431716107        3.38617746654192
14
 energy: -13.665118579872 gnorm: 0.001303582967 xtb: 6.7.1 (edcfbbe)
C           -2.50417391166192        0.36222322157881        0.00523355039059
H           -2.23943903568005       -0.69163184891335        0.04946843656770
H           -2.01590515728031        0.80076842378078       -0.86244747974490
H           -3.57961023156814        0.44014578190684       -0.13098063777709
C           -2.07174529958923        1.07845114590781        1.27862415673151
H           -0.99288617444426        0.96521010881193        1.40907155024800
H           -2.55767397931752        0.61403933661990        2.14021911707449
C           -2.42025649094184        2.56455287942856        1.24383965532378
H           -1.94989432133177        3.02319177093999        0.37033446455406
H           -3.50119040428305        2.67813512257093        1.13344896917374
C           -1.96043003711817        3.28687345698601        2.50380127088006
H           -0.88383507539971        3.19098888935416        2.62666737650900
H           -2.20639960744835        4.34441500755763        2.45134059403211
H           -2.44249183393572        2.86523640347000        3.38292102603692
14
 energy: -13.665123200193 gnorm: 0.000796824170 xtb: 6.7.1 (edcfbbe)
C           -2.50642712304807        0.36109426637721        0.00667270107775
H           -2.24329829250788       -0.69316116964105        0.05238226448261
H           -2.02243990173945        0.79752494959773       -0.86523943420302
H           -3.58311429981837        0.44110205712688       -0.12406377008992
C           -2.06698412239652        1.07943110235268        1.27664650382003
H           -0.98747931555499        0.96767972536929        1.40132057187087
H           -2.54884462967221        0.61626996984790        2.14089613916267
C           -2.41678168257547        2.56524679091590        1.24181005597288
H           -1.94272061612416        3.02486735765751        0.37127280865093
H           -3.49741997662274        2.67805811454281        1.12725926168892
C           -1.96332556168011        3.28648352293155        2.50532104807799
H           -0.88753298599281        3.18879348316005        2.63403431494051
H           -2.20798097674799        4.34462714172314        2.45204010030488
H           -2.45158207551929        2.86458238803840        3.38118948424289
14
 energy: -13.665124457487 gnorm: 0.001249168420 xtb: 6.7.1 (edcfbbe)
C           -2.50771604771029        0.35997681035339        0.00773229356458
H           -2.25747811763636       -0.69667567016389        0.05919834512213
H           -2.01866352876106        0.78554913395216       -0.86522281002612
H           -3.58396432271194        0.45149582972008       -0.12579009558411
C           -2.06341609132248        1.08030585055320        1.27474495555408
H           -0.98342361931644        0.96916842956514        1.39560823046775
H           -2.54303218457391        0.61878880187826        2.14096992710104
C           -2.41373787464696        2.56596484608524        1.24009946898975
H           -1.93702030777326        3.02729612370109        0.37216738458277
H           -3.49435916888207        2.67799934026182        1.12273173828591
C           -1.96545787229719        3.28607240317378        2.50630336763761
H           -0.88954451942031        3.19688555931293        2.63445108678012
H           -2.21864577942678        4.34233992977293        2.45802791961110
H           -2.44947212552102        2.85743231183387        3.38052023791337
14
 energy: -13.665126773013 gnorm: 0.000567156310 xtb: 6.7.1 (edcfbbe)
C           -2.50815279017280        0.35990290197100        0.00819711973765
H           -2.25347905479213       -0.69666484471707        0.05755004175749
H           -2.02207013739811        0.78973705802370       -0.86552787011594
H           -3.58498023537793        0.44836417737911       -0.12360379413376
C           -2.06404091374192        1.08010625956047        1.27516938950578
H           -0.98401008231769        0.96766077819335        1.39655653967801
H           -2.54379736325440        0.61905914744464        2.14154696385324
C           -2.41310879653464        2.56609340113011        1.23978085445165
H           -1.93551827830773        3.02734411655465        0.37215598129247
H           -3.49349402603753        2.67884565235283        1.12118400365898
C           -1.96536354534306        3.28592407667230        2.50596536388868
H           -0.88874618827314        3.19704920971217        2.63493307389620
H           -2.21916916801699        4.34242277684326        2.45725402750525
H           -2.45000098043199        2.85675498887949        3.38038035502430
14
 energy: -13.665127268776 gnorm: 0.000196654077 xtb: 6.7.1 (edcfbbe)
C           -2.50842390539576        0.36031512966152        0.00804339100176
H           -2.25298862412899       -0.69581408898154        0.05663224964917
H           -2.02287344549262        0.79107388848475       -0.86538287222117
H           -3.58507559659360        0.44771207669476       -0.12283287048729
C           -2.06398353273076        1.07988441152001        1.27543528887195
H           -0.98396976856705        0.96716474026352        1.39694642340748
H           -2.54364735337999        0.61874460456847        2.14212966419330
C           -2.41293123809029        2.56583124393652        1.23993213833301
H           -1.93516108397032        3.02652489687202        0.37195299142281
H           -3.49314629194699        2.67857857740943        1.12076685635654
C           -1.96552385366007        3.28599309621181        2.50591910030544
H           -0.88875936036891        3.19722771878012        2.63475422364877
H           -2.21926993789710        4.34248630886705        2.45672477528659
H           -2.45017756777762        2.85687709571157        3.38052069023163
