14
 energy: -13.663412428838 gnorm: 0.011701636239 xtb: 6.7.1 (edcfbbe)
C           -0.47947293000000        0.95619124000000        1.24778979000000
H           -0.17374659000000       -0.09021952000000        1.20321641000000
H           -0.05593826000000        1.38639459000000        2.15799560000000
H           -0.02401875000000        1.47065799000000        0.39878134000000
C           -2.00023900000000        1.09707300000000        1.22694500000000
H           -2.43008043000000        0.54361906000000        2.06780833000000
H           -2.39840545000000        0.62723872000000        0.32204410000000
C           -2.47573600000000        2.54906500000000        1.28786500000000
H           -2.14216000000000        3.07351700000000        0.38686300000000
H           -3.56979700000000        2.56933900000000        1.26055900000000
C           -1.98256300000000        3.29668400000000        2.52514300000000
H           -2.26174014000000        2.77105901000000        3.44095446000000
H           -0.89664915000000        3.40258119000000        2.52248880000000
H           -2.41286992000000        4.29917616000000        2.57783635000000
14
 energy: -13.663920201727 gnorm: 0.004695087193 xtb: 6.7.1 (edcfbbe)
C           -0.47845980245218        0.95369294666432        1.24276680436125
H           -0.19605715027745       -0.09622824396381        1.18433511326821
H           -0.05102286070247        1.36539768701187        2.15499377573016
H           -0.03937349647809        1.47386869687616        0.39176067010189
C           -1.99416132659292        1.09864591786908        1.23894252835631
H           -2.41172502342086        0.55371905855996        2.09090921914094
H           -2.39166366144796        0.63536006690396        0.33125083076426
C           -2.46341909695134        2.55261984215792        1.28729350087401
H           -2.11493653544830        3.07791654762046        0.39306188144951
H           -3.55691895568402        2.56415433431231        1.26492180056188
C           -1.98947134989527        3.29966315495980        2.52682011744992
H           -2.27648560505161        2.76453696183384        3.43174567055524
H           -0.90775853994838        3.41483164595895        2.52351928894831
H           -2.43196321564914        4.29419782323518        2.56396897843813
14
 energy: -13.664026183781 gnorm: 0.001500563480 xtb: 6.7.1 (edcfbbe)
C           -0.47548478203187        0.94922476507858        1.23733110170015
H           -0.20278492089153       -0.10157584001876        1.16489778937437
H           -0.04000202535204        1.34758506688660        2.14965451960795
H           -0.04508664029801        1.47554260149607        0.38784045118777
C           -1.99117987306370        1.09937534793376        1.24569271617010
H           -2.40179950269673        0.56605606193893        2.10710530389196
H           -2.39635265963027        0.63326738670618        0.34366023305113
C           -2.45838719957220        2.55462723507009        1.28653756318784
H           -2.09661911132131        3.07480045203556        0.39587778874855
H           -3.55106394096032        2.56482662689608        1.25541343226735
C           -1.99572933079810        3.30393596774342        2.52968571979454
H           -2.28852401264217        2.76601848911275        3.42903006366049
H           -0.91593192881147        3.42440088376814        2.53339396098078
H           -2.44447069193029        4.29429139535259        2.56016953637700
14
 energy: -13.664110229069 gnorm: 0.003042630998 xtb: 6.7.1 (edcfbbe)
C           -0.47219032484783        0.94306491290441        1.22707161207426
H           -0.20767799312459       -0.10748877197524        1.12821156029951
H           -0.02258953300549        1.32007852551690        2.14083203981965
H           -0.05337175497850        1.48433904585261        0.38248614351423
C           -1.98912510215433        1.09846854518721        1.25894898557707
H           -2.38686753700490        0.58372796996265        2.13670608749122
H           -2.41050839170967        0.62009832497544        0.37149163708047
C           -2.44925230209155        2.55768885904746        1.28255371338868
H           -2.06516416127776        3.06997393568676        0.39768912083736
H           -3.54042340163668        2.57273078330949        1.23009532888362
C           -2.00663060047320        3.30957434603602        2.53390904422621
H           -2.30998148897355        2.76950418939201        3.42705335765236
H           -0.92805696622953        3.43425657462068        2.55242333238333
H           -2.46157706249240        4.29635919948361        2.55681821677202
14
 energy: -13.664132331216 gnorm: 0.001751074435 xtb: 6.7.1 (edcfbbe)
C           -0.47252279273209        0.94210385005848        1.22390338166145
H           -0.20620770508038       -0.10732691381407        1.11896120721998
H           -0.01878573651327        1.31593253169133        2.13731406992202
H           -0.05631556548596        1.48805340302788        0.38041209763816
C           -1.98904723909740        1.09814613067637        1.26267380363532
H           -2.38243762293883        0.58791836547036        2.14496389661335
H           -2.41609435320942        0.61360772925592        0.38110687917551
C           -2.44694910296295        2.55768159537055        1.28155260538123
H           -2.05618192523514        3.06813659207827        0.39842902379696
H           -3.53782071070107        2.57731232550886        1.22074175707839
C           -2.00965700749474        3.30980425874332        2.53432617902688
H           -2.31889727005274        2.77121754898235        3.42709660215538
H           -0.93039875626511        3.43151367532984        2.55939606865406
H           -2.46210083223090        4.29827534762055        2.55541260804129
14
 energy: -13.664147053154 gnorm: 0.001064250659 xtb: 6.7.1 (edcfbbe)
C           -0.47367404951412        0.94238702976133        1.21803664078461
H           -0.20371079618317       -0.10520222779754        1.10496249266022
H           -0.01249961679804        1.31312957472355        2.12987182192549
H           -0.06234361423597        1.49451882179990        0.37499769007273
C           -1.98915929914089        1.09746056006587        1.26951740260756
H           -2.37453244277608        0.59493105041851        2.16006536041976
H           -2.42620000436402        0.60244140054396        0.39830230123717
C           -2.44259754732153        2.55719826694609        1.27952956262588
H           -2.04047418906038        3.06464337530911        0.39921338473241
H           -3.53282888583452        2.58417042830101        1.20446593883113
C           -2.01488203658551        3.30853000331150        2.53500157433396
H           -2.33881075397074        2.77572163266771        3.42749169942505
H           -0.93407063494284        3.42006177182812        2.57406858740036
H           -2.45763274927218        4.30238475212090        2.55076572294364
14
 energy: -13.664152824630 gnorm: 0.000712664966 xtb: 6.7.1 (edcfbbe)
C           -0.47308979472505        0.94216851091689        1.21734053793392
H           -0.20367210221402       -0.10586218981298        1.10723248725675
H           -0.01139064990053        1.31547787971785        2.12767639319041
H           -0.06285134568260        1.49160587939537        0.37230676074561
C           -1.98841609627938        1.09775386734589        1.26934992883802
H           -2.37344280375771        0.59494172387905        2.15973586263421
H           -2.42513412108745        0.60345282800646        0.39789941501453
C           -2.44287292791215        2.55725955041351        1.28020977649841
H           -2.04115448162488        3.06513763946412        0.40012630144034
H           -3.53296490302494        2.58326684266396        1.20590062559020
C           -2.01549381054206        3.30874110996543        2.53551137509739
H           -2.34364478966714        2.77795256651430        3.42733413669005
H           -0.93460452267094        3.41640395565998        2.57686888988735
H           -2.45468427091115        4.30407627587016        2.54879768918281
14
 energy: -13.664163493500 gnorm: 0.000435720656 xtb: 6.7.1 (edcfbbe)
C           -0.47147533051220        0.94294374231920        1.21454131546075
H           -0.20374858022307       -0.10661926387388        1.11476577324152
H           -0.00690221091933        1.32486650546186        2.11967444118738
H           -0.06448830807842        1.48315914530513        0.36235746357273
C           -1.98688669250136        1.09786652853689        1.26941681721143
H           -2.37028430857906        0.59456184554814        2.16013147615719
H           -2.42412019308480        0.60519198315132        0.39759828749683
C           -2.44281244709491        2.55735497688692        1.28158304393943
H           -2.04200766038016        3.06637558116066        0.40190198295713
H           -3.53281127931996        2.58031774187146        1.20848919946483
C           -2.01724456757832        3.30848915766835        2.53777759902766
H           -2.36143903869330        2.78612710171894        3.42812336318158
H           -0.93568758068118        3.40234436646793        2.58871191881650
H           -2.44350842235392        4.30939702777706        2.54121749828501
14
 energy: -13.664168005295 gnorm: 0.000292407915 xtb: 6.7.1 (edcfbbe)
C           -0.47051657489249        0.94230340933823        1.21153781086082
H           -0.20239196975709       -0.10761494174515        1.11569554503316
H           -0.00309370418798        1.32875874938491        2.11326362087912
H           -0.06662409490742        1.47893167577390        0.35556532033850
C           -1.98570868301716        1.09798211125564        1.27080926778014
H           -2.36642826546764        0.59589072316595        2.16332035178307
H           -2.42525653912644        0.60357787531376        0.40098187293287
C           -2.44222414526701        2.55739844487222        1.28227430415892
H           -2.03895113083851        3.06644616747939        0.40369540702452
H           -3.53218770205711        2.58115078027792        1.20640636514271
C           -2.01981808427268        3.30881061203217        2.53930321026522
H           -2.37510671659750        2.79199159492429        3.42851735068149
H           -0.93784144934583        3.39329215798202        2.59819207620533
H           -2.43726756026513        4.31345707994476        2.53672767691412
14
 energy: -13.664170496933 gnorm: 0.000145723702 xtb: 6.7.1 (edcfbbe)
C           -0.47035679432753        0.94223481409951        1.20974268605914
H           -0.20235077945956       -0.10774555166897        1.11498580564589
H           -0.00062164387655        1.33023472276748        2.10965519788180
H           -0.06815643132534        1.47729451907534        0.35197111678845
C           -1.98541818196970        1.09785208224410        1.27217462150449
H           -2.36433956875601        0.59723515367502        2.16632103834952
H           -2.42709282686304        0.60187902122876        0.40421184624182
C           -2.44096683730717        2.55745557313383        1.28212587496643
H           -2.03541405275214        3.06615351870371        0.40435017674225
H           -3.53075795141916        2.58204635310983        1.20346258244671
C           -2.02131812379994        3.30882369584754        2.54015390500535
H           -2.38160576215855        2.79426682976035        3.42853119203927
H           -0.93946933205301        3.39004274325598        2.60348430431546
H           -2.43554833393230        4.31460296476753        2.53511983201340
14
 energy: -13.664172043305 gnorm: 0.000130881281 xtb: 6.7.1 (edcfbbe)
C           -0.47023643765151        0.94188408942658        1.20847383554788
H           -0.20254686586977       -0.10824727800762        1.11435124925246
H            0.00120395062137        1.33083362756159        2.10710999670067
H           -0.06937361912404        1.47600835894300        0.34939678737771
C           -1.98516276958744        1.09793778443457        1.27334281517240
H           -2.36280551108872        0.59867762241777        2.16881879928658
H           -2.42850489342467        0.60080073732574        0.40687218098027
C           -2.43995801650845        2.55770919474865        1.28188568876230
H           -2.03221800980587        3.06591674083429        0.40480062349117
H           -3.52958478466184        2.58314533834276        1.20084040573585
C           -2.02239738101000        3.30884489519012        2.54079377241788
H           -2.38517558592449        2.79469340753056        3.42844040102941
H           -0.94064877033846        3.38928664925008        2.60664253336839
H           -2.43600792562609        4.31488527200191        2.53452109087701
14
 energy: -13.664173198485 gnorm: 0.000134033796 xtb: 6.7.1 (edcfbbe)
C           -0.47014591673032        0.94143509315442        1.20744344124835
H           -0.20291149565985       -0.10894579775096        1.11498685699972
H            0.00266711037724        1.33200746535207        2.10465777137167
H           -0.07020440600529        1.47374062795445        0.34680368756526
C           -1.98493475353719        1.09796922290545        1.27393208195161
H           -2.36168181320504        0.59977444724729        2.17036569089257
H           -2.42944238980291        0.60003679886061        0.40852205928167
C           -2.43900308397339        2.55797593261933        1.28175617272426
H           -2.02964977854291        3.06599255124391        0.40534095387256
H           -3.52845357479744        2.58394812613167        1.19895471863698
C           -2.02340763519406        3.30907808903107        2.54139231847657
H           -2.38741499293014        2.79470889418485        3.42839324644353
H           -0.94177184436840        3.38953974222350        2.60888927895600
H           -2.43706204563030        4.31511524684236        2.53485190157923
14
 energy: -13.664174293098 gnorm: 0.000098545282 xtb: 6.7.1 (edcfbbe)
C           -0.46999275647486        0.94099158271036        1.20647802406964
H           -0.20322515345714       -0.10977011681486        1.11696492112519
H            0.00414803728301        1.33426477036017        2.10181146596067
H           -0.07099602960190        1.47040349814834        0.34361772523809
C           -1.98464264989835        1.09823963383160        1.27448854728930
H           -2.36069553411161        0.60085986666460        2.17163830393736
H           -2.43015915064947        0.59987128650467        0.40989909126425
C           -2.43828645626346        2.55840197348406        1.28158683013480
H           -2.02735712054685        3.06636259070591        0.40589381069381
H           -3.52758888378560        2.58475429466489        1.19712510779215
C           -2.02429559496195        3.30900431511404        2.54202596296386
H           -2.38944787840731        2.79434623509573        3.42841139381246
H           -0.94275120156517        3.38967727273987        2.61108435210607
H           -2.43812624755933        4.31496923679064        2.53526464361233
14
 energy: -13.664175302017 gnorm: 0.000075824897 xtb: 6.7.1 (edcfbbe)
C           -0.46985895427351        0.94059869822063        1.20540452146171
H           -0.20349743021055       -0.11064592217095        1.12000119604665
H            0.00555841826494        1.33757108728612        2.09843289453989
H           -0.07199412056100        1.46630897096139        0.33973078555372
C           -1.98435237929618        1.09843707566278        1.27477684414761
H           -2.35967747320253        0.60189649964120        2.17270742271074
H           -2.43085655847711        0.59958098777702        0.41096381459880
C           -2.43741343374178        2.55879914676806        1.28157844185318
H           -2.02489887080278        3.06676094764674        0.40664818147182
H           -3.52656116939685        2.58557192001897        1.19542591743780
C           -2.02525947307149        3.30899557884726        2.54283597097764
H           -2.39185158190229        2.79398388626114        3.42848493820701
H           -0.94377816616083        3.38945205232690        2.61354408609445
H           -2.43897542716801        4.31506551075272        2.53575516489899
14
 energy: -13.664175995101 gnorm: 0.000053757351 xtb: 6.7.1 (edcfbbe)
C           -0.46971151267286        0.94020574088101        1.20438752319708
H           -0.20355907316505       -0.11139776634112        1.12279212536182
H            0.00692539962404        1.34065211037196        2.09520529699820
H           -0.07289282624564        1.46240203545835        0.33615423969276
C           -1.98407874374134        1.09864719151433        1.27517059591512
H           -2.35876011301812        0.60273820770821        2.17370405783646
H           -2.43142578935010        0.59939485959883        0.41205261750707
C           -2.43672451075310        2.55918288239313        1.28148191225992
H           -2.02276369779026        3.06721380999965        0.40728067700095
H           -3.52573325209679        2.58639565081404        1.19384424473038
C           -2.02618471247312        3.30893708528565        2.54353286604882
H           -2.39425140326638        2.79384627856914        3.42850314779995
H           -0.94477963832382        3.38900250786025        2.61597490086895
H           -2.43947674672745        4.31515584588657        2.53620597478250
