14
 energy: -13.661043671306 gnorm: 0.014147432332 xtb: 6.7.1 (edcfbbe)
C           -2.49341300000000        0.34945400000000       -0.01033300000000
H           -2.88653563000000       -0.63521648000000        0.24717332000000
H           -1.68627143000000        0.20537973000000       -0.73192586000000
H           -3.28931250000000        0.90234845000000       -0.51410041000000
C           -2.00023900000000        1.09707300000000        1.22694500000000
H           -0.90617800000000        1.07679900000000        1.25425000000000
H           -2.33381500000000        0.57262200000000        2.12794700000000
C           -2.47573600000000        2.54906500000000        1.28786500000000
H           -2.14216000000000        3.07351700000000        0.38686300000000
H           -3.56979700000000        2.56933900000000        1.26055900000000
C           -1.98256300000000        3.29668400000000        2.52514300000000
H           -0.89126000000000        3.32285300000000        2.56126900000000
H           -2.33875400000000        4.32789100000000        2.53819100000000
H           -2.32989700000000        2.81479100000000        3.44169600000000
14
 energy: -13.661562243232 gnorm: 0.004910569722 xtb: 6.7.1 (edcfbbe)
C           -2.49079929536778        0.35897963241706       -0.00581988542269
H           -2.86622555089686       -0.63075586492325        0.24620927391787
H           -1.69318764900832        0.23471156550472       -0.73658911726662
H           -3.29905907824691        0.90511688780682       -0.49036087926701
C           -1.99839290598432        1.09998227775993        1.24094960687448
H           -0.90564713518699        1.08752168390670        1.27273947947777
H           -2.34814979221865        0.58991711578742        2.14283934453298
C           -2.47794372165276        2.54937026516730        1.27887486705917
H           -2.12856229503574        3.07089437504876        0.38277645497126
H           -3.57175465045018        2.56691378056637        1.26402261340657
C           -1.98055593235988        3.28292741921504        2.51672204240850
H           -0.89151478516460        3.30209880960798        2.54391729294614
H           -2.33971784879321        4.31066002736512        2.52118105091820
H           -2.33442091963381        2.79426172477004        3.42407990544339
14
 energy: -13.661786368778 gnorm: 0.002542836285 xtb: 6.7.1 (edcfbbe)
C           -2.48953792654554        0.35839868683038       -0.00562552971086
H           -2.83258773503937       -0.64422434919243        0.23954978801277
H           -1.69757376288298        0.26995593884755       -0.74611856327385
H           -3.31878794856894        0.89163926956021       -0.46628574194147
C           -2.00391858052971        1.09997357313135        1.24586636808756
H           -0.91294390580271        1.08510395308068        1.28637378289648
H           -2.36943419506524        0.59786185109163        2.14440561385087
C           -2.47637108101214        2.55162964880152        1.27525530907091
H           -2.11731533958107        3.06730356267109        0.38116707517800
H           -3.56883842905409        2.57154434799843        1.26182824399832
C           -1.97796767448702        3.28205780965673        2.51392722169450
H           -0.89077841196003        3.29325028424057        2.53781700005185
H           -2.33412144650626        4.30934380778502        2.51853469065777
H           -2.33575512296493        2.78876131549726        3.41484679142715
14
 energy: -13.662275254377 gnorm: 0.017727115373 xtb: 6.7.1 (edcfbbe)
C           -2.48646938756048        0.35770263355912       -0.00531383415529
H           -2.68696773693686       -0.70205557523265        0.21055828852223
H           -1.71882892781309        0.41895299774687       -0.78914561067981
H           -3.40893257078046        0.82356731428643       -0.37557281308641
C           -2.02774026687995        1.09636500622342        1.26389685183838
H           -0.94215087130251        1.05883719663383        1.34254515969441
H           -2.45304059073964        0.61713472268391        2.14704494669006
C           -2.46824354695804        2.56007218785303        1.26127667036363
H           -2.07674645627642        3.05414543007639        0.37215576442202
H           -3.55667987102232        2.59783899610924        1.24239842112200
C           -1.96676393395253        3.28166064850393        2.50540239590654
H           -0.88419074666272        3.26901681008374        2.52575716906936
H           -2.31004674534417        4.30957414884275        2.51038559544088
H           -2.33912990777080        2.77978718263000        3.39015304485203
14
 energy: -13.662718051854 gnorm: 0.011218583802 xtb: 6.7.1 (edcfbbe)
C           -2.48585601598279        0.35795012230093       -0.00576722796840
H           -2.67804280771468       -0.69789437389237        0.20514904931288
H           -1.72680815820588        0.42147739116190       -0.78818541358459
H           -3.40795062002119        0.80856115349928       -0.37900893075303
C           -2.02998031427986        1.09552331120706        1.26187297457533
H           -0.94459248998642        1.04870136590341        1.34699613134958
H           -2.45978006133229        0.61464688028746        2.14146240110516
C           -2.46625057582140        2.56040823440208        1.26236228997999
H           -2.07956784600675        3.05454489755776        0.37161685722818
H           -3.55516330340761        2.60047418942808        1.24037340470573
C           -1.96545014460577        3.28467647095930        2.50673393615832
H           -0.88192256982937        3.27823421199906        2.52733426129506
H           -2.31186076049017        4.31240274431990        2.51573399847568
H           -2.33270589231580        2.78289310086615        3.39486831812010
14
 energy: -13.663730778525 gnorm: 0.013127139013 xtb: 6.7.1 (edcfbbe)
C           -2.48279628616118        0.36074487162253       -0.00557663970873
H           -2.53568179487799       -0.72470829235837        0.16330708203804
H           -1.77388128337947        0.54968670796931       -0.81940288266737
H           -3.47553312980628        0.70596591104602       -0.32002326210594
C           -2.05699866457439        1.08665829719471        1.27032885221296
H           -0.97541674447010        0.99345455211015        1.40214744210266
H           -2.53815744234420        0.61301784477701        2.12876403530652
C           -2.45273773121788        2.56424962105470        1.25669083079367
H           -2.05402972813920        3.04412351363620        0.36372003381094
H           -3.54171747981509        2.63167121273383        1.21411760596355
C           -1.95320309285123        3.29212638301627        2.50340136813852
H           -0.86776380158313        3.29239161255258        2.52865957222388
H           -2.30087404013527        4.32119685325772        2.51889672601875
H           -2.31714034064460        2.79202061138733        3.39651128587255
14
 energy: -13.664214506853 gnorm: 0.008951163518 xtb: 6.7.1 (edcfbbe)
C           -2.48163168124957        0.36579466906176       -0.00480603173766
H           -2.47704345560822       -0.71731955475824        0.13724254524314
H           -1.80356809702938        0.60607012769745       -0.82677657910536
H           -3.49029487960632        0.65863640169580       -0.30180751751410
C           -2.07377482658975        1.07646943519295        1.27640958467489
H           -0.99481937900660        0.96570297712818        1.42449903909399
H           -2.56427252418245        0.59851091298255        2.12721053844612
C           -2.44787852296888        2.55836868644225        1.25917586191166
H           -2.04280347745483        3.03383782645479        0.36226911693328
H           -3.53853046391023        2.64614351358482        1.20055660553630
C           -1.94756071964645        3.29305555973510        2.49972448493200
H           -0.85782097519948        3.31116521163292        2.52963913400289
H           -2.30337941182714        4.32258002723354        2.51088336503824
H           -2.30255314572071        2.80358390591613        3.40732190254461
14
 energy: -13.664318297675 gnorm: 0.017846624235 xtb: 6.7.1 (edcfbbe)
C           -2.48196016447721        0.36920270137140       -0.00509736964531
H           -2.39329993776421       -0.72428524835241        0.10630120423403
H           -1.83389271079653        0.68411413127776       -0.83653088951342
H           -3.52314774181305        0.60070024559853       -0.26985238662611
C           -2.09181487921117        1.07066951374733        1.28522726521021
H           -1.01681003335836        0.94695487333407        1.45387532200057
H           -2.60613492273297        0.59723223327186        2.12729074894426
C           -2.44334627073066        2.55697444794266        1.25941696219541
H           -2.02199639028845        3.02004436666185        0.36133762551733
H           -3.53233677539167        2.66242623576410        1.19082469165976
C           -1.94101548912585        3.29365370433444        2.49547293134229
H           -0.85074170622223        3.31143945865581        2.52424892951577
H           -2.29532805832448        4.32411814184905        2.50195158975135
H           -2.29410647976315        2.80935489454357        3.40707542541383
14
 energy: -13.664658607615 gnorm: 0.007795682706 xtb: 6.7.1 (edcfbbe)
C           -2.48406138282707        0.37083380327316       -0.00621636213968
H           -2.38364799717859       -0.71143935337395        0.09579627250087
H           -1.84329071830415        0.69141131454227       -0.82587466070854
H           -3.51726973503322        0.59124189702048       -0.27269216324556
C           -2.09496992321740        1.07021445207737        1.28800877167733
H           -1.02168715452053        0.95555188400062        1.45456897481445
H           -2.60790265423705        0.59663999958098        2.13131957630989
C           -2.44582557437182        2.55401396432728        1.26319168481866
H           -2.01743018088314        3.01175793267948        0.36474708781816
H           -3.53244605954537        2.66195345164281        1.19569582434552
C           -1.94094410286586        3.29158169937370        2.49376335710399
H           -0.85125665491803        3.30547961137353        2.51805773157432
H           -2.29291361648063        4.32234958308959        2.49419007955364
H           -2.29228580561713        2.81100946039268        3.40698587557695
14
 energy: -13.664811215991 gnorm: 0.004525166914 xtb: 6.7.1 (edcfbbe)
C           -2.48301197341626        0.37019962017835       -0.00468151295897
H           -2.34511656252322       -0.70491097441712        0.08230787249991
H           -1.86542867004443        0.72999677308499       -0.82908621939585
H           -3.52648308026516        0.56249768594734       -0.25019474092314
C           -2.10038247718345        1.06860643372718        1.29343067526851
H           -1.02891060016043        0.95056178943404        1.46548922654723
H           -2.62134688009859        0.59765600628506        2.13234972366104
C           -2.44563681785835        2.55430734882541        1.26048155126941
H           -2.00913793048616        3.00527589588880        0.36399140556516
H           -3.52990635055180        2.66798299843166        1.18987215608200
C           -1.93902468180696        3.29064851238327        2.49121807033230
H           -0.85054067071500        3.29424129709892        2.51668816364707
H           -2.28348235503874        4.32292473931631        2.48832891545329
H           -2.29752250985143        2.81261157381579        3.40134676295204
14
 energy: -13.664910987237 gnorm: 0.004769125266 xtb: 6.7.1 (edcfbbe)
C           -2.48446958307775        0.36890030026704       -0.00313916713827
H           -2.27945414507886       -0.70088495867699        0.06393311615045
H           -1.90475361302177        0.77802581285148       -0.83093723800972
H           -3.54542640633477        0.51160836504157       -0.22051856366152
C           -2.10760829067881        1.06976654338543        1.29660309644933
H           -1.03789377939741        0.94673763289865        1.47568803408040
H           -2.63761946614838        0.60304711004460        2.12951612717287
C           -2.44426697406402        2.55837762115248        1.25553012568338
H           -1.99647639714186        3.00222025213718        0.36358280625194
H           -3.52617151614352        2.67961123252852        1.17885366765808
C           -1.93625393448752        3.28979091267955        2.49085760778498
H           -0.84915399215470        3.27203861425425        2.52368835601473
H           -2.26330521653546        4.32679747368867        2.48316479616856
H           -2.31307824573515        2.81656278774758        3.39471928539480
14
 energy: -13.664968833136 gnorm: 0.004126693485 xtb: 6.7.1 (edcfbbe)
C           -2.48478700654104        0.36558274205845       -0.00201130469114
H           -2.27769683736186       -0.69780031701104        0.06534521804118
H           -1.91834553639288        0.77561215396700       -0.83554611043945
H           -3.54416984706441        0.50491913407486       -0.21275311548762
C           -2.10240670126439        1.07144663785058        1.29415217755437
H           -1.03131238619754        0.95081007169601        1.46836968020910
H           -2.62801651396401        0.60645140384930        2.12895318068908
C           -2.44307205716485        2.56012544500333        1.25296475046554
H           -1.99593841175472        3.00629904393665        0.36368482463245
H           -3.52529329605638        2.67829064710974        1.17526845516102
C           -1.93863699123193        3.28999773238123        2.49319100300952
H           -0.85230186939278        3.25941131815367        2.53497871204475
H           -2.25409776597027        4.33050530827108        2.48183638430222
H           -2.32985633964294        2.82094837865916        3.39310819450896
14
 energy: -13.665011845443 gnorm: 0.003909507934 xtb: 6.7.1 (edcfbbe)
C           -2.48653836463835        0.36397948848741       -0.00115747059549
H           -2.25932286669920       -0.69576805515005        0.05895256149286
H           -1.94078398071472        0.78797888769973       -0.84275685559161
H           -3.55090892060233        0.48393777114120       -0.19874585627191
C           -2.10006584311168        1.07171156854287        1.29241911724445
H           -1.02823870028430        0.95258177990896        1.46305293116277
H           -2.62338799664846        0.60829625217271        2.12961386219883
C           -2.43963026437647        2.56048856427879        1.25197267690852
H           -1.98829058168281        3.00769093075087        0.36458695991749
H           -3.52221256535232        2.67987161443124        1.16946669415677
C           -1.94091727314538        3.28997274494416        2.49511743399075
H           -0.85504301135701        3.24615366209721        2.54973559578322
H           -2.24252623707922        4.33507178967092        2.47543009684690
H           -2.34806495430775        2.83063270102398        3.39385430275643
14
 energy: -13.665065494968 gnorm: 0.003146644425 xtb: 6.7.1 (edcfbbe)
C           -2.49183972712147        0.36290642436094        0.00052203961257
H           -2.23345215114090       -0.69197513791337        0.04993819563993
H           -1.97979473321227        0.80154697005307       -0.85293937967452
H           -3.56434121808337        0.45013381220814       -0.17260000028202
C           -2.09247639779160        1.07398799003283        1.28715880751495
H           -1.01811206269445        0.95729163131558        1.44581761270807
H           -2.60565851117921        0.61084403581337        2.13200634570355
C           -2.43272921003484        2.56211710584059        1.24970394424445
H           -1.97421940457111        3.01495416901357        0.36693673639594
H           -3.51579800200760        2.68156888567138        1.15758195766432
C           -1.94683937864673        3.28861688073093        2.49878399024989
H           -0.86264983617254        3.21916850700419        2.58268486142869
H           -2.22102449465678        4.34183349315863        2.46200905909174
H           -2.38699643268713        2.84960493271016        3.39393787970243
14
 energy: -13.665087879791 gnorm: 0.002219645629 xtb: 6.7.1 (edcfbbe)
C           -2.49516090427157        0.36268081916193        0.00178209495799
H           -2.23383768832585       -0.69178714179529        0.04769943590757
H           -1.99113582487883        0.80268513047835       -0.85633442052474
H           -3.56720462536181        0.44585038148140       -0.16146151068402
C           -2.08722508029899        1.07467302757966        1.28496593201552
H           -1.01131584476049        0.95870986213831        1.43604472675354
H           -2.59292598768156        0.61084055272262        2.13487406126431
C           -2.42948285587235        2.56226047536823        1.24877609465169
H           -1.96863626857867        3.01758928749226        0.36788167857218
H           -3.51232102904428        2.68012177562341        1.15214451786738
C           -1.95050258580012        3.28825792125914        2.49990894190453
H           -0.86826188310019        3.21088101086520        2.59589385511479
H           -2.21535908976704        4.34310462332852        2.45727003342177
H           -2.40256189225827        2.85673197429627        3.39209660877747
14
 energy: -13.665109688976 gnorm: 0.002094941400 xtb: 6.7.1 (edcfbbe)
C           -2.50083237716084        0.36280668436889        0.00367231460806
H           -2.23423280684693       -0.68909619792373        0.04801208292635
H           -2.01187259102192        0.80385323970789       -0.86265749659656
H           -3.57812991526961        0.43621678271971       -0.13761360638825
C           -2.07595016960670        1.07731262601269        1.28009002276491
H           -0.99772165295377        0.96254207175418        1.41766659240460
H           -2.56832933488434        0.61278374849888        2.13844552761602
C           -2.42254289559886        2.56376087939113        1.24539902837198
H           -1.95502112778901        3.02220343779747        0.36948863070054
H           -3.50422286385289        2.67872293673032        1.13855534453725
C           -1.95772736429296        3.28711087946172        2.50265169292607
H           -0.87946716134896        3.19465052377367        2.62042468002323
H           -2.20663257634656        4.34445482908791        2.45124039808301
H           -2.43324872302668        2.86527725861927        3.38616683802277
14
 energy: -13.665118562995 gnorm: 0.001315628911 xtb: 6.7.1 (edcfbbe)
C           -2.50418895121719        0.36222436536132        0.00523753163196
H           -2.23945295405647       -0.69162762706926        0.04945961314170
H           -2.01593711456046        0.80075607985121       -0.86244546533166
H           -3.57961404867963        0.44013633424625       -0.13095612776862
C           -2.07173104377238        1.07845462187703        1.27861656130329
H           -0.99286971270074        0.96522334687919        1.40903922053197
H           -2.55763447488678        0.61404114108241        2.14022834230649
C           -2.42024360855088        2.56455260039153        1.24383902694097
H           -1.94986338452819        3.02319397414358        0.37034149793044
H           -3.50117565607620        2.67813603190605        1.13342869586410
C           -1.96044102739393        3.28687114710275        2.50380601423626
H           -0.88385135504189        3.19098359199422        2.62669551053203
H           -2.20640566738226        4.34441220010018        2.45133530219426
H           -2.44252256115306        2.86524189213355        3.38291632648680
14
 energy: -13.665123170759 gnorm: 0.000805849813 xtb: 6.7.1 (edcfbbe)
C           -2.50642896452081        0.36109439160576        0.00667853179812
H           -2.24317065137276       -0.69314569440942        0.05233112534045
H           -2.02253012583673        0.79764720412549       -0.86526157306928
H           -3.58313848378769        0.44100071479021       -0.12399085859240
C           -2.06700000006016        1.07942249600753        1.27665949423724
H           -0.98749924364331        0.96765115979631        1.40135481121986
H           -2.54888328557436        0.61626758282092        2.14089835962688
C           -2.41677312259373        2.56524506902130        1.24180487983054
H           -1.94269438378336        3.02485118597597        0.37127030582717
H           -3.49740643942831        2.67807689673985        1.12723668405390
C           -1.96332108109995        3.28648404248029        2.50531484991488
H           -0.88752767155103        3.18877037934566        2.63404697511063
H           -2.20795456755836        4.34463491886828        2.45201597070550
H           -2.45160353918949        2.86459935283184        3.38118249399649
14
 energy: -13.665124347588 gnorm: 0.001274953106 xtb: 6.7.1 (edcfbbe)
C           -2.50774956406598        0.35995246807128        0.00774941336257
H           -2.25771524271453       -0.69670855263218        0.05933404553907
H           -2.01869377354902        0.78532863030089       -0.86528070164277
H           -3.58400620528862        0.45162663457655       -0.12572793373624
C           -2.06329026911342        1.08033473011150        1.27468700563858
H           -0.98328187187722        0.96925830574727        1.39541557471087
H           -2.54281636491305        0.61883982745593        2.14096952209909
C           -2.41367515930671        2.56597887340862        1.24006165544403
H           -1.93690902461562        3.02734211980565        0.37218441881730
H           -3.49429794068686        2.67796993739498        1.12263705741590
C           -1.96552377325719        3.28606700625394        2.50634661634492
H           -0.88962573379041        3.19686411539605        2.63459148463346
H           -2.21870505817511        4.34234337267596        2.45807379152674
H           -2.44964157864631        2.85740223143356        3.38050009984647
14
 energy: -13.665126786166 gnorm: 0.000537157326 xtb: 6.7.1 (edcfbbe)
C           -2.50813185111950        0.35991918653007        0.00816978040482
H           -2.25347021580342       -0.69663093911972        0.05753852343920
H           -2.02198813273576        0.78970754453097       -0.86550125383425
H           -3.58493269827928        0.44835574219511       -0.12367251850738
C           -2.06406063720146        1.08011163655111        1.27516960622999
H           -0.98403308565142        0.96769686190100        1.39657046793145
H           -2.54381134254790        0.61902548432368        2.14153171737748
C           -2.41316657056687        2.56608948828962        1.23981128556774
H           -1.93563962220814        3.02733623648222        0.37214756022374
H           -3.49355937781532        2.67882106392243        1.12128536106125
C           -1.96534374627090        3.28593035578379        2.50596566734704
H           -0.88874506666953        3.19694536325126        2.63492462545829
H           -2.21903128975185        4.34244349508223        2.45721088474886
H           -2.45001792337869        2.85684818027623        3.38039034255173
14
 energy: -13.665127270637 gnorm: 0.000200806256 xtb: 6.7.1 (edcfbbe)
C           -2.50840070352440        0.36032085612558        0.00803395282702
H           -2.25293360628322       -0.69580521135609        0.05660737659515
H           -2.02283496477503        0.79112138576114       -0.86538025178466
H           -3.58505673453924        0.44769719756562       -0.12286162930338
C           -2.06402157157662        1.07987130851025        1.27545495244525
H           -0.98401674447922        0.96713726160336        1.39702136647582
H           -2.54374217931168        0.61872822268044        2.14211707979407
C           -2.41295323829261        2.56582340038005        1.23994254170831
H           -1.93520303914040        3.02650168142038        0.37194440746219
H           -3.49317007890383        2.67858483642605        1.12080630939090
C           -1.96550287069108        3.28599800812580        2.50590711894446
H           -0.88874439209542        3.19725440015209        2.63468623531122
H           -2.21925959405166        4.34248115311621        2.45673418936725
H           -2.45009184233564        2.85688519948912        3.38052840076639
