14
 energy: -13.654454149842 gnorm: 0.015037534224 xtb: 6.7.1 (edcfbbe)
C           -1.11692296000000        0.79907885000000        0.01700125000000
H           -0.06335508000000        0.97848858000000        0.23663216000000
H           -1.38923211000000        1.42679509000000       -0.83432197000000
H           -1.21694824000000       -0.24207331000000       -0.29752541000000
C           -2.00023900000000        1.09707300000000        1.22694500000000
H           -1.45404433000000        0.85999429000000        2.14541718000000
H           -2.87165405000000        0.43478552000000        1.21521909000000
C           -2.47573600000000        2.54906500000000        1.28786500000000
H           -2.14216000000000        3.07351700000000        0.38686300000000
H           -3.56979700000000        2.56933900000000        1.26055900000000
C           -1.98256300000000        3.29668400000000        2.52514300000000
H           -2.75668487000000        3.95752463000000        2.92132115000000
H           -1.69636885000000        2.60789220000000        3.32144001000000
H           -1.11191241000000        3.91365312000000        2.29223136000000
14
 energy: -13.655364600484 gnorm: 0.007365626457 xtb: 6.7.1 (edcfbbe)
C           -1.11356221369627        0.79269271963540        0.01013973886983
H           -0.06911004185651        1.01106978193161        0.22917985978434
H           -1.41056286363557        1.39412951326370       -0.84820168502456
H           -1.18449904736729       -0.25572879234007       -0.27812566955448
C           -2.00288963418432        1.08931091486956        1.21631790485253
H           -1.45175201281976        0.83419779168276        2.12450160238936
H           -2.87095390749717        0.42608036685878        1.18643123153613
C           -2.47778267809539        2.55014941521752        1.29851192376306
H           -2.14864784951563        3.08469603655652        0.40461655006826
H           -3.57003525464756        2.57286134644100        1.28325559076222
C           -1.98193817079560        3.30967787668694        2.53127844878675
H           -2.74338442569923        3.99284750111987        2.90523791533349
H           -1.73009504729747        2.62400728237803        3.33832632784970
H           -1.09240475289222        3.89582521569838        2.30332008058340
14
 energy: -13.656666640539 gnorm: 0.009448307526 xtb: 6.7.1 (edcfbbe)
C           -1.10779689021470        0.79852974617312        0.00376716090033
H           -0.08120746192226        1.11084030626097        0.20897931585134
H           -1.46590776742916        1.33201461144725       -0.87834996168066
H           -1.10555868083182       -0.27026931747643       -0.22090738828149
C           -2.00934939069742        1.08109836418875        1.20721408160267
H           -1.46214583705684        0.80424707877068        2.10852818986790
H           -2.87943988939632        0.42640665269215        1.14364894125436
C           -2.48417566055951        2.55117476034622        1.30695971725988
H           -2.16700635328694        3.09365491656385        0.41701896952317
H           -3.57395305738659        2.56817710490575        1.32015475481929
C           -1.97162245987603        3.31302830609333        2.53739540694057
H           -2.70155545034809        4.05694948851583        2.85643286045394
H           -1.80439908411482        2.63071623720876        3.37212034175466
H           -1.03349991687947        3.82524871430976        2.32182742973404
14
 energy: -13.657645111117 gnorm: 0.023677391200 xtb: 6.7.1 (edcfbbe)
C           -1.09960619868293        0.81477844108618        0.00299837755478
H           -0.09965207025386        1.24049620344379        0.18341616741082
H           -1.52415749025156        1.26015535075598       -0.90790395120944
H           -0.99831969638717       -0.27180453275742       -0.15149068121144
C           -2.01981169185487        1.07547998416996        1.19903047683661
H           -1.48996640756680        0.77634450720924        2.10180764589357
H           -2.89459794377229        0.43289822479679        1.09500167538006
C           -2.49615563107736        2.54853522138423        1.31520892261367
H           -2.20487410616887        3.09626868434740        0.42140162628282
H           -3.58428322000423        2.55420075208558        1.36907391518556
C           -1.95482852533632        3.30610940807542        2.53856320146936
H           -2.63119992040088        4.13659474479678        2.78981864093030
H           -1.89586056980138        2.63516748508365        3.40848708713039
H           -0.95430442844142        3.71659249552238        2.33937671573295
14
 energy: -13.658772729570 gnorm: 0.014989470214 xtb: 6.7.1 (edcfbbe)
C           -1.09298003149283        0.82858358319180        0.01138668002002
H           -0.10938530383730        1.27330486061362        0.18544538257237
H           -1.51576617135311        1.24772018205109       -0.90353011116914
H           -0.96317543454442       -0.24896985169248       -0.13402643507029
C           -2.02740682093007        1.07613270858585        1.19798697230213
H           -1.51854914945882        0.76737516869905        2.11042417628833
H           -2.90636994408907        0.44146263525230        1.07214329270652
C           -2.50610024319344        2.54416550808447        1.31653303073127
H           -2.24059725538286        3.09172222973114        0.41296101140216
H           -3.59420535702020        2.53915425780845        1.39778270621575
C           -1.94248189167209        3.29611975025480        2.53037238046950
H           -2.58914196595252        4.14946493076526        2.76737206442318
H           -1.90711060852539        2.64201318814960        3.40688411167819
H           -0.93434772254780        3.67356781850501        2.33305455743003
14
 energy: -13.660262862654 gnorm: 0.011234146527 xtb: 6.7.1 (edcfbbe)
C           -1.07876127910030        0.85746643420490        0.03061903551651
H           -0.13438161246170        1.37933036469742        0.20025371171445
H           -1.51621437781285        1.21051720936974       -0.90091429079553
H           -0.86286802912996       -0.21059641429746       -0.08186281224515
C           -2.05356675349348        1.07667056490578        1.18629384958609
H           -1.58629586186345        0.75446850410844        2.11884545128189
H           -2.92620461838781        0.43985840137813        1.01970213625495
C           -2.53370025562039        2.53336972307156        1.32466361478080
H           -2.31761419669213        3.08044929907283        0.40353007703241
H           -3.61959520494353        2.52844506475443        1.45752951498009
C           -1.91450892430083        3.27405704627645        2.51095304988836
H           -2.48541377931912        4.18666727790739        2.71956482797410
H           -1.94117347644040        2.64956530529184        3.40173877295225
H           -0.87731953043392        3.56154818925849        2.31387288107881
14
 energy: -13.661319658856 gnorm: 0.011131017401 xtb: 6.7.1 (edcfbbe)
C           -1.06630085700311        0.89033361706471        0.05361054427977
H           -0.16130817324485        1.46548294278679        0.23163678455744
H           -1.49848529374630        1.19808044783859       -0.89178315565612
H           -0.78858533215501       -0.15862587818895       -0.03953553578746
C           -2.08175354344674        1.07276143073470        1.17647077795216
H           -1.65037594416806        0.73443418348658        2.12418170278077
H           -2.94047408511185        0.42532750812344        0.96983537186408
C           -2.56128377406623        2.51852250442911        1.33507704032380
H           -2.39124989689993        3.06340027209809        0.39975434390644
H           -3.64203124947401        2.52370696607456        1.51238401016255
C           -1.88602558306283        3.25382117126375        2.48692235131763
H           -2.38676892601296        4.20873448401575        2.67240154338504
H           -1.95782286178501        2.66483843733107        3.39736129760972
H           -0.83515237982291        3.46099888294174        2.27647274330421
14
 energy: -13.661717400193 gnorm: 0.023210045266 xtb: 6.7.1 (edcfbbe)
C           -1.05433986222905        0.92549801980840        0.07724322390815
H           -0.19946151725117        1.59131218246300        0.26812896038219
H           -1.49144861681994        1.16603039872088       -0.89585855612088
H           -0.68009495559413       -0.11287036737489        0.03019514786411
C           -2.11694834007483        1.06622601780305        1.16351305136118
H           -1.72168299756022        0.70087218943141        2.12011618938912
H           -2.96659008909684        0.42018214554541        0.90321051238024
C           -2.59460898474908        2.50663976895280        1.34449594531593
H           -2.47213138444333        3.05311358415288        0.40040868532139
H           -3.66792068418300        2.51425735168695        1.57958918791586
C           -1.85262979435761        3.23127156479997        2.46287992860771
H           -2.27159554034292        4.23857314389899        2.61283749341672
H           -1.97567668833153        2.68260385321986        3.39699440125155
H           -0.78248844496608        3.33810711689120        2.24103564900676
14
 energy: -13.662266417130 gnorm: 0.018339060685 xtb: 6.7.1 (edcfbbe)
C           -1.05077641427496        0.94213039486187        0.09590451457039
H           -0.22091140507484        1.61524638667620        0.31536445175293
H           -1.45210174752014        1.18709176752342       -0.88506643553166
H           -0.66269518007889       -0.07900504495831        0.05163199215309
C           -2.13845723276303        1.06243006420329        1.15685017704799
H           -1.75678324053851        0.68599551194375        2.11193051686910
H           -2.97787238955838        0.41626816747878        0.87799795111139
C           -2.61372148388322        2.50018390276141        1.34818757624058
H           -2.50874818371332        3.04482997450603        0.40582281609513
H           -3.67833231112985        2.51397114272171        1.60373824955272
C           -1.83750694264444        3.21980848877752        2.44394888819319
H           -2.22814436296883        4.21114754291891        2.59851688124625
H           -1.92975027920466        2.69600272795004        3.37826164944233
H           -0.79181672664662        3.30571594263527        2.20170059125661
14
 energy: -13.661768090779 gnorm: 0.032483005970 xtb: 6.7.1 (edcfbbe)
C           -1.04310965076297        0.96377327744064        0.10704078638795
H           -0.23289442616916        1.61701481277254        0.33891257926461
H           -1.40982336783154        1.23275506925366       -0.86282908745045
H           -0.66672769291670       -0.02797015547518        0.04556522502646
C           -2.14396331833659        1.04907571959993        1.15801108954392
H           -1.76700470769630        0.65769373947904        2.10372353102864
H           -2.97412690586427        0.40722403088368        0.85534348741254
C           -2.63525914323616        2.48350856425630        1.36336117203420
H           -2.55542534892202        3.02522245547903        0.41908220950534
H           -3.69089484420038        2.48487761328924        1.64707885052606
C           -1.83226757290841        3.21771201735561        2.43064519684002
H           -2.17657134523855        4.25971392730431        2.53606215714901
H           -1.95448806804932        2.72350757512790        3.39989731367198
H           -0.76506150786730        3.22770832323318        2.16289530905977
14
 energy: -13.662984368754 gnorm: 0.008239972909 xtb: 6.7.1 (edcfbbe)
C           -1.04287203434131        0.96390052948989        0.10945858594348
H           -0.24190666721317        1.66118112384392        0.34651000542488
H           -1.42587716289770        1.20141165423184       -0.87742449405288
H           -0.62219547661397       -0.04013381204755        0.07398553950889
C           -2.15507805597551        1.05031130266133        1.15094878713966
H           -1.79240893480526        0.65250532806821        2.10418618993684
H           -2.99069066092206        0.41645771954917        0.83389947667844
C           -2.63505584865307        2.48786121864261        1.36146827287659
H           -2.56484022563788        3.03235728668238        0.41448972406878
H           -3.69013229184935        2.49018942208878        1.65879146687917
C           -1.82099290767230        3.21313907810722        2.42875156285632
H           -2.16235142806772        4.24461567841446        2.54118182275856
H           -1.93942090295756        2.71832281577364        3.39067483271035
H           -0.76379530239280        3.22969762449397        2.16786804727098
14
 energy: -13.663114115425 gnorm: 0.004620731957 xtb: 6.7.1 (edcfbbe)
C           -1.03880631137576        0.97042547432959        0.11664057900895
H           -0.24720725782483        1.67424720331147        0.35942524184169
H           -1.41706670399130        1.20403389689529       -0.87658692482525
H           -0.61074004813849       -0.02872237240402        0.08895776715437
C           -2.16100594841859        1.04900053489451        1.14716298266558
H           -1.80877288477654        0.64328936138922        2.10039978379282
H           -2.99502946447853        0.42208263581541        0.81576211817451
C           -2.64247775959457        2.48590194097174        1.36523228438367
H           -2.58509974649717        3.03132437092751        0.41870107403687
H           -3.69203277602604        2.48336111896956        1.67620968674363
C           -1.81548294858908        3.21052521797953        2.42227816823464
H           -2.14405117451810        4.24257703970390        2.52703950485298
H           -1.92931756667083        2.72301528870168        3.38666933699083
H           -0.76052730909980        3.21075525851446        2.15689821694478
14
 energy: -13.663238654896 gnorm: 0.004244083275 xtb: 6.7.1 (edcfbbe)
C           -1.03145199041771        0.98405726732646        0.13188323640008
H           -0.26086367821637        1.70612212497958        0.39278588119849
H           -1.39097884551050        1.22095240301584       -0.86526993497742
H           -0.58001418831877       -0.00378628372881        0.11042961751441
C           -2.17813693208885        1.04136864332253        1.13818836291919
H           -1.85049087199613        0.61611791444616        2.09127664499831
H           -3.00794218916402        0.42966418036621        0.77216357836528
C           -2.65969310839942        2.47717841616136        1.37574024166344
H           -2.63389604264182        3.02284701547211        0.42820832065623
H           -3.69720202564529        2.46596331874477        1.72167057548329
C           -1.80060868600021        3.20458583931424        2.40684750914883
H           -2.09647123706651        4.24815718959685        2.49031300395458
H           -1.90746221538495        2.73949163165212        3.38445227822530
H           -0.75240588914905        3.16909730933043        2.12610050445007
14
 energy: -13.663270998718 gnorm: 0.006388924955 xtb: 6.7.1 (edcfbbe)
C           -1.03127408402808        0.98199760368270        0.13215991388166
H           -0.25582619974560        1.69030640427681        0.39735556965407
H           -1.38494925733665        1.23053818142494       -0.86519582907938
H           -0.59006755905962       -0.00833914451115        0.10786373289878
C           -2.17572017633571        1.04207246302330        1.13640184960493
H           -1.85166586593722        0.61171507948200        2.08580359151980
H           -3.00484115614736        0.43775451156724        0.76568210622452
C           -2.65874534370062        2.47749517121086        1.37885255636512
H           -2.63911737713010        3.02473190566870        0.43402598516273
H           -3.69178479476396        2.45911089101854        1.72947667911716
C           -1.80282632179289        3.20811221810161        2.40648945672391
H           -2.10483885911942        4.24623398661332        2.48719090462191
H           -1.89869533216453        2.74113926479366        3.38483765660080
H           -0.75726557273784        3.17894843364731        2.12384564670406
14
 energy: -13.663329896056 gnorm: 0.006082486799 xtb: 6.7.1 (edcfbbe)
C           -1.02663235350518        0.98782504770387        0.13816901469971
H           -0.25297064445933        1.69398929869801        0.41396943396538
H           -1.37259179505012        1.23705736872746       -0.86385319595281
H           -0.58479146311572       -0.00195174500290        0.11204596062987
C           -2.18135916234429        1.04202902380111        1.13325123762460
H           -1.86767199499849        0.60293575238307        2.08272723287781
H           -3.00754053018500        0.44078381815297        0.74816548379618
C           -2.66655743788717        2.47484271595011        1.38292007578254
H           -2.66154153926009        3.02295552945375        0.43734145049890
H           -3.69587029470020        2.45198217649282        1.74818034394697
C           -1.79835218482091        3.20766511441087        2.40079678285053
H           -2.09267466000444        4.24825180670645        2.48170493143183
H           -1.88866922559460        2.74446873330595        3.37955871220877
H           -0.75039461407405        3.16898232921630        2.10981235563979
14
 energy: -13.663431961954 gnorm: 0.004762387609 xtb: 6.7.1 (edcfbbe)
C           -1.02210516060197        0.99091625080273        0.14339255757930
H           -0.24088806606199        1.68904123949701        0.43365649584080
H           -1.36175120032573        1.25308736666698       -0.85726744086211
H           -0.59145536700517       -0.00304819554342        0.10470517378837
C           -2.18612296018824        1.04031403494401        1.13056217953363
H           -1.88286483286183        0.59074031052751        2.07909768274571
H           -3.01059086514536        0.44370165190094        0.73115953582133
C           -2.67045302201649        2.47043196612918        1.38724817784524
H           -2.67960423610420        3.01912742815214        0.44216965005466
H           -3.69563875164669        2.44416526711683        1.76457885807243
C           -1.79339522022908        3.20830451104298        2.39559843703815
H           -2.09180684485305        4.24918685804610        2.47974368465973
H           -1.87288917907010        2.74670165034407        3.37636042007090
H           -0.74805219388967        3.17914663037278        2.09378440781195
14
 energy: -13.663607709551 gnorm: 0.007086718994 xtb: 6.7.1 (edcfbbe)
C           -1.01410243213200        0.99283131389067        0.15151100460461
H           -0.20386976972087        1.64819688363701        0.47947217850403
H           -1.33317630747067        1.30379697775182       -0.84072612272668
H           -0.62099405079779       -0.02102583976248        0.07689009076494
C           -2.19174925062389        1.04022651471406        1.12428074415385
H           -1.90695690256195        0.57071456692877        2.06825877576520
H           -3.01232749424964        0.45437788134788        0.70112032532739
C           -2.67674027848104        2.46404850738376        1.39573005667710
H           -2.71750637567035        3.01482842957874        0.45223639032008
H           -3.69332780682588        2.42798094031892        1.79974391969729
C           -1.78704938122793        3.21310366090700        2.38633342150812
H           -2.11188750457047        4.24689245019766        2.48759521281777
H           -1.83129612795825        2.74345835065133        3.36516994338391
H           -0.74663421770882        3.22238633245469        2.05717387920248
14
 energy: -13.663716289646 gnorm: 0.007309529037 xtb: 6.7.1 (edcfbbe)
C           -1.00968356510214        0.99312153726858        0.15746191272156
H           -0.18174386206493        1.61543097909830        0.50915069986801
H           -1.31271955368422        1.34422160985187       -0.82751255017871
H           -0.64678762545016       -0.03019250254850        0.05534948000738
C           -2.19337526252375        1.03860452419317        1.12183408550040
H           -1.91924489518771        0.55867688987413        2.06397507413764
H           -3.01263656584698        0.46047882326452        0.68390977037540
C           -2.67964904451872        2.46014732770788        1.40140434770834
H           -2.73710366024193        3.01097107860688        0.45948380459482
H           -3.68980608554521        2.41670912798086        1.81852895518463
C           -1.78464224903500        3.21702862695430        2.38001525014758
H           -2.12789722650569        4.24390744900847        2.49312019214888
H           -1.80044376366316        2.74094947913588        3.35737444115474
H           -0.75188454062995        3.25176201960351        2.03069435662941
14
 energy: -13.663889688405 gnorm: 0.005269625066 xtb: 6.7.1 (edcfbbe)
C           -1.00536731493840        0.99387772526312        0.16757384167239
H           -0.16177219303931        1.57033803330802        0.55296420631806
H           -1.28115842989606        1.40472080863697       -0.80433043944667
H           -0.67715086800837       -0.03610369350181        0.02558888571271
C           -2.19659246104470        1.03677704399083        1.11887799266202
H           -1.93101382034170        0.55114853449607        2.05889280511613
H           -3.01272527337882        0.46626827903511        0.67194666618123
C           -2.68587986337420        2.45680645247713        1.40605888303259
H           -2.76241504931355        3.00601401882714        0.46515960757089
H           -3.68784877479940        2.40560718540402        1.83995437886074
C           -1.78083237580364        3.21910123974240        2.36844277411528
H           -2.14399284629715        4.23563382107672        2.50061420057132
H           -1.75893100453108        2.73190724488753        3.34165978050958
H           -0.76193762523315        3.27972027635659        1.99138623712383
14
 energy: -13.664000063620 gnorm: 0.003761156539 xtb: 6.7.1 (edcfbbe)
C           -1.00206152074380        0.99911787106365        0.17850918248893
H           -0.15397271972441        1.54003616592128        0.59284238326840
H           -1.25608917031257        1.45545977747368       -0.77991470226252
H           -0.69334602937211       -0.03056003478326        0.00291100773984
C           -2.20079105729765        1.03369377608068        1.11866194636652
H           -1.94418037734582        0.54128836565083        2.06053452120259
H           -3.01540921485167        0.46675895163494        0.65816931530687
C           -2.69238214620113        2.45313621724621        1.41003501963473
H           -2.78399997299070        2.99984817934196        0.46851317534951
H           -3.68782786885408        2.39644849705435        1.85650147373552
C           -1.77588559051966        3.22010388118416        2.35598292604645
H           -2.14805125605819        4.22952421236462        2.50622647371605
H           -1.72350390248384        2.72528917924810        3.32378220039052
H           -0.77011707324390        3.29167193051865        1.95203489701668
14
 energy: -13.664038110222 gnorm: 0.006741174493 xtb: 6.7.1 (edcfbbe)
C           -0.99792303935040        1.00200366500869        0.18906333023064
H           -0.13819400871068        1.49612890485918        0.64533308899078
H           -1.22773122878324        1.51307773822801       -0.75067178714287
H           -0.71975826992998       -0.02967242146944       -0.03568758444191
C           -2.20575158440547        1.03267502247925        1.11738219416931
H           -1.95126994874511        0.54110253185125        2.05810766212849
H           -3.01646135254884        0.46595565890926        0.65775355439792
C           -2.70019131664399        2.45032690451792        1.41115649246936
H           -2.80433455231589        2.99416573163718        0.46985685644724
H           -3.69017500947723        2.39081312596019        1.86890697792188
C           -1.77215497503499        3.22064546936488        2.34259392809923
H           -2.16265959293366        4.22063496419013        2.52391015431790
H           -1.68227275958817        2.70840464162543        3.29851889508757
H           -0.77874026153186        3.31555503283789        1.90856605732458
14
 energy: -13.664101298328 gnorm: 0.001683945337 xtb: 6.7.1 (edcfbbe)
C           -0.99760982341760        1.00257208502653        0.19041003206958
H           -0.14078149195287        1.49359480143678        0.64663477356775
H           -1.22311516045993        1.50939780058316       -0.74725600891373
H           -0.71732508229538       -0.02455857074983       -0.03545941374961
C           -2.20738141725545        1.03176083431951        1.11673937318591
H           -1.95644372504257        0.53678935653100        2.05756569677043
H           -3.01848044078431        0.46679243592412        0.65222554862030
C           -2.70014164513881        2.44973993808962        1.41155599347978
H           -2.80748775622673        2.99439992731397        0.47072294557135
H           -3.68886392501553        2.39021579189980        1.87272273935329
C           -1.77095331214805        3.22141919808666        2.34110328876714
H           -2.16279991635558        4.21926259834157        2.52637565155991
H           -1.67627099274825        2.70797991533627        3.29575135714261
H           -0.77996321115844        3.32245085786066        1.90569784257540
14
 energy: -13.664118268352 gnorm: 0.001522524519 xtb: 6.7.1 (edcfbbe)
C           -0.99548018073635        1.00309018493642        0.19304548592268
H           -0.14296299381865        1.49278545991456        0.65403271152273
H           -1.21828180983422        1.50825526007167       -0.74305992154975
H           -0.71471596209034       -0.02265173315338       -0.03134964212162
C           -2.20948775855122        1.03184777556160        1.11427555373362
H           -1.96490168156374        0.53141536232118        2.05437807155280
H           -3.02064697517812        0.47051544939560        0.64305188747090
C           -2.70100354672623        2.44915380267292        1.41262431982506
H           -2.81398547616077        2.99441009635668        0.47257985602613
H           -3.68732681567810        2.38895872758018        1.87951020689321
C           -1.76835495112390        3.22171301932888        2.33818342283359
H           -2.16510194520902        4.21589136823174        2.53106464146683
H           -1.66373940668000        2.70449934922078        3.28989181367887
H           -0.78162839664885        3.33193284756099        1.89656141274505
14
 energy: -13.664131979956 gnorm: 0.001393051797 xtb: 6.7.1 (edcfbbe)
C           -0.99391677242376        1.00338924351780        0.19581420908317
H           -0.14354340715467        1.49318048958577        0.66101795357985
H           -1.21346437126756        1.50864643544344       -0.74126593954627
H           -0.71279285401778       -0.02301490966873       -0.02658861428654
C           -2.21194243986830        1.03181549828517        1.11233116403573
H           -1.97290110783649        0.52722392629872        2.05165238501130
H           -3.02257777867125        0.47409119217005        0.63570687616760
C           -2.70184222372547        2.44882935555418        1.41348752832513
H           -2.81957986545537        2.99452649674601        0.47424900381196
H           -3.68600314139621        2.38758956823843        1.88481052772389
C           -1.76626138390239        3.22198254693735        2.33570789403794
H           -2.16790378409970        4.21273776642672        2.53696489983788
H           -1.65129177338388        2.70024240207223        3.28390597094322
H           -0.78359699679668        3.34057695839268        1.88699596127525
14
 energy: -13.664147719122 gnorm: 0.000544567394 xtb: 6.7.1 (edcfbbe)
C           -0.99211373514143        1.00286989127404        0.20046870239158
H           -0.14356080140850        1.49306784019389        0.67019641053425
H           -1.20577813430816        1.50860440748362       -0.73891673780254
H           -0.70992121838602       -0.02434556816742       -0.02009222848216
C           -2.21550047867788        1.03237012075366        1.10979909276815
H           -1.98331345144020        0.52293614768510        2.04797461770154
H           -3.02474418482159        0.47960040708262        0.62600762184447
C           -2.70398916625808        2.44899920626853        1.41468636584281
H           -2.82725451948192        2.99531420238168        0.47662542472590
H           -3.68542302945437        2.38643583812339        1.89139326019205
C           -1.76380347580604        3.22202482233254        2.33231824505725
H           -2.17231017699915        4.20723576045600        2.54761355993833
H           -1.63219322251421        2.69274361145574        3.27427853761667
H           -0.78771230530195        3.35396028267642        1.87243694767179
14
 energy: -13.664156403966 gnorm: 0.000625803830 xtb: 6.7.1 (edcfbbe)
C           -0.99108010063332        1.00350968686594        0.20486561487300
H           -0.14395743580850        1.49222605365403        0.67945623901029
H           -1.19896743383695        1.51074497586620       -0.73554506324328
H           -0.70890279726189       -0.02391555292091       -0.01539539710308
C           -2.21875544049979        1.03190972293489        1.10801155809491
H           -1.99229138209120        0.51911132860109        2.04571303904049
H           -3.02686759117195        0.48289888607941        0.61840950929963
C           -2.70525393941810        2.44876641975211        1.41517710559239
H           -2.83294820964753        2.99554150451847        0.47800268373806
H           -3.68452649119152        2.38505185051936        1.89597769332962
C           -1.76161691740843        3.22206092662410        2.32896223559412
H           -2.17544302915517        4.20224474096218        2.55698483989332
H           -1.61521716922406        2.68604726685257        3.26490185186274
H           -0.79178996265111        3.36561915969037        1.85926791001787
14
 energy: -13.664161454784 gnorm: 0.000458140902 xtb: 6.7.1 (edcfbbe)
C           -0.99000224038224        1.00344669845457        0.20766738166020
H           -0.14384895199866        1.48970765008093        0.68646200352439
H           -1.19416220103401        1.51370277214781       -0.73185985561181
H           -0.70843776630964       -0.02378111833099       -0.01456875193516
C           -2.22038335768099        1.03219008409533        1.10690717980132
H           -1.99734603508517        0.51743801918404        2.04433052617702
H           -3.02776174805046        0.48503985239762        0.61417169435700
C           -2.70695798249522        2.44873963543870        1.41570152607759
H           -2.83726696185329        2.99550240369378        0.47890410195814
H           -3.68492789035555        2.38477244439871        1.89919594785836
C           -1.76026667603210        3.22181315427196        2.32648688673420
H           -2.17718257301402        4.19858760848942        2.56253415622389
H           -1.60427266780325        2.68187795068701        3.25840753970444
H           -0.79480084790490        3.37277981499092        1.85044948347050
14
 energy: -13.664165443818 gnorm: 0.000245943284 xtb: 6.7.1 (edcfbbe)
C           -0.98934932275569        1.00386368137252        0.20993891563496
H           -0.14315405644961        1.48563120052717        0.69288574919114
H           -1.18988890606084        1.51861479173444       -0.72769567059986
H           -0.70993329877365       -0.02296214944273       -0.01615511207978
C           -2.22168120655559        1.03184235052954        1.10644159242553
H           -2.00071423291881        0.51584219576975        2.04369593536528
H           -3.02843117220614        0.48565276336612        0.61147816357288
C           -2.70786749407574        2.44838012214424        1.41593017774644
H           -2.84047838941516        2.99499983555542        0.47934417223074
H           -3.68475166205988        2.38403322297152        1.90151510431864
C           -1.75934393219324        3.22198910637653        2.32437571344474
H           -2.17830955736350        4.19635999744490        2.56589698268041
H           -1.59650718925661        2.67953111497670        3.25342007145587
H           -0.79720747991505        3.37803873667370        1.84371802461309
14
 energy: -13.664169178671 gnorm: 0.000156879183 xtb: 6.7.1 (edcfbbe)
C           -0.98856345493125        1.00426351463030        0.21195746124075
H           -0.14155799542946        1.47935725286869        0.69986257799539
H           -1.18496442958239        1.52558049936955       -0.72278633921273
H           -0.71290591614820       -0.02219307258049       -0.01992696768403
C           -2.22255201309795        1.03154582272516        1.10621772092921
H           -2.00345424091382        0.51448034502466        2.04339331560790
H           -3.02873594344287        0.48618739638149        0.60928466722139
C           -2.70893904884710        2.44780511343132        1.41632261083675
H           -2.84401983746221        2.99407263036648        0.47985951101871
H           -3.68471419733026        2.38291818277919        1.90411397887817
C           -1.75860038671667        3.22229836393361        2.32218845442946
H           -2.17959629197607        4.19471812004805        2.56791245245972
H           -1.58967428339531        2.67815887504475        3.24915786272738
H           -0.79933986072596        3.38262392597708        1.83723251355199
14
 energy: -13.664172386575 gnorm: 0.000202440043 xtb: 6.7.1 (edcfbbe)
C           -0.98764290852457        1.00461574066386        0.21402144094389
H           -0.13932582699419        1.47184059467069        0.70727007673957
H           -1.17982459589933        1.53412554701252       -0.71698242365186
H           -0.71651005016825       -0.02139494639504       -0.02531803449054
C           -2.22339686314775        1.03105152354271        1.10593202883767
H           -2.00582624036071        0.51272318398510        2.04275552128549
H           -3.02887963543507        0.48639126637535        0.60704296137070
C           -2.71003774858295        2.44699488505799        1.41697303515927
H           -2.84814414761011        2.99285423495588        0.48069967089457
H           -3.68447544144875        2.38138985342248        1.90735355406364
C           -1.75803112592859        3.22291662262411        2.31987267367669
H           -2.18027825856650        4.19403324721132        2.56839672055086
H           -1.58403739411643        2.67826965256216        3.24553311879492
H           -0.80120766321632        3.38600556431068        1.83123947582522
14
 energy: -13.664174446273 gnorm: 0.000141344002 xtb: 6.7.1 (edcfbbe)
C           -0.98688537690515        1.00518276154449        0.21569622799503
H           -0.13749706576919        1.46563450514785        0.71338683143343
H           -1.17516206248006        1.54138452802233       -0.71230152889602
H           -0.71946096894201       -0.02032240697576       -0.02975831079465
C           -2.22396220237619        1.03073307111780        1.10587653481643
H           -2.00812873828795        0.51111123707345        2.04243054757987
H           -3.02887187150638        0.48708607512653        0.60497834926247
C           -2.71112371132300        2.44625352233660        1.41766543219351
H           -2.85215121120510        2.99172974418500        0.48158139877996
H           -3.68426969208439        2.37969788423988        1.91049890575982
C           -1.75741702253264        3.22319014260488        2.31786189513664
H           -2.18053688395430        4.19363473995204        2.56770743375684
H           -1.57981730687615        2.67866453028793        3.24298980541529
H           -0.80233378575701        3.38783663533679        1.82617629756146
14
 energy: -13.664175585871 gnorm: 0.000106607539 xtb: 6.7.1 (edcfbbe)
C           -0.98626271815951        1.00559611851251        0.21691838888982
H           -0.13645456320647        1.46196110785173        0.71759673944760
H           -1.17218224610174        1.54608821082875       -0.70899407031613
H           -0.72095172901453       -0.01948102350674       -0.03248790718541
C           -2.22455845284618        1.03037675090158        1.10542246182054
H           -2.00981335538579        0.50970683038532        2.04160036510301
H           -3.02896629079107        0.48738741934099        0.60298799964515
C           -2.71189347392349        2.44558478631574        1.41841450213533
H           -2.85521893237566        2.99088317553346        0.48259835872843
H           -3.68400378475014        2.37838615571575        1.91321927969160
C           -1.75698850832438        3.22353680383568        2.31645171257535
H           -2.17997096449965        4.19401336709354        2.56657918473838
H           -1.57748448364341        2.67955207835758        3.24154843149336
H           -0.80286839697750        3.38822518883393        1.82293437323305
14
 energy: -13.664176237137 gnorm: 0.000083825419 xtb: 6.7.1 (edcfbbe)
C           -0.98588036508328        1.00608537384659        0.21778694998083
H           -0.13607380128037        1.46020480870282        0.72042379209509
H           -1.17022197741073        1.54901941193863       -0.70697295047883
H           -0.72150116312746       -0.01867661310722       -0.03378926372539
C           -2.22496274212552        1.03016446028967        1.10521691833467
H           -2.01119800965838        0.50842467469257        2.04104549773002
H           -3.02904277416414        0.48790485056860        0.60148184439750
C           -2.71250719381338        2.44515328090686        1.41887698595974
H           -2.85767210428788        2.99043894591246        0.48331576204365
H           -3.68376804720713        2.37735799404940        1.91525942089080
C           -1.75655590232086        3.22349887499693        2.31541479172606
H           -2.17917572974778        4.19419261131195        2.56523830111883
H           -1.57607745057019        2.68025374828123        3.24074460259633
H           -0.80298063920242        3.38779454760933        1.82074716733078
