14
 energy: -13.658512045308 gnorm: 0.014555405905 xtb: 6.7.1 (edcfbbe)
C           -2.85761800000000        0.21631646000000        0.32020316000000
H           -3.91970863000000        0.43850429000000        0.43433873000000
H           -2.71438012000000       -0.84213312000000        0.54845428000000
H           -2.59968530000000        0.36330427000000       -0.73088922000000
C           -2.00023900000000        1.09707300000000        1.22694500000000
H           -0.96150640000000        1.07427723000000        0.88250197000000
H           -1.99122002000000        0.68015596000000        2.23898514000000
C           -2.47573600000000        2.54906500000000        1.28786500000000
H           -2.14216000000000        3.07351700000000        0.38686300000000
H           -3.56979700000000        2.56933900000000        1.26055900000000
C           -1.98256300000000        3.29668400000000        2.52514300000000
H           -1.54602830000000        4.26086486000000        2.25546752000000
H           -2.79485699000000        3.48647590000000        3.22841227000000
H           -1.21543661000000        2.72481552000000        3.05184474000000
14
 energy: -13.659366691919 gnorm: 0.006275654599 xtb: 6.7.1 (edcfbbe)
C           -2.84992670716443        0.22283090862973        0.31461000930287
H           -3.91008475871764        0.43339970483003        0.44719000238830
H           -2.68704879148295       -0.83322210623767        0.52636384640540
H           -2.59799684432997        0.40128608430847       -0.73046009424925
C           -2.00899296248292        1.09235295686131        1.24331454141407
H           -0.96534508340709        1.06140656779996        0.91752997885440
H           -2.04431165161254        0.67608760358426        2.25485360062906
C           -2.48240644314773        2.54701531379120        1.28139428987657
H           -2.14990714467664        3.05599219948520        0.37290110520640
H           -3.57530182192503        2.56280236488259        1.26783977484803
C           -1.97369670590413        3.29838399732895        2.51603073734506
H           -1.55747639506932        4.26833942782126        2.24961019675341
H           -2.77567228913373        3.46787463323887        3.23218353107429
H           -1.19276777094589        2.73370971367582        3.02333207015137
14
 energy: -13.660627016273 gnorm: 0.008433813362 xtb: 6.7.1 (edcfbbe)
C           -2.83848857433338        0.22919103071665        0.29960206611203
H           -3.90130747764338        0.39303354024575        0.46723802990627
H           -2.62241254145852       -0.82690615786959        0.45334388696387
H           -2.60329538727518        0.48966346097179       -0.73200708228526
C           -2.03451976409626        1.07978151167553        1.27903637114680
H           -0.97321477613836        1.02991011628576        1.01628853920658
H           -2.16440383054365        0.66957301378666        2.28900398748994
C           -2.48963084433587        2.54309663124484        1.27618738249174
H           -2.15614387604122        3.01924708152506        0.35326045688540
H           -3.57975845046798        2.56469677330928        1.28603625460303
C           -1.95253428788396        3.30859628978594        2.49839105416808
H           -1.59410659294004        4.29684898316490        2.22648151935675
H           -2.73245991580212        3.42598134048169        3.24781165919544
H           -1.12865905104006        2.76554575467574        2.95601946475927
14
 energy: -13.661543907909 gnorm: 0.014629851206 xtb: 6.7.1 (edcfbbe)
C           -2.83020870727159        0.23416231210402        0.28624050175079
H           -3.89972159301366        0.33796967197966        0.46958362090889
H           -2.55941516704345       -0.82125767303960        0.37454417667262
H           -2.60674349933673        0.57384203772637       -0.72837465226209
C           -2.06772945047271        1.06642275224791        1.31704192804612
H           -0.99005378036779        0.99453499548407        1.12273706997518
H           -2.27546046977743        0.66240567450533        2.31971308229438
C           -2.49462771473415        2.53850698499818        1.27703054016281
H           -2.15364971401759        2.98239051036998        0.34150814659735
H           -3.58277233345182        2.58078616823995        1.29704345254382
C           -1.93180428809029        3.31833674631604        2.48163261586257
H           -1.64600773064209        4.33093088895001        2.20026405226359
H           -2.68113388432852        3.37802146384678        3.27369755433953
H           -1.05160703745218        2.81120683627130        2.88403150084437
14
 energy: -13.662381554548 gnorm: 0.014537390513 xtb: 6.7.1 (edcfbbe)
C           -2.82512839300418        0.23610185718496        0.27773268013377
H           -3.90092199035668        0.28525806521515        0.44864728291231
H           -2.51554228799811       -0.81171646836941        0.31930511896831
H           -2.60544972728754        0.62360633216264       -0.71801807230574
C           -2.10074470188180        1.05660837395246        1.34516465593892
H           -1.01560884290127        0.96730211607616        1.20556132288455
H           -2.35173901561778        0.65875849013442        2.33508953196178
C           -2.49594153991192        2.53473779775573        1.28379762557420
H           -2.14378061153630        2.95403430414262        0.34085164217609
H           -3.58322955155545        2.60769712005733        1.30154908839787
C           -1.91633864806652        3.32472415232500        2.46945196139292
H           -1.70080319878120        4.35884389112812        2.18501402487208
H           -2.62972364911635        3.33318664861421        3.30161087681502
H           -0.98598321198491        2.85911668962059        2.82093585027782
14
 energy: -13.663057832005 gnorm: 0.009503537599 xtb: 6.7.1 (edcfbbe)
C           -2.82218308263784        0.23488779256452        0.27633477334997
H           -3.90282417809165        0.23748968863225        0.42057350140497
H           -2.48393036806662       -0.80010909187047        0.29000603375672
H           -2.60795420594728        0.64701232224983       -0.70428639494605
C           -2.12789703035188        1.05123222922989        1.36077817534314
H           -1.04564692294822        0.95339497103979        1.25373785704114
H           -2.38892817496106        0.65700017015685        2.33649183062757
C           -2.49444874787232        2.53152587126488        1.29453044827646
H           -2.12971854549068        2.93780240251024        0.35005079874106
H           -3.58203683672623        2.64060658071890        1.29691496179438
C           -1.90839879319628        3.32523439329838        2.46144097805679
H           -1.74130238398057        4.36669342026384        2.18320968599386
H           -2.58291355669315        3.30671000937289        3.31927718965728
H           -0.95275254303624        2.89877861056821        2.77763375090261
14
 energy: -13.663337613459 gnorm: 0.017210875005 xtb: 6.7.1 (edcfbbe)
C           -2.81571677742942        0.23851569849821        0.27173793290988
H           -3.89800186036954        0.19878930193668        0.40578802685800
H           -2.44221809010520       -0.78556705919186        0.25149004785876
H           -2.61015662951731        0.69582976829874       -0.69520490782245
C           -2.15519944106129        1.04239408166159        1.38621212017900
H           -1.06735814885799        0.92685636774914        1.32655972861225
H           -2.47058479004007        0.65210546183383        2.35651890598649
C           -2.49390950890650        2.52800690673795        1.29755517590523
H           -2.11741461089307        2.91615402196338        0.34780998506832
H           -3.58060132359244        2.66210928448983        1.28997569967922
C           -1.89617743981099        3.32626493077767        2.44828455339555
H           -1.80483223408157        4.38705192750098        2.17754399889043
H           -2.52598602284249        3.25125492347908        3.34678122741558
H           -0.89277849249209        2.94849375426477        2.70564109506359
14
 energy: -13.663657179891 gnorm: 0.008955757927 xtb: 6.7.1 (edcfbbe)
C           -2.81445275550410        0.23876772406890        0.27230179699852
H           -3.89353404950418        0.19543164676924        0.40738266497455
H           -2.43246053415154       -0.78034594072771        0.25170723436040
H           -2.61523613503087        0.70078766805170       -0.69467355984450
C           -2.15873967230609        1.04221971318435        1.38775127468233
H           -1.07261354114649        0.92519100434506        1.33058974622548
H           -2.48173056209072        0.65210997679163        2.35936507855262
C           -2.49353436823481        2.52827900712405        1.29748174200152
H           -2.11509232517613        2.91516320196774        0.34712318185332
H           -3.57918370733127        2.66152271362834        1.28573340443165
C           -1.89478985893280        3.32540617987531        2.44689006604200
H           -1.81082919105007        4.38144837615110        2.18665456824863
H           -2.51183131019852        3.24590262105278        3.34426878273013
H           -0.89690735934240        2.95637547771750        2.69411760874322
14
 energy: -13.663914154705 gnorm: 0.009927053306 xtb: 6.7.1 (edcfbbe)
C           -2.81420134022618        0.24080623951622        0.27166638898065
H           -3.88911438319384        0.19243960774123        0.39449789103132
H           -2.42521692043216       -0.76750810564243        0.25397059233653
H           -2.61075721714083        0.70132430935074       -0.68881029688917
C           -2.17137033950895        1.04070218856966        1.39550495827434
H           -1.08759739354759        0.91256136277921        1.35353010681969
H           -2.50985506633592        0.65586710555020        2.36360320630797
C           -2.49095621954582        2.53008938383612        1.29537989896498
H           -2.10167979200046        2.90891847473094        0.34504998748051
H           -3.57449870446476        2.66792198193520        1.27684993749086
C           -1.88963428466080        3.32536193703395        2.44451176346999
H           -1.85547088442695        4.38996481686861        2.20602538380691
H           -2.47783299824780        3.20163004410459        3.35563728362612
H           -0.87274982626793        2.98818002362573        2.64927648829916
14
 energy: -13.664142728180 gnorm: 0.007586860526 xtb: 6.7.1 (edcfbbe)
C           -2.81571366563002        0.24137336864693        0.27085312493358
H           -3.89238811855968        0.16092325878108        0.38868111055829
H           -2.39016379287234       -0.75840089498294        0.22921321269512
H           -2.60850592046961        0.73524454202067       -0.67777091603913
C           -2.19853969729987        1.03567975662245        1.41525355811863
H           -1.11641842657750        0.88903900731007        1.40363991689670
H           -2.56586709961331        0.66038092080907        2.37387695623233
C           -2.48894827982234        2.53214336288573        1.29164721969369
H           -2.07357675821153        2.88991320466660        0.34199313788045
H           -3.56924118149682        2.68928127347662        1.26169640617231
C           -1.87888412635855        3.32834188827602        2.43849993233196
H           -1.92060454387772        4.40070108983988        2.23165519617717
H           -2.41849368661566        3.13849183850317        3.36905488428333
H           -0.83359007259506        3.04514675314461        2.57839985006541
14
 energy: -13.664327822467 gnorm: 0.005482764792 xtb: 6.7.1 (edcfbbe)
C           -2.81769058840782        0.24017532549559        0.27196764880621
H           -3.89494006374562        0.17291962675522        0.38591514807321
H           -2.40764664598453       -0.76247700614894        0.24432368207877
H           -2.60158191677406        0.71835812393498       -0.67898218360197
C           -2.19280412632146        1.03891544488352        1.40949221449052
H           -1.11020391354837        0.89144311931970        1.39736294511016
H           -2.56039672409649        0.66888465275027        2.36772443987644
C           -2.48770281578068        2.53343220089842        1.28729560049037
H           -2.06991687764110        2.89494809887859        0.34448522692561
H           -3.56718234590541        2.68999121820029        1.25737279380570
C           -1.88067145676684        3.32686105632975        2.44201089965747
H           -1.93376478705686        4.39509148071005        2.24626002706881
H           -2.41117929202401        3.12221508746094        3.36862098396732
H           -0.83525381594674        3.05750094053158        2.57284416325124
14
 energy: -13.664490411000 gnorm: 0.010123324982 xtb: 6.7.1 (edcfbbe)
C           -2.81866278461983        0.23844676292751        0.27305625480810
H           -3.89547070475017        0.18968532761541        0.37701527360049
H           -2.43055784516097       -0.76895044120961        0.25875816866486
H           -2.59313212019694        0.70380145796975       -0.67953667177536
C           -2.19104593303941        1.03928599007415        1.40883155843337
H           -1.10881947389253        0.88496745475147        1.40843080832163
H           -2.57805865290240        0.67930662502873        2.36469257803486
C           -2.47819865954967        2.53352622450837        1.28115184692552
H           -2.05477150344536        2.89540264007948        0.34583094610445
H           -3.55604455941872        2.69780167083894        1.24621602626973
C           -1.88010818114098        3.32581430164662        2.44224689719332
H           -1.99293223191670        4.39936828556383        2.27530464723203
H           -2.37634577197645        3.06476964812392        3.37794453629376
H           -0.81678694798986        3.10503342208138        2.53675071989307
14
 energy: -13.664704121854 gnorm: 0.009054618204 xtb: 6.7.1 (edcfbbe)
C           -2.82158799639116        0.23647923463779        0.27537233073655
H           -3.90083517885163        0.22359408571210        0.37780333526370
H           -2.46670887208428       -0.78768395519698        0.28087183355161
H           -2.58187789707597        0.67941218735224       -0.68668887495506
C           -2.18017362912332        1.04108021286431        1.40323844318551
H           -1.10145065137971        0.88911745494017        1.39112110742116
H           -2.56212316294632        0.68454216666248        2.35915989737536
C           -2.46830134614698        2.53437369704808        1.27606589161579
H           -2.04436419163116        2.90158652559782        0.34429809681116
H           -3.54629851751936        2.69660968831841        1.23858724001422
C           -1.88522534492260        3.32464253548687        2.44635933844977
H           -2.02726162248142        4.39540005276911        2.29885435150377
H           -2.36476188353940        3.03493716267018        3.37771578831283
H           -0.81996507590667        3.13416832113736        2.53393481071350
14
 energy: -13.664881159820 gnorm: 0.007554831010 xtb: 6.7.1 (edcfbbe)
C           -2.82470886764127        0.23796937544657        0.27651738181764
H           -3.91027642964411        0.27300240100133        0.36738606240316
H           -2.51282257918245       -0.80632877273411        0.31824242127015
H           -2.55158816077864        0.64208749312278       -0.69639514477825
C           -2.17144643040599        1.04540590270463        1.39709164486250
H           -1.09218020959340        0.88947878658922        1.38127819679299
H           -2.55196886501217        0.69104175113404        2.35397059323338
C           -2.46230585180229        2.53740734626561        1.27113281696514
H           -2.03364393771462        2.91099423356481        0.34117048842867
H           -3.54162301385453        2.69538849569357        1.22710137657421
C           -1.89097874098528        3.32085513044972        2.44971856860097
H           -2.08489513349500        4.38478645903342        2.33209681250561
H           -2.33258108348053        2.98359639971908        3.38667170710510
H           -0.80991606640972        3.18257436800926        2.51071066421856
14
 energy: -13.664956752062 gnorm: 0.006122130107 xtb: 6.7.1 (edcfbbe)
C           -2.82628126418582        0.23957737534326        0.27666866874966
H           -3.91287130477768        0.29997686772704        0.36126769387193
H           -2.53564607258503       -0.81163916115769        0.33717643588152
H           -2.53481920443175        0.62344014574774       -0.70151156837166
C           -2.16495113634747        1.04558262176928        1.39092658649670
H           -1.08415847138396        0.89113997759325        1.36410243059731
H           -2.53058024069249        0.68409084075514        2.35224226736775
C           -2.46315896692604        2.53765703846920        1.27403854696238
H           -2.04137853007025        2.91898723109202        0.34085375630097
H           -3.54494616168220        2.68655615749334        1.23301324721665
C           -1.89142780319216        3.32096635108726        2.44981269738356
H           -2.08656546047873        4.38447638121803        2.33470580504321
H           -2.33682431651792        2.98808308786131        3.38148213330962
H           -0.81732643672849        3.17936445500076        2.52191488919027
14
 energy: -13.665025610659 gnorm: 0.003435373014 xtb: 6.7.1 (edcfbbe)
C           -2.82597865037184        0.24048032229038        0.27635264044034
H           -3.91081386520342        0.30871116802063        0.34737164827215
H           -2.54219661867049       -0.80895468007489        0.34210800465240
H           -2.52063277246453        0.61882260330817       -0.69948735808394
C           -2.16941309063361        1.04335361738929        1.39348028688880
H           -1.08903535946881        0.88802622764196        1.36606013131835
H           -2.53028245162492        0.67904536064481        2.35662398715809
C           -2.46547504695283        2.53733311525419        1.27720845573154
H           -2.04526102960081        2.91796357856652        0.34132605538478
H           -3.54780216317878        2.68563371416841        1.23742362300067
C           -1.88917862858387        3.32306100681813        2.44756116037002
H           -2.09713931123330        4.38670779027369        2.33829695312333
H           -2.32617387737441        2.98129365246456        3.38395168048163
H           -0.81155250463836        3.18678189323409        2.50841632126167
14
 energy: -13.665054432802 gnorm: 0.004293283510 xtb: 6.7.1 (edcfbbe)
C           -2.82374439589357        0.24154863212348        0.27526546770543
H           -3.90708618285519        0.32173731070947        0.33032728112021
H           -2.55241811115961       -0.80865193138781        0.34720732794722
H           -2.50344561893023        0.61123450542931       -0.69809053694758
C           -2.17029891665592        1.04244763179211        1.39456784301075
H           -1.08855522440204        0.89095717206207        1.36518811984741
H           -2.52709094034482        0.67481670909767        2.36136738432218
C           -2.47147585972713        2.53570258741753        1.28144488613187
H           -2.05882990981299        2.91625408876692        0.34215804177424
H           -3.55430488854986        2.68121900507699        1.24755403795691
C           -1.88911786389958        3.32408453060298        2.44655864492355
H           -2.09355127116568        4.38305455652178        2.33353006862779
H           -2.32172778496808        2.98912137518410        3.38765268908102
H           -0.80928840163528        3.18473319660334        2.50196233449885
14
 energy: -13.665075887616 gnorm: 0.003577321134 xtb: 6.7.1 (edcfbbe)
C           -2.82361995169609        0.24224194074972        0.27512430584492
H           -3.90691682153857        0.34481699915914        0.31469019931703
H           -2.57446064739748       -0.81381630540318        0.36055236891917
H           -2.48330764299832        0.59649381433447       -0.69771845431625
C           -2.16799789988284        1.04215076669365        1.39345368631726
H           -1.08566660955852        0.89214344683981        1.36232046419050
H           -2.52301993714317        0.67412937509319        2.36149197691965
C           -2.47229852152740        2.53424049811056        1.28215665258663
H           -2.06465853141783        2.91521047650389        0.34237403754408
H           -3.55512248962666        2.67845808364843        1.25356590575574
C           -1.88792341945454        3.32394792445655        2.44648735382946
H           -2.11239252064984        4.38353127398913        2.34224524088787
H           -2.30818033763540        2.97635478978786        3.38964092198472
H           -0.80537003947334        3.19835628603670        2.49030893021904
14
 energy: -13.665089337156 gnorm: 0.001755139157 xtb: 6.7.1 (edcfbbe)
C           -2.82214440092422        0.24220952549778        0.27410910424107
H           -3.90455146020677        0.34416341548322        0.31165856431601
H           -2.57391296242619       -0.81294088226486        0.35885843066593
H           -2.48079407741582        0.59709786666608       -0.69617631828542
C           -2.16909911426328        1.04189634251918        1.39459860439434
H           -1.08648315452978        0.89373945242397        1.36418969249212
H           -2.52394009610866        0.67264433154365        2.36088842293185
C           -2.47468004821906        2.53350929590453        1.28303635914117
H           -2.06926475222086        2.91302965391280        0.34263478410444
H           -3.55728180537037        2.67865155042309        1.25874516655255
C           -1.88665839388690        3.32423101405159        2.44587999866251
H           -2.10656059027162        4.38444917367884        2.33851058043273
H           -2.30844663047641        2.98130414831136        3.38953252804362
H           -0.80711788368005        3.19427448184870        2.49022767230693
14
 energy: -13.665100635404 gnorm: 0.001736928128 xtb: 6.7.1 (edcfbbe)
C           -2.81938201519927        0.24223081211990        0.27166311665050
H           -3.90113852269351        0.35635200378041        0.29979510562191
H           -2.58415349990918       -0.81540551517735        0.36538153653430
H           -2.46424484676880        0.58975727898691       -0.69614370432672
C           -2.17045137941635        1.04116071063212        1.39597210914383
H           -1.08780614758516        0.89625265453389        1.36540845523174
H           -2.52542405234768        0.66822241369855        2.35900339071393
C           -2.47889434079674        2.53214602124451        1.28607935172861
H           -2.07887981896315        2.91214532045686        0.34402832391898
H           -3.56162729856359        2.67612129069730        1.26875525162324
C           -1.88566547707493        3.32447253632627        2.44559609887704
H           -2.10717131579759        4.38280437249016        2.33765075776571
H           -2.30073061958124        2.98208073484467        3.39102878143146
H           -0.80536603530278        3.19991873536570        2.48247501508532
14
 energy: -13.665112547897 gnorm: 0.001802917383 xtb: 6.7.1 (edcfbbe)
C           -2.81569873233592        0.24288828579629        0.26897283090580
H           -3.89714665978922        0.36117116458903        0.28582543698349
H           -2.58544090313571       -0.81480682311583        0.36745572219931
H           -2.44936111115910        0.58637054584558       -0.69496775871795
C           -2.17477380322930        1.04046960576515        1.39896872986981
H           -1.09105459690833        0.89610429693051        1.37575543553350
H           -2.53858883036671        0.66547048747694        2.35885321347562
C           -2.48392538622431        2.53131025467907        1.28953089582818
H           -2.09035779544986        2.91012212848235        0.34391186963789
H           -3.56681483908709        2.67490661375586        1.27920403323415
C           -1.88221047579975        3.32478218597247        2.44349996210765
H           -2.10944582288458        4.38271756369420        2.33792829901865
H           -2.28518466505936        2.98039997052189        3.39431361818195
H           -0.80093174857074        3.20635308960641        2.46744130174178
14
 energy: -13.665119443873 gnorm: 0.000392779172 xtb: 6.7.1 (edcfbbe)
C           -2.81433926206063        0.24260074520840        0.26871644967122
H           -3.89597103303861        0.35998535403577        0.28319013515909
H           -2.58264361856643       -0.81560657995460        0.36694181948411
H           -2.44684217117682        0.58692563087090       -0.69580276911225
C           -2.17650065777569        1.04039743156451        1.39954893252580
H           -1.09394474403349        0.89484889087527        1.38084066185286
H           -2.54274360466707        0.66667571852249        2.35850349842486
C           -2.48537736617633        2.53162817117504        1.29053175138863
H           -2.09412376329343        2.91153016003438        0.34380958921321
H           -3.56855369759646        2.67425284148086        1.28113327046561
C           -1.88140018212468        3.32545547767366        2.44249434480650
H           -2.10749898542841        4.38448002777483        2.34006564018569
H           -2.28066783319114        2.97974063355153        3.39360583989329
H           -0.80032845087080        3.20534486718688        2.46311442604119
14
 energy: -13.665121964943 gnorm: 0.000467522477 xtb: 6.7.1 (edcfbbe)
C           -2.81315605288176        0.24317083980154        0.26860228518872
H           -3.89498913284201        0.35875300298781        0.28081706913347
H           -2.58002110606838       -0.81484086889140        0.36625656656800
H           -2.44446847615718        0.58818675732425       -0.69546658992141
C           -2.17805726871762        1.04068768304279        1.40078460478751
H           -1.09555131689070        0.89518141344200        1.38507299343059
H           -2.54735893992225        0.66739776699592        2.35885676924763
C           -2.48699219728968        2.53190397963591        1.29076144551312
H           -2.09751409113674        2.91133355051611        0.34290339697943
H           -3.57028105878736        2.67442595553690        1.28304040729351
C           -1.88021004927629        3.32464818217185        2.44172255395132
H           -2.10637947159411        4.38372384633565        2.34013164550190
H           -2.27701183930776        2.97894531029266        3.39388206180950
H           -0.79894436912813        3.20474195080792        2.45932838051655
14
 energy: -13.665123840402 gnorm: 0.000332105852 xtb: 6.7.1 (edcfbbe)
C           -2.81216330164119        0.24302499424116        0.26794003829931
H           -3.89415286568384        0.35691263849985        0.27874888911226
H           -2.57770795651268       -0.81465298016568        0.36484617430711
H           -2.44261841340855        0.58934578121940       -0.69515508328846
C           -2.17994967495246        1.04057316209929        1.40161986096840
H           -1.09720833121599        0.89533371515616        1.38840852454104
H           -2.55181789079860        0.66715900005191        2.35879155684187
C           -2.48808810213429        2.53197036184341        1.29152409752680
H           -2.09990846164409        2.91043950321909        0.34283822961399
H           -3.57125511703868        2.67529519720759        1.28558418397533
C           -1.87898725440207        3.32483698768580        2.44108495250934
H           -2.10562237344743        4.38379589253150        2.34004299576871
H           -2.27385841307594        2.97893957281329        3.39411495320643
H           -0.79759721404417        3.20528554359715        2.45630421661767
14
 energy: -13.665125174012 gnorm: 0.000137805090 xtb: 6.7.1 (edcfbbe)
C           -2.81135605651376        0.24319003189246        0.26714593036608
H           -3.89351919043916        0.35577742416137        0.27677025783843
H           -2.57575569692419       -0.81420712952814        0.36356462334047
H           -2.44085851684735        0.59107143708497       -0.69485410600605
C           -2.18159127345783        1.04018046441345        1.40274488378638
H           -1.09871907313808        0.89485192952324        1.39175271830372
H           -2.55529825003340        0.66620766582614        2.35895375071687
C           -2.48917375960674        2.53166170987441        1.29218955673839
H           -2.10192587453070        2.90919994486028        0.34286824126762
H           -3.57218328643651        2.67600315625096        1.28786939769493
C           -1.87793588003595        3.32513322693162        2.44033659378357
H           -2.10540479475907        4.38390003937784        2.33952001843235
H           -2.27070522711221        2.97916928210906        3.39425896518581
H           -0.79650849016502        3.20612018722226        2.45357275855124
14
 energy: -13.665125925405 gnorm: 0.000104908761 xtb: 6.7.1 (edcfbbe)
C           -2.81078082405760        0.24321789380762        0.26663333971117
H           -3.89299309613908        0.35540278197323        0.27495107723177
H           -2.57482578615185       -0.81415355742250        0.36254413335986
H           -2.43917877127610        0.59213493249120       -0.69453020159113
C           -2.18272585919043        1.03991267774693        1.40352982920211
H           -1.09987302399615        0.89441794718975        1.39411104227007
H           -2.55788073350582        0.66562659294943        2.35898649868493
C           -2.48988875693172        2.53138424766928        1.29287416388414
H           -2.10347196282036        2.90829197794573        0.34297631008294
H           -3.57283867146926        2.67600587154895        1.28960394404818
C           -1.87719129146762        3.32545143515983        2.43994641939400
H           -2.10548282459581        4.38404740203742        2.33916522379500
H           -2.26810557834344        2.97949159486546        3.39461823073409
H           -0.79569819005473        3.20702757203759        2.45128357919270
