14
 energy: -13.664597918378 gnorm: 0.011887148436 xtb: 6.7.1 (edcfbbe)
C           -2.49341300000000        0.34945400000000       -0.01033300000000
H           -2.13722100000000       -0.68175300000000       -0.02338100000000
H           -2.14607900000000        0.83134700000000       -0.92688600000000
H           -3.58471500000000        0.32328500000000       -0.04645800000000
C           -2.00023900000000        1.09707300000000        1.22694500000000
H           -0.90617800000000        1.07679900000000        1.25425000000000
H           -2.33381500000000        0.57262200000000        2.12794700000000
C           -2.47573600000000        2.54906500000000        1.28786500000000
H           -2.14216000000000        3.07351700000000        0.38686300000000
H           -3.56979700000000        2.56933900000000        1.26055900000000
C           -1.98256300000000        3.29668400000000        2.52514300000000
H           -0.89126000000000        3.32285300000000        2.56126900000000
H           -2.33875400000000        4.32789100000000        2.53819100000000
H           -2.32989700000000        2.81479100000000        3.44169600000000
14
 energy: -13.665097833407 gnorm: 0.004172304016 xtb: 6.7.1 (edcfbbe)
C           -2.49300424724523        0.36634287348174        0.00008045127237
H           -2.13322815720458       -0.66117594882374       -0.00498196879676
H           -2.14088186358341        0.85490386795822       -0.90800925362449
H           -3.58213792600065        0.34591628094986       -0.02597779548980
C           -1.99452973343715        1.09973655986561        1.23781131298068
H           -0.90072348801959        1.08457852181098        1.25244990930910
H           -2.34077137252813        0.57601790787712        2.13374202417455
C           -2.48144526672671        2.54640168766564        1.27699855631333
H           -2.13520334154271        3.07012067909639        0.38106795254386
H           -3.57525154261632        2.56155966399629        1.26235931929846
C           -1.98297146452495        3.27979515832968        2.51472964510979
H           -0.89383746973128        3.30022149478501        2.54078859484219
H           -2.34274697394051        4.30731407300912        2.51979200446175
H           -2.33509415289879        2.79123417999808        3.42281924760497
14
 energy: -13.665125867129 gnorm: 0.001495750289 xtb: 6.7.1 (edcfbbe)
C           -2.49248945221583        0.36475729412161        0.00000647776523
H           -2.13380995071551       -0.66234046037409       -0.00660450632385
H           -2.14012078207713        0.85696703230823       -0.90441319227251
H           -3.58042833265163        0.34831437829514       -0.02296222926519
C           -1.99494672963179        1.09994921223500        1.23725263181387
H           -0.90216137527908        1.08768314114857        1.25121782004673
H           -2.34275961698596        0.57892806336791        2.13284657964015
C           -2.48102828436122        2.54618906318459        1.27755721321965
H           -2.13321505640319        3.06721034688847        0.38196343611682
H           -3.57381365386488        2.55845511165008        1.26359152918626
C           -1.98348608727332        3.28138075992608        2.51480363547064
H           -0.89554715297827        3.29782339209699        2.53777296439579
H           -2.34216525656632        4.30847861210537        2.52141451232091
H           -2.33585526899587        2.78917105304604        3.41922312788551
14
 energy: -13.665127570199 gnorm: 0.000330461478 xtb: 6.7.1 (edcfbbe)
C           -2.49257304785135        0.36474738752152       -0.00013593417340
H           -2.13444539196696       -0.66207433695249       -0.00748923782310
H           -2.14018040682919        0.85755772707641       -0.90373041796436
H           -3.58012927639169        0.34903176781834       -0.02249901054384
C           -1.99436556673617        1.09983122684045        1.23813422033995
H           -0.90203349555911        1.08817366271935        1.25262200188764
H           -2.34188713364510        0.57968152728235        2.13379497446313
C           -2.48160946811725        2.54630700637716        1.27667562667964
H           -2.13408759062784        3.06645679144528        0.38101506156802
H           -3.57394153420931        2.55796458799749        1.26218747681039
C           -1.98340240193278        3.28139069129874        2.51494604149510
H           -0.89584620694943        3.29710607088128        2.53730964673712
H           -2.34152985919909        4.30821249694730        2.52229922582809
H           -2.33579561998473        2.78858039274683        3.41854032469560
14
 energy: -13.665127753259 gnorm: 0.000042715435 xtb: 6.7.1 (edcfbbe)
C           -2.49257402292110        0.36457781995449       -0.00023537933020
H           -2.13424834772256       -0.66231055580615       -0.00730359070811
H           -2.14006045702954        0.85732819538268       -0.90398908292577
H           -3.58027235640163        0.34870935719715       -0.02259676224789
C           -1.99448591333117        1.09978055679253        1.23790836663124
H           -0.90205774244005        1.08780177690894        1.25215888558285
H           -2.34208198383214        0.57924939928249        2.13343623539899
C           -2.48148914864473        2.54635766748850        1.27690149398884
H           -2.13389279988600        3.06688891655215        0.38137378667748
H           -3.57391731578146        2.55833645658226        1.26265064320268
C           -1.98340142601367        3.28156026278162        2.51504548035274
H           -0.89570309819756        3.29742850498781        2.53740733644899
H           -2.34172689842277        4.30844871080287        2.52211357247897
H           -2.33591548937562        2.78880993109266        3.41879901444917
