14
 energy: -13.661986621949 gnorm: 0.012684127717 xtb: 6.7.1 (edcfbbe)
C           -3.02105794000000        0.10175848000000        1.77493160000000
H           -2.65164475000000       -0.92324193000000        1.71714827000000
H           -3.95742660000000        0.14832025000000        1.21459516000000
H           -3.25386791000000        0.31131181000000        2.82126654000000
C           -2.00023900000000        1.09707300000000        1.22694500000000
H           -1.76099610000000        0.84152243000000        0.18984192000000
H           -1.06281638000000        1.00326852000000        1.78422944000000
C           -2.47573600000000        2.54906500000000        1.28786500000000
H           -2.14216000000000        3.07351700000000        0.38686300000000
H           -3.56979700000000        2.56933900000000        1.26055900000000
C           -1.98256300000000        3.29668400000000        2.52514300000000
H           -0.89126000000000        3.32285300000000        2.56126900000000
H           -2.33875400000000        4.32789100000000        2.53819100000000
H           -2.32989700000000        2.81479100000000        3.44169600000000
14
 energy: -13.662538980961 gnorm: 0.005108544276 xtb: 6.7.1 (edcfbbe)
C           -3.01679400381276        0.11547721824300        1.78441407687083
H           -2.64018052524433       -0.90462724020277        1.72717653821676
H           -3.94759525055090        0.16526163007196        1.22011769142364
H           -3.23786549612945        0.33914126329781        2.82739941682912
C           -1.99676019672561        1.09621603001860        1.22154979581035
H           -1.78295238534216        0.82255944543877        0.18449949653618
H           -1.06092493208819        0.99766052109722        1.77835250388885
C           -2.47584699659143        2.55150308900190        1.28186575214164
H           -2.12222160293605        3.09153275744291        0.39903360250759
H           -3.56866614606497        2.57636513616431        1.25621032620806
C           -1.99020237396508        3.28138071889927        2.52708109363369
H           -0.90123402118659        3.30584506918055        2.55622748321847
H           -2.35238545545015        4.30825916464884        2.53549535448316
H           -2.34458629391233        2.78757775669763        3.43112079823167
14
 energy: -13.662753098398 gnorm: 0.002234922759 xtb: 6.7.1 (edcfbbe)
C           -3.01396073524508        0.12576781582598        1.79596916300289
H           -2.63665749442436       -0.89312908697005        1.74631856030839
H           -3.94550446094944        0.17260582052585        1.23623903696308
H           -3.22410382840821        0.36401421196321        2.83607210545041
C           -1.99600803688856        1.09622532241841        1.21010747316601
H           -1.80470194315656        0.81423590838044        0.17166504585060
H           -1.05499150292352        1.00061233514232        1.75599862145544
C           -2.47036751583822        2.55441911504745        1.27222388472845
H           -2.09766689568223        3.10117304628985        0.40237734158876
H           -3.56150330367527        2.57956072089226        1.23425381443221
C           -1.99799803474676        3.26876062782905        2.53231621825060
H           -0.91106211152044        3.29486906777622        2.56628424211621
H           -2.36472528894042        4.29262227856948        2.54618407876664
H           -2.35896452760091        2.76241537630952        3.42453434392032
14
 energy: -13.662988011155 gnorm: 0.004263358523 xtb: 6.7.1 (edcfbbe)
C           -3.01039590833478        0.13559907188624        1.81000736955870
H           -2.63351046601553       -0.88343339391844        1.77342900586846
H           -3.94518980915339        0.17491198304690        1.25705507764835
H           -3.20973688806875        0.39237742245583        2.84663472651634
C           -1.99678009424383        1.09623946401375        1.19584379109432
H           -1.83431330365179        0.80774480030953        0.15490997312177
H           -1.04473732577896        1.00161719268035        1.72106878739108
C           -2.46209704246649        2.55792492518074        1.26111721204828
H           -2.06426150806781        3.10944515616701        0.40629581534781
H           -3.55140567785281        2.58810942300599        1.20032453795819
C           -2.00777018272470        3.25601544348902        2.53928038473175
H           -0.92227549161425        3.28744693199676        2.58234326703122
H           -2.38113859848507        4.27669903454669        2.56395880813544
H           -2.37460338354180        2.73345510513964        3.41827517354831
14
 energy: -13.663240898369 gnorm: 0.004954390256 xtb: 6.7.1 (edcfbbe)
C           -3.00549514354585        0.14615552207742        1.82572470352792
H           -2.62898443742675       -0.87367133993648        1.80550335501459
H           -3.94659814190407        0.17413525506485        1.28252345230658
H           -3.19349852895559        0.42333075400131        2.85906421180175
C           -1.99949986176897        1.09646414168586        1.17953916091672
H           -1.87003897355144        0.80329363458666        0.13526677211440
H           -1.03239884017981        0.99863972378493        1.67678664050338
C           -2.45108060353350        2.56159494494560        1.24935041741687
H           -2.02401316391890        3.11601939079770        0.41063700526736
H           -3.53836275923155        2.60300179082864        1.15872998228943
C           -2.01951053986421        3.24224824937600        2.54670458339448
H           -0.93475143133426        3.28170602810820        2.60385171195641
H           -2.40135981083513        4.25956913588111        2.58498787203452
H           -2.39262344394989        2.70166532879820        3.41187406145561
14
 energy: -13.663444381497 gnorm: 0.003553933966 xtb: 6.7.1 (edcfbbe)
C           -2.99957227424656        0.15642498650808        1.83990372231614
H           -2.62365216009771       -0.86416670196108        1.83329832856061
H           -3.94948633719598        0.17378898546980        1.31001590824198
H           -3.17496191462850        0.45040846228028        2.87128940528771
C           -2.00352914567015        1.09690392538713        1.16430973330313
H           -1.90421596490640        0.80098110227816        0.11719432717324
H           -1.02219747921328        0.99249166503639        1.63341100763643
C           -2.43951982110314        2.56469070904320        1.23909724569743
H           -1.98574954760995        3.12025030593310        0.41488259846709
H           -3.52423934576594        2.62056894957191        1.11980380429729
C           -2.03131119514045        3.22921954201715        2.55241272054808
H           -0.94703041698629        3.27493228172465        2.62767684231686
H           -2.41999309111547        4.24382049734615        2.60219603007020
H           -2.41275698632007        2.67383784936505        3.40505225608384
14
 energy: -13.663570694202 gnorm: 0.001938813133 xtb: 6.7.1 (edcfbbe)
C           -2.99377649450617        0.16448526820884        1.85021073840233
H           -2.61956757009388       -0.85678117727595        1.84902117370550
H           -3.95282879095073        0.17688834477812        1.33529956543864
H           -3.15544983838253        0.46729550390144        2.88173635993686
C           -2.00724185038704        1.09731707267430        1.15295703601193
H           -1.92976181966628        0.80015649866692        0.10426852218806
H           -1.01634891436875        0.98624650375478        1.60070186343613
C           -2.43029840186238        2.56686356002582        1.23181146279147
H           -1.95739337493703        3.12239417015647        0.41829957021107
H           -3.51215520995997        2.63523253737291        1.09183847339033
C           -2.04110027782522        3.21928466038266        2.55561671027596
H           -0.95749163611491        3.26535292978776        2.64909740805942
H           -2.43128412629343        4.23305194969191        2.61085585605808
H           -2.43351737465157        2.65636473787402        3.39882919009424
14
 energy: -13.663686882669 gnorm: 0.002280771879 xtb: 6.7.1 (edcfbbe)
C           -2.98596782402442        0.17277842567409        1.86109947858304
H           -2.61672161163716       -0.85007702319716        1.85568866245203
H           -3.95778527849417        0.18727666342114        1.36921616453093
H           -3.12468554406761        0.47811786891691        2.89577700990395
C           -2.01123312739553        1.09763988958480        1.14126842755586
H           -1.95695428793712        0.79941918975312        0.09135220890701
H           -1.01155085673588        0.97917280213232        1.56675635918168
C           -2.42066964121074        2.56918720126544        1.22442598282899
H           -1.92764917964978        3.12432939106702        0.42258185932748
H           -3.49858738020941        2.65092795275759        1.06364390392801
C           -2.05287794426714        3.20912831335612        2.55815670533729
H           -0.97066489491360        3.24645378912364        2.67652204161557
H           -2.43674546124546        4.22511998106644        2.61303749280510
H           -2.46612264821183        2.64467811507851        3.39101763304313
14
 energy: -13.663755008029 gnorm: 0.002550833937 xtb: 6.7.1 (edcfbbe)
C           -2.98137147354319        0.17596653034436        1.86667535583590
H           -2.61780209877314       -0.84888920113017        1.85112237547559
H           -3.96071097698368        0.19809885061002        1.39015551594179
H           -3.10244767350436        0.47712686800342        2.90499760287312
C           -2.01258317242641        1.09765125629839        1.13600922202132
H           -1.96993779846934        0.79862630017494        0.08568981713691
H           -1.00906752966144        0.97676248988909        1.55128128336191
C           -2.41672257141433        2.57039497049249        1.22089837111037
H           -1.91374960555409        3.12555235049938        0.42514457309627
H           -3.49259096007143        2.65731891091077        1.05042826639335
C           -2.05949082833780        3.20499357880683        2.55940361529038
H           -0.97858417762623        3.23054057603640        2.69227613979823
H           -2.43330834783484        4.22503843606716        2.60963029561512
H           -2.48984846579959        2.64497064299690        3.38683149604979
14
 energy: -13.663882462619 gnorm: 0.003451185313 xtb: 6.7.1 (edcfbbe)
C           -2.97215830472935        0.18054605310637        1.87666402022032
H           -2.62325006257845       -0.84930090875814        1.83317021085933
H           -3.96695396906646        0.22419829510977        1.43328148020526
H           -3.05370966999552        0.46703626810341        2.92383448683482
C           -2.01428429766026        1.09771562804260        1.12740977928218
H           -1.99207806325940        0.79740817760914        0.07687238843957
H           -1.00430398773516        0.97365358287619        1.52494066552995
C           -2.41069168844600        2.57236314304600        1.21484835191497
H           -1.89048510759404        3.12729828892757        0.43015805860033
H           -3.48276254308422        2.66727771461639        1.02739770838673
C           -2.07224568529835        3.19875146380742        2.56139804614649
H           -0.99442902261792        3.19407229287930        2.72388331421467
H           -2.41916147490724        4.22953373008784        2.59815027703764
H           -2.54170180302746        2.65359883054614        3.37853514232780
14
 energy: -13.663990696640 gnorm: 0.007443756849 xtb: 6.7.1 (edcfbbe)
C           -2.95674510652480        0.18755862870849        1.89322120067446
H           -2.63564503135423       -0.85073105651071        1.80387086406421
H           -3.97452147283302        0.26779857049503        1.50389362580801
H           -2.97427046099901        0.44833223375524        2.95292766972307
C           -2.01634556041490        1.09805900450163        1.11375955105493
H           -2.02694100834669        0.79497029707578        0.06303168605735
H           -0.99547905875281        0.96976207911442        1.48269587968014
C           -2.40163886730531        2.57530185985503        1.20484305014907
H           -1.85391369061862        3.13053825913284        0.43821799687510
H           -3.46791681796222        2.68228098881760        0.98955401706482
C           -2.09355010902527        3.18897332634882        2.56477351049354
H           -1.02254367498490        3.13372150031262        2.77400001441160
H           -2.39317851380939        4.23734256656076        2.58147555108400
H           -2.62552630706865        2.67024430183244        3.36427931285977
14
 energy: -13.664056938904 gnorm: 0.004417010584 xtb: 6.7.1 (edcfbbe)
C           -2.95290969946526        0.18957192938646        1.89696165486049
H           -2.64144770041363       -0.85018265296950        1.80054340803138
H           -3.97186281390915        0.27774737890346        1.51865490105422
H           -2.95862019114633        0.44471353341144        2.95579679300624
C           -2.01626005185253        1.09837742209241        1.11100148917701
H           -2.03295446488628        0.79400310216022        0.06117961688050
H           -0.99356599044247        0.96968490788399        1.47403883921103
C           -2.40021403694101        2.57569245053846        1.20249083842545
H           -1.84793196436873        3.13149055383116        0.44017752605612
H           -3.46490928691948        2.68466809790314        0.98156237929392
C           -2.09862880062858        3.18637638232209        2.56523970972053
H           -1.03193025034479        3.12061434824694        2.78200234757103
H           -2.38647386282212        4.23721757687473        2.58175126752963
H           -2.64050656585947        2.67417752941501        3.35914315918249
14
 energy: -13.664130362192 gnorm: 0.003423800544 xtb: 6.7.1 (edcfbbe)
C           -2.94235374285315        0.19471441241566        1.90781205369841
H           -2.65548320881560       -0.84858754387422        1.78329655257920
H           -3.97256589162734        0.30863356736421        1.57021721377007
H           -2.90033158736214        0.43219386951254        2.96959772374988
C           -2.01734895235359        1.09878353891091        1.10192248306026
H           -2.05550248948612        0.79224711836841        0.05355870549633
H           -0.98813489715238        0.96833852507326        1.44549138801153
C           -2.39441726172705        2.57749635301243        1.19564086804904
H           -1.82500301953088        3.13342529707425        0.44650977162050
H           -3.45433360481966        2.69352862651193        0.95595165982512
C           -2.11293301222136        3.17947434514377        2.56707147485257
H           -1.05659205737651        3.07782103414038        2.81626084375887
H           -2.36532331141444        4.23896254041589        2.57492466606590
H           -2.69789264325960        2.68712087593058        3.34228852546240
14
 energy: -13.664161871956 gnorm: 0.000773549939 xtb: 6.7.1 (edcfbbe)
C           -2.93786543289223        0.19676779436525        1.91251463028241
H           -2.66313835942156       -0.84640131047365        1.77639006885235
H           -3.97089305769520        0.32252991088337        1.59518423320488
H           -2.87267022496214        0.42670855838928        2.97253816034105
C           -2.01804377665051        1.09876232317544        1.09779970825140
H           -2.06514828570664        0.79212160628146        0.05022382932925
H           -0.98705904811074        0.96710764301976        1.43380523199963
C           -2.39163149163913        2.57849916487257        1.19268886208862
H           -1.81510797593770        3.13366779092841        0.44900142845868
H           -3.44908849648546        2.69772687114584        0.94625103647475
C           -2.11907246069155        3.17664583780281        2.56795563059326
H           -1.07030744957100        3.05827144199494        2.83203933037135
H           -2.35502545456638        4.23801687360114        2.57288974967024
H           -2.72316416566956        2.69372805401337        3.33126203008222
14
 energy: -13.664108382355 gnorm: 0.006328488655 xtb: 6.7.1 (edcfbbe)
C           -2.92194376847665        0.20325061858547        1.92905460550904
H           -2.68159063926160       -0.84477980230719        1.74910081684397
H           -3.97086865690910        0.36758415792806        1.67188782159557
H           -2.78885396839118        0.40646543394352        2.99236115047250
C           -2.02053640322633        1.09882859338811        1.08418061447869
H           -2.09849514408738        0.79144317466815        0.03737507805134
H           -0.98115732567169        0.96152730571376        1.39338681990015
C           -2.38225265856349        2.58166559137490        1.18300858634011
H           -1.78021269429714        3.13507313055159        0.45661123985761
H           -3.43288189510063        2.71368571741960        0.91186680250787
C           -2.14083509100245        3.16742102312965        2.57117842815999
H           -1.10796148766446        2.99555236975821        2.88265388077757
H           -2.32478902424737        4.24192723779626        2.56030823992671
H           -2.80583692310032        2.71450800804991        3.30756984557898
14
 energy: -13.664174173767 gnorm: 0.001341628747 xtb: 6.7.1 (edcfbbe)
C           -2.92895978757674        0.20035127894837        1.92175177655723
H           -2.67347163762842       -0.84536486451320        1.76153989019287
H           -3.96994562301178        0.34722601538988        1.63783366219742
H           -2.82674142332182        0.41541807969962        2.98274531349959
C           -2.01958473945329        1.09873017712473        1.09029334737625
H           -2.08366129688619        0.79197844738713        0.04303556743021
H           -0.98406137647905        0.96341774336875        1.41161246341847
C           -2.38632654854265        2.58029827821535        1.18745993573098
H           -1.79568860399831        3.13423642727055        0.45312310943311
H           -3.44003172748718        2.70707555109601        0.92765814352506
C           -2.13124072247773        3.17153076271560        2.56975737980293
H           -1.09205699390374        3.02381004446311        2.85977275164015
H           -2.33831421460501        4.23997446749275        2.56616052835323
H           -2.76813098462789        2.70547015134136        3.31780006084258
14
 energy: -13.664177012630 gnorm: 0.000374399658 xtb: 6.7.1 (edcfbbe)
C           -2.92934732453444        0.20039426840919        1.92085068393090
H           -2.67398741937112       -0.84495397476526        1.76252031089585
H           -3.96943669059248        0.34582374092533        1.63662449994624
H           -2.82801370032230        0.41552613101244        2.98119403081217
C           -2.01971001797016        1.09877315196838        1.09074039876677
H           -2.08249323322304        0.79199419635856        0.04389670385591
H           -0.98450298125778        0.96358333577072        1.41258501888933
C           -2.38645666662621        2.58013542800106        1.18787699591645
H           -1.79713111944144        3.13409188425568        0.45319041574081
H           -3.44016708219531        2.70663911817210        0.92863768715298
C           -2.13042984233405        3.17168649477789        2.56922611484705
H           -1.09194359106646        3.02550440011665        2.85887636273604
H           -2.33837304723017        4.23929380568073        2.56712453012835
H           -2.76622296383483        2.70566057931654        3.31720017638124
14
 energy: -13.664177283244 gnorm: 0.000265539435 xtb: 6.7.1 (edcfbbe)
C           -2.92870421820965        0.20066754634463        1.92156139455374
H           -2.67428554322702       -0.84491234556847        1.76221901381731
H           -3.96914175344396        0.34691408674268        1.63876091017788
H           -2.82632674108846        0.41506862523480        2.98190205100823
C           -2.01984153177977        1.09879154743365        1.09024497288035
H           -2.08403071792692        0.79197517206383        0.04317791625981
H           -0.98415559167986        0.96326242595771        1.41092937613528
C           -2.38607989176304        2.58023213377180        1.18754267533971
H           -1.79545378907356        3.13417652253206        0.45343616008183
H           -3.43959899994087        2.70738974076642        0.92719591313367
C           -2.13133083509289        3.17129217568257        2.56938784552031
H           -1.09325240390532        3.02393820693377        2.86017014846134
H           -2.33795803667116        4.23930705939599        2.56703012449271
H           -2.76805562619732        2.70604966270855        3.31698542813791
