14
 energy: -13.661320316655 gnorm: 0.013689537551 xtb: 6.7.1 (edcfbbe)
C           -1.55078237000000        0.66473401000000       -0.16735889000000
H           -0.68248570000000        1.23408233000000       -0.50252191000000
H           -2.34624461000000        0.81130202000000       -0.90131313000000
H           -1.27960026000000       -0.39314733000000       -0.18400873000000
C           -2.00023900000000        1.09707300000000        1.22694500000000
H           -1.17714886000000        0.95948888000000        1.93526647000000
H           -2.80634337000000        0.44125526000000        1.57078399000000
C           -2.47573600000000        2.54906500000000        1.28786500000000
H           -2.14216000000000        3.07351700000000        0.38686300000000
H           -3.56979700000000        2.56933900000000        1.26055900000000
C           -1.98256300000000        3.29668400000000        2.52514300000000
H           -0.89126000000000        3.32285300000000        2.56126900000000
H           -2.33875400000000        4.32789100000000        2.53819100000000
H           -2.32989700000000        2.81479100000000        3.44169600000000
14
 energy: -13.661909432359 gnorm: 0.005194993224 xtb: 6.7.1 (edcfbbe)
C           -1.56021008547830        0.66776974780404       -0.16050909866780
H           -0.70028995263533        1.24883082229609       -0.49085262996966
H           -2.36714485144607        0.81318595132139       -0.87833693645589
H           -1.28267261299903       -0.38565661252042       -0.16957695102093
C           -1.99341732495835        1.09581433638467        1.23510114033913
H           -1.15210072741108        0.96385451408855        1.92141028667218
H           -2.79144744587139        0.43196666219892        1.57813294088965
C           -2.47145846128563        2.55379264942316        1.27777546786354
H           -2.11140381315332        3.08540404002823        0.39225469120661
H           -3.56387291613870        2.58800308510341        1.24779872922486
C           -1.98721678596255        3.28705723012393        2.52125921367214
H           -0.89833703372787        3.30750191526410        2.55398091872756
H           -2.34676135552978        4.31487022314133        2.52538587310096
H           -2.34667780340259        2.79653360534258        3.42555515441765
14
 energy: -13.662107949777 gnorm: 0.002209268032 xtb: 6.7.1 (edcfbbe)
C           -1.56939278388989        0.66335537356894       -0.16258822418804
H           -0.71854803951822        1.25065856946319       -0.50162921034345
H           -2.38708957974322        0.80339242568689       -0.86676592302281
H           -1.28548925369844       -0.38668574819478       -0.16832876749527
C           -1.98539365774794        1.09734032962900        1.23697175184160
H           -1.13228011111873        0.97702222255452        1.90926129935070
H           -2.77834841430646        0.43718604077095        1.59477549751749
C           -2.46212747027917        2.55729138253807        1.27299580882751
H           -2.07837740440460        3.08634111018617        0.39685025383317
H           -3.55266886459200        2.59393463277200        1.22468954927348
C           -1.99462774931783        3.28529643483967        2.52648764463618
H           -0.90775487861135        3.30501673705505        2.56743325700769
H           -2.35646368438309        4.31108486819074        2.52854530597124
H           -2.36444927838904        2.78769379093957        3.42068055679049
14
 energy: -13.662398979841 gnorm: 0.004716344123 xtb: 6.7.1 (edcfbbe)
C           -1.58515836351600        0.65463793552684       -0.16723556212842
H           -0.74782392046491        1.24845869883195       -0.52625744759219
H           -2.41952657869048        0.78387974908194       -0.85175569644005
H           -1.29151761661145       -0.39114696033091       -0.16861616718742
C           -1.97091269156164        1.10157952139775        1.23928378570988
H           -1.10030824124200        0.99680974947545        1.89015043594377
H           -2.75549191815088        0.44941730973085        1.62671091490145
C           -2.44504873898843        2.56332255061936        1.26496885879578
H           -2.02553162011839        3.08970367785292        0.40422150947474
H           -3.53275396134535        2.60236434286600        1.18025888405347
C           -2.00822503165032        3.28332211796685        2.53678560302454
H           -0.92341778964923        3.30658062126119        2.59492565866670
H           -2.37513502635116        4.30617380462312        2.53946006981380
H           -2.39215967165974        2.77382505109665        3.41647795296395
14
 energy: -13.662774377038 gnorm: 0.007375345658 xtb: 6.7.1 (edcfbbe)
C           -1.60553310280785        0.64202814105954       -0.17315891080160
H           -0.78395415390679        1.23946394900847       -0.56289915181534
H           -2.46103155452973        0.75684359825020       -0.83353370291740
H           -1.30243071294832       -0.40017535194514       -0.16878207234809
C           -1.95026361950012        1.10922814729059        1.24032225682931
H           -1.05874628156051        1.01913655301547        1.86439776769083
H           -2.72392469285440        0.46743923488384        1.66658071632676
C           -2.42050530820947        2.57173082730415        1.25529026994280
H           -1.96012367652880        3.09831777052294        0.41524208447313
H           -3.50427016332982        2.61339414847239        1.12315569759952
C           -2.02698756838628        3.28167145905687        2.55020036591407
H           -0.94405734683901        3.31354492573298        2.63445091072322
H           -2.40318835532128        4.30059533950604        2.55620149790312
H           -2.42799463327759        2.75570942784160        3.41191107047967
14
 energy: -13.663102340078 gnorm: 0.007535118560 xtb: 6.7.1 (edcfbbe)
C           -1.62148413828394        0.63183575367032       -0.17701806408478
H           -0.81108718026376        1.22727618892606       -0.59460855826917
H           -2.49261844478441        0.73548675270026       -0.81906633698563
H           -1.31413085366211       -0.40913914183216       -0.16798322544055
C           -1.93245951980117        1.11711129149990        1.23952616026629
H           -1.02643749112518        1.03392103354839        1.84318693968731
H           -2.69712048023153        0.48378006377154        1.69552370614402
C           -2.39921314020197        2.57873753725002        1.24831606851153
H           -1.91209260749969        3.10817736769355        0.42548761862891
H           -3.47868522057665        2.62203917584331        1.08012850222346
C           -2.04243506238815        3.28044407490419        2.55990018776119
H           -0.96098306294459        3.32235401632919        2.66832678876959
H           -2.42845169770576        4.29588228080986        2.56991668994128
H           -2.45581227053104        2.74102177488548        3.40774232284653
14
 energy: -13.663423881937 gnorm: 0.006061970759 xtb: 6.7.1 (edcfbbe)
C           -1.63521084936039        0.62351682100023       -0.17914210544266
H           -0.83350519534251        1.21244398626060       -0.62354501582293
H           -2.51929275853575        0.71860570865318       -0.80522514398397
H           -1.32773247827043       -0.41802018575857       -0.16585413349632
C           -1.91526088641858        1.12530409523664        1.23765467445685
H           -0.99797097613294        1.04419510490392        1.82410787682373
H           -2.67146506337029        0.49884767327380        1.71716442162055
C           -2.37923345927782        2.58514456025113        1.24279376352638
H           -1.87344006192434        3.11959994010164        0.43550654733567
H           -3.45374928870123        2.62969003541939        1.04625549165187
C           -2.05638136190662        3.27891162334071        2.56687627556932
H           -0.97687428465964        3.33141116979986        2.69970784723757
H           -2.45248647400849        4.29102179795713        2.58020500184203
H           -2.48040803209090        2.72825583956025        3.40287329868190
14
 energy: -13.663786395766 gnorm: 0.004309107364 xtb: 6.7.1 (edcfbbe)
C           -1.65099213088470        0.61514394632019       -0.18047963350095
H           -0.85879720882599        1.19316119966367       -0.65669265842357
H           -2.55049913466072        0.70292618882776       -0.78676613521697
H           -1.34686699277070       -0.42839147605142       -0.16209785291048
C           -1.89338479563058        1.13500307512461        1.23517116873633
H           -0.96284363919297        1.05511248304049        1.80179520489211
H           -2.63911008120886        0.51496251165305        1.73945127958004
C           -2.35552970936952        2.59268050440325        1.23679075106777
H           -1.82998795745370        3.13469983517729        0.44727155997519
H           -3.42406304344450        2.63835962645506        1.01062882415075
C           -2.07283873588338        3.27628981807203        2.57352288341363
H           -0.99686849455974        3.33981171913007        2.73710103740343
H           -2.47978203058825        4.28475810854523        2.58798651331807
H           -2.51144721552635        2.71441062963860        3.39569585751464
14
 energy: -13.664172594666 gnorm: 0.004834392646 xtb: 6.7.1 (edcfbbe)
C           -1.67066566884701        0.60489059842711       -0.18204434954033
H           -0.89039353962981        1.16744881248396       -0.69632872520267
H           -2.58932225188062        0.68821459655045       -0.76148282312155
H           -1.37400591958587       -0.44179066392921       -0.15819301939294
C           -1.86390732152327        1.14655868267631        1.23157264971172
H           -0.91669008311301        1.06909985954517        1.77267666758239
H           -2.59571549127028        0.53393419391326        1.76628901181907
C           -2.32530155175227        2.60201374245791        1.23027432102687
H           -1.77704075986066        3.15370240534745        0.46248999556353
H           -3.38625314880712        2.64752633760609        0.96914253065244
C           -2.09382688096548        3.27331240813912        2.58138805315932
H           -1.02406780978387        3.34650878252175        2.78494295764888
H           -2.51149664386571        4.27794990248803        2.59366200726907
H           -2.55432409911492        2.69955851177244        3.38498952282419
14
 energy: -13.664550131451 gnorm: 0.008758610603 xtb: 6.7.1 (edcfbbe)
C           -1.69964401685440        0.59077194288895       -0.18388473161673
H           -0.93853385827904        1.13104776804351       -0.75185763244827
H           -2.64609687712399        0.67108284671967       -0.72127804355993
H           -1.41494869939294       -0.46012552865954       -0.15294308599653
C           -1.81933675417217        1.16235757344509        1.22661223537147
H           -0.84770002727626        1.09045622188510        1.72793947368654
H           -2.52866463909108        0.56067517189122        1.80659174478643
C           -2.28145583445842        2.61509869993748        1.22138617270538
H           -1.70016007878359        3.18021647662590        0.48603682992877
H           -3.33055796566562        2.65914551340675        0.90915138261356
C           -2.12485764867638        3.26865414616275        2.59222266186031
H           -1.06646353837656        3.34966882260542        2.85550233254184
H           -2.55299035166988        4.26925742794709        2.59755183391065
H           -2.62160088017957        2.68062108710046        3.36634762621650
14
 energy: -13.664749539101 gnorm: 0.008681125862 xtb: 6.7.1 (edcfbbe)
C           -1.71903643809678        0.58160493157187       -0.18393545398341
H           -0.97314819862441        1.10668703639232       -0.78355602926586
H           -2.68129797089452        0.66418514918966       -0.69138396984641
H           -1.44336469443661       -0.47177282996697       -0.14934529419667
C           -1.78852240121373        1.17197430684602        1.22204236037703
H           -0.80191857012772        1.10356821597129        1.69376884850219
H           -2.47956441747776        0.57782896802395        1.83127274230001
C           -2.25226403575406        2.62342122818735        1.21741957876352
H           -1.65221565418851        3.19778391231307        0.50529777699935
H           -3.29113071797469        2.66581635295737        0.87320209604199
C           -2.14616465805840        3.26577932108494        2.59804512420033
H           -1.09897941072732        3.34536049933323        2.90083337100408
H           -2.57603787368617        4.26551286163427        2.59607925634418
H           -2.66936612873921        2.67117821646142        3.34963839275965
14
 energy: -13.664922643638 gnorm: 0.004961188802 xtb: 6.7.1 (edcfbbe)
C           -1.73128062331903        0.57939809086869       -0.18059350121869
H           -1.00089554709848        1.09753519290524       -0.80037382345030
H           -2.70452723150865        0.66337419176287       -0.66371994774734
H           -1.45898526973391       -0.47419399808378       -0.14339828413638
C           -1.76833216283435        1.17662573634827        1.22002878129048
H           -0.77264536105181        1.11287886223775        1.66832650701015
H           -2.44297093763389        0.58644435044298        1.84672648756022
C           -2.23544376829856        2.62802589689715        1.21509144786886
H           -1.62275755826259        3.20778411436752        0.52026715484686
H           -3.26540482268330        2.67031247470210        0.85145700784449
C           -2.15913516797872        3.26093071652009        2.59827617917874
H           -1.12306300542823        3.32968021092736        2.92922253346926
H           -2.58108289415102        4.26337961557456        2.58746797213403
H           -2.70648682001733        2.66675271452896        3.33060028534960
14
 energy: -13.664999671235 gnorm: 0.005016630371 xtb: 6.7.1 (edcfbbe)
C           -1.74722213155240        0.57569478445896       -0.17760489678610
H           -1.03667545501054        1.08983634015914       -0.82428250101873
H           -2.73634268435496        0.65602509929969       -0.63035879429891
H           -1.47382873585591       -0.47685163706053       -0.13787973230606
C           -1.74427200767838        1.18289300192752        1.21912113788620
H           -0.73472574586961        1.12887483289023        1.63861250134130
H           -2.40101570799373        0.59813073932969        1.86992957481544
C           -2.21469070143909        2.63434638474433        1.20975487078046
H           -1.58294974776418        3.21826231108039        0.53455574793277
H           -3.23561972488834        2.67622296654268        0.82162254363138
C           -2.17466068418970        3.25465872866619        2.59999472450073
H           -1.14952612205671        3.30994959082295        2.96783979190999
H           -2.58592168668681        4.26124057676839        2.58076533988241
H           -2.75556003465951        2.65964445037012        3.30730849172910
14
 energy: -13.665046799093 gnorm: 0.002653882387 xtb: 6.7.1 (edcfbbe)
C           -1.75266513313539        0.57339754045479       -0.17619565464285
H           -1.05418237894797        1.09107704993659       -0.82857592275384
H           -2.74556509685154        0.65096034736742       -0.61477192739550
H           -1.47415814974481       -0.47694766054393       -0.13802598124235
C           -1.73530363366174        1.18430136071017        1.21763130099233
H           -0.72267764394117        1.13557500397787        1.62443331534577
H           -2.38375608792236        0.60173734629220        1.87491795775127
C           -2.20820839035905        2.63661407615650        1.20952172316595
H           -1.57174404454056        3.22034561789386        0.54148321583907
H           -3.22503137773514        2.67756989292138        0.81602642783465
C           -2.18066533571208        3.25317013201839        2.60052041439377
H           -1.16260879089136        3.29262077368249        2.98051116376364
H           -2.57818022095473        4.26525328420650        2.57805449920033
H           -2.77826488560196        2.66325340492550        3.29384826774777
14
 energy: -13.665069665736 gnorm: 0.002069080572 xtb: 6.7.1 (edcfbbe)
C           -1.75708209565506        0.57172295270937       -0.17589928357104
H           -1.06917034562925        1.09346123354529       -0.83875395523626
H           -2.75688955349790        0.64108562741628       -0.60207456725406
H           -1.47123370874175       -0.47661346018511       -0.13786287922190
C           -1.72849908259669        1.18625548795424        1.21687456751850
H           -0.71255084854969        1.14063352462219        1.61445881108946
H           -2.37059055262836        0.60482972852490        1.88184888232456
C           -2.20256789876120        2.63849846356456        1.20859195947404
H           -1.55954159283538        3.22312646007316        0.54675374331285
H           -3.21721952598263        2.68035083180564        0.80627059509075
C           -2.18553859150989        3.25188160831491        2.60195527992583
H           -1.17144723287952        3.27984444367560        2.99470726130863
H           -2.57298425666254        4.26771922418618        2.57722904436989
H           -2.79769588406998        2.66613204379253        3.28527934086875
14
 energy: -13.665095919011 gnorm: 0.001836459286 xtb: 6.7.1 (edcfbbe)
C           -1.76052720564869        0.57067850032196       -0.17624288845279
H           -1.08676283216439        1.10328026890469       -0.84585806813015
H           -2.76522418627771        0.62319790139321       -0.59157993412774
H           -1.45681920826493       -0.47305237409415       -0.14022358583961
C           -1.72584884230841        1.18760079970411        1.21631021813521
H           -0.70600055849370        1.14605517264399        1.60521577461310
H           -2.36147941001325        0.60588559338963        1.88905768808604
C           -2.20024591142956        2.63976665145665        1.20770254607429
H           -1.55450482189029        3.22431277117631        0.54928074213781
H           -3.21366935160194        2.68354612662420        0.80166086833920
C           -2.18767427040455        3.25075662136700        2.60306363529268
H           -1.17721642300378        3.25815811708951        3.00942928150636
H           -2.55560599804729        4.27384198681668        2.57640796168701
H           -2.82143215045137        2.67490003320592        3.27515456067858
14
 energy: -13.665110431198 gnorm: 0.003367194881 xtb: 6.7.1 (edcfbbe)
C           -1.75663013354164        0.57252826248078       -0.17752704753965
H           -1.09729548340169        1.12541507895938       -0.84700304211921
H           -2.76453751463646        0.59665796262539       -0.58925474267716
H           -1.42311751610883       -0.46348507900015       -0.14673624140840
C           -1.73349759855030        1.18660198080426        1.21722733903038
H           -0.71715247026381        1.14456252999769        1.61095095183156
H           -2.37034856412277        0.60204232464294        1.88365922352757
C           -2.20834431843396        2.63771201683772        1.20894215148425
H           -1.56451687932571        3.22099445186393        0.54588174174253
H           -3.22494373137903        2.68381409902796        0.80827318767271
C           -2.18349474582752        3.25103622757293        2.60428718982465
H           -1.17390994104372        3.23241333849618        3.00887517768247
H           -2.52319487872351        4.28441124465873        2.57755429282966
H           -2.83202739464091        2.69422373103197        3.27424861811866
14
 energy: -13.665121237441 gnorm: 0.001570535996 xtb: 6.7.1 (edcfbbe)
C           -1.75609994267783        0.57259808553331       -0.17804013541753
H           -1.09547264991032        1.12409680498965       -0.84487477593704
H           -2.76153815437947        0.59862261759601       -0.59256851268248
H           -1.42411724890940       -0.46315553624216       -0.14804815857412
C           -1.73426343509489        1.18629963919387        1.21711155548961
H           -0.71740027426657        1.14394297287722        1.61269491075423
H           -2.37287343863672        0.60201039394876        1.88304229332009
C           -2.20886888485489        2.63726511500925        1.20921244158908
H           -1.56797092187398        3.22050210111949        0.54418571862710
H           -3.22573654394168        2.68187799485400        0.81167549495902
C           -2.18254367915298        3.25149197553469        2.60409142222905
H           -1.17242501458238        3.23357914271669        3.00837764629611
H           -2.52261191746970        4.28444587695503        2.57607316967974
H           -2.83108906424906        2.69535098591391        3.27644572966715
14
 energy: -13.665124999707 gnorm: 0.000846820050 xtb: 6.7.1 (edcfbbe)
C           -1.75505904541931        0.57293633646539       -0.17798569333158
H           -1.09569977730038        1.12390569213623       -0.84564799211946
H           -2.76069275446791        0.60086752854071       -0.59284463199272
H           -1.42496807180958       -0.46259635846408       -0.14704495575781
C           -1.73400588426526        1.18580176895203        1.21668610293376
H           -0.71778174718593        1.14269233794741        1.61539629644536
H           -2.37481123073193        0.60182954873011        1.88110089701393
C           -2.20848779338803        2.63698155711751        1.20936003894190
H           -1.56924815423557        3.22082151003860        0.54328426808126
H           -3.22526379398322        2.68011936208830        0.81316804874278
C           -2.18203775972154        3.25165512175101        2.60339385027518
H           -1.17208706417601        3.23489173798156        3.00855984956243
H           -2.52290943931445        4.28393992436498        2.57365871992425
H           -2.82995865400073        2.69508210234997        3.27829400128073
14
 energy: -13.665126171022 gnorm: 0.000400925646 xtb: 6.7.1 (edcfbbe)
C           -1.75510042970185        0.57289299204491       -0.17807255470043
H           -1.09758798293579        1.12472404195876       -0.84651824794029
H           -2.76095294144348        0.59920502214312       -0.59200912326050
H           -1.42314267169185       -0.46218831292501       -0.14777510719171
C           -1.73383062532711        1.18579917450596        1.21677462519596
H           -0.71762902973417        1.14206934673336        1.61629053966575
H           -2.37527881402576        0.60152887573166        1.88078618593306
C           -2.20846297523115        2.63699003296396        1.20942792112281
H           -1.56846267499309        3.22110142784705        0.54343251878697
H           -3.22552643712165        2.68048451694542        0.81211302382962
C           -2.18226028615982        3.25170547122581        2.60343253455524
H           -1.17278767573488        3.23412577594612        3.00890051721892
H           -2.52208456615414        4.28433630364515        2.57415551102270
H           -2.82990405974511        2.69615350123345        3.27844045576190
14
 energy: -13.665126911528 gnorm: 0.000456640462 xtb: 6.7.1 (edcfbbe)
C           -1.75537774695036        0.57278725935806       -0.17814599363048
H           -1.10252602422157        1.12758184131952       -0.84926891358646
H           -2.76332981253496        0.59399492504932       -0.58822120855929
H           -1.41839422289924       -0.46108222238363       -0.14874469726381
C           -1.73302031570320        1.18614460408689        1.21667416553887
H           -0.71723676206915        1.14218752133150        1.61614832841648
H           -2.37440443753786        0.60182402149697        1.88056557372600
C           -2.20747674305029        2.63743206006339        1.20931027514656
H           -1.56714045077841        3.22126047054842        0.54374968620631
H           -3.22430657179762        2.68135043781665        0.81136156251153
C           -2.18250731428987        3.25167792074134        2.60362952586346
H           -1.17418325307746        3.22991551954731        3.01191743012124
H           -2.51849739601252        4.28581862051282        2.57437248453350
H           -2.83461011907735        2.69803519051117        3.27603058097610
