14
 energy: -13.658512045308 gnorm: 0.014555400424 xtb: 6.7.1 (edcfbbe)
C           -2.85761800000000        0.21631646000000        0.32020316000000
H           -3.91970863000000        0.43850429000000        0.43433873000000
H           -2.71438012000000       -0.84213312000000        0.54845428000000
H           -2.59968530000000        0.36330427000000       -0.73088922000000
C           -2.00023900000000        1.09707300000000        1.22694500000000
H           -0.96150640000000        1.07427723000000        0.88250197000000
H           -1.99122002000000        0.68015596000000        2.23898514000000
C           -2.47573600000000        2.54906500000000        1.28786500000000
H           -2.14216000000000        3.07351700000000        0.38686300000000
H           -3.56979700000000        2.56933900000000        1.26055900000000
C           -1.98256300000000        3.29668400000000        2.52514300000000
H           -1.54602830000000        4.26086486000000        2.25546752000000
H           -2.79485699000000        3.48647590000000        3.22841227000000
H           -1.21543661000000        2.72481552000000        3.05184474000000
14
 energy: -13.659366690223 gnorm: 0.006275649837 xtb: 6.7.1 (edcfbbe)
C           -2.84992673485880        0.22283088062103        0.31460998436974
H           -3.91008480449906        0.43339976131686        0.44718992716446
H           -2.68704888504692       -0.83322214701152        0.52636391215669
H           -2.59799682021387        0.40128599406169       -0.73046013595840
C           -2.00899292461534        1.09235297214238        1.24331451706359
H           -0.96534505373494        1.06140659646322        0.91752992565273
H           -2.04431148199881        0.67608759380843        2.25485356366580
C           -2.48240643778896        2.54701531346405        1.28139431545634
H           -2.14990714775618        3.05599220531523        0.37290112632087
H           -3.57530183080053        2.56280233021798        1.26783983191562
C           -1.97369671890920        3.29838403959481        2.51603077441551
H           -1.55747634244247        4.26833943023851        2.24961018284309
H           -2.77567234575330        3.46787472327324        3.23218352736283
H           -1.19276784158162        2.73370967649409        3.02333213757111
14
 energy: -13.660626998964 gnorm: 0.008433665391 xtb: 6.7.1 (edcfbbe)
C           -2.83848878177887        0.22919089443104        0.29960227306482
H           -3.90130764488457        0.39303440707195        0.46723735017472
H           -2.62241389127596       -0.82690627849682        0.45334531857871
H           -2.60329504720582        0.48966169781701       -0.73200705433748
C           -2.03451926334348        1.07978173901378        1.27903577400027
H           -0.97321465618780        1.02991079654219        1.01628664297728
H           -2.16440144297648        0.66957303904709        2.28900334181151
C           -2.48963083986421        2.54309665060254        1.27618752413373
H           -2.15614393901109        3.01924771562087        0.35326091137280
H           -3.57975846725294        2.56469667955781        1.28603612563462
C           -1.95253465771934        3.30859615960004        2.49839143663437
H           -1.59410578259023        4.29684835547960        2.22648177708410
H           -2.73246065990313        3.42598238656019        3.24781139001447
H           -1.12866029600607        2.76554512715270        2.95602077885604
14
 energy: -13.661543897050 gnorm: 0.014629795582 xtb: 6.7.1 (edcfbbe)
C           -2.83020875033033        0.23416225812751        0.28624063650640
H           -3.89972158705932        0.33797063578500        0.46958339257113
H           -2.55941612139891       -0.82125782265688        0.37454518620208
H           -2.60674311850354        0.57384101631442       -0.72837473586967
C           -2.06772897292920        1.06642289380863        1.31704152528867
H           -0.99005352004430        0.99453558243456        1.12273570758443
H           -2.27545906937670        0.66240564899755        2.31971276270439
C           -2.49462780139708        2.53850692204465        1.27703057962899
H           -2.15364997929407        2.98239089239752        0.34150835829687
H           -3.58277247081136        2.58078579303316        1.29704362595223
C           -1.93180453673752        3.31833667642314        2.48163282884363
H           -1.64600688988485        4.33093037993022        2.20026410398811
H           -2.68113447402945        3.37802236161058        3.27369722486059
H           -1.05160807820335        2.81120613174996        2.88403239344208
14
 energy: -13.662381539186 gnorm: 0.014537712778 xtb: 6.7.1 (edcfbbe)
C           -2.82512807383047        0.23610201684764        0.27773252747952
H           -3.90092161803520        0.28525828815515        0.44864777133691
H           -2.51554164385313       -0.81171644247790        0.31930451857200
H           -2.60544944944593        0.62360732284546       -0.71801822588497
C           -2.10074488879418        1.05660826296325        1.34516502796916
H           -1.01560881215134        0.96730191204650        1.20556227005031
H           -2.35174088715253        0.65875845182810        2.33509002616878
C           -2.49594170233425        2.53473769501615        1.28379749839004
H           -2.14378102299750        2.95403389057993        0.34085127316610
H           -3.58322975009018        2.60769659966310        1.30154963332880
C           -1.91633836561148        3.32472428660438        2.46945169840557
H           -1.70080330994763        4.35884421762235        2.18501372472305
H           -2.62972323359090        3.33318621161677        3.30161090967012
H           -0.98598261216528        2.85911665668911        2.82093493662451
14
 energy: -13.663057830577 gnorm: 0.009503648261 xtb: 6.7.1 (edcfbbe)
C           -2.82218276379036        0.23488791518794        0.27633450979287
H           -3.90282378241652        0.23748978888399        0.42057348245730
H           -2.48393001100146       -0.80010891556431        0.29000578732020
H           -2.60795380698404        0.64701218199532       -0.70428653281130
C           -2.12789733053546        1.05123223363793        1.36077825436989
H           -1.04564709448467        0.95339484518250        1.25373862285195
H           -2.38892947527910        0.65700039564357        2.33649166293506
C           -2.49444889443424        2.53152593324276        1.29453044683711
H           -2.12971925807115        2.93780218798976        0.35005048038442
H           -3.58203701618987        2.64060612308936        1.29691589419261
C           -1.90839842876905        3.32523457828513        2.46144085948200
H           -1.74130198966767        4.36669376403336        2.18320966050506
H           -2.58291337558337        3.30670989679046        3.31927703873840
H           -0.95275214279305        2.89877844160220        2.77763342294433
14
 energy: -13.663337617355 gnorm: 0.017210666337 xtb: 6.7.1 (edcfbbe)
C           -2.81571643278172        0.23851572632905        0.27173774061162
H           -3.89800154302694        0.19878897198882        0.40578762461258
H           -2.44221757808947       -0.78556697627455        0.25148982169228
H           -2.61015618382849        0.69582985558226       -0.69520494646507
C           -2.15519977433656        1.04239411139684        1.38621229699548
H           -1.06735850694161        0.92685644056254        1.32656052659572
H           -2.47058561383204        0.65210559153414        2.35651864057443
C           -2.49390987532321        2.52800698359770        1.29755527654532
H           -2.11741566025974        2.91615395417864        0.34780984323835
H           -3.58060167030269        2.66210915233155        1.28997659349456
C           -1.89617710305102        3.32626494177208        2.44828441542197
H           -1.80483130715176        4.38705165793175        2.17754375837625
H           -2.52598566570445        3.25125551322455        3.34678093516308
H           -0.89277845537030        2.94849344584462        2.70564106314330
14
 energy: -13.663657177842 gnorm: 0.008955736083 xtb: 6.7.1 (edcfbbe)
C           -2.81445236047516        0.23876770624101        0.27230161629535
H           -3.89353378396748        0.19543038060507        0.40738207078663
H           -2.43245911746097       -0.78034582064562        0.25170623710873
H           -2.61523585160748        0.70078908651165       -0.69467341835881
C           -2.15874036320803        1.04221953550633        1.38775189964316
H           -1.07261425951830        0.92519074750454        1.33059155295865
H           -2.48173243268396        0.65210977894506        2.35936522087202
C           -2.49353478450433        2.52827892447077        1.29748199312830
H           -2.11509316508325        2.91516279453849        0.34712317629291
H           -3.57918407161858        2.66152316227790        1.28573407463290
C           -1.89478942133577        3.32540617132574        2.44688967753266
H           -1.81082898091400        4.38144815090323        2.18665397675531
H           -2.51183001668390        3.24590290765506        3.34426887238188
H           -0.89690676093878        2.95637584416074        2.69411663997018
14
 energy: -13.663914146413 gnorm: 0.009927424531 xtb: 6.7.1 (edcfbbe)
C           -2.81420092519053        0.24080624663935        0.27166607723291
H           -3.88911381358082        0.19243956914926        0.39449656448098
H           -2.42521659888357       -0.76750774862978        0.25397090185487
H           -2.61075658363241        0.70132404179753       -0.68881041813707
C           -2.17137059752793        1.04070215067738        1.39550510288398
H           -1.08759765036517        0.91256139396006        1.35353116403859
H           -2.50985648940795        0.65586691511485        2.36360320054480
C           -2.49095661355665        2.53008929576030        1.29538026846171
H           -2.10168102766887        2.90891849857021        0.34505012926857
H           -3.57449902143247        2.66792197015211        1.27685084835147
C           -1.88963395411575        3.32536192324557        2.44451156384208
H           -1.85547071512506        4.38996478331533        2.20602488144526
H           -2.47783198642737        3.20163033270376        3.35563766584412
H           -0.87274939308545        2.98817999754403        2.64927563988759
14
 energy: -13.664142723187 gnorm: 0.007587046124 xtb: 6.7.1 (edcfbbe)
C           -2.81571340372682        0.24137334014077        0.27085273003174
H           -3.89238764959339        0.16092432848893        0.38867966006800
H           -2.39016472858700       -0.75840074280883        0.22921442892588
H           -2.60850494630845        0.73524260097112       -0.67777133415093
C           -2.19853939359721        1.03567982701932        1.41525306453589
H           -1.11641820055664        0.88903979559438        1.40363888969608
H           -2.56586589337932        0.66038035644983        2.37387658466847
C           -2.48894878314646        2.53214329036522        1.29164787727835
H           -2.07357853496542        2.88991367602108        0.34199337512317
H           -3.56924172200319        2.68928063106455        1.26169788441675
C           -1.87888413843312        3.32834201432749        2.43850010827411
H           -1.92060219783379        4.40070129106695        2.23165391048125
H           -2.41849501292096        3.13849436589717        3.36905505659775
H           -0.83359076494822        3.04514459540200        2.57840135405334
14
 energy: -13.664327809592 gnorm: 0.005482710131 xtb: 6.7.1 (edcfbbe)
C           -2.81769043646617        0.24017530367960        0.27196737984162
H           -3.89494000819715        0.17291930920479        0.38591503672135
H           -2.40764594593344       -0.76247712497593        0.24432322921551
H           -2.60158148830542        0.71835836645914       -0.67898240821948
C           -2.19280426860815        1.03891538386306        1.40949217801867
H           -1.11020404182717        0.89144369779895        1.39736227848404
H           -2.56039563460972        0.66888385490416        2.36772443357618
C           -2.48770351785484        2.53343210363580        1.28729616868088
H           -2.06991825624199        2.89494806077413        0.34448527685303
H           -3.56718312934009        2.68999074402312        1.25737412644169
C           -1.88067141000855        3.32686127881711        2.44201096377917
H           -1.93376138365351        4.39509130230475        2.24625838363786
H           -2.41118086716826        3.12221863524500        3.36862049114345
H           -0.83525498178552        3.05749845426629        2.57284605182588
14
 energy: -13.664490412789 gnorm: 0.010123098986 xtb: 6.7.1 (edcfbbe)
C           -2.81866261351599        0.23844676289848        0.27305626069390
H           -3.89547079615177        0.18968452898614        0.37701528948850
H           -2.43055727185751       -0.76895050473646        0.25875769254521
H           -2.59313158051365        0.70380238940136       -0.67953647147734
C           -2.19104603348253        1.03928612475499        1.40883158984854
H           -1.10881908165184        0.88496758776549        1.40843164302347
H           -2.57805939318586        0.67930681298876        2.36469258402465
C           -2.47819939711332        2.53352611819286        1.28115178072776
H           -2.05477223984166        2.89540257752319        0.34583125040904
H           -3.55604528919311        2.69780188883950        1.24621641307096
C           -1.88010809704829        3.32581418867109        2.44224681523650
H           -1.99293101972655        4.39936760334703        2.27530404196302
H           -2.37634547910573        3.06477042185109        3.37794442048905
H           -0.81678707761218        3.10503286951644        2.53675027995659
14
 energy: -13.664704114700 gnorm: 0.009054351258 xtb: 6.7.1 (edcfbbe)
C           -2.82158778255661        0.23647951375223        0.27537244685353
H           -3.90083495251109        0.22359144236320        0.37780389223194
H           -2.46670598943172       -0.78768266565698        0.28086968887170
H           -2.58187879704145        0.67941491586039       -0.68668800890850
C           -2.18017444008100        1.04108003767372        1.40323911994300
H           -1.10145106418541        0.88911720964804        1.39112243551224
H           -2.56212436222986        0.68454177235366        2.35916066642677
C           -2.46830215347746        2.53437357503159        1.27606597503371
H           -2.04436462594199        2.90158589429518        0.34429808899189
H           -3.54629936217248        2.69660982695393        1.23858740930452
C           -1.88522506422029        3.32464244511288        2.44635888642690
H           -2.02725899921334        4.39540045116095        2.29885243133268
H           -2.36476302768287        3.03493909245889        3.37771579668146
H           -0.81996474925443        3.13416585899224        2.53393476129800
14
 energy: -13.664881161513 gnorm: 0.007554741169 xtb: 6.7.1 (edcfbbe)
C           -2.82470906628325        0.23796959613623        0.27651770115670
H           -3.91027671401875        0.27300299011672        0.36738789353285
H           -2.51282272697538       -0.80632902778959        0.31824193717486
H           -2.55158942370014        0.64208796792308       -0.69639526097200
C           -2.17144569269166        1.04540577939628        1.39709149878972
H           -1.09217947842744        0.88947946350904        1.38127590068267
H           -2.55196620791094        0.69104106184344        2.35397098147026
C           -2.46230561176387        2.53740726466138        1.27113279060179
H           -2.03364359781913        2.91099430886882        0.34117023496939
H           -3.54162297303958        2.69538761030174        1.22710087843017
C           -1.89097934101767        3.32085503045819        2.44971870247528
H           -2.08489262676835        4.38478676350224        2.33209545177192
H           -2.33258450694673        2.98359883534762        3.38667112563415
H           -0.80991740263712        3.18257172572474        2.51071375428209
14
 energy: -13.664956748559 gnorm: 0.006122241044 xtb: 6.7.1 (edcfbbe)
C           -2.82628153941319        0.23957734104412        0.27666893824945
H           -3.91287137280402        0.29997677897631        0.36126929584092
H           -2.53564605855728       -0.81163919327452        0.33717582288727
H           -2.53482103581896        0.62344063726228       -0.70151155831336
C           -2.16495043162472        1.04558243658663        1.39092636093003
H           -1.08415799103342        0.89114043485586        1.36410022898399
H           -2.53057785552152        0.68409039756605        2.35224243007220
C           -2.46315843969813        2.53765692720850        1.27403854920438
H           -2.04137794648649        2.91898718194722        0.34085381983218
H           -3.54494565823730        2.68655560690456        1.23301275720132
C           -1.89142832752504        3.32096647603866        2.44981295995860
H           -2.08656322534428        4.38447700028899        2.33470460331779
H           -2.33682770959598        2.98808523288453        3.38148159443123
H           -0.81732777833965        3.17936211171075        2.52191778740382
14
 energy: -13.665025609544 gnorm: 0.003435682437 xtb: 6.7.1 (edcfbbe)
C           -2.82597912448349        0.24048038248604        0.27635283061481
H           -3.91081418598943        0.30871294173788        0.34737137645233
H           -2.54219844048995       -0.80895470905988        0.34210945934654
H           -2.52063229931637        0.61882127947962       -0.69948744848742
C           -2.16941265749705        1.04335353468404        1.39347988199991
H           -1.08903502192967        0.88802584203312        1.36605868769043
H           -2.53028078990586        0.67904514593415        2.35662392314080
C           -2.46547450581390        2.53733316962707        1.27720843222439
H           -2.04526010016158        2.91796390383826        0.34132622843345
H           -3.54780164420401        2.68563349567189        1.23742299753675
C           -1.88917877511167        3.32306105021824        2.44756134918833
H           -2.09714138040319        4.38670834546262        2.33829786909717
H           -2.32617400562053        2.98129210533693        3.38395164553264
H           -0.81155243907328        3.18678288254995        2.50841635722972
14
 energy: -13.665054426515 gnorm: 0.004294037943 xtb: 6.7.1 (edcfbbe)
C           -2.82374440336388        0.24154863258429        0.27526542771534
H           -3.90708582658804        0.32173686658181        0.33032681090455
H           -2.55241778315772       -0.80865111463698        0.34720744540333
H           -2.50344565475546        0.61123412561899       -0.69809043283329
C           -2.17029896525262        1.04244770547387        1.39456770082647
H           -1.08855524467037        0.89095743398309        1.36518721579346
H           -2.52708964100776        0.67481630400172        2.36136772861405
C           -2.47147641029748        2.53570273274509        1.28144523603831
H           -2.05883058531669        2.91625452247679        0.34215826083219
H           -3.55430550389617        2.68121877918207        1.24755435645136
C           -1.88911816313760        3.32408466654637        2.44655871736530
H           -2.09354874093612        4.38305403134218        2.33352863181022
H           -2.32172940700035        2.98912361325776        3.38765299168948
H           -0.80928904061972        3.18473107084288        2.50196349938907
14
 energy: -13.665075888728 gnorm: 0.003577032130 xtb: 6.7.1 (edcfbbe)
C           -2.82362023760519        0.24224168656755        0.27512442106278
H           -3.90691714091476        0.34481296020615        0.31469383714306
H           -2.57445736061390       -0.81381563368923        0.36055054933140
H           -2.48331209322276        0.59649553081449       -0.69771885584487
C           -2.16799750105183        1.04215119349130        1.39345320961162
H           -1.08566622839041        0.89214363505849        1.36231987970439
H           -2.52301975239093        0.67413015323091        2.36149155822419
C           -2.47229811103355        2.53424090833712        1.28215617147255
H           -2.06465699544916        2.91521140530511        0.34237410330373
H           -3.55512207563542        2.67845845138814        1.25356417277863
C           -1.88792407597542        3.32394765425585        2.44648780793118
H           -2.11238869469869        4.38353055773422        2.34224374096833
H           -2.30818396033967        2.97635741927978        3.38964045722096
H           -0.80537114267829        3.19835344802004        2.49031253709188
14
 energy: -13.665089336044 gnorm: 0.001754999547 xtb: 6.7.1 (edcfbbe)
C           -2.82214486525815        0.24220931243608        0.27410934319132
H           -3.90455210087397        0.34416237269157        0.31166088843303
H           -2.57391257094679       -0.81294114662439        0.35885855536094
H           -2.48079631014678        0.59709783407777       -0.69617674507491
C           -2.16909852567959        1.04189668499123        1.39459803013999
H           -1.08648267278143        0.89373929496841        1.36418905993283
H           -2.52393989252235        0.67264530199157        2.36088775463673
C           -2.47467908924052        2.53350963938486        1.28303557776896
H           -2.06926272224118        2.91303046014449        0.34263465315102
H           -3.55728081791635        2.67865199857460        1.25874338080394
C           -1.88665869992755        3.32423074814657        2.44588034365632
H           -2.10656144411130        4.38444914269637        2.33851170005423
H           -2.30844743435921        2.98130272587895        3.38953215609355
H           -0.80711822399482        3.19427500064183        2.49022889185190
14
 energy: -13.665100636313 gnorm: 0.001736685294 xtb: 6.7.1 (edcfbbe)
C           -2.81938200293886        0.24223090955050        0.27166311241168
H           -3.90113838657606        0.35635422721146        0.29979338144852
H           -2.58415566735912       -0.81540578656466        0.36538282939460
H           -2.46424281604471        0.58975604190425       -0.69614336096495
C           -2.17045139800637        1.04116054963161        1.39597219462020
H           -1.08780617733601        0.89625259896919        1.36540853391912
H           -2.52542388818739        0.66822224067484        2.35900331187632
C           -2.47889429841952        2.53214578725429        1.28607931180072
H           -2.07888015215613        2.91214479795913        0.34402824107919
H           -3.56162720558993        2.67612135667366        1.26875596635884
C           -1.88566499495216        3.32447254515889        2.44559592528867
H           -2.10717413248227        4.38280498584056        2.33765213408178
H           -2.30072863612782        2.98207855740576        3.39102874973767
H           -0.80536561382361        3.19992055833044        2.48247325894748
14
 energy: -13.665112548891 gnorm: 0.001803078836 xtb: 6.7.1 (edcfbbe)
C           -2.81569786243824        0.24288854635976        0.26897230294328
H           -3.89714553947074        0.36117368515473        0.28582095664258
H           -2.58544240744634       -0.81480676035957        0.36745646721371
H           -2.44935641211554        0.58636948363070       -0.69496711479013
C           -2.17477489488349        1.04046918698373        1.39896963173252
H           -1.09105550400256        0.89610445053425        1.37575721813965
H           -2.53859056864054        0.66546924931187        2.35885374126524
C           -2.48392677187934        2.53130980264812        1.28953196812743
H           -2.09036108771330        2.91012103641220        0.34391185119065
H           -3.56681624386659        2.67490611098365        1.27920709885027
C           -1.88220964649710        3.32478251318272        2.44349933237262
H           -2.10944659573682        4.38271767834683        2.33792815402795
H           -2.28518107640024        2.98039993247433        3.39431441728346
H           -0.80093075890914        3.20635445433660        2.46743756500062
14
 energy: -13.665119445384 gnorm: 0.000392806050 xtb: 6.7.1 (edcfbbe)
C           -2.81433841077027        0.24260080720840        0.26871591770337
H           -3.89597003055387        0.35998738277810        0.28318662403230
H           -2.58264495900612       -0.81560689946532        0.36694267948408
H           -2.44683804309843        0.58692444055670       -0.69580255783090
C           -2.17650148617697        1.04039727057545        1.39954950685071
H           -1.09394549271738        0.89484906680703        1.38084260187035
H           -2.54274547095883        0.66667507544609        2.35850345395672
C           -2.48537867545393        2.53162792271333        1.29053259334439
H           -2.09412676616057        2.91152971038623        0.34380964779879
H           -3.56855505445990        2.67425241705687        1.28113596366176
C           -1.88139944071207        3.32545565965953        2.44249378775202
H           -2.10749958041773        4.38447997116149        2.34006581318716
H           -2.28066439822083        2.97974035000896        3.39360618839715
H           -0.80032756129308        3.20534619510706        2.46311136979195
14
 energy: -13.665121966148 gnorm: 0.000467488228 xtb: 6.7.1 (edcfbbe)
C           -2.81315533917072        0.24317089591841        0.26860180296127
H           -3.89498829006828        0.35875465947721        0.28081417820610
H           -2.58002223142421       -0.81484111465506        0.36625734695885
H           -2.44446506079194        0.58818561304763       -0.69546645073078
C           -2.17805796279167        1.04068757554810        1.40078512225185
H           -1.09555192331503        0.89518165118310        1.38507453850339
H           -2.54736055556246        0.66739721115009        2.35885673002511
C           -2.48699321109786        2.53190379146966        1.29076208708518
H           -2.09751657758901        2.91133326125311        0.34290343006241
H           -3.57028208813821        2.67442563828297        1.28304274919114
C           -1.88020946742807        3.32464831651113        2.44172215222824
H           -2.10638004117245        4.38372374481265        2.34013174792413
H           -2.27700898877123        2.97894498595940        3.39388237380647
H           -0.79894363267884        3.20474314004149        2.45932578152646
14
 energy: -13.665123841446 gnorm: 0.000332054622 xtb: 6.7.1 (edcfbbe)
C           -2.81216261623750        0.24302504557294        0.26793960736419
H           -3.89415209037808        0.35691370523469        0.27874625803634
H           -2.57770845655706       -0.81465309714852        0.36484667407297
H           -2.44261546410945        0.58934500794728       -0.69515488591051
C           -2.17995046105673        1.04057306769799        1.40162040530573
H           -1.09720905598227        0.89533389655244        1.38841012232088
H           -2.55181967119755        0.66715853880007        2.35879157148116
C           -2.48808908957458        2.53197021834505        1.29152470467983
H           -2.09991079639347        2.91043918947277        0.34283825071566
H           -3.57125611268506        2.67529501265160        1.28558632153988
C           -1.87898665109829        3.32483712866432        2.44108456156480
H           -2.10562269575170        4.38379587329298        2.34004306997417
H           -2.27385574191403        2.97893930099191        3.39411526111218
H           -0.79759646706420        3.20528648192440        2.45630166774254
14
 energy: -13.665125174849 gnorm: 0.000137803260 xtb: 6.7.1 (edcfbbe)
C           -2.81135539014747        0.24319007344493        0.26714555262713
H           -3.89351848029861        0.35577795023675        0.27676796900558
H           -2.57575564087553       -0.81420716888603        0.36356479516948
H           -2.44085601610330        0.59107117269171       -0.69485387672786
C           -2.18159213340271        1.04018036628173        1.40274544318314
H           -1.09871989576728        0.89485203313982        1.39175443380436
H           -2.55530011006491        0.66620727741076        2.35895381686880
C           -2.48917474715251        2.53166158583850        1.29219013393034
H           -2.10192805334408        2.90919956722153        0.34286823377752
H           -3.57218427914085        2.67600306574972        1.28787131745900
C           -1.87793525731753        3.32513335766446        2.44033615681830
H           -2.10540487007642        4.38390006382534        2.33952003169148
H           -2.27070271953135        2.97916916756791        3.39425922591593
H           -0.79650777677742        3.20612085781277        2.45357035647664
14
 energy: -13.665125926014 gnorm: 0.000104882273 xtb: 6.7.1 (edcfbbe)
C           -2.81078022697284        0.24321794345966        0.26663303048504
H           -3.89299248281602        0.35540303476553        0.27494921059301
H           -2.57482550306708       -0.81415355600400        0.36254410935771
H           -2.43917674908521        0.59213491929405       -0.69453000712060
C           -2.18272663335141        1.03991257601039        1.40353035843711
H           -1.09987377728400        0.89441801866219        1.39411264464196
H           -2.55788239951946        0.66562626712374        2.35898659961420
C           -2.48988961674311        2.53138413122679        1.29287467564153
H           -2.10347387941538        2.90829164409624        0.34297628919253
H           -3.57283953231582        2.67600577315349        1.28960561552933
C           -1.87719075581690        3.32545154786902        2.43994600375035
H           -2.10548275979464        4.38404745136037        2.33916514263333
H           -2.26810345013826        2.97949160556055        3.39461843274957
H           -0.79569760367984        3.20702801342192        2.45128148449475
