14
 energy: -13.664597918378 gnorm: 0.011887148436 xtb: 6.7.1 (edcfbbe)
C           -2.49341300000000        0.34945400000000       -0.01033300000000
H           -2.13722100000000       -0.68175300000000       -0.02338100000000
H           -2.14607900000000        0.83134700000000       -0.92688600000000
H           -3.58471500000000        0.32328500000000       -0.04645800000000
C           -2.00023900000000        1.09707300000000        1.22694500000000
H           -0.90617800000000        1.07679900000000        1.25425000000000
H           -2.33381500000000        0.57262200000000        2.12794700000000
C           -2.47573600000000        2.54906500000000        1.28786500000000
H           -2.14216000000000        3.07351700000000        0.38686300000000
H           -3.56979700000000        2.56933900000000        1.26055900000000
C           -1.98256300000000        3.29668400000000        2.52514300000000
H           -0.89126000000000        3.32285300000000        2.56126900000000
H           -2.33875400000000        4.32789100000000        2.53819100000000
H           -2.32989700000000        2.81479100000000        3.44169600000000
14
 energy: -13.665097833407 gnorm: 0.004172304016 xtb: 6.7.1 (edcfbbe)
C           -2.49300424724524        0.36634287348174        0.00008045127238
H           -2.13322815720458       -0.66117594882374       -0.00498196879678
H           -2.14088186358341        0.85490386795822       -0.90800925362448
H           -3.58213792600067        0.34591628094989       -0.02597779548980
C           -1.99452973343714        1.09973655986560        1.23781131298069
H           -0.90072348801957        1.08457852181097        1.25244990930911
H           -2.34077137252812        0.57601790787711        2.13374202417455
C           -2.48144526672670        2.54640168766563        1.27699855631333
H           -2.13520334154270        3.07012067909637        0.38106795254385
H           -3.57525154261631        2.56155966399628        1.26235931929846
C           -1.98297146452496        3.27979515832968        2.51472964510980
H           -0.89383746973129        3.30022149478503        2.54078859484218
H           -2.34274697394052        4.30731407300912        2.51979200446172
H           -2.33509415289879        2.79123417999809        3.42281924760498
14
 energy: -13.665125867133 gnorm: 0.001495748464 xtb: 6.7.1 (edcfbbe)
C           -2.49248945256780        0.36475729352208        0.00000647727866
H           -2.13380995084382       -0.66234045966093       -0.00660450615261
H           -2.14012078205848        0.85696703224456       -0.90441319216468
H           -3.58042833233200        0.34831437827744       -0.02296222922304
C           -1.99494672933007        1.09994921264566        1.23725263218458
H           -0.90216137540270        1.08768314112340        1.25121781996617
H           -2.34275961706338        0.57892806330051        2.13284657962171
C           -2.48102828455736        2.54618906280883        1.27755721278732
H           -2.13321505634864        3.06721034692353        0.38196343617958
H           -3.57381365380473        2.55845511167916        1.26359152927204
C           -1.98348608712963        3.28138076045255        2.51480363608715
H           -0.89554715317345        3.29782339212300        2.53777296434956
H           -2.34216525642275        4.30847861139679        2.52141451214029
H           -2.33585526896518        2.78917105316343        3.41922312767327
14
 energy: -13.665127570199 gnorm: 0.000330461834 xtb: 6.7.1 (edcfbbe)
C           -2.49257304805191        0.36474738671047       -0.00013593521296
H           -2.13444539283200       -0.66207433734153       -0.00748923954528
H           -2.14018040732376        0.85755772567804       -0.90373041965935
H           -3.58012927703983        0.34903176651192       -0.02249901201189
C           -1.99436556694317        1.09983122674473        1.23813422030838
H           -0.90203349552373        1.08817366220289        1.25262200437680
H           -2.34188713123000        0.57968152761163        2.13379497563046
C           -2.48160946794049        2.54630700645403        1.27667562673867
H           -2.13408759295842        3.06645679116725        0.38101506044467
H           -3.57394153424175        2.55796458850148        1.26218747421252
C           -1.98340240165114        3.28139069214056        2.51494604249211
H           -0.89584620636440        3.29710607222548        2.53730964835357
H           -2.34152985828578        4.30821249735085        2.52229922752038
H           -2.33579561961363        2.78858039404220        3.41854032635193
14
 energy: -13.665127753259 gnorm: 0.000042715122 xtb: 6.7.1 (edcfbbe)
C           -2.49257402276589        0.36457782023231       -0.00023537887776
H           -2.13424834799293       -0.66231055559322       -0.00730359091770
H           -2.14006045721318        0.85732819588331       -0.90398908215928
H           -3.58027235604296        0.34870935785455       -0.02259676187068
C           -1.99448591312203        1.09978055699868        1.23790836692101
H           -0.90205774225606        1.08780177737390        1.25215888585447
H           -2.34208198381558        0.57924939973915        2.13343623568750
C           -2.48148914879301        2.54635766730250        1.27690149366383
H           -2.13389279983415        3.06688891612300        0.38137378635100
H           -3.57391731590091        2.55833645614116        1.26265064288237
C           -1.98340142619395        3.28156026249482        2.51504547991784
H           -0.89570309860855        3.29742850428876        2.53740733611205
H           -2.34172689819971        4.30844871057176        2.52211357271692
H           -2.33591548926110        2.78880993058932        3.41879901371844
