14
 energy: -13.658807113247 gnorm: 0.013981170621 xtb: 6.7.1 (edcfbbe)
C           -3.04562856000000        0.09621550000000        1.71526512000000
H           -3.77571374000000        0.56919167000000        2.37382418000000
H           -2.58005556000000       -0.72135035000000        2.27002547000000
H           -3.59140974000000       -0.34419268000000        0.87795190000000
C           -2.00023900000000        1.09707300000000        1.22694500000000
H           -1.71612519000000        0.85588474000000        0.19775423000000
H           -1.08830726000000        0.99327823000000        1.82337903000000
C           -2.47573600000000        2.54906500000000        1.28786500000000
H           -2.14216000000000        3.07351700000000        0.38686300000000
H           -3.56979700000000        2.56933900000000        1.26055900000000
C           -1.98256300000000        3.29668400000000        2.52514300000000
H           -0.89162725000000        3.29546883000000        2.57796213000000
H           -2.31241298000000        4.33669432000000        2.52237224000000
H           -2.35607805000000        2.83330258000000        3.44094611000000
14
 energy: -13.659555372719 gnorm: 0.006200874237 xtb: 6.7.1 (edcfbbe)
C           -3.04129632407363        0.09924730430438        1.72606609101908
H           -3.74132002397287        0.57576413666994        2.41058413209055
H           -2.57432019361903       -0.73189564350786        2.25284885407212
H           -3.61553242071185       -0.31370176667781        0.89697093792806
C           -1.99621653687117        1.09880850522497        1.22655785836042
H           -1.72234384957841        0.84342906746895        0.20003217816529
H           -1.08679670922178        1.00335073834695        1.82509755976466
C           -2.47282687908538        2.55635709915421        1.27451811249393
H           -2.11244956671460        3.09593406661937        0.39393760959887
H           -3.56521823852777        2.58505865423093        1.24074423518657
C           -1.99247466087451        3.28341441189917        2.52372574487049
H           -0.90392580023524        3.28162542144277        2.57177705329086
H           -2.32949824832954        4.31885408035760        2.51905899487952
H           -2.37363387818423        2.80392476446641        3.42493604827957
14
 energy: -13.660380521294 gnorm: 0.007301717866 xtb: 6.7.1 (edcfbbe)
C           -3.03760618743296        0.11139235788317        1.74459661530508
H           -3.67465257908801        0.58874415634851        2.49216042089357
H           -2.56240595354246       -0.75373428060092        2.20540143128754
H           -3.67505597333085       -0.24205898304386        0.93138980425316
C           -1.98718515186185        1.09723611651051        1.21951340745173
H           -1.72846772665403        0.82047277344479        0.19663406330372
H           -1.08063048018037        1.01595752153114        1.81999623519801
C           -2.46384860011022        2.55984055882284        1.25387142672419
H           -2.06086749436059        3.10713471624034        0.39745383832375
H           -3.55319543220921        2.59374452349479        1.19120638545318
C           -2.01237185182737        3.26743026161109        2.52504484692875
H           -0.92719458787386        3.27480178291849        2.57685636729701
H           -2.36391858914073        4.29574454491540        2.52664979542360
H           -2.40045272238750        2.76346478992369        3.40608077215669
14
 energy: -13.661040198401 gnorm: 0.019375885504 xtb: 6.7.1 (edcfbbe)
C           -3.03213499694791        0.13043124650326        1.76910347280007
H           -3.57841829203723        0.59881552147991        2.60567100120763
H           -2.55392000707029       -0.78888535933432        2.13034733897130
H           -3.76066711311690       -0.13549898660913        0.98408031707625
C           -1.97609325391009        1.09393001028212        1.21015139746187
H           -1.73700459973638        0.79068977523860        0.19102484883657
H           -1.06833903665041        1.02305078505889        1.80668091905975
C           -2.44719684514589        2.56084904735217        1.22705557951407
H           -1.99602143383503        3.10929133087330        0.39553884007513
H           -3.53250381257393        2.59970593214297        1.11740343050870
C           -2.03965272497688        3.25138347487672        2.52661368994582
H           -0.95697271051978        3.27925349186882        2.59558221685588
H           -2.41435634341656        4.27065353247565        2.54304709773059
H           -2.43457216006273        2.71650103779103        3.38455525995635
14
 energy: -13.661681147029 gnorm: 0.012985434460 xtb: 6.7.1 (edcfbbe)
C           -3.02890363644392        0.14419970236972        1.78106364862120
H           -3.54672665805558        0.60187221968727        2.63266387610363
H           -2.56025670002469       -0.78402180658614        2.11576014390541
H           -3.77801037488313       -0.10304408246209        1.01902481213641
C           -1.97463102521711        1.09415538680986        1.20114092926239
H           -1.74633262077013        0.77914856568327        0.18251903087154
H           -1.06100046565024        1.02526859345794        1.78919561039206
C           -2.43892774771688        2.56051957327522        1.21539072739581
H           -1.97322065320908        3.10592965830383        0.39187038851834
H           -3.52172522557655        2.60212590526916        1.08284739683378
C           -2.05021128399587        3.24257555350366        2.52780418841839
H           -0.96768841342537        3.28274613629418        2.61003281376915
H           -2.43634932906643        4.25801910837818        2.56126799201643
H           -2.44386919596504        2.69067632601591        3.37627385175546
14
 energy: -13.662464282105 gnorm: 0.008652048585 xtb: 6.7.1 (edcfbbe)
C           -3.02093112433356        0.16518744747706        1.80260760303512
H           -3.46154531460525        0.60731932702401        2.70067707493199
H           -2.57420013659351       -0.79421675372742        2.06955402687123
H           -3.82839419072435       -0.02197075552083        1.08585153203492
C           -1.97141031846841        1.09046324386492        1.18986453842092
H           -1.77314788183254        0.76322224806838        0.16745842854666
H           -1.03710656082999        1.01092295125042        1.74802434225431
C           -2.41710524477777        2.55640115377842        1.19861032899625
H           -1.92092367819045        3.09706029785385        0.39098017871911
H           -3.49418337770010        2.60973084641370        1.01932225449475
C           -2.07519622988342        3.22973787424457        2.52836540677361
H           -0.99366795503507        3.29498584057419        2.64618325970503
H           -2.48539359480082        4.23631539428762        2.57913797517878
H           -2.47464772222479        2.65501172441108        3.36021846003729
14
 energy: -13.662861923895 gnorm: 0.006447895086 xtb: 6.7.1 (edcfbbe)
C           -3.01459985647686        0.17525442470839        1.81578283821202
H           -3.40280688056200        0.60134402106937        2.73639074983230
H           -2.58938795674642       -0.79831567484394        2.04437039079639
H           -3.84996545480220        0.02409678148225        1.13600699155698
C           -1.97397459830395        1.08706041566398        1.18010182737769
H           -1.80143245185776        0.76232376665207        0.15073119349815
H           -1.02021421152670        0.99031646121155        1.70910146299173
C           -2.40014188193413        2.55360300682662        1.19387029847384
H           -1.88285156504924        3.09264709095892        0.39715568240011
H           -3.47149190268295        2.61898062151197        0.98475329747288
C           -2.09243237122977        3.22300708703209        2.52955360995702
H           -1.01407569930062        3.29784571305195        2.67830263919109
H           -2.51138934267841        4.22496734099468        2.57587961036592
H           -2.50308915684904        2.64703978368008        3.35485481787386
14
 energy: -13.662555946518 gnorm: 0.025614418188 xtb: 6.7.1 (edcfbbe)
C           -3.00299824811583        0.19559220170947        1.84366852887622
H           -3.27376796357495        0.59289988951968        2.84268067265119
H           -2.60409901176317       -0.82492971902724        1.96800558219284
H           -3.92539200221944        0.13872578498916        1.22951380670404
C           -1.96967784635540        1.08064063080058        1.16103590990879
H           -1.83938706906728        0.74605843639633        0.12511546472866
H           -0.99603908181696        0.96980257342350        1.65622418477589
C           -2.37072821555478        2.55186171344897        1.17504533935609
H           -1.80122418320803        3.09174225335232        0.40726604145181
H           -3.43222196704803        2.63324450853555        0.90722555596273
C           -2.12787560677397        3.20727155607563        2.53261068603346
H           -1.05645159708752        3.29680771227382        2.72915150331336
H           -2.56343371863220        4.20171049539114        2.57157413183060
H           -2.56455681878248        2.61874280311104        3.33773800221431
14
 energy: -13.663232290201 gnorm: 0.005901557841 xtb: 6.7.1 (edcfbbe)
C           -3.00602510230782        0.18411549210673        1.83204729215683
H           -3.32388591245643        0.59079790265087        2.79051764978771
H           -2.59968866884657       -0.81101215554969        2.00389179027952
H           -3.88745033533346        0.08612443713406        1.19744474973935
C           -1.97223805755143        1.08289433534541        1.16636868837885
H           -1.83089038868175        0.75595007873645        0.13183407803055
H           -1.00797392254655        0.97578924350442        1.67265128243847
C           -2.38229976327190        2.55448020242266        1.18507450942122
H           -1.83430340929092        3.09566936179086        0.40848239873018
H           -3.44569478811419        2.63081269922410        0.94415787678901
C           -2.11286115458940        3.21446904780954        2.53234260903803
H           -1.04114542139368        3.28774508644928        2.71208800952768
H           -2.53385686210451        4.21557319272276        2.56502864570942
H           -2.54953954351145        2.63676191565250        3.34492582997318
14
 energy: -13.663359160610 gnorm: 0.004138832967 xtb: 6.7.1 (edcfbbe)
C           -3.00290037489202        0.18386024087976        1.83557037705979
H           -3.29758479161216        0.58130836224842        2.80468495756746
H           -2.60271930658498       -0.81744297745286        1.98762427935525
H           -3.89564339557202        0.10339259177038        1.21668389770771
C           -1.97225729692850        1.08191748687173        1.16358965313334
H           -1.84173075928769        0.75629754298702        0.12792354669702
H           -1.00582716371201        0.97240686129365        1.66288730411925
C           -2.37941954382151        2.55546946318495        1.18388718414448
H           -1.82241637498394        3.09623171985267        0.41426977705750
H           -3.43995603481092        2.63592678080018        0.93488338849965
C           -2.11793132718322        3.21329410005287        2.53286937187974
H           -1.04864062932739        3.27696674434160        2.72465695599511
H           -2.53062693197065        4.21787047522317        2.55586015592076
H           -2.57019939931303        2.64267144794641        3.34146456086294
14
 energy: -13.663636534509 gnorm: 0.009376856517 xtb: 6.7.1 (edcfbbe)
C           -2.98937509305836        0.18528097957847        1.85195231520777
H           -3.18394684435105        0.54221121757357        2.86872395762249
H           -2.61415580804835       -0.83828606313120        1.91952764086667
H           -3.93682478676868        0.17850001688734        1.30292606163394
C           -1.97154313407976        1.07822663072364        1.14834022250772
H           -1.88350891782901        0.75367615193972        0.10890729329388
H           -0.99401650770358        0.96203335830562        1.61886523118510
C           -2.36594543535771        2.55893596695757        1.17499326121782
H           -1.77106776226943        3.09887145867580        0.43402201429076
H           -3.41581708142534        2.65424699949668        0.89205393143703
C           -2.14240416775242        3.20709394352107        2.53606352532469
H           -1.08136797608159        3.22717420831272        2.77967279322622
H           -2.51464023648194        4.22943458085168        2.52617289169699
H           -2.66323957879282        2.66277139030725        3.32463427048893
14
 energy: -13.663777455192 gnorm: 0.005302832284 xtb: 6.7.1 (edcfbbe)
C           -2.98617213786909        0.18430818335971        1.85523751371310
H           -3.16960965853584        0.53130118756327        2.87174626649799
H           -2.61561629119977       -0.84071926966620        1.90919326441474
H           -3.93357093565824        0.18491754022252        1.31731748481768
C           -1.97296605207338        1.07939463323175        1.14687352186946
H           -1.89071706819663        0.75520797801704        0.10735107212990
H           -0.99279868052566        0.96354722642081        1.61192200851747
C           -2.36758154981021        2.55997982363986        1.17431531152447
H           -1.76871744141862        3.09889308518190        0.43664784101323
H           -3.41650826719743        2.65727305111369        0.88822600375889
C           -2.14614869194360        3.20684708844861        2.53651726205148
H           -1.08701842987074        3.20611755221436        2.78909049153417
H           -2.49601384551719        4.23765616783437        2.52165403670186
H           -2.68441428018365        2.67544659241823        3.32076333145557
14
 energy: -13.663941227361 gnorm: 0.006400540948 xtb: 6.7.1 (edcfbbe)
C           -2.97391811917225        0.18542357186266        1.86574643616021
H           -3.09660097138435        0.50075030533248        2.90139442341459
H           -2.62530688287959       -0.84721588263959        1.86669748932833
H           -3.94718966170187        0.22648235260765        1.37681367343375
C           -1.97493959530167        1.08057520630042        1.13779301231406
H           -1.91446936776044        0.75635872078736        0.09716423116829
H           -0.98508731235986        0.96184153821308        1.58269686043629
C           -2.36443673589957        2.56141769392707        1.16957552059716
H           -1.74949595025868        3.09865029590496        0.44584575851947
H           -3.40770378758574        2.66611984931546        0.86531998744624
C           -2.16289864360358        3.20291205122289        2.53791071587083
H           -1.11156572180495        3.14911657133537        2.82803913742328
H           -2.45757183282598        4.25339823621988        2.50702571688465
H           -2.75666874746151        2.70434032961024        3.30483244700287
14
 energy: -13.664047996130 gnorm: 0.003753756194 xtb: 6.7.1 (edcfbbe)
C           -2.96651105240130        0.18929999663614        1.87152125055905
H           -3.05923512031102        0.48744037669018        2.91205677977608
H           -2.63550578693187       -0.84505304614335        1.84621452895242
H           -3.95016084257666        0.24746065464798        1.40935998584600
C           -1.97623837549339        1.08276914580522        1.13375542674768
H           -1.91960951470347        0.75568009935999        0.09387789045030
H           -0.98198934873347        0.96397302262246        1.57072537739872
C           -2.36399852440207        2.56104531319282        1.16622676887003
H           -1.74621273633700        3.09891948620430        0.44589594150160
H           -3.40515186288306        2.66649670197890        0.85428982135513
C           -2.17174011133114        3.19911103984466        2.53771397425108
H           -1.12875442915998        3.11709352506721        2.84408804031589
H           -2.43357296624231        4.25671430518971        2.50946876781660
H           -2.78917265849331        2.71922021890370        3.29166085615942
14
 energy: -13.664013222648 gnorm: 0.010496913514 xtb: 6.7.1 (edcfbbe)
C           -2.95304928915585        0.19623917595678        1.88880817170301
H           -2.97753459275413        0.45450349157548        2.95062241364702
H           -2.65219331214301       -0.85405079700584        1.79462763972042
H           -3.96203644646440        0.30171158136069        1.48092308765715
C           -1.97912152994019        1.08516017055757        1.12486569865222
H           -1.94377115850960        0.75394667003719        0.08294936785002
H           -0.97427931250726        0.96356102818925        1.54065784421027
C           -2.35805623365931        2.56379977602221        1.15808321753854
H           -1.72281931881508        3.10206007605427        0.44998454236989
H           -3.39338399953826        2.67704603254936        0.82548521069265
C           -2.18873585050917        3.19210089654966        2.53778620771529
H           -1.16019346613663        3.06153995619732        2.88599838075843
H           -2.39986508600961        4.26186316197308        2.49999240878306
H           -2.86281373385755        2.74068961998287        3.26607121870203
14
 energy: -13.664122401579 gnorm: 0.002057052896 xtb: 6.7.1 (edcfbbe)
C           -2.95887874370201        0.19434053477153        1.88166735214150
H           -3.01529826934464        0.47035821181876        2.93122684421760
H           -2.64630542159614       -0.84574411298593        1.82139799315161
H           -3.95415694850675        0.27572530210226        1.45002981698744
C           -1.97753773588153        1.08439589449022        1.12845213369611
H           -1.93164378033544        0.75451356190350        0.08676975219795
H           -0.97798860608738        0.96472232531982        1.55473857460166
C           -2.36038430476868        2.56344217322852        1.16116229623425
H           -1.73606144421664        3.10311382574034        0.44501351643372
H           -3.39899191684958        2.67300736797442        0.84138261236518
C           -2.17878047523539        3.19401584698604        2.53752391503097
H           -1.14675526462999        3.08578230524986        2.86960121624921
H           -2.41505133370030        4.25504919599116        2.50464110888842
H           -2.83001908514558        2.72744840740939        3.27324827780440
14
 energy: -13.664139933069 gnorm: 0.002053376895 xtb: 6.7.1 (edcfbbe)
C           -2.95618495445852        0.19459851548614        1.88302070635123
H           -2.99868418216798        0.46481723559244        2.93499991669527
H           -2.65173914670651       -0.84701117559404        1.81254914644751
H           -3.95763170521754        0.28668819847347        1.46240024296550
C           -1.97646586696927        1.08373377037412        1.12720356616830
H           -1.93460427330726        0.75455748136947        0.08546529906271
H           -0.97594772552170        0.96323467416519        1.55009912399359
C           -2.35910744344562        2.56327662023234        1.16107363304164
H           -1.73366110604719        3.10283527635367        0.44612499426187
H           -3.39688622617041        2.67401780023361        0.83972395626151
C           -2.18204441785442        3.19367322460386        2.53774606860110
H           -1.15408705562600        3.07657197534374        2.87635873577708
H           -2.41026767867293        4.25678637229518        2.50120648096152
H           -2.84054154783471        2.73239087107073        3.26888353941119
14
 energy: -13.664155662602 gnorm: 0.002390874000 xtb: 6.7.1 (edcfbbe)
C           -2.95103955511050        0.19618282022224        1.88838537505414
H           -2.96336324060114        0.45005923376551        2.94739305764751
H           -2.66192973640517       -0.84846898584933        1.79303490475013
H           -3.95992138989288        0.30811073833567        1.49194415356213
C           -1.97670282080912        1.08368689909650        1.12349034524912
H           -1.94443977051050        0.75482507933598        0.08138739198940
H           -0.97298687800785        0.96182441416750        1.53784196052177
C           -2.35648813134880        2.56461418896234        1.15886144978393
H           -1.72631397768786        3.10440309334527        0.44702175654200
H           -3.39286129167866        2.67853546764138        0.83259619826336
C           -2.18806600589137        3.19163125455939        2.53793851938808
H           -1.16912339115716        3.05282813519119        2.89556466944959
H           -2.39541155475445        4.25936840991645        2.49485092883241
H           -2.86920558614459        2.74257009130984        3.25654469896645
14
 energy: -13.664161652069 gnorm: 0.002051721323 xtb: 6.7.1 (edcfbbe)
C           -2.94990579174713        0.19679583443956        1.89034764211259
H           -2.95879659082433        0.44813305828055        2.94747717738440
H           -2.66495969232967       -0.84973731020829        1.79060996783081
H           -3.95968080386349        0.31365373993310        1.49779417701295
C           -1.97616367257387        1.08351800624515        1.12295005800099
H           -1.94706424617888        0.75445900830957        0.08059593940551
H           -0.97140722012190        0.96140247709394        1.53502675941775
C           -2.35542634324753        2.56465375390220        1.15831517746886
H           -1.72458901435620        3.10444635689318        0.44680428140570
H           -3.39184436825187        2.67841569824673        0.83122447714134
C           -2.18884230246256        3.19112536695184        2.53795111594759
H           -1.17203866442095        3.05194296101789        2.89829285766882
H           -2.39511865380524        4.25819955795891        2.49520801794696
H           -2.87201596581644        2.74316233093557        3.25425776125574
14
 energy: -13.664166644088 gnorm: 0.001250782756 xtb: 6.7.1 (edcfbbe)
C           -2.94919686929003        0.19723073257340        1.89093710885249
H           -2.95333628126916        0.44673296488860        2.94830234486279
H           -2.66650127634262       -0.84778891331285        1.79027658660487
H           -3.95975747892231        0.31640753697064        1.50351887100069
C           -1.97613774341741        1.08335014467136        1.12117120395847
H           -1.95007119141081        0.75450903082357        0.07892396979514
H           -0.97067640667099        0.96037955525164        1.53108715742738
C           -2.35448483053066        2.56466585999397        1.15762888198191
H           -1.72204894256373        3.10461663091387        0.44763383035173
H           -3.39062969084595        2.67874566355891        0.82905302590851
C           -2.19003683653766        3.19020326458730        2.53822808883704
H           -1.17451503647038        3.04959101997170        2.90169357252209
H           -2.39388354902806        4.25766772357914        2.49562437148177
H           -2.87657719670028        2.74385962552865        3.25277639641515
14
 energy: -13.664170856235 gnorm: 0.001062210702 xtb: 6.7.1 (edcfbbe)
C           -2.94698419230129        0.19861734653628        1.89303427383836
H           -2.93653306142480        0.44125597702251        2.95305875822721
H           -2.67260079789071       -0.84799653667190        1.78290546945344
H           -3.95987533063877        0.32792881782911        1.51816574211842
C           -1.97618144655524        1.08307354231120        1.11877547632205
H           -1.95638496567584        0.75441512715676        0.07701548066489
H           -0.96924711173970        0.95777412308338        1.52357607671667
C           -2.35244037208725        2.56459552979623        1.15647957079723
H           -1.71659776328294        3.10407641897071        0.45005323471888
H           -3.38707508546604        2.68011386370185        0.82390760727303
C           -2.19389457407435        3.18892157259731        2.53818491394651
H           -1.18170120720876        3.04264020617289        2.90833013718766
H           -2.39091850407574        4.25779536200771        2.49511138189456
H           -2.88741891757861        2.74695948948585        3.24825728684110
14
 energy: -13.664174120515 gnorm: 0.000267037651 xtb: 6.7.1 (edcfbbe)
C           -2.94655740454969        0.19906587656561        1.89370200760894
H           -2.93525720156863        0.44206708244490        2.95274917027071
H           -2.67322680973393       -0.84823501689467        1.78451690488870
H           -3.96050630807517        0.32944646637778        1.52108183054005
C           -1.97667294709224        1.08320712917111        1.11829846591272
H           -1.95688274103939        0.75454567493867        0.07620413595338
H           -0.96950175966352        0.95801128800252        1.52272216506412
C           -2.35235735112110        2.56498494247651        1.15589728047125
H           -1.71416820515678        3.10475086122182        0.45192758146101
H           -3.38559854911165        2.68216030074751        0.82078715715074
C           -2.19475530693869        3.18776185805752        2.53818632299593
H           -1.18134191262143        3.04246243444335        2.90706868329175
H           -2.39373705240319        4.25643668296405        2.49532583087380
H           -2.88728978092462        2.74350525948323        3.24838787351691
14
 energy: -13.664175577564 gnorm: 0.000296461783 xtb: 6.7.1 (edcfbbe)
C           -2.94646417899187        0.19997137033557        1.89445547455020
H           -2.93318973854668        0.44278270550288        2.95347497767050
H           -2.67436562511134       -0.84758865453948        1.78455622574466
H           -3.96104099674921        0.33116054784629        1.52340292324038
C           -1.97690678806299        1.08289442358738        1.11760529217733
H           -1.95833147909194        0.75390725380758        0.07551057814274
H           -0.96929366353698        0.95738888919473        1.52092925423894
C           -2.35148827887637        2.56495669196073        1.15544578731195
H           -1.71129045243560        3.10434135818873        0.45294983999965
H           -3.38383735557425        2.68321989966697        0.81831279865255
C           -2.19571700999627        3.18716979925832        2.53825207618387
H           -1.18185407951246        3.04399298898059        2.90686126387615
H           -2.39730712938460        4.25536683388056        2.49667254123585
H           -2.88676655412949        2.74060673232903        3.24842637697524
14
 energy: -13.664176763484 gnorm: 0.000226982991 xtb: 6.7.1 (edcfbbe)
C           -2.94635354680895        0.20078598296965        1.89564301042028
H           -2.92965680260100        0.44241455411594        2.95504543702572
H           -2.67675128962748       -0.84717993578903        1.78378218893373
H           -3.96156896668260        0.33422657709667        1.52722938191548
C           -1.97723408110285        1.08263659215839        1.11713285896546
H           -1.96123451711113        0.75351576558904        0.07510804719969
H           -0.96891358326236        0.95583770288621        1.51834363854365
C           -2.34971736062256        2.56526354668128        1.15465748359025
H           -1.70677561281258        3.10414413689202        0.45418277832468
H           -3.38107345366210        2.68511530741501        0.81486819840590
C           -2.19680024897868        3.18638130720185        2.53822477081620
H           -1.18252284963800        3.04732093166317        2.90707811240135
H           -2.40316594462096        4.25365933065207        2.49796231040615
H           -2.88608507246881        2.73604904046763        3.24759719305148
14
 energy: -13.664176995857 gnorm: 0.000089225251 xtb: 6.7.1 (edcfbbe)
C           -2.94633382297168        0.20108760300190        1.89593780275041
H           -2.92799097084031        0.44156006437763        2.95562335907129
H           -2.67783416259658       -0.84699052815874        1.78282162066012
H           -3.96181614286858        0.33602963453524        1.52905556412238
C           -1.97708385093524        1.08240477421166        1.11674913057707
H           -1.96197840518456        0.75329723767617        0.07471544596489
H           -0.96866459596592        0.95505923805169        1.51743805275844
C           -2.34902307498777        2.56513124007363        1.15470514904521
H           -1.70551989658343        3.10371660654919        0.45459651260870
H           -3.38015032946955        2.68542951107836        0.81419974793763
C           -2.19721175975748        3.18639725285899        2.53830971323087
H           -1.18298965750234        3.04852413142442        2.90754029165883
H           -2.40489016472206        4.25345283889365        2.49801926630423
H           -2.88636649561455        2.73507123542611        3.24714375330993
