14
 energy: -13.662509339585 gnorm: 0.012808785726 xtb: 6.7.1 (edcfbbe)
C           -2.49341300000000        0.34945400000000       -0.01033300000000
H           -2.13722100000000       -0.68175300000000       -0.02338100000000
H           -2.14607900000000        0.83134700000000       -0.92688600000000
H           -3.58471500000000        0.32328500000000       -0.04645800000000
C           -2.00023900000000        1.09707300000000        1.22694500000000
H           -0.90617800000000        1.07679900000000        1.25425000000000
H           -2.33381500000000        0.57262200000000        2.12794700000000
C           -2.47573600000000        2.54906500000000        1.28786500000000
H           -2.14216000000000        3.07351700000000        0.38686300000000
H           -3.56979700000000        2.56933900000000        1.26055900000000
C           -1.98256300000000        3.29668400000000        2.52514300000000
H           -2.69350410000000        3.20729003000000        3.34946309000000
H           -1.02368165000000        2.90832487000000        2.87177524000000
H           -1.85307385000000        4.36109087000000        2.31729270000000
14
 energy: -13.663181886987 gnorm: 0.005142058992 xtb: 6.7.1 (edcfbbe)
C           -2.49570030331479        0.36383240197430       -0.00005901938802
H           -2.13688038900865       -0.66402490727776       -0.00437758054132
H           -2.14110422948199        0.85214675197366       -0.90737625057935
H           -3.58472066228130        0.34486840743203       -0.02819356662825
C           -1.99863128509147        1.09728571475098        1.23811924245314
H           -0.90489348074585        1.07823495294761        1.25387721610633
H           -2.34861036970443        0.57679409846817        2.13455991118368
C           -2.47575084820332        2.54755679609962        1.27292070519630
H           -2.12025165685295        3.06000700052025        0.37424805692470
H           -3.56863334472091        2.56655974189274        1.24273572745603
C           -1.98660597363696        3.28577875329418        2.51803083889121
H           -2.68090792932658        3.16372351855138        3.34893307359494
H           -1.01532715899593        2.90925122272346        2.83617063454178
H           -1.88415796863487        4.35212331664938        2.32145604078883
14
 energy: -13.663624232836 gnorm: 0.004358467739 xtb: 6.7.1 (edcfbbe)
C           -2.49957375521362        0.36598764460362        0.00580148285169
H           -2.14410044981451       -0.66109933970619        0.00351213938626
H           -2.13854348600449        0.85958938778408       -0.89304944720503
H           -3.58616138180479        0.35732021548134       -0.01875993293549
C           -2.00209254926154        1.09589399057161        1.24449818950733
H           -0.90996944646426        1.07257068126371        1.25940795063854
H           -2.36695264531549        0.58494577059508        2.13870802743196
C           -2.46776586132336        2.54935884336416        1.26369386609179
H           -2.08569198325108        3.05057621165757        0.37092836282700
H           -3.55847774613203        2.57515832170721        1.21955228152641
C           -1.98880623887085        3.28419594034254        2.51552936887356
H           -2.65920117547263        3.10267381114373        3.35573384417322
H           -0.99354077013722        2.93862841656464        2.79432196889224
H           -1.94129811093413        4.35833787462690        2.34116692794053
14
 energy: -13.664047384649 gnorm: 0.015453002857 xtb: 6.7.1 (edcfbbe)
C           -2.50834903552375        0.36522476725403        0.01306071754372
H           -2.16139530414214       -0.66278475775447        0.01288347702897
H           -2.13695246946484        0.86095799261098       -0.87755097626440
H           -3.59249191455279        0.37057247649949       -0.01213893721589
C           -2.01024529203948        1.09235602846792        1.25471667323485
H           -0.92045094056500        1.05255037254733        1.27900112100547
H           -2.39868554829263        0.59908692057827        2.14704148880985
C           -2.44918014840915        2.55527530405391        1.24889380043994
H           -2.01990351328164        3.04241681593760        0.36991774139331
H           -3.53657169605160        2.60431073722744        1.17238162041052
C           -1.99052219269338        3.28179934143997        2.51311010144621
H           -2.60884038113554        2.98345177786618        3.37256071898709
H           -0.94485987179817        3.01795520762499        2.72264554432380
H           -2.06372729204989        4.37096478564633        2.38452193885655
14
 energy: -13.664423223904 gnorm: 0.007773915064 xtb: 6.7.1 (edcfbbe)
C           -2.51000162322556        0.36128087448198        0.01118616401721
H           -2.16052656832249       -0.66656865472023        0.00661405044181
H           -2.14437724265529        0.85725174485573       -0.88254406496826
H           -3.59491512478221        0.36134412233693       -0.01308845050683
C           -2.01181972090737        1.09173796689946        1.25255866634280
H           -0.92186549186147        1.04937859540861        1.28004930215581
H           -2.39616852170491        0.59913563478999        2.14635138235856
C           -2.44581319925395        2.55605813016483        1.25116984500485
H           -2.01304706572809        3.04402458384863        0.37537439496352
H           -3.53260110908568        2.61245675425052        1.16726335590594
C           -1.99080251029419        3.28276095662312        2.51484579678484
H           -2.60026671695073        2.98516372571260        3.37067310086551
H           -0.94865093340797        3.03478885103702        2.72934079710614
H           -2.07131977182012        4.36532448431080        2.39125068952808
14
 energy: -13.664832435848 gnorm: 0.006509708334 xtb: 6.7.1 (edcfbbe)
C           -2.51767280994915        0.35567795813317        0.01236111043000
H           -2.16948727050799       -0.67398200442930        0.00626841548794
H           -2.15465959350663        0.84676907919013       -0.88711644478366
H           -3.60427700314201        0.35230898946996       -0.01469971657280
C           -2.01832071879794        1.09041126130302        1.25311013770962
H           -0.92847430159826        1.02796109105687        1.29617417431187
H           -2.41242980348113        0.60736155907073        2.14835438871621
C           -2.42685991825028        2.56284176451757        1.24575069287717
H           -1.96969437224848        3.04911632155746        0.38179447839219
H           -3.51110434994533        2.64246415077981        1.13480999139705
C           -1.99154715072063        3.28249151538367        2.51658983012977
H           -2.55359969695973        2.91819642713855        3.37771056111980
H           -0.92809704309888        3.11266532187593        2.70196271398957
H           -2.15595156779359        4.35985433495240        2.42797469679525
14
 energy: -13.664962983666 gnorm: 0.003387125308 xtb: 6.7.1 (edcfbbe)
C           -2.52028798873662        0.35559477628808        0.01378666748112
H           -2.17312732031865       -0.67563755326070        0.01205908932521
H           -2.15797906846080        0.83955842867663       -0.89169469592647
H           -3.60847946207451        0.34970709094503       -0.01586837783764
C           -2.02001071028656        1.09226613663369        1.25171321328637
H           -0.93016716773360        1.01736744463962        1.30352923983373
H           -2.42235145284392        0.61327062515156        2.14758864066077
C           -2.41759818317364        2.56720981716242        1.24193628224348
H           -1.95562467057145        3.05513933783054        0.38125435740374
H           -3.50045356935844        2.65161629360351        1.12345270252082
C           -1.99137778792885        3.28173195044594        2.51725965207314
H           -2.52947870652415        2.88868031006331        3.37947530317722
H           -0.92421469059337        3.14674379044703        2.69186602228623
H           -2.19102482139545        4.35088932137332        2.44468693347227
14
 energy: -13.665013632776 gnorm: 0.004944151215 xtb: 6.7.1 (edcfbbe)
C           -2.52226032125222        0.35622369243900        0.01542713419332
H           -2.18075343237959       -0.67713030847666        0.01849761945471
H           -2.15510002708302        0.83502349221797       -0.89106274033767
H           -3.61063832849378        0.35601772525947       -0.01748811946595
C           -2.02240328587709        1.09225839453324        1.25221797399158
H           -0.93369714503238        1.00798154784454        1.31052255636582
H           -2.43525395239614        0.61898157261461        2.14728504743220
C           -2.41023798414529        2.56897933830775        1.23842004901642
H           -1.93931416382593        3.05549206128628        0.38068737934359
H           -3.49208106943661        2.65754289065467        1.11287934588038
C           -1.98987437212148        3.28095738983962        2.51679966163728
H           -2.50302384213553        2.85458851671647        3.37991298907081
H           -0.91462804637648        3.18328873678861        2.67477241543820
H           -2.23290962944447        4.34393271997441        2.46217371797927
14
 energy: -13.665052790313 gnorm: 0.002624181910 xtb: 6.7.1 (edcfbbe)
C           -2.52142870534186        0.35802255169850        0.01596971023640
H           -2.18710760081564       -0.67764074283829        0.02441550895022
H           -2.14663545881722        0.83170013227246       -0.88996430666699
H           -3.60960855091886        0.36575744146469       -0.02189540225135
C           -2.02298415683455        1.09243143628126        1.25255882384467
H           -0.93552503061729        1.00507697688357        1.31398283192208
H           -2.44193689947127        0.62115482652171        2.14608749950271
C           -2.40919807281583        2.56863226518987        1.23748614065252
H           -1.93993699409970        3.05500587434330        0.37849790434913
H           -3.49099440090800        2.65476252615873        1.11448983536227
C           -1.98800076009500        3.28104866073745        2.51598038078262
H           -2.48688723308665        2.84457536262436        3.37744951420799
H           -0.91448815216214        3.19857380246340        2.66680534636949
H           -2.24744358401601        4.33503665619896        2.46918124273821
14
 energy: -13.665073652955 gnorm: 0.001512536626 xtb: 6.7.1 (edcfbbe)
C           -2.52086739115833        0.35820790684786        0.01575599037097
H           -2.19403832611571       -0.67947933686204        0.02721089035972
H           -2.13672704273824        0.82906511444614       -0.88727858609228
H           -3.60835892366069        0.37452389450761       -0.02807613737799
C           -2.02463023560574        1.09134720763354        1.25470326354253
H           -0.93775696679749        1.00308635230325        1.31899936853798
H           -2.44710203677064        0.62131356907837        2.14652098448842
C           -2.40936434146398        2.56837717898387        1.23678908899593
H           -1.93991179135848        3.05269780566570        0.37725868470814
H           -3.49118581183416        2.65559131796277        1.11460244862026
C           -1.98729669958331        3.28195984006097        2.51487438841915
H           -2.47277137908492        2.83268013253882        3.37972263304453
H           -0.91046885051861        3.21181526939691        2.65477302964404
H           -2.26169580330970        4.33295151743621        2.47518898273856
14
 energy: -13.665095060588 gnorm: 0.001789379515 xtb: 6.7.1 (edcfbbe)
C           -2.51815199690288        0.35855598999611        0.01348499288001
H           -2.20785805045401       -0.68362945271277        0.03171192990425
H           -2.11342915750771        0.82275131296034       -0.88349108187908
H           -3.60412644585359        0.39317106487443       -0.04383131430516
C           -2.02732266052457        1.08884228101123        1.25832112391299
H           -0.94069514676239        1.00295484905681        1.32628763086306
H           -2.45313039581025        0.61754538768568        2.14638156933378
C           -2.41428569432488        2.56607592117851        1.23893699481083
H           -1.94957559834695        3.04761934711772        0.37623977891567
H           -3.49709949838017        2.65248453592923        1.12276474028938
C           -1.98466614870740        3.28373148643352        2.51316676756370
H           -2.45334288173524        2.82639057929137        3.38278037725267
H           -0.90423703696070        3.22584704240040        2.63835321523229
H           -2.27425488772927        4.33179742477740        2.47993830522558
14
 energy: -13.665110326798 gnorm: 0.001999689220 xtb: 6.7.1 (edcfbbe)
C           -2.51438421602485        0.35883421564278        0.01132514045725
H           -2.21472718597635       -0.68628843321957        0.03603444561596
H           -2.09576519269881        0.81599345362868       -0.88283490144665
H           -3.59919480508819        0.40411818280042       -0.05723667909134
C           -2.02966096369743        1.08857325926194        1.25937679799131
H           -0.94261487776624        1.00612659008840        1.32944035726091
H           -2.45581765144234        0.61375359125216        2.14535105324862
C           -2.42107240082527        2.56483036463423        1.24225704543973
H           -1.96437331616069        3.04655196506144        0.37541295607582
H           -3.50506097965119        2.64800711646643        1.13463650837616
C           -1.98270305555451        3.28501440437012        2.51212814706653
H           -2.44640928574033        2.83156018806632        3.38620390640073
H           -0.90293960415311        3.22407643358755        2.63130836678887
H           -2.26745206522069        4.33298643835907        2.47764188581608
14
 energy: -13.665121644355 gnorm: 0.000744458407 xtb: 6.7.1 (edcfbbe)
C           -2.51000875296789        0.35998671785985        0.00914291185664
H           -2.22318893395192       -0.68878440443712        0.04327377975417
H           -2.07432512311043        0.80648907322524       -0.88266606840772
H           -3.59352541568587        0.41713844022359       -0.07524444862627
C           -2.03343135431001        1.08841672037551        1.26006626583995
H           -0.94619286698488        1.00723796433123        1.33561807233069
H           -2.46304031688638        0.60987237542769        2.14350611259155
C           -2.42761728469869        2.56341571067238        1.24624561192234
H           -1.98049922428603        3.04671751482206        0.37453661743204
H           -3.51278241933600        2.64366418793773        1.14863564276264
C           -1.97886573774677        3.28493396302124        2.51101807133420
H           -2.43361798661835        2.83270096297002        3.38927703358661
H           -0.89741540162307        3.22932031925084        2.62024319383891
H           -2.26766478179370        4.33302822431970        2.47739223378424
14
 energy: -13.665124000804 gnorm: 0.000467182155 xtb: 6.7.1 (edcfbbe)
C           -2.50831036774618        0.36020372698335        0.00879514481149
H           -2.22334151629674       -0.68868465500232        0.04402349992078
H           -2.06893798965896        0.80533340805984       -0.88138103093684
H           -3.59106111348621        0.41850485227868       -0.08024711637016
C           -2.03544452325828        1.08833412007577        1.26077611425672
H           -0.94858256946270        1.00748425436810        1.33919535271634
H           -2.46638296354353        0.60925966791268        2.14335237469408
C           -2.42996110932067        2.56322721931051        1.24700463635155
H           -1.98558139907919        3.04637813653505        0.37343994268883
H           -3.51553114609141        2.64396262646341        1.15244054686379
C           -1.97770867575068        3.28516431890274        2.51013790126349
H           -2.42890730817249        2.83183714511181        3.39083118114237
H           -0.89623621973150        3.22977921200693        2.61501789619682
H           -2.26618869840145        4.33335373699342        2.47765858640072
14
 energy: -13.665125270827 gnorm: 0.000344702840 xtb: 6.7.1 (edcfbbe)
C           -2.50745018978752        0.36038014824800        0.00837871366502
H           -2.22173872600743       -0.68826344979925        0.04288522484368
H           -2.06704576624600        0.80696184975284       -0.88042765812456
H           -3.59003066328142        0.41803301061897       -0.08199913370116
C           -2.03669940029738        1.08785412545294        1.26150234935939
H           -0.95007772950727        1.00720623722587        1.34166674466815
H           -2.46895373119391        0.60871160746008        2.14330232398404
C           -2.43122082069799        2.56272634182172        1.24762036829436
H           -1.98834497306918        3.04537630397034        0.37308095980218
H           -3.51688756255447        2.64357801495288        1.15459338389061
C           -1.97683416412202        3.28527401440052        2.50970571817186
H           -2.42727407262838        2.83315858425330        3.39102029658176
H           -0.89509755028216        3.22962046049793        2.61287525940080
H           -2.26452025032486        4.33352052114385        2.47684047916384
14
 energy: -13.665126715388 gnorm: 0.000226063245 xtb: 6.7.1 (edcfbbe)
C           -2.50660790948577        0.36061648057098        0.00790718119611
H           -2.21805536041937       -0.68747858464547        0.04075856729681
H           -2.06649751072480        0.81031261424842       -0.87960230507167
H           -3.58935889874686        0.41581077420273       -0.08278721537419
C           -2.03849298222783        1.08724378987387        1.26265781618133
H           -0.95214189761506        1.00596318990154        1.34542458987447
H           -2.47347265363960        0.60836427984734        2.14313851070156
C           -2.43214293211529        2.56234697203269        1.24803492678500
H           -1.98995043442849        3.04386788023748        0.37267047918312
H           -3.51778584848514        2.64357064641688        1.15623786419251
C           -1.97553608767741        3.28570130396556        2.50895021551556
H           -2.42415562599274        2.83357215052673        3.39102222182250
H           -0.89379546799969        3.23035091423952        2.61016158606845
H           -2.26418199044196        4.33389535858171        2.47647059162842
14
 energy: -13.665127334019 gnorm: 0.000315392979 xtb: 6.7.1 (edcfbbe)
C           -2.50579848146398        0.36087174547101        0.00748892709684
H           -2.21405449318906       -0.68646837701062        0.03869292433625
H           -2.06659565611388        0.81324602719881       -0.87922429535532
H           -3.58873444725219        0.41296325360220       -0.08378657581958
C           -2.04038226110476        1.08672754960456        1.26383814012922
H           -0.95421131594004        1.00467452233454        1.34921165410773
H           -2.47797257519666        0.60758992491374        2.14282016475861
C           -2.43304879987418        2.56212748887043        1.24851830309023
H           -1.99080645436119        3.04260822695221        0.37255372675713
H           -3.51872451157303        2.64410332730598        1.15746414188088
C           -1.97469722562941        3.28605252447806        2.50849847874608
H           -2.42103942910407        2.83407883591251        3.39183589512453
H           -0.89224706051181        3.23171700886068        2.60728986188682
H           -2.26386288868573        4.33384571150587        2.47584368326056
