14
 energy: -13.662509339585 gnorm: 0.012808775844 xtb: 6.7.1 (edcfbbe)
C           -2.49341300000000        0.34945400000000       -0.01033300000000
H           -2.13722100000000       -0.68175300000000       -0.02338100000000
H           -2.14607900000000        0.83134700000000       -0.92688600000000
H           -3.58471500000000        0.32328500000000       -0.04645800000000
C           -2.00023900000000        1.09707300000000        1.22694500000000
H           -0.90617800000000        1.07679900000000        1.25425000000000
H           -2.33381500000000        0.57262200000000        2.12794700000000
C           -2.47573600000000        2.54906500000000        1.28786500000000
H           -2.14216000000000        3.07351700000000        0.38686300000000
H           -3.56979700000000        2.56933900000000        1.26055900000000
C           -1.98256300000000        3.29668400000000        2.52514300000000
H           -2.69350410000000        3.20729003000000        3.34946309000000
H           -1.02368165000000        2.90832487000000        2.87177524000000
H           -1.85307385000000        4.36109087000000        2.31729270000000
14
 energy: -13.663181887172 gnorm: 0.005142073878 xtb: 6.7.1 (edcfbbe)
C           -2.49570029037185        0.36383238865891       -0.00005900968235
H           -2.13688043054230       -0.66402495990710       -0.00437764286928
H           -2.14110422753412        0.85214679454857       -0.90737624683584
H           -3.58472067533729        0.34486845266093       -0.02819353952267
C           -1.99863127075530        1.09728571310728        1.23811926097255
H           -0.90489346556613        1.07823497182233        1.25387734916201
H           -2.34861033419495        0.57679415892105        2.13455997855049
C           -2.47575085282471        2.54755682386451        1.27292067126413
H           -2.12025167529314        3.06000701810964        0.37424800445020
H           -3.56863336099485        2.56655973819720        1.24273568350724
C           -1.98660597633268        3.28577874592701        2.51803081976039
H           -2.68090792225716        3.16372340824950        3.34893306405968
H           -1.01532712051481        2.90925119864775        2.83617058708657
H           -1.88415799748070        4.35212331719242        2.32145605009689
14
 energy: -13.663624237543 gnorm: 0.004358538956 xtb: 6.7.1 (edcfbbe)
C           -2.49957380371789        0.36598768245029        0.00580159292404
H           -2.14410052871677       -0.66109929870429        0.00351217591925
H           -2.13854346737566        0.85958957412572       -0.89304921493233
H           -3.58616142676164        0.35732036050306       -0.01875974769182
C           -2.00209259869036        1.09589394843777        1.24449831087761
H           -0.90996950114534        1.07257060116460        1.25940809348038
H           -2.36695294966430        0.58494590537326        2.13870815147991
C           -2.46776573993682        2.54935888222676        1.26369369678703
H           -2.08569144388393        3.05057608896096        0.37092826883504
H           -3.55847762183988        2.57515845867789        1.21955190954297
C           -1.98880628209021        3.28419590096362        2.51552930261500
H           -2.65920085534024        3.10267287237530        3.35573395436986
H           -0.99354041373011        2.93862882467394        2.79432131955344
H           -1.94129896710686        4.35833796877111        2.34116721623961
14
 energy: -13.664047389544 gnorm: 0.015452804753 xtb: 6.7.1 (edcfbbe)
C           -2.50834897870480        0.36522477412100        0.01306067584470
H           -2.16139523052777       -0.66278480185245        0.01288330659470
H           -2.13695245334552        0.86095794935759       -0.87755108612747
H           -3.59249190484895        0.37057234571160       -0.01213899574257
C           -2.01024522560911        1.09235600387506        1.25471660807036
H           -0.92045083643545        1.05255061230737        1.27900082903152
H           -2.39868532223783        0.59908681551325        2.14704145483388
C           -2.44918026092171        2.55527526146582        1.24889393806990
H           -2.01990386937553        3.04241685798890        0.36991779378973
H           -3.53657187025510        2.60431051460782        1.17238202796845
C           -1.99052221213230        3.28179934071105        2.51311013590532
H           -2.60884074055932        2.98345277528189        3.37256059368135
H           -0.94486027921362        3.01795470919954        2.72264616659780
H           -2.06372641583299        4.37096461171155        2.38452158148233
14
 energy: -13.664423229111 gnorm: 0.007774042190 xtb: 6.7.1 (edcfbbe)
C           -2.51000174452227        0.36128084905153        0.01118623582439
H           -2.16052687605828       -0.66656875982380        0.00661413640303
H           -2.14437716865462        0.85725160364659       -0.88254395720303
H           -3.59491524678712        0.36134424691246       -0.01308848095253
C           -2.01181982134326        1.09173788445602        1.25255876777389
H           -0.92186560294041        1.04937833789873        1.28004944252968
H           -2.39616889760183        0.59913577734158        2.14635145872523
C           -2.44581292281182        2.55605821347425        1.25116971641455
H           -2.01304620218331        3.04402454077491        0.37537446498416
H           -3.53260082306363        2.61245717997536        1.16726284704008
C           -1.99080253768831        3.28276092481650        2.51484579716768
H           -2.60026599770748        2.98516233757992        3.37067331822731
H           -0.94865036656374        3.03479007488406        2.72934004730958
H           -2.07132139207393        4.36532455901188        2.39125123575598
14
 energy: -13.664832439913 gnorm: 0.006510150641 xtb: 6.7.1 (edcfbbe)
C           -2.51767311006047        0.35567788876098        0.01236125680630
H           -2.16948791199903       -0.67398224420880        0.00626888940432
H           -2.15465954604476        0.84676853584168       -0.88711648353324
H           -3.60427732226714        0.35230916386638       -0.01469988926768
C           -2.01832091336334        1.09041125315413        1.25311025073985
H           -0.92847453217590        1.02796023866936        1.29617477438736
H           -2.41243059817513        0.60736192839920        2.14835444978926
C           -2.42685919254972        2.56284209203004        1.24575035301466
H           -1.96969273636745        3.04911652426722        0.38179454807590
H           -3.51110352683374        2.64246520178579        1.13480873215973
C           -1.99154718688732        3.28249146387494        2.51658987595592
H           -2.55359783643884        2.91819312560270        3.37771103259073
H           -0.92809591888116        3.11266827026462        2.70196108719010
H           -2.15595526795602        4.35985432769174        2.42797615268678
14
 energy: -13.664962982916 gnorm: 0.003386434671 xtb: 6.7.1 (edcfbbe)
C           -2.52028779948374        0.35559480133241        0.01378652538133
H           -2.17312703085175       -0.67563757147306        0.01205916141144
H           -2.15797902324012        0.83955810993601       -0.89169521463861
H           -3.60847935380032        0.34970683123521       -0.01586862509124
C           -2.02001046001178        1.09226632492581        1.25171292202788
H           -0.93016686734411        1.01736792353033        1.30352878842984
H           -2.42235060488335        0.61327037035132        2.14758843849343
C           -2.41759858909338        2.56720981107989        1.24193658322003
H           -1.95562631816686        3.05513978862662        0.38125434591469
H           -3.50045404293321        2.65161570762280        1.12345375401942
C           -1.99137777212003        3.28173198700492        2.51725978139076
H           -2.52947981437626        2.88868288184203        3.37947492406827
H           -0.92421591077821        3.14674189982299        2.69186760300421
H           -2.19102201291687        4.35088890416271        2.44468604236855
14
 energy: -13.665013618679 gnorm: 0.004946001939 xtb: 6.7.1 (edcfbbe)
C           -2.52226105956857        0.35622345005265        0.01542751108657
H           -2.18075496477540       -0.67713092227402        0.01849876083531
H           -2.15510022406066        0.83502219143372       -0.89106285324870
H           -3.61063917004165        0.35601803811250       -0.01748827386994
C           -2.02240395210691        1.09225843764656        1.25221806802010
H           -0.93369788497036        1.00797925235842        1.31052425690679
H           -2.43525660460837        0.61898295023008        2.14728522275646
C           -2.41023593897753        2.56898012523477        1.23841904504237
H           -1.93930933838016        3.05549248647882        0.38068746972009
H           -3.49207871907033        2.65754550175504        1.11287579813073
C           -1.98987440037404        3.28095722934756        2.51679968174412
H           -2.50301815713557        2.85457939665595        3.37991404157426
H           -0.91462526316794        3.18329741002879        2.67476820714494
H           -2.23291992276253        4.34393222293911        2.46217809415688
14
 energy: -13.665052797059 gnorm: 0.002622451626 xtb: 6.7.1 (edcfbbe)
C           -2.52142917238965        0.35802181560282        0.01596961785820
H           -2.18710522399273       -0.67764044839656        0.02441302473564
H           -2.14663909354316        0.83170197537702       -0.88996415337986
H           -3.60960893886426        0.36575397815806       -0.02189299368336
C           -2.02298400409017        1.09243115571303        1.25255877727430
H           -0.93552447650907        1.00507829158858        1.31398101175222
H           -2.44193445991451        0.62115409792511        2.14608811035884
C           -2.40919844757985        2.56863212557681        1.23748646067623
H           -1.93993525122876        3.05500540468188        0.37849900185710
H           -3.49099481097944        2.65476361737445        1.11448847476643
C           -1.98800144116385        3.28104844013226        2.51598067475109
H           -2.48689405419539        2.84457830277277        3.37745034915753
H           -0.91448708762174        3.19856808636779        2.66680801708556
H           -2.24743913792741        4.33504092712598        2.46917865679007
14
 energy: -13.665073651977 gnorm: 0.001512172686 xtb: 6.7.1 (edcfbbe)
C           -2.52086699040559        0.35820770388299        0.01575564567441
H           -2.19403469641929       -0.67947845372668        0.02720845621911
H           -2.13673004831094        0.82906720562251       -0.88727906819609
H           -3.60835855060970        0.37452038066783       -0.02807406724304
C           -2.02462924416009        1.09134737501766        1.25470273335224
H           -0.93775551216524        1.00308953690750        1.31899615271228
H           -2.44709738481320        0.62131195659784        2.14652106677603
C           -2.40936643230283        2.56837664636520        1.23679020019614
H           -1.93991589023253        3.05269795683343        0.37725918805713
H           -3.49118820459042        2.65558948116680        1.11460514045022
C           -1.98729725249322        3.28195979346800        2.51487471473431
H           -2.47278231381999        2.83269178863072        3.37972203320802
H           -0.91047181070939        3.21180189654503        2.65478011096029
H           -2.26168126896757        4.33295450202115        2.47518272309892
14
 energy: -13.665095069570 gnorm: 0.001790828673 xtb: 6.7.1 (edcfbbe)
C           -2.51814947185508        0.35855706762880        0.01348353428720
H           -2.20787314242673       -0.68363346182547        0.03171899950817
H           -2.11340545315201        0.82274397977461       -0.88348743099462
H           -3.60412268335025        0.39319157585774       -0.04384643847382
C           -2.02732487648754        1.08884049678297        1.25832438979489
H           -0.94069806040801        1.00295342506712        1.32629555059395
H           -2.45313810081954        0.61754357075463        2.14638106264599
C           -2.41428897226088        2.56607427527271        1.23893782013586
H           -1.94958414922924        3.04761537172849        0.37623745872035
H           -3.49710347371469        2.65248114073750        1.12277189507709
C           -1.98466354675298        3.28373310563148        2.51316489608736
H           -2.45331939326378        2.82637896229485        3.38278248281079
H           -0.90423184000303        3.22586541941888        2.63833491952222
H           -2.27427243627624        4.33179284087567        2.47994589028454
14
 energy: -13.665110327277 gnorm: 0.002000809925 xtb: 6.7.1 (edcfbbe)
C           -2.51438343591447        0.35883493200566        0.01132512116953
H           -2.21473221247759       -0.68628904298560        0.03603691419586
H           -2.09575765957979        0.81599092657851       -0.88283314418220
H           -3.59919319040766        0.40412479930615       -0.05724207104391
C           -2.02966244487578        1.08857269625667        1.25937825960300
H           -0.94261704818884        1.00612410736864        1.32944502068865
H           -2.45582312355019        0.61375409998283        2.14535100277020
C           -2.42107230476460        2.56483021929466        1.24225663657097
H           -1.96437415814523        3.04655079513710        0.37541176404126
H           -3.50506087393682        2.64800711359290        1.13463754791026
C           -1.98270191911961        3.28501503676910        2.51212725009733
H           -2.44639581506910        2.83155148419164        3.38620435333686
H           -0.90293754671916        3.22408868516793        2.63129939247084
H           -2.26746386725117        4.33298191733379        2.47764698237133
14
 energy: -13.665119947099 gnorm: 0.000812733563 xtb: 6.7.1 (edcfbbe)
C           -2.51146645336243        0.35960260370930        0.00987015851638
H           -2.22036776191730       -0.68795210481795        0.04086102249307
H           -2.08147005614005        0.80965596052155       -0.88272225338542
H           -3.59541383115837        0.41279775421218       -0.06924467957502
C           -2.03217633071898        1.08846911188308        1.25983651691375
H           -0.94500214193029        1.00686614843713        1.33356142295965
H           -2.46063665987457        0.61116638353042        2.14412075459917
C           -2.42543595882092        2.56388767004292        1.24491643930944
H           -1.97512490824650        3.04666273728981        0.37482847439368
H           -3.51020886150120        2.64511261047692        1.14397054525237
C           -1.98014405760694        3.28496120275606        2.51138762608461
H           -2.43787589479587        2.83231805805215        3.38825361429086
H           -0.89925631159259        3.22757668180940        2.62392829264663
H           -2.26759637233398        4.33301295209700        2.47747709550081
14
 energy: -13.665123802594 gnorm: 0.000502833698 xtb: 6.7.1 (edcfbbe)
C           -2.50832976929857        0.36023055228173        0.00878586537654
H           -2.22368268899146       -0.68884368014642        0.04452483374801
H           -2.06871715016607        0.80480346224556       -0.88169654183011
H           -3.59117553546546        0.41883112975727       -0.08042371857047
C           -2.03533069123265        1.08844899047300        1.26056262471371
H           -0.94841351276928        1.00755722573232        1.33892534768819
H           -2.46622016595088        0.60926360758773        2.14321874265183
C           -2.42991412032814        2.56325554288854        1.24706411213822
H           -1.98568954178307        3.04667234265763        0.37346766627335
H           -3.51551467663978        2.64380400550211        1.15258689324300
C           -1.97767065281160        3.28501254898615        2.51025490803891
H           -2.42909161765979        2.83189686475883        3.39074919449643
H           -0.89613829239408        3.22987811617476        2.61528117088987
H           -2.26628718450917        4.33332706110076        2.47774393114250
14
 energy: -13.665124992027 gnorm: 0.000344340067 xtb: 6.7.1 (edcfbbe)
C           -2.50759423325890        0.36037877334378        0.00840180258126
H           -2.22229876761095       -0.68843390566300        0.04334912731014
H           -2.06714946654488        0.80634108740273       -0.88080746632201
H           -3.59024644362597        0.41841379241628       -0.08188626449935
C           -2.03640153228002        1.08797750674304        1.26127317886024
H           -0.94967421061165        1.00734357530188        1.34101392425890
H           -2.46837060642886        0.60871478469401        2.14324462971187
C           -2.43103904005583        2.56278501810754        1.24762947789865
H           -1.98805795887098        3.04571625339594        0.37326756209612
H           -3.51669610830235        2.64341481794316        1.15442496350590
C           -1.97694468772439        3.28514901786144        2.50987506675199
H           -2.42779886501700        2.83323585081127        3.39089723976907
H           -0.89516969845365        3.22963452032110        2.61353181534561
H           -2.26473398121455        4.33346667732080        2.47682997273160
14
 energy: -13.665126535958 gnorm: 0.000298116619 xtb: 6.7.1 (edcfbbe)
C           -2.50677855643046        0.36054976178264        0.00796997169962
H           -2.21836803786771       -0.68752173744978        0.04072450023872
H           -2.06687062204497        0.81022822949489       -0.87958075635582
H           -3.58948744192511        0.41590215997622       -0.08237746428804
C           -2.03823027780798        1.08725980112930        1.26259496011671
H           -0.95184584476053        1.00608443774208        1.34490024431441
H           -2.47284766158770        0.60843490561487        2.14322820077760
C           -2.43195856962366        2.56238613914769        1.24792666304681
H           -1.98950820911450        3.04389797573287        0.37278291395417
H           -3.51755013437867        2.64358299831609        1.15583253804668
C           -1.97575431251510        3.28574690143934        2.50900786052874
H           -2.42465692011892        2.83356520942803        3.39096626092873
H           -0.89409157911377        3.23012340011009        2.61063417404108
H           -2.26422743271090        4.33389758753564        2.47643496295058
14
 energy: -13.665127250844 gnorm: 0.000368141858 xtb: 6.7.1 (edcfbbe)
C           -2.50597268023657        0.36082315999785        0.00755535891614
H           -2.21469029507647       -0.68660278566826        0.03883097465975
H           -2.06665867737235        0.81300910462760       -0.87914082391327
H           -3.58885224557533        0.41344492889469       -0.08348224757562
C           -2.04006254306406        1.08674243104969        1.26374221237551
H           -0.95387933401253        1.00481612349611        1.34865453951189
H           -2.47723912799641        0.60772166870808        2.14292641257745
C           -2.43287280470282        2.56213331232668        1.24838552712865
H           -1.99046567697842        3.04260594360373        0.37256637265412
H           -3.51852277171868        2.64403144445576        1.15710382982206
C           -1.97490642587839        3.28607669044742        2.50854321780965
H           -2.42142009868399        2.83391844808104        3.39174689248108
H           -0.89253545412073        3.23162145476216        2.60764488064140
H           -2.26409746458324        4.33379584521742        2.47596788291117
