14
 energy: -13.660533267240 gnorm: 0.014375996216 xtb: 6.7.1 (edcfbbe)
C           -3.14387063000000        0.08802834000000        1.14359529000000
H           -2.77137982000000       -0.93662796000000        1.10163194000000
H           -3.75347973000000        0.25545614000000        0.25293494000000
H           -3.80240969000000        0.16565121000000        2.01148404000000
C           -2.00023900000000        1.09707300000000        1.22694500000000
H           -1.33919432000000        0.97236906000000        0.36346661000000
H           -1.38775010000000        0.88325141000000        2.10857081000000
C           -2.47573600000000        2.54906500000000        1.28786500000000
H           -2.14216000000000        3.07351700000000        0.38686300000000
H           -3.56979700000000        2.56933900000000        1.26055900000000
C           -1.98256300000000        3.29668400000000        2.52514300000000
H           -0.89126000000000        3.32285300000000        2.56126900000000
H           -2.33875400000000        4.32789100000000        2.53819100000000
H           -2.32989700000000        2.81479100000000        3.44169600000000
14
 energy: -13.661018616463 gnorm: 0.005250155794 xtb: 6.7.1 (edcfbbe)
C           -3.14068331854640        0.09664804926387        1.14592946560610
H           -2.76080423659255       -0.92317779070699        1.10739991330997
H           -3.73877642900594        0.27060678306979        0.25181524197202
H           -3.79174833786390        0.18512899982477        2.01509200417880
C           -1.99396691846654        1.09493187213525        1.22932923069599
H           -1.33975549486695        0.95128013533095        0.36534976002007
H           -1.39782230534525        0.87175474118098        2.11828828884121
C           -2.48145931509490        2.55142684728517        1.28450737606967
H           -2.14734414483152        3.09229687239167        0.39517271462533
H           -3.57454681318974        2.57487793260834        1.27713622307708
C           -1.98458496145734        3.28853264660126        2.52074158842560
H           -0.89539025969518        3.31195213870782        2.54363088891138
H           -2.34666103312084        4.31551357337588        2.52768886767940
H           -2.33494672192294        2.79756839893124        3.42813306658737
14
 energy: -13.661049137735 gnorm: 0.001678030553 xtb: 6.7.1 (edcfbbe)
C           -3.14159164039076        0.09721764641398        1.14509542997021
H           -2.76148801415594       -0.92179119237570        1.10907720957736
H           -3.73629317524110        0.27177856039429        0.25041599447243
H           -3.79177113743689        0.18911911642731        2.01298365258532
C           -1.99297198629995        1.09471066750331        1.22910170472636
H           -1.33765862502338        0.95176417792988        0.36721652262138
H           -1.40240639616521        0.87600764351768        2.12159721365029
C           -2.48184630925798        2.55189235738231        1.28365645484799
H           -2.14991455846689        3.09162237140916        0.39414630366225
H           -3.57402195088667        2.56899338409886        1.28102848830962
C           -1.98330520509901        3.28811234801013        2.52091680843099
H           -0.89535010227357        3.31179473591960        2.54055334006992
H           -2.34741722333810        4.31354834608952        2.52856590795692
H           -2.33245396596455        2.79457103727968        3.42585959911897
14
 energy: -13.661057343753 gnorm: 0.001203883205 xtb: 6.7.1 (edcfbbe)
C           -3.14219770837782        0.09619166665778        1.14233611888756
H           -2.76265630450332       -0.92271886296248        1.10886657060814
H           -3.73245727906034        0.27139934642262        0.24569985027422
H           -3.79424925303280        0.19040139749664        2.00768330163353
C           -1.99254270344458        1.09410224038274        1.23108560803847
H           -1.33388846931470        0.95299488664249        0.37266139857304
H           -1.40741687869190        0.87720908367750        2.12663795812459
C           -2.48382347664054        2.55187861599014        1.28441857538152
H           -2.15618871672360        3.08938521180707        0.39314376041683
H           -3.57526393135045        2.56527888802821        1.28707987328153
C           -1.98089966357133        3.28986155024401        2.52048391405311
H           -0.89359265946092        3.31442211925360        2.53534668838213
H           -2.34679094754807        4.31425822394890        2.52973781532371
H           -2.32652229827964        2.79467683241078        3.42503319702163
14
 energy: -13.661065664897 gnorm: 0.001433912946 xtb: 6.7.1 (edcfbbe)
C           -3.14227275265494        0.09530231172754        1.13944157810014
H           -2.76242545160974       -0.92357715041665        1.10732195369031
H           -3.72863850165193        0.27079209914642        0.24024492208252
H           -3.79802639586612        0.18921823499154        2.00212464623931
C           -1.99315104094071        1.09371788041536        1.23388872516999
H           -1.33054461172470        0.95415548506269        0.37832035593956
H           -1.41203958835272        0.87614340700520        2.13180899819748
C           -2.48587747971404        2.55119292397620        1.28633851565087
H           -2.16242383514752        3.08706256592637        0.39261399510326
H           -3.57724393580129        2.56369085595268        1.29362224362786
C           -1.97864182331337        3.29162820217507        2.51950612770240
H           -0.89126019539650        3.31750165850698        2.52988917546905
H           -2.34580288051169        4.31560641568953        2.52911993644920
H           -2.32014179731473        2.79690630984107        3.42597345657804
14
 energy: -13.661076812873 gnorm: 0.001613433965 xtb: 6.7.1 (edcfbbe)
C           -3.14231145178556        0.09424670428642        1.13600520058146
H           -2.76181011992693       -0.92437226076119        1.10496902233956
H           -3.72437347173870        0.27029578021551        0.23419047613073
H           -3.80212111416420        0.18729508558898        1.99560459261005
C           -1.99415878219796        1.09323902947793        1.23717921557060
H           -1.32719925360538        0.95509294392027        0.38482973158794
H           -1.41761124136840        0.87524272615800        2.13790342461327
C           -2.48813643157149        2.55035885191954        1.28884322526776
H           -2.16940167394012        3.08466516215665        0.39254875649979
H           -3.57944507988071        2.56146755932581        1.30131694627169
C           -1.97598829076617        3.29373474015053        2.51830373381603
H           -0.88865247616524        3.32076023931520        2.52375119261891
H           -2.34434340202663        4.31723541891112        2.52779204391732
H           -2.31293750086251        2.80007921933524        3.42697706817488
14
 energy: -13.661092028592 gnorm: 0.001880095597 xtb: 6.7.1 (edcfbbe)
C           -3.14234906229387        0.09307799489120        1.13207556656939
H           -2.76106677710725       -0.92522967787808        1.10192405600021
H           -3.71943751768810        0.27002622186291        0.22728321444540
H           -3.80684963223859        0.18478860542779        1.98816482340480
C           -1.99522852935857        1.09269426460325        1.24105984327936
H           -1.32308688059495        0.95634485633264        0.39256213017965
H           -1.42404834172687        0.87413994912863        2.14503576583016
C           -2.49086041292248        2.54937886707143        1.29169277340240
H           -2.17773894755012        3.08171519884572        0.39231146569190
H           -3.58207488487524        2.55892624084623        1.31026951535998
C           -1.97295026371705        3.29610935054489        2.51691056439978
H           -0.88565968656858        3.32421647622521        2.51659266308406
H           -2.34239427259378        4.31917497820643        2.52606044370891
H           -2.30474508076457        2.80397787389176        3.42827180464399
14
 energy: -13.661112837820 gnorm: 0.002148009390 xtb: 6.7.1 (edcfbbe)
C           -3.14232557276370        0.09161194421063        1.12741389448238
H           -2.76013585415031       -0.92633048490113        1.09805156680049
H           -3.71380138273825        0.26981251192707        0.21935333138153
H           -3.81206753009262        0.18163955594166        1.97953646558976
C           -1.99658134323563        1.09203265533858        1.24562250916818
H           -1.31846221999497        0.95775305963868        0.40162246743599
H           -1.43167205539189        0.87281481238145        2.15335137061193
C           -2.49401615101533        2.54822843469076        1.29512839303754
H           -2.18741506727635        3.07827674657387        0.39221256740473
H           -3.58508473364004        2.55597762695360        1.32081810623505
C           -1.96939763964463        3.29901267910333        2.51522813627044
H           -0.88218955907265        3.32809011944822        2.50836781261659
H           -2.33990962320779        4.32164854517628        2.52387356940735
H           -2.29543155777586        2.80877299351702        3.42963443955803
14
 energy: -13.661131278324 gnorm: 0.002375861341 xtb: 6.7.1 (edcfbbe)
C           -3.14229220131084        0.09054527641883        1.12382754967934
H           -2.75936434666021       -0.92708968666742        1.09493147558286
H           -3.70942228500809        0.26979734282364        0.21328225459492
H           -3.81608367824625        0.17911586686619        1.97287531691145
C           -1.99760079853639        1.09153346154027        1.24918936388646
H           -1.31481682170626        0.95890351113455        0.40873552594483
H           -1.43761224829698        0.87178866201472        2.15982642450000
C           -2.49650020049314        2.54731952487130        1.29777684443785
H           -2.19501105481203        3.07553849832196        0.39210797267847
H           -3.58742524734916        2.55367566493586        1.32903322707599
C           -1.96666129408870        3.30119252709975        2.51390094745217
H           -0.87953950249950        3.33093040263766        2.50196899481546
H           -2.33789539071217        4.32352737164578        2.52205164906939
H           -2.28826522028031        2.81256277635691        3.43070708337079
14
 energy: -13.661154006590 gnorm: 0.002609736260 xtb: 6.7.1 (edcfbbe)
C           -3.14222615552721        0.08933123990247        1.11983599012899
H           -2.75848912217220       -0.92796786921701        1.09138498537717
H           -3.70458811061793        0.26981880615573        0.20660292670239
H           -3.82043791697341        0.17625528743336        1.96550351352692
C           -1.99877053918509        1.09097080354848        1.25314981301977
H           -1.31084504402927        0.96016552881913        0.41663883735430
H           -1.44423558972469        0.87062197036403        2.16697584776572
C           -2.49923967185837        2.54631102168864        1.30075143849344
H           -2.20341185349039        3.07249639801568        0.39206187365136
H           -3.58998125219292        2.55115307125770        1.33816818667401
C           -1.96363627116682        3.30364889776182        2.51240888527295
H           -0.87662557870748        3.33402300491648        2.49490300668555
H           -2.33560780634096        4.32567672594172        2.51998719535319
H           -2.28039537801331        2.81683631341180        3.43184212999421
14
 energy: -13.661181895917 gnorm: 0.002863543733 xtb: 6.7.1 (edcfbbe)
C           -3.14212814198918        0.08801300756237        1.11543233076315
H           -2.75748781335299       -0.92890798465526        1.08740456131195
H           -3.69923832913869        0.26991603348810        0.19927906041820
H           -3.82519009618770        0.17305849994600        1.95736419968071
C           -2.00007520403581        1.09035136410493        1.25754150110801
H           -1.30648769817244        0.96157533946651        0.42541488379527
H           -1.45158320517207        0.86931306579187        2.17485957644984
C           -2.50227255063002        2.54518714883327        1.30405466441361
H           -2.21271034083518        3.06910067680999        0.39205155412224
H           -3.59278037853262        2.54838388250061        1.34828502427416
C           -1.96030846644800        3.30634400333555        2.51073506944946
H           -0.87344304181952        3.33735503169839        2.48709033086349
H           -2.33304200743817        4.32805050546873        2.51763943763304
H           -2.27174301624764        2.82160062564898        3.43306243571683
14
 energy: -13.661215913389 gnorm: 0.003132210999 xtb: 6.7.1 (edcfbbe)
C           -3.14198691894325        0.08657752554961        1.11059093023611
H           -2.75634830922995       -0.92992378795847        1.08296280276789
H           -3.69333465643893        0.27009415341506        0.19128182486724
H           -3.83034691946129        0.16950331092334        1.94840589973038
C           -2.00153765265039        1.08966923193287        1.26238857687827
H           -1.30174967447191        0.96313651280681        0.43511735154219
H           -1.45970874280479        0.86783885450533        2.18350250451552
C           -2.50560757546269        2.54394111698584        1.30771842919446
H           -2.22294743893879        3.06532935284208        0.39210459965057
H           -3.59581868832134        2.54537121377930        1.35944703310318
C           -1.95666522382945        3.30930050331080        2.50886274888528
H           -0.86998770710155        3.34093842237644        2.47848445687771
H           -2.33018448676509        4.33067276144587        2.51499032770560
H           -2.26226629558064        2.82689202808517        3.43435714404558
14
 energy: -13.661257084308 gnorm: 0.003414696630 xtb: 6.7.1 (edcfbbe)
C           -3.14179313352045        0.08503083660591        1.10529786738274
H           -2.75505529841250       -0.93100667586923        1.07804184151611
H           -3.68684454711419        0.27036949211667        0.18259570824389
H           -3.83591547317935        0.16557932127687        1.93859033812644
C           -2.00316927010869        1.08892298671470        1.26771324417521
H           -1.29663125651835        0.96485826092538        0.44579354509723
H           -1.46864871230582        0.86618461659593        2.19292488825549
C           -2.50925719157236        2.54256476914600        1.31176281025863
H           -2.23416023107130        3.06115819521253        0.39223999647792
H           -3.59909604715580        2.54211516645889        1.37169848416376
C           -1.95269896835459        3.31251915757594        2.50677580591970
H           -0.86626119124006        3.34476928080605        2.46904603289924
H           -2.32702712976966        4.33354430633152        2.51201617536520
H           -2.25193183967694        2.83273148610288        3.43571789211841
14
 energy: -13.661306428359 gnorm: 0.003707109366 xtb: 6.7.1 (edcfbbe)
C           -3.14153479044337        0.08337894662934        1.09955064302487
H           -2.75359427556341       -0.93214992595246        1.07262973526270
H           -3.67974980090368        0.27075913632191        0.17322886503472
H           -3.84188369706893        0.16127952471008        1.92790137849271
C           -2.00498284813829        1.08811184422090        1.27352514592698
H           -1.29115222020423        0.96674366660970        0.45746685708145
H           -1.47842302965983        0.86433388966456        2.20312048424174
C           -2.51322263849090        2.54105324958598        1.31620304701168
H           -2.24635680888306        3.05657292160407        0.39248378685640
H           -3.60259971123587        2.53862931890894        1.38505834680046
C           -1.94841294221103        3.31599747893950        2.50446122422905
H           -0.86227677793283        3.34883249847913        2.45875817678933
H           -2.32356661936295        4.33666557952565        2.50869730806051
H           -2.24073412990169        2.83913307075276        3.43712963118736
14
 energy: -13.661364873402 gnorm: 0.004004896103 xtb: 6.7.1 (edcfbbe)
C           -3.14119904046008        0.08163494416437        1.09336206296012
H           -2.75195131929380       -0.93334038170708        1.06672546164440
H           -3.67204998175747        0.27128365034259        0.16321645758465
H           -3.84822164632465        0.15660636066698        1.91635017638839
C           -2.00698713185426        1.08723737146462        1.27982079100629
H           -1.28534857955122        0.96879158817029        0.47013355526276
H           -1.48902694605470        0.86227352454378        2.21405635398151
C           -2.51749605821215        2.53940463707394        1.32104420999852
H           -2.25951501400908        3.05156910447378        0.39286428688710
H           -3.60630755388807        2.53493762285638        1.39951188473311
C           -1.94382213699923        3.31972151424822        2.50190998992485
H           -0.85805981740921        3.35309749609581        2.44762992423761
H           -2.31980712143092        4.34002734825648        2.50501743682976
H           -2.22869794275524        2.84609641934991        3.43857203856086
14
 energy: -13.661433141501 gnorm: 0.004301838364 xtb: 6.7.1 (edcfbbe)
C           -3.14077232381226        0.07981791103229        1.08676368048836
H           -2.75011506140041       -0.93456042768854        1.06034196164034
H           -3.66376788668600        0.27196526333703        0.15262656099541
H           -3.85487703616972        0.15157336990308        1.90398270355608
C           -2.00918649708965        1.08630360348104        1.28657877198557
H           -1.27927670744347        0.97099441357800        0.48375356642842
H           -1.50042488440773        0.85999458564910        2.22566550145278
C           -2.52205672941324        2.53762146242465        1.32627870757985
H           -2.27357306216640        3.04615653132198        0.39341196518330
H           -3.61018513697553        2.53107715300742        1.41500188349079
C           -1.93895624180126        3.32366570821706        2.49911916241978
H           -0.85365000434932        3.35751692796347        2.43570406548926
H           -2.31576209382857        4.34361115172187        2.50096733535258
H           -2.21588662445652        2.85360354605162        3.44001876393744
14
 energy: -13.661511635021 gnorm: 0.004590692248 xtb: 6.7.1 (edcfbbe)
C           -3.14024171891069        0.07795349010536        1.07980678938198
H           -2.74807789729327       -0.93578733564815        1.05350890698030
H           -3.65495125920312        0.27282690933774        0.14155982492140
H           -3.86177640266308        0.14620783693957        1.89088195077240
C           -2.01157887750268        1.08531721228367        1.29375863215070
H           -1.27301129454470        0.97333768832321        0.49824768660015
H           -1.51254744351650        0.85749450149191        2.23784722801695
C           -2.52687119454214        2.53571133469758        1.33188398002370
H           -2.28842840814689        3.04036085357435        0.39415661139461
H           -3.61418720752038        2.52709656529182        1.43142563860708
C           -1.93385963595571        3.32779176755699        2.49609325287965
H           -0.84910035780711        3.36202735954335        2.42305870845558
H           -2.31145580558554        4.34738756645854        2.49654689247006
H           -2.20240278680829        2.86161545004413        3.44143852734537
14
 energy: -13.661600337268 gnorm: 0.004863229950 xtb: 6.7.1 (edcfbbe)
C           -3.13959615227060        0.07607267247937        1.07256150104967
H           -2.74583805469069       -0.93699474002992        1.04627393331883
H           -3.64567283427661        0.27388987197391        0.13014631017362
H           -3.86882780547547        0.14055173929843        1.87716702333115
C           -2.01415477949582        1.08428735191568        1.30130072318917
H           -1.26664196374518        0.97580007319717        0.51349730513594
H           -1.52529142833101        0.85477893640842        2.25046979449967
C           -2.53189372017579        2.53368729646412        1.33782169209281
H           -2.30393934123467        3.03422434330256        0.39512442950689
H           -3.61825951935889        2.52305347116600        1.44863558529555
C           -1.92859020042826        3.33204988815907        2.49284520046831
H           -0.84447503777567        3.36655248905309        2.40980664259217
H           -2.30692351178862        4.35131677029768        2.49176787666123
H           -2.18838594095283        2.87007103631452        3.44279661268490
14
 energy: -13.661698761101 gnorm: 0.005111184400 xtb: 6.7.1 (edcfbbe)
C           -3.13882803019210        0.07420953299390        1.06511218194522
H           -2.74340075466353       -0.93815462261481        1.03870151773146
H           -3.63602556836829        0.27517128178897        0.11853558481171
H           -3.87592839809637        0.13466087145776        1.86298531530042
C           -2.01689684315152        1.08322490975979        1.30912969875549
H           -1.26026571388631        0.97835456254159        0.52935132810193
H           -1.53852582351795        0.85186267347754        2.26337999510938
C           -2.53706952845342        2.53156745259743        1.34403922766469
H           -2.31993450260818        3.02780389278885        0.39633460005716
H           -3.62234335541779        2.51900934281983        1.46644834283458
C           -1.92321512749322        3.33638204491828        2.48939634742873
H           -0.83984420077979        3.37100962823591        2.39608766850804
H           -2.30221028372974        4.35535053142570        2.48665502829599
H           -2.17400215964191        2.87888909780935        3.44405779345512
14
 energy: -13.661805958453 gnorm: 0.005327110497 xtb: 6.7.1 (edcfbbe)
C           -3.13793438523988        0.07239839030508        1.05755082993704
H           -2.74077881705242       -0.93923977710487        1.03086983710481
H           -3.62611492148516        0.27668177199676        0.10688377301038
H           -3.88297369097116        0.12860237579460        1.84850067338471
C           -2.01978053583477        1.08214161860816        1.31716007865223
H           -1.25397802176918        0.98097052563311        0.54563750482201
H           -1.55210182713059        0.84876937392341        2.27641584101190
C           -2.54233918725658        2.52937381581129        1.35047309954314
H           -2.33622660960159        3.02116703199164        0.39779650314080
H           -3.62638064423111        2.51502366555607        1.48465889528007
C           -1.91780535824216        3.34072660175106        2.48577529566775
H           -0.83527791724419        3.37531759377278        2.38205706297886
H           -2.29736854822228        4.35943541740866        2.48124592744733
H           -2.15942982571906        2.88797279455236        3.44518930801889
14
 energy: -13.661920591285 gnorm: 0.005505330365 xtb: 6.7.1 (edcfbbe)
C           -3.13691756858617        0.07067032424559        1.04996912528249
H           -2.73799265519630       -0.94022684775944        1.02286548835635
H           -3.61604954446979        0.27842302183203        0.09533938111680
H           -3.88986753169035        0.12244989535168        1.83387886514167
C           -2.02277603584528        1.08104891091606        1.32530313099094
H           -1.24786425588873        0.98361628032628        0.56217657571717
H           -1.56586529597953        0.84553011808428        2.28942032228202
C           -2.54764347670625        2.52713074077200        1.35705408783209
H           -2.35262821458594        3.01438647023611        0.39950830736033
H           -3.63031888746914        2.51114840981839        1.50305766836751
C           -1.91242932257636        3.34502402282696        2.48201593571744
H           -0.83083995079481        3.37940541476211        2.36787217718311
H           -2.29245432413377        4.36351736015999        2.47558956002472
H           -2.14484322607772        2.89721707842809        3.44616400462727
14
 energy: -13.662091409939 gnorm: 0.002470333408 xtb: 6.7.1 (edcfbbe)
C           -3.13388471645604        0.07003132197727        1.04204250555168
H           -2.73187794369123       -0.94001643746490        1.01145255639322
H           -3.60405781901375        0.28300294280867        0.08446704096407
H           -3.89627645928193        0.11234263171203        1.81718454281081
C           -2.02844205733426        1.07974061508837        1.33608642501751
H           -1.24590023312804        0.98535652763499        0.58097976314529
H           -1.58007618331610        0.83742262109735        2.30185795781040
C           -2.55373129653335        2.52371516043584        1.36712223296850
H           -2.36883967103855        3.00692019194055        0.40598023753467
H           -3.63445891622694        2.51188071892414        1.52317478540108
C           -1.90764630387940        3.34880427313314        2.47607694224147
H           -0.82745790278581        3.38100413272858        2.35147126305389
H           -2.28629317484629        4.36824064110153        2.46522524283697
H           -2.12954761246846        2.91089585888255        3.44709313427033
14
 energy: -13.662303678575 gnorm: 0.002345386462 xtb: 6.7.1 (edcfbbe)
C           -3.13011448141644        0.07062916013148        1.03061016952666
H           -2.72453523667049       -0.93841915424648        0.99416068695171
H           -3.59034749790058        0.29120335924937        0.07006305339861
H           -3.90407177958784        0.09907412995740        1.79545211367025
C           -2.03472282175737        1.07878510916347        1.35018816332829
H           -1.23719928754584        0.99121916526029        0.60949462231334
H           -1.60228174201823        0.83028947395502        2.32139257812831
C           -2.56215653826114        2.51876033067807        1.37910911796180
H           -2.39588910500305        2.99368331509998        0.41001572728555
H           -3.63997757499147        2.50787151101723        1.55282329112555
C           -1.90014083121669        3.35273821577223        2.46750580439258
H           -0.82141310382732        3.38074315619724        2.33082939163578
H           -2.27569010607681        4.37385582855451        2.45068150969820
H           -2.10995018372686        2.92890759921029        3.44788840058324
14
 energy: -13.662607713252 gnorm: 0.005496646880 xtb: 6.7.1 (edcfbbe)
C           -3.12496752586425        0.06997315639782        1.01330321863015
H           -2.71501109015029       -0.93757451746447        0.96718485178979
H           -3.57210367868962        0.30354732548940        0.04946672387079
H           -3.91287916375601        0.08019106947888        1.76544390839039
C           -2.04293148235602        1.07695318804236        1.36993105805835
H           -1.22261738048792        0.99927608556334        0.65143918836440
H           -1.63585538805749        0.82119430290142        2.35076015880070
C           -2.57435757712583        2.51238957005503        1.39557329896642
H           -2.43673922291026        2.97506916868097        0.41467125271551
H           -3.64786809831919        2.50030211251920        1.59701378120658
C           -1.88876941323972        3.36003306695389        2.45550870111866
H           -0.81192527255638        3.37954441845166        2.30222932256984
H           -2.25842186181104        4.38377920662538        2.43012775313505
H           -2.08404313467614        2.95466304630520        3.44756141238321
14
 energy: -13.663247956909 gnorm: 0.013442505940 xtb: 6.7.1 (edcfbbe)
C           -3.11331340029471        0.06754115659372        0.97212856644035
H           -2.69268406541934       -0.93577366794031        0.90319279725327
H           -3.52856412392451        0.33290268611881        0.00055875038923
H           -3.93309491282655        0.03636119148784        1.69433632024874
C           -2.06173079679415        1.07218222120087        1.41643532324625
H           -1.18821817329503        1.01790582510826        0.75112224931188
H           -1.71617349556401        0.80057881909162        2.42062348940215
C           -2.60346932996111        2.49790495770241        1.43406396259279
H           -2.53378105858038        2.93126319341199        0.42611705920518
H           -3.66620800467241        2.48126650076928        1.70217142110675
C           -1.86156181282208        3.37808387111828        2.42774164772619
H           -0.78950417295650        3.37669852006646        2.23412192160881
H           -2.21735347836058        4.40745738916002        2.38165631924413
H           -2.02283346452880        3.01496853611080        3.44594480222408
14
 energy: -13.663563874496 gnorm: 0.016422881496 xtb: 6.7.1 (edcfbbe)
C           -3.10598203011880        0.06555638262903        0.94777320099995
H           -2.67785369671205       -0.93390104643014        0.86608088990993
H           -3.50021031453847        0.35119611235004       -0.02779993399991
H           -3.94334075689332        0.01253794861179        1.65013692344582
C           -2.07385095434647        1.06847972268032        1.44426816695144
H           -1.17241843155749        1.02773454672430        0.81168302244225
H           -1.76579493521163        0.78814323087561        2.46035032798220
C           -2.62058523434604        2.48985734193548        1.45809637955304
H           -2.59028291053554        2.90507609376781        0.43776259473871
H           -3.67465340570914        2.47036463244020        1.76545624468664
C           -1.84580461812023        3.38934810132052        2.41113739513716
H           -0.77793161809698        3.37445161465153        2.19165038645650
H           -2.19439000281884        4.42077442332577        2.35172162367540
H           -1.98539138099516        3.04972209511776        3.44189740802066
14
 energy: -13.663943267535 gnorm: 0.014460640994 xtb: 6.7.1 (edcfbbe)
C           -3.09903173655777        0.06391747883093        0.92697147933525
H           -2.66242384914474       -0.93032079894650        0.83642736937344
H           -3.46924611674328        0.36771400071696       -0.05283448941932
H           -3.95302984323452       -0.00549375129474        1.60651488999536
C           -2.08556242306563        1.06392991484355        1.46974527858680
H           -1.16511366068414        1.03389782903056        0.86678851331244
H           -1.81122831779258        0.77563313098159        2.49302139966550
C           -2.63613824746812        2.48344931862686        1.48098703925377
H           -2.63842450029747        2.88250013619629        0.45510261562607
H           -3.67954652373808        2.46264799308440        1.82206551659097
C           -1.83270501689468        3.39904520876507        2.39637025140123
H           -0.77082637080882        3.37323422119532        2.14914878544834
H           -2.17757108486399        4.43015529141385        2.32416513872971
H           -1.94764259870634        3.07903122655585        3.43574084210017
14
 energy: -13.664494566088 gnorm: 0.007186140188 xtb: 6.7.1 (edcfbbe)
C           -3.08894668191984        0.06206117376823        0.89890977438781
H           -2.63858265444274       -0.92320695740480        0.80287014862015
H           -3.41324958240107        0.38961060227967       -0.08994702329373
H           -3.97187308648103       -0.02595316687298        1.53515368971795
C           -2.10331362425148        1.05545406459258        1.50736185176557
H           -1.16305540167330        1.03879953782575        0.94623793362459
H           -1.87701239022837        0.75384333506687        2.53595733661947
C           -2.65918377281553        2.47552838412466        1.51574490505604
H           -2.70403650941339        2.85205531670544        0.48839935013998
H           -3.68371913829169        2.45632117320747        1.90323464329118
C           -1.81534731630226        3.41193103434388        2.37574815930968
H           -0.76618487426285        3.37570909752255        2.07868777514617
H           -2.16138570703852        4.43912865458468        2.28671359992480
H           -1.88259955047808        3.11805895025596        3.42514248569001
14
 energy: -13.664745175440 gnorm: 0.005449175101 xtb: 6.7.1 (edcfbbe)
C           -3.08259515183082        0.06141669581011        0.88251910754688
H           -2.62554723613256       -0.91950306899508        0.79328317281109
H           -3.36845117110797        0.39970222582274       -0.11389437048469
H           -3.98646821284632       -0.02963942811537        1.48305256950889
C           -2.11513061551767        1.04879722137629        1.53023350875178
H           -1.16457169706016        1.03882137262706        0.99516332085370
H           -1.91943538979634        0.73689692161068        2.55951218061949
C           -2.67292758888607        2.47191170534161        1.53821913434156
H           -2.74350814479697        2.83555957049314        0.51218781707191
H           -3.68354575514047        2.45628645113275        1.95463224262666
C           -1.80537379356360        3.41913684263894        2.36317792649130
H           -0.76858657672794        3.38265786882733        2.02742201572649
H           -2.15978547784317        4.44130718595254        2.27033525623465
H           -1.83256347875008        3.13598963547722        3.41437074789994
14
 energy: -13.664851129731 gnorm: 0.007767354463 xtb: 6.7.1 (edcfbbe)
C           -3.07667723855770        0.06186969121766        0.86655886644843
H           -2.61749869367821       -0.91848103512466        0.78789888911932
H           -3.32343086600310        0.40747160429783       -0.13855930996896
H           -4.00298937935704       -0.03013455824080        1.43234679490616
C           -2.12594597979752        1.04352746280732        1.55211789669027
H           -1.16143400283183        1.04039254739911        1.04116961781053
H           -1.95855554686237        0.72200157000791        2.58366408598713
C           -2.68613636893142        2.46752555462010        1.55895457530184
H           -2.78278069275774        2.81946499513223        0.53028583859944
H           -3.68525113070350        2.45477305617163        2.00290636862670
C           -1.79531762212290        3.42510417018260        2.35079978450428
H           -0.77094944297380        3.39203360006299        1.97641145344361
H           -2.15947426319660        4.44364521155119        2.26088787653205
H           -1.78204906222643        3.15014732991484        3.40477189199882
14
 energy: -13.664959844659 gnorm: 0.008987153399 xtb: 6.7.1 (edcfbbe)
C           -3.07276707767374        0.06319720855749        0.85894299955862
H           -2.62022494781903       -0.92229359296905        0.80597341833581
H           -3.27994774370799        0.40325677833746       -0.15443671202915
H           -4.01620729269136       -0.01174456154956        1.39109759226027
C           -2.13418927108936        1.03920882970158        1.56316356404722
H           -1.16587177752672        1.03671084039619        1.06498686739044
H           -1.98150098494852        0.71101756810835        2.59146146218775
C           -2.69162046379641        2.46632648544020        1.57226235979161
H           -2.80070220111545        2.81415961187403        0.54613485721571
H           -3.68142607336910        2.45807155909626        2.02902989799259
C           -1.79089385825429        3.42712642611136        2.34363096387535
H           -0.78196068184411        3.40930014496391        1.93468261995005
H           -2.17360940732439        4.44068129506878        2.27272396809554
H           -1.73756850883967        3.14432260686294        3.39056077132781
14
 energy: -13.665044051259 gnorm: 0.006741434603 xtb: 6.7.1 (edcfbbe)
C           -3.06763291999076        0.06597410268461        0.84834480733565
H           -2.62438456859314       -0.92577767112046        0.81735082164757
H           -3.23687360021398        0.40121537249545       -0.17479067613329
H           -4.03107092162077        0.00307606604715        1.34930247794793
C           -2.14166847336274        1.03673373993059        1.57755994141941
H           -1.16328699638925        1.03698727844496        1.09503346592834
H           -2.00722156232022        0.70163359210751        2.60769302038887
C           -2.69992941284077        2.46245594761572        1.58587492002490
H           -2.82677780306591        2.80444170031251        0.55776167706314
H           -3.68276098439264        2.45658133498607        2.06079586635840
C           -1.78439968352466        3.42902320056397        2.33360002111844
H           -0.78866094029550        3.42596093828519        1.89050829321093
H           -2.18139987934766        4.43936262283136        2.28254549000959
H           -1.69242254404217        3.14167297481531        3.37863450367973
14
 energy: -13.665114708335 gnorm: 0.002005597136 xtb: 6.7.1 (edcfbbe)
C           -3.06425950346019        0.06986573674887        0.84460207137247
H           -2.63957078737881       -0.93237505892297        0.83854234706775
H           -3.20623052886117        0.39035332517817       -0.18569514249508
H           -4.03951477374109        0.02672617803322        1.32535567079712
C           -2.14460337915596        1.03725873535002        1.58239014007560
H           -1.16117329268208        1.03756046151574        1.10511840238897
H           -2.01477395440768        0.69849230129125        2.61313632516398
C           -2.70223645239189        2.45982428169694        1.59034398598001
H           -2.83610800153058        2.80096827105612        0.56047894165304
H           -3.68378272820279        2.45627679125047        2.07056313720962
C           -1.78239923312288        3.42729132953248        2.32780916910132
H           -0.79812709674834        3.44533391734534        1.86384456289297
H           -2.19194382810706        4.43561871102872        2.30700032252925
H           -1.66376673020961        3.12614621889556        3.36672469626256
14
 energy: -13.665125147715 gnorm: 0.001279811096 xtb: 6.7.1 (edcfbbe)
C           -3.06432033445066        0.07105154114225        0.84626392740152
H           -2.64571563555905       -0.93360356211374        0.84729087544051
H           -3.20026875257960        0.38509701243603       -0.18671427785932
H           -4.04172239333182        0.03507791430822        1.32383621055390
C           -2.14467304321038        1.03799083805459        1.58134625856195
H           -1.16254135098469        1.03855263135983        1.10218927690351
H           -2.01039607477482        0.69918466482109        2.61075229947379
C           -2.70120311976465        2.45947973757011        1.58967795048039
H           -2.83277786263155        2.80076502775460        0.55992716599507
H           -3.68403636114246        2.45724240236003        2.06563012193433
C           -1.78351384950556        3.42563297086777        2.32823259017148
H           -0.80146283660841        3.45164521526301        1.86020518043936
H           -2.19608414091754        4.43271335445045        2.31649875685903
H           -1.65977453453893        3.11851145172570        3.36507829364408
14
 energy: -13.665126395296 gnorm: 0.000858917072 xtb: 6.7.1 (edcfbbe)
C           -3.06401215351761        0.07125327337275        0.84565857848726
H           -2.64691523878808       -0.93313874123461        0.84880114890043
H           -3.19887814116816        0.38316596148360       -0.18749570469119
H           -4.04129156682930        0.03788598642347        1.32215381777702
C           -2.14499928919449        1.03796848777978        1.58163924840276
H           -1.16231612874744        1.03972545322921        1.10341962043810
H           -2.01067940170606        0.69780498238534        2.61139345626417
C           -2.70127395599925        2.45934281459515        1.59008890595054
H           -2.83369300921568        2.79931536816611        0.55992037560970
H           -3.68467015082809        2.45825397929428        2.06661547462456
C           -1.78314272190958        3.42570408911936        2.32763301607497
H           -0.80192454052238        3.45394902843400        1.85933914726204
H           -2.19659769990346        4.43155981968210        2.31802882700309
H           -1.65809629167055        3.11655069726942        3.36301871789615
14
 energy: -13.665126780605 gnorm: 0.000782982808 xtb: 6.7.1 (edcfbbe)
C           -3.06322602588598        0.07141853866573        0.84421454039435
H           -2.64733633079567       -0.93347653791659        0.85112314441732
H           -3.19144995325438        0.38298486807252       -0.19078568750338
H           -4.04416819096660        0.04059710693442        1.31492968416034
C           -2.14627811034665        1.03733623361107        1.58392517754131
H           -1.16239661637262        1.03981670177156        1.10855061366153
H           -2.01435156804543        0.69602297792651        2.61355591792913
C           -2.70258918561232        2.45893265025021        1.59240460241343
H           -2.83785802251516        2.79751800637457        0.56232100649070
H           -3.68481580655935        2.45850182908316        2.07122551942647
C           -1.78234397072677        3.42617572034829        2.32626550548671
H           -0.80322927271861        3.45659097195122        1.85176599736359
H           -2.19834693071973        4.43102526566945        2.31955750170080
H           -1.65010030548087        3.11589686725783        3.36116110651729
