14
 energy: -13.659774661265 gnorm: 0.014126661675 xtb: 6.7.1 (edcfbbe)
C           -1.86387406000000        0.44601499000000        2.60191398000000
H           -1.52345781000000       -0.58761189000000        2.52340851000000
H           -2.81865195000000        0.44078585000000        3.13229405000000
H           -1.14574490000000        0.98478221000000        3.22396725000000
C           -2.00023900000000        1.09707300000000        1.22694500000000
H           -2.69832828000000        0.51671062000000        0.61540846000000
H           -1.03821157000000        1.05654848000000        0.70638050000000
C           -2.47573600000000        2.54906500000000        1.28786500000000
H           -2.14216000000000        3.07351700000000        0.38686300000000
H           -3.56979700000000        2.56933900000000        1.26055900000000
C           -1.98256300000000        3.29668400000000        2.52514300000000
H           -2.51486281000000        2.97048278000000        3.42134712000000
H           -0.91745485000000        3.13153796000000        2.69455836000000
H           -2.13877785000000        4.37292851000000        2.42402009000000
14
 energy: -13.661060304497 gnorm: 0.006360086035 xtb: 6.7.1 (edcfbbe)
C           -1.87429321002727        0.41589862487946        2.60018174625612
H           -1.54610673433382       -0.61591381914400        2.48308028151034
H           -2.83653830969665        0.41319425798791        3.11103826397421
H           -1.15084316355235        0.92635101820652        3.23250796585074
C           -1.98369179246342        1.09821690380019        1.24231447131529
H           -2.67084621671693        0.52103869569201        0.61710649290694
H           -1.00569759469805        1.06557590855411        0.75242691820417
C           -2.48045753242767        2.54947041687169        1.30556094757614
H           -2.15853275324478        3.06741158678828        0.39784509635026
H           -3.57434622985942        2.56387014602265        1.30699639638415
C           -1.98082430689727        3.32868574393681        2.51655327624007
H           -2.48750569956774        2.99843040120939        3.42217591638743
H           -0.90835095657176        3.19143615372617        2.65029549553087
H           -2.17182457994288        4.39419147146882        2.39259005151326
14
 energy: -13.661783153422 gnorm: 0.004430217809 xtb: 6.7.1 (edcfbbe)
C           -1.89001701949358        0.40037138102974        2.60178087970432
H           -1.57668491154641       -0.63191280474884        2.45861463706194
H           -2.85855402623782        0.40128542288254        3.09556815155122
H           -1.16458535150670        0.88507521113672        3.24902157899373
C           -1.96738557093159        1.10248036301719        1.25087154648718
H           -2.63155888103531        0.53017177209293        0.59664863024906
H           -0.97135525063510        1.09500270650758        0.79662581101180
C           -2.48921202336696        2.54669101562264        1.31654559226487
H           -2.19158796865295        3.05542707895715        0.39571599608682
H           -3.58247929886690        2.54015752384699        1.34913999158409
C           -1.97169910167798        3.34456542169112        2.50906384916651
H           -2.44008853797455        3.00601582912251        3.43064365004789
H           -0.89055194199106        3.24269152525686        2.60478981458244
H           -2.20409919608308        4.39983506358489        2.37564319120811
14
 energy: -13.662446074750 gnorm: 0.006407490828 xtb: 6.7.1 (edcfbbe)
C           -1.90915801442124        0.38637337320312        2.60138607976915
H           -1.61692593592577       -0.64976559270718        2.44635799183524
H           -2.88508440753192        0.40221769857352        3.07787966205148
H           -1.18290646651508        0.84599406971142        3.26512247035799
C           -1.94699775705378        1.10872705802672        1.25723824596058
H           -2.57492911351447        0.53781362787936        0.56474506640628
H           -0.93186134577796        1.13268611058687        0.84519155765595
C           -2.49997002394184        2.54114193188010        1.32699476355920
H           -2.24255436363199        3.04502974705050        0.39064796639891
H           -3.59147484442264        2.50717561588542        1.39810069490235
C           -1.96009191554471        3.35860774393971        2.49786136697222
H           -2.37945636561373        3.00519237081360        3.43824940729914
H           -0.87223484744900        3.29253364289444        2.54997548806551
H           -2.23621367865589        4.40413011226245        2.37092255876598
14
 energy: -13.663051578028 gnorm: 0.007370024182 xtb: 6.7.1 (edcfbbe)
C           -1.93054959092779        0.37418281718048        2.59804170718730
H           -1.66189308890496       -0.66744204372525        2.43870997148998
H           -2.91719205597330        0.40968104060523        3.05269442464778
H           -1.20877371337307        0.80839076531958        3.28463266302657
C           -1.92161688812144        1.11776074782670        1.26328509025723
H           -2.50265597219526        0.54621731176710        0.52867872508023
H           -0.88912919952674        1.17736966745804        0.89811659096428
C           -2.51308268727555        2.53203607320038        1.33941663239613
H           -2.30928194630878        3.03419259445258        0.38704202632862
H           -3.60058635442243        2.46498426258947        1.45517624955012
C           -1.94661372448913        3.37083762823655        2.48304440903248
H           -2.30801809821620        3.00307034360755        3.44393294430150
H           -0.85551158242394        3.34057815836590        2.48558699297575
H           -2.26495417784141        4.40599814311572        2.37231489276199
14
 energy: -13.663478757140 gnorm: 0.007165559893 xtb: 6.7.1 (edcfbbe)
C           -1.95104268742950        0.36162251550579        2.59174260304956
H           -1.69705841637415       -0.68295264568875        2.43022283677885
H           -2.95008000493809        0.40863651246364        3.02052666115642
H           -1.24433692865525        0.77550655184318        3.30759636978531
C           -1.89693116674113        1.12769066392711        1.27046628020797
H           -2.42879911406832        0.55617057251592        0.49880350258136
H           -0.85285270237335        1.22190789047290        0.95005450331228
C           -2.52539389877725        2.52133361569064        1.35379953813903
H           -2.37795784363330        3.02239041410857        0.38910824180024
H           -3.60541931928843        2.42209106015379        1.51270572747732
C           -1.93336148296614        3.38309781072030        2.46666710062272
H           -2.23633097978398        3.00744734562320        3.44546443120483
H           -0.84345243409295        3.38488204581976        2.41957390533996
H           -2.28684210087816        4.40803315684398        2.37394161854410
14
 energy: -13.663711058409 gnorm: 0.003884465407 xtb: 6.7.1 (edcfbbe)
C           -1.96294556256354        0.35304546320189        2.58572606768840
H           -1.70400508046588       -0.68937125690406        2.42269508694885
H           -2.97113918671287        0.39443196095440        2.99416516804298
H           -1.27687837469135        0.76199436280621        3.32408880317215
C           -1.88435657009167        1.13379312971853        1.27655194591927
H           -2.38628071667011        0.56457862777630        0.48813260498283
H           -0.83778495334739        1.24562568484270        0.98252085429654
C           -2.53167005682734        2.51458326551879        1.36392787637375
H           -2.41696441047080        3.01366140487910        0.39644874936406
H           -3.60356808960246        2.39971269536285        1.54694246993801
C           -1.92583929535323        3.39080918054020        2.45574897823465
H           -2.19172654135299        3.01506129251503        3.44280394971243
H           -0.84021212499878        3.41036468466961        2.37647847780082
H           -2.29648811685159        4.40956701411849        2.37444228752519
14
 energy: -13.663832991065 gnorm: 0.004968687614 xtb: 6.7.1 (edcfbbe)
C           -1.97753050143797        0.34373572941133        2.58072486150068
H           -1.70270151893652       -0.69411044350699        2.41506052954840
H           -2.99772781851592        0.37045104682180        2.96298987744859
H           -1.31725678051642        0.75286327711232        3.34261328645925
C           -1.87271685539181        1.13880529232673        1.28300649663977
H           -2.34585597840747        0.57299857626881        0.47593164486723
H           -0.81920311176724        1.26702575844712        1.02012271542085
C           -2.53828137006329        2.50960921706743        1.37416697941116
H           -2.45426510653646        3.00600889482733        0.40359047075945
H           -3.60313191846414        2.37976426372912        1.58466051845572
C           -1.91698054135197        3.39896552397640        2.44542302052075
H           -2.13932088162714        3.01807967499748        3.44274852641188
H           -0.83272837260091        3.44228854104400        2.32534225680194
H           -2.31215832438275        4.41137215747715        2.37429213575425
14
 energy: -13.663951505292 gnorm: 0.004403130709 xtb: 6.7.1 (edcfbbe)
C           -1.98865110981372        0.33116761435188        2.57585628791083
H           -1.67587532058723       -0.69667793756751        2.40620385118827
H           -3.02081083163495        0.32257713897998        2.92887500922683
H           -1.36452132193882        0.75252768254916        3.36156453171570
C           -1.86810985366512        1.14169138910348        1.29125382761520
H           -2.32045571596659        0.58229762206980        0.47187130594965
H           -0.81233877247170        1.27929830733233        1.05149847658122
C           -2.54244329025371        2.50792965019134        1.38400073016587
H           -2.48143717063390        2.99720576625323        0.41087435489693
H           -3.59997471245959        2.37034729102208        1.61720824269033
C           -1.90852510302649        3.41069933629432        2.43565789077932
H           -2.09948495063075        3.03449135923804        3.43554763943565
H           -0.83295537922400        3.46669304728464        2.28909793581583
H           -2.31427554769342        4.41760924289727        2.37116323602830
14
 energy: -13.664024557700 gnorm: 0.004665086035 xtb: 6.7.1 (edcfbbe)
C           -2.00088029438638        0.31831817887294        2.57260793116142
H           -1.65500307150603       -0.70015782120499        2.40342542334534
H           -3.04299482070860        0.27883170821014        2.89646021919478
H           -1.40934275315076        0.74931490169862        3.37949802803865
C           -1.86238897476539        1.14389992492791        1.29834245994634
H           -2.29735659964016        0.59094499022308        0.46408188680763
H           -0.80319435814880        1.28977287417663        1.07886564454872
C           -2.54577924731737        2.50693480430567        1.39347702107004
H           -2.50530665813503        2.98958862369095        0.41515651763952
H           -3.59798317430108        2.36197438918266        1.64593533929079
C           -1.89995012863426        3.42276533342169        2.42759669223285
H           -2.05480479094090        3.04284268674388        3.43485256340524
H           -0.82757257534079        3.49963048403599        2.24959380121061
H           -2.32730163302444        4.42319643171490        2.37077979210798
14
 energy: -13.664094203371 gnorm: 0.003843876496 xtb: 6.7.1 (edcfbbe)
C           -2.00607158071328        0.31076108786714        2.57126066952971
H           -1.62655049473515       -0.69728765539128        2.40912394660402
H           -3.05110799820908        0.24076469087596        2.87397837029271
H           -1.44127932046939        0.75599607664667        3.38752373788301
C           -1.86422337142087        1.14264186877661        1.30183025491719
H           -2.29902160564862        0.59499642551852        0.46387742934125
H           -0.80409116411722        1.28640309258818        1.08694370816877
C           -2.54534722907838        2.50890729439149        1.39841000277734
H           -2.50710295603982        2.98638911592740        0.41760090095911
H           -3.59604076513159        2.36758467141325        1.65593275311501
C           -1.89516713340643        3.42963974392399        2.42485882367156
H           -2.03470264766752        3.04857858901276        3.43364447873347
H           -0.82586147913168        3.51667085942390        2.23353615434529
H           -2.33329133423099        4.42581164902546        2.37215208966147
14
 energy: -13.664141289599 gnorm: 0.002915636775 xtb: 6.7.1 (edcfbbe)
C           -2.00981201091239        0.30626261319079        2.57084086901595
H           -1.59875570815051       -0.69037582868394        2.41541799406223
H           -3.05895172769566        0.20491843732077        2.84738788287860
H           -1.47506062986346        0.76458947521556        3.40100728496991
C           -1.86479818644159        1.14187199247942        1.30443153160518
H           -2.30179710427070        0.59694560202008        0.46459020010071
H           -0.80328991813079        1.28521795685036        1.09049162835701
C           -2.54554934833278        2.51003299530623        1.40275991147826
H           -2.51116522008616        2.98449451870693        0.41812489647198
H           -3.59697490075880        2.36989707843504        1.66759269801830
C           -1.88891452424663        3.43463192027675        2.42168271150085
H           -2.01584389710610        3.05426114681138        3.43163685333642
H           -0.82387936021455        3.52938459997379        2.22020417411531
H           -2.33506654378988        4.42572500209687        2.37450468408920
14
 energy: -13.664160116200 gnorm: 0.002093707498 xtb: 6.7.1 (edcfbbe)
C           -2.00878431442889        0.30740887738557        2.57228955292693
H           -1.58453843138633       -0.68309506407448        2.42274916270527
H           -3.05601916385881        0.19344454659217        2.83956187104225
H           -1.48707601343745        0.77371771705163        3.40368243549328
C           -1.86828132649123        1.14046893350395        1.30444767297773
H           -2.31476476292147        0.59479249412312        0.47047079885131
H           -0.80893303587920        1.27884687942816        1.08020589759660
C           -2.54269501463440        2.51098296448589        1.40252621102789
H           -2.50075599627141        2.98641026640648        0.41952431373856
H           -3.59548966462152        2.37608980086770        1.65988343810018
C           -1.88782292546965        3.43363204066593        2.42298164936373
H           -2.01315953558203        3.05019913699765        3.43250656360459
H           -0.82313533764515        3.53200819804790        2.22016816370672
H           -2.33840355737247        4.42295071851837        2.37967558886487
14
 energy: -13.664166469434 gnorm: 0.002006161999 xtb: 6.7.1 (edcfbbe)
C           -2.01301686403716        0.30462792111869        2.57172044550457
H           -1.57363094767301       -0.68042750092431        2.42340589451248
H           -3.06426087857068        0.17681460635237        2.82475079230160
H           -1.50860389982524        0.77670964486720        3.41219344020145
C           -1.86655833267573        1.14180367785001        1.30684375678254
H           -2.30772714149744        0.59588879734151        0.46921696373196
H           -0.80585717997175        1.28364422015715        1.08724135766044
C           -2.54387295340289        2.50986962391339        1.40562397330603
H           -2.50948462211590        2.98438323854376        0.42162810668919
H           -3.59507145832536        2.37274057548121        1.66923648683372
C           -1.88378627332070        3.43613685922847        2.42003182550100
H           -1.99516832581431        3.05128383056973        3.43164585705017
H           -0.82124790501438        3.54186487271184        2.20492796764665
H           -2.34157229775543        4.42251714278903        2.38220645227810
14
 energy: -13.664170440970 gnorm: 0.001283287968 xtb: 6.7.1 (edcfbbe)
C           -2.01319894758835        0.30564718009048        2.57179832944294
H           -1.57898317014230       -0.68044423981371        2.42382249488258
H           -3.06359468826602        0.18304953644525        2.82705677918857
H           -1.50657746368972        0.77494557035485        3.41089009511107
C           -1.86525916001082        1.14280057793017        1.30629329090918
H           -2.30436545338488        0.59511622536011        0.46766406567078
H           -0.80363571573024        1.28581420022466        1.08756988123372
C           -2.54439009529977        2.50920279196080        1.40494185706925
H           -2.51297752136584        2.98489630515711        0.42072985600126
H           -3.59569623739613        2.37014726711180        1.67060595592266
C           -1.88377534006045        3.43508893644199        2.41995094366947
H           -1.99532223396422        3.05005240366735        3.43076174561724
H           -0.82187478534185        3.53980888936588        2.20541133090149
H           -2.34020826775939        4.42173186570332        2.38317669437970
14
 energy: -13.664172624741 gnorm: 0.000655529841 xtb: 6.7.1 (edcfbbe)
C           -2.01272641427473        0.30620884205936        2.57155331798323
H           -1.57708210395388       -0.67961526074002        2.42496348983265
H           -3.06399162130799        0.18213599269167        2.82448756430920
H           -1.50892978669097        0.77624663346217        3.41219555947728
C           -1.86519707185572        1.14296897495912        1.30611357066984
H           -2.30496958120441        0.59551426785418        0.46918427327636
H           -0.80469855966605        1.28357577200064        1.08652093603523
C           -2.54390567705708        2.50933049637656        1.40471229141876
H           -2.51279128186240        2.98508125655314        0.42129791950595
H           -3.59465539309029        2.37068548893177        1.67064390356024
C           -1.88380278807848        3.43491656563984        2.42003574584957
H           -1.99337908702392        3.04833379935527        3.42989930882937
H           -0.82257714902028        3.54094113762145        2.20418451536898
H           -2.34115256491377        4.42153354323488        2.38488092388325
14
 energy: -13.664174049781 gnorm: 0.000639391122 xtb: 6.7.1 (edcfbbe)
C           -2.01455675663453        0.30502380856126        2.57106623010226
H           -1.57497695808678       -0.67950388435982        2.42552361274784
H           -3.06622826154167        0.17756086546912        2.82005371993936
H           -1.51572649434372        0.77626454634260        3.41384802040959
C           -1.86472211921798        1.14313883327809        1.30683483065082
H           -2.30169054039426        0.59600144220349        0.46761560417013
H           -0.80310563575655        1.28551685889011        1.09043515464759
C           -2.54456508569604        2.50881581335574        1.40603249566578
H           -2.51591501067801        2.98388024750180        0.42260007786446
H           -3.59426274540791        2.36934558964030        1.67394118137470
C           -1.88272036660554        3.43610488379385        2.41896531347665
H           -1.98591171410054        3.04840736941908        3.42936199253861
H           -0.82256998187066        3.54584476216573        2.19796974573351
H           -2.34290740966580        4.42145637373869        2.38642534067861
14
 energy: -13.664174920395 gnorm: 0.000603357582 xtb: 6.7.1 (edcfbbe)
C           -2.01643567753620        0.30374825936214        2.57073325856426
H           -1.57463558435778       -0.67984710480819        2.42611955130266
H           -3.06857532694552        0.17394615766109        2.81587265465758
H           -1.52153373992104        0.77514764952635        3.41549014542585
C           -1.86324776973466        1.14362736650809        1.30775799491750
H           -2.29780869512790        0.59724757462363        0.46671617053445
H           -0.80125423938712        1.28736473744627        1.09395751996673
C           -2.54471537823243        2.50865058460399        1.40695731594799
H           -2.51981573022424        2.98314131910843        0.42268328884985
H           -3.59366258592602        2.36720153204298        1.67836652723330
C           -1.88144884399616        3.43727003486505        2.41769972892026
H           -1.97858083972874        3.04818531763420        3.42806922169003
H           -0.82263611027613        3.55105112995812        2.19201538326723
H           -2.34550855860603        4.42112295146790        2.38823455872220
