14
 energy: -13.658343149092 gnorm: 0.015008504392 xtb: 6.7.1 (edcfbbe)
C           -2.49341300000000        0.34945400000000       -0.01033300000000
H           -1.67049635000000       -0.12946506000000       -0.54313276000000
H           -2.99025202000000        1.02672833000000       -0.70846024000000
H           -3.21093981000000       -0.42872850000000        0.25895710000000
C           -2.00023900000000        1.09707300000000        1.22694500000000
H           -0.90617800000000        1.07679900000000        1.25425000000000
H           -2.33381500000000        0.57262200000000        2.12794700000000
C           -2.47573600000000        2.54906500000000        1.28786500000000
H           -2.14216000000000        3.07351700000000        0.38686300000000
H           -3.56979700000000        2.56933900000000        1.26055900000000
C           -1.98256300000000        3.29668400000000        2.52514300000000
H           -1.79810414000000        2.60947552000000        3.35378742000000
H           -1.05264837000000        3.83134923000000        2.32558841000000
H           -2.71927910000000        4.02861757000000        2.86345322000000
14
 energy: -13.658958048182 gnorm: 0.005795946761 xtb: 6.7.1 (edcfbbe)
C           -2.49267118418708        0.35574475328177       -0.00743763440128
H           -1.67563871074377       -0.12995269101802       -0.53672457534222
H           -2.97680537960815        1.03845339407133       -0.70399623634691
H           -3.21799530409659       -0.41180217829536        0.25685695974045
C           -1.98962787140567        1.10199057532544        1.23292750072434
H           -0.89625320001519        1.10462567634173        1.25316906252557
H           -2.32285768883951        0.58504914984431        2.13678180894321
C           -2.48705824935156        2.54520769805714        1.28451970188222
H           -2.15567391663806        3.06789748892811        0.38296708983625
H           -3.58090091405938        2.54320975308375        1.27303692770613
C           -1.98309341531351        3.28890016414518        2.52105853060964
H           -1.82793511830904        2.60012794984068        3.35079931740879
H           -1.03742635884629        3.79139082123444        2.32318199320596
H           -2.70168347858622        4.04168753515949        2.84229170350783
14
 energy: -13.659725969367 gnorm: 0.007553792329 xtb: 6.7.1 (edcfbbe)
C           -2.48750270997747        0.35889837461232       -0.00869344523948
H           -1.67902548788049       -0.14986910781562       -0.52335133096476
H           -2.94298370332169        1.05308914509358       -0.70795295171123
H           -3.23361955143330       -0.38231286286267        0.25766877147175
C           -1.97370547798984        1.10920184379840        1.23155996523453
H           -0.88239689650338        1.14508272239267        1.23054946340411
H           -2.29074484613147        0.59003714260417        2.13702232691001
C           -2.50781928597668        2.53977615871994        1.28906465193755
H           -2.19867209265990        3.06916705353316        0.38603421084732
H           -3.60011777717886        2.50401134924787        1.31088114079660
C           -1.98592447459792        3.28402518966545        2.51987364907194
H           -1.90132411425401        2.59859686402536        3.36213775661113
H           -1.00059784774490        3.71035469683733        2.32575584746719
H           -2.66118652435011        4.09247152014805        2.79888209416336
14
 energy: -13.660477382542 gnorm: 0.013586813723 xtb: 6.7.1 (edcfbbe)
C           -2.48170173623472        0.36050757441502       -0.01250508754045
H           -1.68141117220070       -0.18110216653915       -0.50596094378721
H           -2.90365396312599        1.06249173094383       -0.72420071016937
H           -3.25463282121534       -0.35004629401966        0.25930824681637
C           -1.95902139796501        1.11567076586099        1.22444376508653
H           -0.87013313338123        1.17961995204527        1.19961488139028
H           -2.24923746894658        0.58488005714245        2.13108490240801
C           -2.52750812791755        2.53423260125108        1.29838135351279
H           -2.25221539782570        3.07711418446810        0.39286023473969
H           -3.61725416371330        2.47013479703411        1.35417650767360
C           -1.98870776315455        3.28088022142191        2.52067488644062
H           -1.97885363709815        2.61172935563240        3.38448201906548
H           -0.96577188169632        3.62838238303093        2.33536755737539
H           -2.61551812552487        4.14803492731271        2.75170453698826
14
 energy: -13.661318754795 gnorm: 0.012536654530 xtb: 6.7.1 (edcfbbe)
C           -2.47685757781530        0.36061018654621       -0.01716427009230
H           -1.68605183263549       -0.22479750868621       -0.48226200825862
H           -2.85741391958860        1.06701378723232       -0.75140268380471
H           -3.28451521483581       -0.31309811530729        0.25985102086099
C           -1.94801360546304        1.12086417032234        1.21332747704344
H           -0.86191020674827        1.20261977298781        1.16769182593740
H           -2.20940926145095        0.57522441926336        2.12073318359447
C           -2.54101347415093        2.52933413420238        1.30982274670032
H           -2.30225362808662        3.08763556750045        0.40191761859838
H           -3.62715824525610        2.44516206589885        1.39309292052937
C           -1.99092490582564        3.27999419955477        2.52253499978131
H           -2.03257456211720        2.63638742997505        3.40514292724799
H           -0.94963202518509        3.57179243646315        2.34886684488189
H           -2.57789233084100        4.18378754404681        2.71727954698005
14
 energy: -13.662504906061 gnorm: 0.015600154946 xtb: 6.7.1 (edcfbbe)
C           -2.47000252710493        0.36338897220638       -0.02250580232108
H           -1.70440435449052       -0.31559739113615       -0.42596419764733
H           -2.76083361948700        1.06840314792018       -0.81206689018422
H           -3.35005524990793       -0.23186272628038        0.25592712650807
C           -1.92958591894152        1.13113638352069        1.19145184278564
H           -0.84735549759341        1.24383495756919        1.10392599966737
H           -2.12872506839188        0.55611648253163        2.10206393208101
C           -2.56385172041235        2.51905034693185        1.33313202872334
H           -2.38834538767477        3.10043559769638        0.42103142868763
H           -3.64299663711516        2.40660579592988        1.45570752739356
C           -1.99590294882687        3.27859499264762        2.52672540835854
H           -2.11143010638580        2.68675942189547        3.43896928055768
H           -0.93398066754161        3.48535806447646        2.37661584737864
H           -2.51815108612631        4.23030604409080        2.66441861801112
14
 energy: -13.663149454588 gnorm: 0.013624022723 xtb: 6.7.1 (edcfbbe)
C           -2.46908196276100        0.36559614291683       -0.02198213935495
H           -1.72347605548328       -0.34578875982618       -0.39848665773042
H           -2.72340394957912        1.05377362579705       -0.83621077402982
H           -3.37051207089896       -0.19532315531049        0.24724496194416
C           -1.92441808439758        1.13603575232786        1.17924354122494
H           -0.84491908840514        1.26451253150430        1.06770544170075
H           -2.08409188552771        0.54508284599279        2.09050234375908
C           -2.57173891228355        2.51246208243973        1.34636563258772
H           -2.41995539532886        3.09797076811718        0.43357182531061
H           -3.64663185950856        2.39500053165489        1.47667261659071
C           -1.99944887923212        3.27848819638138        2.53021161960631
H           -2.14987810469859        2.72136541348821        3.45864931633309
H           -0.93046751136723        3.44352059049567        2.39974238695353
H           -2.48759703052836        4.24983352402077        2.63620203510426
14
 energy: -13.663690291065 gnorm: 0.011640201426 xtb: 6.7.1 (edcfbbe)
C           -2.46866251493323        0.36981326306429       -0.01892069745161
H           -1.74921329963034       -0.37853067361937       -0.36457143122626
H           -2.68006533661440        1.04360069741458       -0.85398078807463
H           -3.39705515367759       -0.14688640315740        0.24208319709960
C           -1.91297798000461        1.14330485008818        1.16814156454923
H           -0.83739258595994        1.29106096656336        1.03470196402552
H           -2.03984089339342        0.54660180631668        2.07831524020003
C           -2.57933721150533        2.50546101682127        1.35342053409653
H           -2.44696664777432        3.09466097913598        0.44096032195763
H           -3.65400078272485        2.37268172807856        1.49577494656362
C           -2.00457264025739        3.27443841149960        2.53245543195642
H           -2.18487692295444        2.74654196583970        3.46775708859979
H           -0.92994467674674        3.40091076308303        2.42394392168903
H           -2.46071414382348        4.25887071887153        2.60935085601504
14
 energy: -13.663954081263 gnorm: 0.015953166296 xtb: 6.7.1 (edcfbbe)
C           -2.46905712721434        0.37600532127623       -0.01723533602588
H           -1.78872961324381       -0.42383742380219       -0.32227904914212
H           -2.62336243486043        1.03217190216281       -0.87620259435980
H           -3.42993154205925       -0.07783962951292        0.23980267949449
C           -1.89247840253579        1.15315251884797        1.15507595970117
H           -0.82326033263537        1.33794804916694        0.98099651747186
H           -1.96908863494901        0.54990843913954        2.06718612929504
C           -2.59265444450436        2.49406650050805        1.36364462059907
H           -2.48440901324037        3.09013791885820        0.45322253596331
H           -3.66455268299307        2.33565014900390        1.52143536342962
C           -2.01329195484496        3.26689560306948        2.53840152242835
H           -2.25659129945140        2.77493440910792        3.48758884871207
H           -0.92185377326643        3.32578450897972        2.45462165993889
H           -2.41635953420149        4.28755182319434        2.56317329249388
14
 energy: -13.664219176476 gnorm: 0.013147485675 xtb: 6.7.1 (edcfbbe)
C           -2.47348154397053        0.37867289557634       -0.01509026467180
H           -1.83062036444653       -0.45188455823574       -0.28981687860363
H           -2.58912678139271        1.01660271922642       -0.88309666115117
H           -3.44763420697740       -0.02455210460811        0.24183470282568
C           -1.87930778081738        1.15911067797777        1.14949435549616
H           -0.81930878217090        1.35982172249178        0.95439525304658
H           -1.93659572190941        0.56771922820733        2.06099012426800
C           -2.59048449644146        2.48888902333409        1.36136079120707
H           -2.48012585728888        3.08504507943658        0.45659596332526
H           -3.66025317618446        2.31543861315432        1.51281844754549
C           -2.01968738506556        3.26117611764833        2.54508086677163
H           -2.26591276144965        2.77915611552879        3.47976506788139
H           -0.94427757495004        3.31955668413233        2.47169906214027
H           -2.40880435693516        4.26777787612977        2.56340131991902
14
 energy: -13.664185375198 gnorm: 0.016365948409 xtb: 6.7.1 (edcfbbe)
C           -2.47099630776657        0.37659005729810       -0.01580045111729
H           -1.84292942421912       -0.49286405634247       -0.26285032080860
H           -2.54640376002989        1.01319267304524       -0.90632070101406
H           -3.47622472786000        0.01348119141388        0.24507903001310
C           -1.86939035612806        1.16590110654679        1.14019606205943
H           -0.81476869731402        1.37345665342897        0.93134220676212
H           -1.90814808411946        0.56756047590792        2.05265794842039
C           -2.59719649376054        2.48914421166126        1.36448524593101
H           -2.50969086553126        3.09702880169157        0.45880035993484
H           -3.66368413663715        2.29934186780332        1.53196568386227
C           -2.02259969984432        3.26092865621506        2.54704738317287
H           -2.28764337690869        2.78709510314593        3.48327022153021
H           -0.94094468006405        3.29685103330434        2.48207470441754
H           -2.39500017981693        4.27482231488009        2.55748477683612
14
 energy: -13.664353944361 gnorm: 0.007444164893 xtb: 6.7.1 (edcfbbe)
C           -2.47113456896321        0.37198917536621       -0.01532191420709
H           -1.82964475766402       -0.46226626852236       -0.28383383695347
H           -2.57973442342234        1.00782998456963       -0.89174875712906
H           -3.45127681171883       -0.02027615638496        0.24670275534979
C           -1.87501720485899        1.16396261599178        1.14304830509663
H           -0.82057211836743        1.36031602864862        0.94234271470660
H           -1.92393704921392        0.56372327734193        2.05640456232365
C           -2.59455074634331        2.49435864153098        1.36087111822875
H           -2.49998604449632        3.10189265205051        0.45414626300202
H           -3.66007528443140        2.31368298310636        1.52431080070319
C           -2.02081644697237        3.26360554115047        2.54549812914975
H           -2.29050826189154        2.77875395164886        3.48593437264362
H           -0.92792631517882        3.29974892439501        2.47961406914405
H           -2.40044075647756        4.28520873910693        2.56146356794152
14
 energy: -13.664480118371 gnorm: 0.003700072892 xtb: 6.7.1 (edcfbbe)
C           -2.47319369976310        0.37377077846610       -0.01530574527308
H           -1.83767383062082       -0.47002653531807       -0.27574623725772
H           -2.57500729397530        1.00672500326032       -0.89343126109558
H           -3.45726341806880       -0.00877560678386        0.24567897054089
C           -1.87340196088381        1.16312758953111        1.14280770255355
H           -0.81841865233261        1.36424251186950        0.93594218696434
H           -1.92177079465600        0.56739430139901        2.05657965408106
C           -2.59152849405232        2.49212022960698        1.36062185527872
H           -2.49079245470512        3.09654102091906        0.45656389727263
H           -3.65696243827351        2.31149877035656        1.51859034437680
C           -2.02201587128207        3.26122359902494        2.54779172073325
H           -2.28152879688826        2.77688167467623        3.48450230234515
H           -0.94023811917363        3.31095199408832        2.47905789388458
H           -2.40582496532472        4.27685475890380        2.56577886559534
14
 energy: -13.664521293408 gnorm: 0.004250293029 xtb: 6.7.1 (edcfbbe)
C           -2.47345312034026        0.37294473172788       -0.01424504751138
H           -1.84393602332478       -0.47951744232374       -0.26642746043312
H           -2.56622873986467        1.00192720757384       -0.89812077506300
H           -3.46316454637042        0.00215560701309        0.24789878106567
C           -1.87034136742100        1.16582773525654        1.14012870627360
H           -0.81716452426232        1.36825933462043        0.92917869856908
H           -1.91493152261042        0.57098769960196        2.05465951388074
C           -2.59171457297133        2.49343739936760        1.35926722878715
H           -2.49340366118094        3.10017080174068        0.45605711164526
H           -3.65659398803820        2.30867036271364        1.51866712862589
C           -2.02312069750522        3.26090177309955        2.54819259101830
H           -2.28454741206830        2.77350921206848        3.48193860801962
H           -0.93952400400184        3.30911412031076        2.48268053324257
H           -2.40749661004038        4.27414154722927        2.56955653187956
14
 energy: -13.664600162169 gnorm: 0.005244532658 xtb: 6.7.1 (edcfbbe)
C           -2.47506382193142        0.37060532288323       -0.01163083179390
H           -1.86098011917075       -0.50024327787524       -0.24479411843134
H           -2.54847006604428        0.98916576216377       -0.90751774732101
H           -3.47690435223729        0.02795457873213        0.25203546019300
C           -1.86243459380756        1.17074049938242        1.13344861954438
H           -0.81341273321169        1.37512787953418        0.91139358915793
H           -1.89838218839321        0.57841464943056        2.05055897823725
C           -2.58938944658193        2.49597616458711        1.35580736979335
H           -2.49440506654599        3.10837491649130        0.45528175988495
H           -3.65280239489809        2.30360726223381        1.51615041124430
C           -2.02605887273965        3.25857579523773        2.55067360595416
H           -2.28948138188624        2.76258299629466        3.48008942761652
H           -0.94190542993452        3.31144586402070        2.48875300882336
H           -2.41593032261744        4.27020167688364        2.57918261709701
14
 energy: -13.664713440149 gnorm: 0.006130450884 xtb: 6.7.1 (edcfbbe)
C           -2.47803124802758        0.36693118472431       -0.00726880591482
H           -1.88023007795124       -0.52051541909619       -0.21949150218184
H           -2.53612256454427        0.97042389305294       -0.91585339215862
H           -3.48769436449749        0.05197120273710        0.25849696928965
C           -1.85581281978339        1.17614355473604        1.12670769484713
H           -0.81016680247912        1.37808104684628        0.89435545189859
H           -1.88726180123304        0.58925518448890        2.04819845259070
C           -2.58339847903904        2.50223128587679        1.34825560819184
H           -2.48400511999637        3.12009291539716        0.45209615897700
H           -3.64605203850945        2.30657317337797        1.50280715993660
C           -2.02924440680658        3.25631026099259        2.55299228794999
H           -2.28109996412179        2.73574021865338        3.47242764264071
H           -0.94444686426349        3.33084407342349        2.49012093738505
H           -2.44205423874721        4.25844751478923        2.60558748654797
14
 energy: -13.664840257768 gnorm: 0.006008949406 xtb: 6.7.1 (edcfbbe)
C           -2.48256781954976        0.36282807345031       -0.00094079449466
H           -1.90291736031793       -0.53766317208127       -0.19404210388105
H           -2.52795978391409        0.95078424691511       -0.91915226210326
H           -3.49976214663620        0.07514103322150        0.26470858291477
C           -1.84955238490666        1.17944376356343        1.12127822528246
H           -0.80499047171362        1.37339522788837        0.88227037517721
H           -1.88201632304706        0.60065602325982        2.04803843506944
C           -2.57179017192599        2.50984078794051        1.33741796647968
H           -2.45926863001567        3.13262003917630        0.44660239953534
H           -3.63620937461828        2.31706990356952        1.47866393021873
C           -2.03216279392780        3.25273960143880        2.55515682343814
H           -2.25440987566196        2.69370969268748        3.46335024904907
H           -0.95174975341338        3.37450842212393        2.48137268017341
H           -2.49026390035165        4.23745644684616        2.64470764314064
14
 energy: -13.664913676674 gnorm: 0.004080593993 xtb: 6.7.1 (edcfbbe)
C           -2.48537905382458        0.36411263713870        0.00128165031582
H           -1.91808012064896       -0.54695761530162       -0.17916167679183
H           -2.51810348390785        0.94247853749294       -0.92259740358705
H           -3.50463836387249        0.09037991473577        0.26364134067672
C           -1.84879665664212        1.17992501163042        1.12019368007160
H           -0.80299770717107        1.37378133159284        0.87724056905042
H           -1.87691776432523        0.60333418905890        2.04824940852137
C           -2.56842526775145        2.51060557166044        1.33541006411217
H           -2.44727974828111        3.13353115768499        0.44704197745845
H           -3.63522430303495        2.32224952312585        1.46715352034633
C           -2.03401424905550        3.25039663216144        2.55671990799188
H           -2.23670101955977        2.67844546471335        3.46008172067052
H           -0.95803857018083        3.39467912556360        2.47536038757954
H           -2.51102448174414        4.22556860874236        2.65881700358399
14
 energy: -13.664965952163 gnorm: 0.002818685376 xtb: 6.7.1 (edcfbbe)
C           -2.48601974636895        0.36533271565837        0.00161506638469
H           -1.93116111697395       -0.55210854412965       -0.17203193500184
H           -2.50489318089280        0.93814983521837       -0.92276925033262
H           -3.51164919959244        0.10441886774273        0.25677444094386
C           -1.84915727072099        1.17762846718670        1.12102883383220
H           -0.80131176751341        1.37016601671323        0.88185712336685
H           -1.87594079932687        0.60079907410202        2.04735316436068
C           -2.56614939083339        2.50848915293068        1.33661752224032
H           -2.43982210176405        3.13134609648814        0.44834409544332
H           -3.63640989324492        2.32556312889270        1.46146616493093
C           -2.03465360134606        3.24978928757243        2.55723821944751
H           -2.21521666610645        2.67175003302154        3.46031638485408
H           -0.96528250750468        3.41717301470924        2.46535029167885
H           -2.52795354781110        4.21403294389349        2.66627202785112
14
 energy: -13.664990229177 gnorm: 0.003012803105 xtb: 6.7.1 (edcfbbe)
C           -2.48642151976019        0.36599853549848        0.00039616152785
H           -1.93759801819651       -0.55857140751782       -0.16284277286991
H           -2.49093534066373        0.93343382564043       -0.92974745842760
H           -3.51453808775320        0.11284584128106        0.24843533299401
C           -1.85255831381041        1.17635580738155        1.12219990853211
H           -0.80305246145875        1.36676922256290        0.88667393474320
H           -1.88062442651939        0.59783230526394        2.04734214885606
C           -2.56644957185100        2.50841848510790        1.33815277969449
H           -2.43949796574980        3.13135212816622        0.44871941075022
H           -3.63834006067002        2.32895537752349        1.46232359161918
C           -2.03365002669745        3.25054522452221        2.55726669695295
H           -2.19450958710142        2.66477199956892        3.45963227030591
H           -0.96777840011937        3.43654119184653        2.45486233155888
H           -2.53966700964884        4.20728155315415        2.67601781376258
14
 energy: -13.665013849112 gnorm: 0.002420226412 xtb: 6.7.1 (edcfbbe)
C           -2.48492833010263        0.36675812548589       -0.00215680004711
H           -1.93884864215386       -0.56091449130996       -0.16102078571334
H           -2.47931616160285        0.93415897108939       -0.93148373718726
H           -3.51678887184187        0.11766728512311        0.23760652273910
C           -1.85611503522460        1.17394927684838        1.12525418245177
H           -0.80462723725083        1.36369940432532        0.89474144393980
H           -1.88834344013257        0.59189795213595        2.04852898985108
C           -2.56874769012627        2.50683105362255        1.34091454809205
H           -2.44386735445600        3.12764504117342        0.44935812966576
H           -3.64058708994780        2.32923556587199        1.46788859703241
C           -2.03236783773881        3.25286299702300        2.55591445990786
H           -2.17883158231998        2.66542746384491        3.45966224922573
H           -0.96797803257260        3.44879495874450        2.44532289211185
H           -2.54427348452939        4.20451648602154        2.67890145793025
14
 energy: -13.665039035584 gnorm: 0.000960377514 xtb: 6.7.1 (edcfbbe)
C           -2.48365374632543        0.36751801688431       -0.00346693132534
H           -1.93889460871964       -0.56066650281310       -0.16152585279000
H           -2.47047090276335        0.93574386920346       -0.93143469477700
H           -3.51762247471435        0.12193924770077        0.23076809707650
C           -1.85722088663062        1.17345685077590        1.12718514080460
H           -0.80499312916322        1.36247228744311        0.90038947641455
H           -1.89554793358721        0.59111825142842        2.05071600052225
C           -2.57117510216752        2.50588963938456        1.34187854106289
H           -2.45186890787589        3.12527646029949        0.44929415600940
H           -3.64063080068515        2.32417817706471        1.47572584534880
C           -2.03052144230338        3.25385757734531        2.55399422059109
H           -2.17322900955541        2.66676274319013        3.45881334817008
H           -0.96650086068279        3.44998325974725        2.43895423340163
H           -2.54329098482610        4.20500021234565        2.67814056949050
14
 energy: -13.665067520588 gnorm: 0.001261441171 xtb: 6.7.1 (edcfbbe)
C           -2.48014314731456        0.36938885258091       -0.00743530972383
H           -1.93962291765124       -0.56164717254270       -0.16046338996846
H           -2.45240768039837        0.93825074570417       -0.93409983356662
H           -3.51803130055575        0.13184236513758        0.21683501522989
C           -1.85997877549587        1.17190909767078        1.13059466814772
H           -0.80633803366137        1.35964333014933        0.91195639599327
H           -1.90849858227494        0.58769755734668        2.05317002549073
C           -2.57656482248039        2.50335454073929        1.34502615756454
H           -2.46877730299841        3.11957596308754        0.44984452432856
H           -3.64212577438567        2.31543543569914        1.49239739569502
C           -2.02685117150604        3.25646129057744        2.55045548574938
H           -2.16209265129465        2.67076069388126        3.45764841992391
H           -0.96380571057389        3.45292385804408        2.42678020768830
H           -2.54038291940892        4.20693353192447        2.67672238744755
14
 energy: -13.665084510840 gnorm: 0.001177273678 xtb: 6.7.1 (edcfbbe)
C           -2.47779391507381        0.37092545793458       -0.01001259472109
H           -1.94014197314081       -0.56247834383961       -0.15886715774208
H           -2.44067606050880        0.93995173096009       -0.93635098468951
H           -3.51833494022108        0.13768251821364        0.20625344301064
C           -1.86266439944671        1.17015223766414        1.13306514684325
H           -0.80821609515792        1.35890200361996        0.91960223519934
H           -1.91456205003188        0.58296399778413        2.05333721028290
C           -2.58024267332277        2.50089937013878        1.34845534853821
H           -2.47881792190568        3.11497409388732        0.45102690961383
H           -3.64474294124180        2.31189113101977        1.50249877754251
C           -2.02457476006743        3.25802807886087        2.54870301900719
H           -2.15420037262444        2.67496978573594        3.45842322462095
H           -0.96251993289604        3.45524601867376        2.41849324108057
H           -2.53813275436089        4.20842200934659        2.67480433141324
14
 energy: -13.665098550410 gnorm: 0.000394222179 xtb: 6.7.1 (edcfbbe)
C           -2.47554117676633        0.37240388018584       -0.01216919608792
H           -1.94095193060995       -0.56352501686461       -0.15738428227327
H           -2.42995681610213        0.94131292756079       -0.93838555319471
H           -3.51853778797793        0.14310525712059        0.19641420320658
C           -1.86560000978631        1.16819927537488        1.13541338877176
H           -0.81044038591307        1.35859859779938        0.92581587191560
H           -1.91912080429013        0.57796351805141        2.05336701444557
C           -2.58347802843418        2.49828038798537        1.35223552819410
H           -2.48657563550494        3.11034905766777        0.45256673094775
H           -3.64776764874796        2.30982046678689        1.51084826930457
C           -2.02274760592519        3.25939104530224        2.54733552985023
H           -2.14633705447834        2.67913611336451        3.45950408862052
H           -0.96176497244290        3.45792774479169        2.41061365253979
H           -2.53680093302071        4.20956683487321        2.67325690375938
14
 energy: -13.665107684905 gnorm: 0.000296120566 xtb: 6.7.1 (edcfbbe)
C           -2.47385656200732        0.37389006853161       -0.01377828366263
H           -1.94200650792212       -0.56419382815623       -0.15581280813896
H           -2.42016684679143        0.94289802951567       -0.93970244342180
H           -3.51915549131207        0.14821135095659        0.18754616741369
C           -1.86792325712578        1.16649891080971        1.13772827024288
H           -0.81198692443336        1.35789524412035        0.93208879559921
H           -1.92348989771205        0.57374464975852        2.05380228465458
C           -2.58626492269419        2.49612471609626        1.35500013434039
H           -2.49341052819447        3.10654114836207        0.45346760013551
H           -3.65021878656929        2.30769461904945        1.51771405022045
C           -2.02109390718617        3.26031115430708        2.54588084891425
H           -2.13818459832827        2.68193639360145        3.46006517620546
H           -0.96138603460599        3.46132060865891        2.40296186428739
H           -2.53647652511756        4.20965702438852        2.67247049320954
14
 energy: -13.665113602621 gnorm: 0.000420524211 xtb: 6.7.1 (edcfbbe)
C           -2.47232284290170        0.37460199171383       -0.01536905159814
H           -1.94272163786185       -0.56509829793728       -0.15532803118182
H           -2.41258558881610        0.94383252357160       -0.94076253763436
H           -3.51919731085190        0.15206636654898        0.18081181370007
C           -1.87003029540086        1.16508963913718        1.13938224184140
H           -0.81348677050565        1.35657677895095        0.93694555008179
H           -1.92810205449880        0.57082399581725        2.05428637923549
C           -2.58816554019984        2.49465260809255        1.35730509652568
H           -2.49827910514826        3.10360329481187        0.45447499450992
H           -3.65161932658793        2.30607974952794        1.52330835341220
C           -2.01978338046851        3.26160561889378        2.54479155017092
H           -2.13118068856510        2.68378281938828        3.45997088840565
H           -0.96124240405133        3.46506906496823        2.39675943437110
H           -2.53690384414221        4.20984393651480        2.67285546816007
14
 energy: -13.665118013023 gnorm: 0.000263421454 xtb: 6.7.1 (edcfbbe)
C           -2.47128818890767        0.37563667105696       -0.01635319979618
H           -1.94311705974548       -0.56504193112596       -0.15473417810559
H           -2.40651163385912        0.94521845190091       -0.94115856670862
H           -3.51939563028052        0.15527195788233        0.17550905746095
C           -1.87145652687221        1.16399561563085        1.14116925362599
H           -0.81427541922691        1.35509824589860        0.94172334391202
H           -1.93245337896300        0.56858886339153        2.05519332897396
C           -2.58983225136501        2.49354902976590        1.35852481976000
H           -2.50238004417545        3.10128513641911        0.45465743750105
H           -3.65274697475160        2.30471218500355        1.52752769924381
C           -2.01856202559727        3.26217832940088        2.54353847368587
H           -2.12460728183956        2.68447546592842        3.45943596002904
H           -0.96120823091138        3.46854290646633        2.39109729282357
H           -2.53778614350488        4.20901916238055        2.67330142759408
14
 energy: -13.665121310662 gnorm: 0.000144495135 xtb: 6.7.1 (edcfbbe)
C           -2.47038524135342        0.37608653196588       -0.01739306433767
H           -1.94309227355164       -0.56517646904089       -0.15495974733716
H           -2.40152050151758        0.94648653283422       -0.94134810096336
H           -3.51947581055144        0.15723006935700        0.17079842888598
C           -1.87300025677860        1.16293439545713        1.14258338834787
H           -0.81520143380246        1.35350891481084        0.94622020367622
H           -1.93698019587913        0.56667646037357        2.05586590205764
C           -2.59100479111756        2.49275846195624        1.35968599646144
H           -2.50562691500302        3.09933327982730        0.45492250995864
H           -3.65335590831528        2.30361110542348        1.53126171093979
C           -2.01747610057850        3.26312018261746        2.54255748461955
H           -2.11853676915615        2.68511920220349        3.45885220810205
H           -0.96126662294640        3.47224331741004        2.38611090780839
H           -2.53869796944887        4.20859810480420        2.67427432178057
14
 energy: -13.665123540635 gnorm: 0.000131427262 xtb: 6.7.1 (edcfbbe)
C           -2.46944988254325        0.37673770692358       -0.01828579632079
H           -1.94260204052786       -0.56481093007031       -0.15540007823141
H           -2.39779629649544        0.94788037534479       -0.94151300173636
H           -3.51911779585850        0.15868275564427        0.16719660252611
C           -1.87438392327576        1.16198258956210        1.14404179438738
H           -0.81604731342227        1.35182237928779        0.95014583528315
H           -1.94106876464833        0.56504081363515        2.05674121557255
C           -2.59220843031843        2.49201887774465        1.36066442345033
H           -2.50829284109234        3.09756438373136        0.45515953987939
H           -3.65418266452568        2.30295942281751        1.53434560799916
C           -2.01647053691020        3.26378224641874        2.54157168867121
H           -2.11341845734060        2.68560783192273        3.45818813349529
H           -0.96120755994041        3.47515384875002        2.38174052635897
H           -2.53937428310097        4.20810778828758        2.67483565866496
14
 energy: -13.665124948989 gnorm: 0.000108278168 xtb: 6.7.1 (edcfbbe)
C           -2.46884461610940        0.37712647219697       -0.01891413974407
H           -1.94201790188132       -0.56444317482620       -0.15594995959511
H           -2.39505559695428        0.94920593702634       -0.94140658663513
H           -3.51900712250296        0.15928556178823        0.16420918101093
C           -1.87551545885693        1.16119016666726        1.14510239201410
H           -0.81671377378646        1.35072256210188        0.95344232387557
H           -1.94427279892793        0.56354773153347        2.05717677522194
C           -2.59299457975763        2.49144475248655        1.36145210961632
H           -2.51034812555779        3.09612338080428        0.45523955962286
H           -3.65469992899923        2.30246464823771        1.53675605426560
C           -2.01573410564617        3.26435352875053        2.54087645759247
H           -2.10949242263819        2.68629450401067        3.45789472778176
H           -0.96121467325757        3.47728181663848        2.37837287311953
H           -2.53970968512420        4.20793220258378        2.67518038185318
14
 energy: -13.665125819953 gnorm: 0.000087104662 xtb: 6.7.1 (edcfbbe)
C           -2.46827981819563        0.37750923867610       -0.01944794656127
H           -1.94140279299025       -0.56403658579273       -0.15653702071303
H           -2.39319850206461        0.95028677609968       -0.94141263466002
H           -3.51870871765577        0.15965883741259        0.16207760700073
C           -1.87642952018817        1.16056240225384        1.14600053813073
H           -0.81731134799153        1.34986980448285        0.95590079338664
H           -1.94657109865903        0.56237645292477        2.05760480772438
C           -2.59375015898861        2.49093502298440        1.36215418054048
H           -2.51198602474824        3.09499336965273        0.45544493492455
H           -3.65530348528541        2.30209368503478        1.53860538445941
C           -2.01511434176677        3.26476912092083        2.54030071546044
H           -2.10685612560838        2.68699402088561        3.45768212381517
H           -0.96105254865013        3.47856158617582        2.37595458243456
H           -2.53965630720750        4.20795635828867        2.67510408405717
