14
 energy: -13.659774661265 gnorm: 0.014126661726 xtb: 6.7.1 (edcfbbe)
C           -1.86387406000000        0.44601499000000        2.60191398000000
H           -1.52345781000000       -0.58761189000000        2.52340851000000
H           -2.81865195000000        0.44078585000000        3.13229405000000
H           -1.14574490000000        0.98478221000000        3.22396725000000
C           -2.00023900000000        1.09707300000000        1.22694500000000
H           -2.69832828000000        0.51671062000000        0.61540846000000
H           -1.03821157000000        1.05654848000000        0.70638050000000
C           -2.47573600000000        2.54906500000000        1.28786500000000
H           -2.14216000000000        3.07351700000000        0.38686300000000
H           -3.56979700000000        2.56933900000000        1.26055900000000
C           -1.98256300000000        3.29668400000000        2.52514300000000
H           -2.51486281000000        2.97048278000000        3.42134712000000
H           -0.91745485000000        3.13153796000000        2.69455836000000
H           -2.13877785000000        4.37292851000000        2.42402009000000
14
 energy: -13.661060299533 gnorm: 0.006360082529 xtb: 6.7.1 (edcfbbe)
C           -1.87429314522529        0.41589893251417        2.60018177738580
H           -1.54610667668856       -0.61591357392848        2.48308061319231
H           -2.83653818417977        0.41319468743146        3.11103844497659
H           -1.15084304674820        0.92635150951396        3.23250782131538
C           -1.98369190303880        1.09821688528135        1.24231433962086
H           -2.67084636738741        0.52103861261682        0.61710647344824
H           -1.00569779208852        1.06557581194465        0.75242664001852
C           -2.48045751898749        2.54947042692111        1.30556076352767
H           -2.15853262820467        3.06741168475797        0.39784500707514
H           -3.57434620189905        2.56387021959188        1.30699607432098
C           -1.98082431623871        3.32868543774046        2.51655336210256
H           -2.48750586364052        2.99842998151252        3.42217588993462
H           -0.90835101656107        3.19143566306352        2.65029574523092
H           -2.17182441911196        4.39419123103862        2.39259036785039
14
 energy: -13.661783149451 gnorm: 0.004430189952 xtb: 6.7.1 (edcfbbe)
C           -1.89001690346499        0.40037163335361        2.60178090687464
H           -1.57668499426996       -0.63191264322908        2.45861491066758
H           -2.85855378409931        0.40128597648464        3.09556838488096
H           -1.16458500699098        0.88507551969093        3.24902130098633
C           -1.96738567374700        1.10248031785287        1.25087143098436
H           -2.63155909147213        0.53017164879880        0.59664873304475
H           -0.97135546391433        1.09500253482032        0.79662551681555
C           -2.48921199194005        2.54669103960259        1.31654542860884
H           -2.19158769940447        3.05542718709952        0.39571599961290
H           -3.58247924929386        2.54015770949706        1.34913962370172
C           -1.97169918975753        3.34456518048911        2.50906395791848
H           -2.44008887690563        3.00601551013936        3.43064356560668
H           -0.89055210339551        3.24269103657079        2.60479009582446
H           -2.20409905134426        4.39983485882949        2.37564346447273
14
 energy: -13.662446077546 gnorm: 0.006407573627 xtb: 6.7.1 (edcfbbe)
C           -1.90915812911778        0.38637332925846        2.60138612944890
H           -1.61692678772177       -0.64976582048400        2.44635795169905
H           -2.88508447477567        0.40221831412038        3.07787968375988
H           -1.18290620560802        0.84599356292894        3.26512238818538
C           -1.94699754204385        1.10872708725546        1.25723825939951
H           -2.57492862627883        0.53781357958984        0.56474488736703
H           -0.93186098534141        1.13268631209800        0.84519188645599
C           -2.49997008515168        2.54114191739076        1.32699480358969
H           -2.24255461081198        3.04502978507186        0.39064800245929
H           -3.59147489258129        2.50717540516166        1.39810091362304
C           -1.96009191491789        3.35860780843414        2.49786132764324
H           -2.37945584299939        3.00519202808141        3.43824947854118
H           -0.87223471964730        3.29253416466736        2.54997493441493
H           -2.23621426300314        4.40413003642576        2.37092267341287
14
 energy: -13.663051568383 gnorm: 0.007369845212 xtb: 6.7.1 (edcfbbe)
C           -1.93054896653172        0.37418317743946        2.59804182973068
H           -1.66189265144751       -0.66744170477934        2.43871012852860
H           -2.91719093560580        0.40968166070630        3.05269536279628
H           -1.20877246263244        0.80839135440110        3.28463183598972
C           -1.92161749019266        1.11776053091592        1.26328494497209
H           -2.50265772426203        0.54621702852979        0.52867975523092
H           -0.88913033891490        1.17736840953991        0.89811519337303
C           -2.51308227089564        2.53203631121569        1.33941629776051
H           -2.30928010558465        3.03419291777049        0.38704218086902
H           -3.60058600567930        2.46498537559191        1.45517460340496
C           -1.94661423921250        3.37083727768124        2.48304474648442
H           -2.30801997251235        3.00307022056604        3.44393265138370
H           -0.85551226450478        3.34057701021285        2.48558871093341
H           -2.26495365202372        4.40599794020868        2.37231507854261
14
 energy: -13.663478752819 gnorm: 0.007165326643 xtb: 6.7.1 (edcfbbe)
C           -1.95104202136880        0.36162310311772        2.59174273165847
H           -1.69705820267641       -0.68295218973599        2.43022329491339
H           -2.95007878527630        0.40863774718182        3.02052790640377
H           -1.24433539240481        0.77550737373494        3.30759537089017
C           -1.89693181743670        1.12769041056677        1.27046601296687
H           -2.42880119168902        0.55617027744840        0.49880454566886
H           -0.85285390109383        1.22190633419786        0.95005275459752
C           -2.52539334749966        2.52133385784532        1.35379907331555
H           -2.37795566240040        3.02239090278503        0.38910830783324
H           -3.60541891885398        2.42209221525376        1.51270365035805
C           -1.93336202791797        3.38309720909655        2.46666756827385
H           -2.23633286036928        3.00744654170345        3.44546429212907
H           -0.84345295593305        3.38488093214390        2.41957568395685
H           -2.28684199507980        4.40803279466052        2.37394212703429
14
 energy: -13.663711054840 gnorm: 0.003884602602 xtb: 6.7.1 (edcfbbe)
C           -1.96294558756035        0.35304575248252        2.58572607628657
H           -1.70400614922270       -0.68937125717740        2.42269534018875
H           -2.97113901712125        0.39443331751120        2.99416564567471
H           -1.27687771052248        0.76199417034840        3.32408850547587
C           -1.88435646296454        1.13379314874512        1.27655178569808
H           -2.38628055044083        0.56457847092254        0.48813234594521
H           -0.83778459637752        1.24562571488547        0.98252079718474
C           -2.53167007659356        2.51458320647269        1.36392776052461
H           -2.41696436973534        3.01366153981674        0.39644861663343
H           -3.60356824537598        2.39971244840932        1.54694224615343
C           -1.92583938612870        3.39080891644453        2.45574901866768
H           -2.19172627861438        3.01506057118352        3.44280404017943
H           -0.84021212682785        3.41036480155281        2.37647829692325
H           -2.29648852251452        4.40956670840257        2.37444284446420
14
 energy: -13.663832989300 gnorm: 0.004968514891 xtb: 6.7.1 (edcfbbe)
C           -1.97753011675651        0.34373604220887        2.58072501673254
H           -1.70270223551502       -0.69411047075071        2.41506076873384
H           -2.99772695749934        0.37045234356940        2.96299107354814
H           -1.31725526204345        0.75286323478580        3.34261265917449
C           -1.87271708198790        1.13880517978522        1.28300632946524
H           -2.34585691221892        0.57299834619653        0.47593200225367
H           -0.81920358542600        1.26702512842429        1.02012163684701
C           -2.53828115693771        2.50960936368839        1.37416658641292
H           -2.45426403038088        3.00600920540595        0.40359022408422
H           -3.60313189169038        2.37976469569656        1.58465928360557
C           -1.91698082257081        3.39896525647691        2.44542328675832
H           -2.13932200403501        3.01807923796614        3.44274838371812
H           -0.83272876114890        3.44228796487019        2.32534352191396
H           -2.31215826178917        4.41137198167648        2.37429254675191
14
 energy: -13.663951500033 gnorm: 0.004403482673 xtb: 6.7.1 (edcfbbe)
C           -1.98865049293650        0.33116782751483        2.57585645294082
H           -1.67587515483558       -0.69667789214354        2.40620394134377
H           -3.02080969176165        0.32257769123795        2.92887633121827
H           -1.36451980758317        0.75252797431479        3.36156379481603
C           -1.86811040853558        1.14169115261735        1.29125374423187
H           -2.32045732788542        0.58229744099677        0.47187221109223
H           -0.81234009923856        1.27929727891888        1.05149691361537
C           -2.54244287890042        2.50792984876879        1.38400030389641
H           -2.48143534945672        2.99720599653609        0.41087436780251
H           -3.59997432130269        2.37034834885516        1.61720637470937
C           -1.90852553549401        3.41069913438542        2.43565827036978
H           -2.09948674475213        3.03449140893844        3.43554737741535
H           -0.83295615212712        3.46669213380424        2.28909981797479
H           -2.31427511519043        4.41760916525488        2.37116341857336
14
 energy: -13.664024551758 gnorm: 0.004665308529 xtb: 6.7.1 (edcfbbe)
C           -2.00088202365157        0.31831676925356        2.57260739813768
H           -1.65500352650524       -0.70015887512641        2.40342405061326
H           -3.04299795344258        0.27882892757695        2.89645683414750
H           -1.40934699069669        0.74931297698761        3.37950029710409
C           -1.86238749966313        1.14390047256581        1.29834330432339
H           -2.29735130342185        0.59094590349806        0.46407991162979
H           -0.80319184265813        1.28977609797495        1.07887050457573
C           -2.54578020990373        2.50693416811483        1.39347830057899
H           -2.50531164168845        2.98958746663368        0.41515699390300
H           -3.59798342604794        2.36197167037421        1.64594033734870
C           -1.89994897330529        3.42276669564482        2.42759536947555
H           -2.05479876223165        3.04284408685521        3.43485228885713
H           -0.82757208938621        3.49963436119296        2.24958824371291
H           -2.32730283739753        4.42319678845381        2.37077948559218
14
 energy: -13.664094190438 gnorm: 0.003843974552 xtb: 6.7.1 (edcfbbe)
C           -2.00607031504796        0.31076291187139        2.57126088004720
H           -1.62655908729708       -0.69728879935618        2.40912300861007
H           -3.05110543070400        0.24077572849240        2.87398460907052
H           -1.44127036036797        0.75599361514481        3.38752064877156
C           -1.86422277266196        1.14264212826746        1.30182930854877
H           -2.29902114994085        0.59499562068544        0.46387750750048
H           -0.80409088376839        1.28640352347073        1.08694174060701
C           -2.54534705486943        2.50890680650278        1.39840878840475
H           -2.50710187099467        2.98639002631113        0.41760055581992
H           -3.59604089218881        2.36758348652286        1.65592989616432
C           -1.89516858954250        3.42963793765997        2.42485970347623
H           -2.03470750531620        3.04857634524865        3.43364511351078
H           -0.82586179381614        3.51666741584410        2.23353961573394
H           -2.33329137348404        4.42581076333453        2.37215194373434
14
 energy: -13.664141284639 gnorm: 0.002916068461 xtb: 6.7.1 (edcfbbe)
C           -2.00981219021691        0.30626224320421        2.57084064987704
H           -1.59875371746390       -0.69037570656207        2.41541776865872
H           -3.05895256468639        0.20491619155585        2.84738596088556
H           -1.47506229047778        0.76458976291422        3.40100793458607
C           -1.86479822036993        1.14187188201244        1.30443165464130
H           -2.30179663475415        0.59694564980696        0.46458947870059
H           -0.80328906456278        1.28521832834486        1.09049314162707
C           -2.54554994002789        2.51003301333415        1.40276053184636
H           -2.51116643640136        2.98449395180664        0.41812487147115
H           -3.59697561561488        2.36989728113876        1.66759471750417
C           -1.88891408728457        3.43463239835686        2.42168236982698
H           -2.01584361472662        3.05426304282237        3.43163645964966
H           -0.82387955444835        3.52938433371754        2.22020391519208
H           -2.33506514896449        4.42572513754725        2.37450386553317
14
 energy: -13.664160117926 gnorm: 0.002093339705 xtb: 6.7.1 (edcfbbe)
C           -2.00878411370188        0.30740890222099        2.57228931738718
H           -1.58454329396465       -0.68309713617603        2.42274662742771
H           -3.05601957584904        0.19344885461345        2.83956439072550
H           -1.48707143039672        0.77371473284733        3.40368227632190
C           -1.86828014837521        1.14046936456401        1.30444755379523
H           -2.31476180893256        0.59479300676639        0.47046962199488
H           -0.80893150943554        1.27884851909281        1.08020759307180
C           -2.54269564242518        2.51098268339303        1.40252613976046
H           -2.50075860276600        2.98640993048066        0.41952354037524
H           -3.59549031117974        2.37608764909004        1.65988530638616
C           -1.88782328639756        3.43363224197100        2.42298130238943
H           -2.01316157344572        3.05020047666860        3.43250636906713
H           -0.82313543904619        3.53200680084017        2.22016946837769
H           -2.33840234408401        4.42295148362759        2.37967381291961
14
 energy: -13.664166469330 gnorm: 0.002006166294 xtb: 6.7.1 (edcfbbe)
C           -2.01301586140042        0.30462844338753        2.57172055163359
H           -1.57363548717135       -0.68042919899699        2.42340466552886
H           -3.06425909653862        0.17682040151593        2.82475591681512
H           -1.50859687064422        0.77670775594580        3.41219099442915
C           -1.86655835057846        1.14180364240723        1.30684330938443
H           -2.30772789526306        0.59588887018928        0.46921734955417
H           -0.80585784496488        1.28364338317580        1.08723994595159
C           -2.54387254609435        2.50986982847546        1.40562308787279
H           -2.50948291731505        2.98438369823374        0.42162758895207
H           -3.59507117820458        2.37274076695631        1.66923409302203
C           -1.88378759051490        3.43613632144569        2.42003251524938
H           -1.99517315311093        3.05128340410164        3.43164625052167
H           -0.82124822794070        3.54186254902991        2.20493164462952
H           -2.34157206025847        4.42251764413271        2.38220540645555
14
 energy: -13.664170441743 gnorm: 0.001283287057 xtb: 6.7.1 (edcfbbe)
C           -2.01319932820085        0.30564706318978        2.57179845669740
H           -1.57898029336177       -0.68044318020088        2.42382321514290
H           -3.06359525050812        0.18304695099356        2.82705514714682
H           -1.50658071462416        0.77494728704874        3.41089061054436
C           -1.86525967865542        1.14280057612766        1.30629357441794
H           -2.30436626127526        0.59511576503231        0.46766457147146
H           -0.80363617393103        1.28581414431034        1.08756951898105
C           -2.54438993962742        2.50920269378811        1.40494211240675
H           -2.51297685102119        2.98489627434391        0.42073063785049
H           -3.59569585650324        2.37014798476870        1.67060526268509
C           -1.88377503011542        3.43508884496296        2.41995095513850
H           -1.99532035557497        3.05005187136668        3.43076208296375
H           -0.82187446304200        3.53980978687741        2.20540966176057
H           -2.34020888355914        4.42173144739076        2.38317751279283
14
 energy: -13.664172625097 gnorm: 0.000655529309 xtb: 6.7.1 (edcfbbe)
C           -2.01272687376721        0.30620890526477        2.57155325136166
H           -1.57708084981767       -0.67961430414749        2.42496421128758
H           -3.06399265266940        0.18213441650205        2.82448501048440
H           -1.50893332994317        0.77624734753414        3.41219705276242
C           -1.86519657604583        1.14296934702076        1.30611363317600
H           -2.30496840647199        0.59551407786515        0.46918395159643
H           -0.80469771383383        1.28357650120323        1.08652130293329
C           -2.54390589833621        2.50933019060912        1.40471256509860
H           -2.51279328568530        2.98508121358950        0.42129795516483
H           -3.59465556313400        2.37068452134736        1.67064570427645
C           -1.88380200251731        3.43491661482967        2.42003535293676
H           -1.99337647072360        3.04833357815216        3.42989885584397
H           -0.82257699334509        3.54094190533354        2.20418276169562
H           -2.34115246370939        4.42153319489607        2.38488171138191
14
 energy: -13.664174050043 gnorm: 0.000639227512 xtb: 6.7.1 (edcfbbe)
C           -2.01455671955500        0.30502393471703        2.57106611280329
H           -1.57497719557668       -0.67950388467194        2.42552385129161
H           -3.06622835229995        0.17756108201784        2.82005331240470
H           -1.51572682219467        0.77626448353938        3.41384831011620
C           -1.86472185783812        1.14313894091169        1.30683470448156
H           -2.30169014916949        0.59600166544381        0.46761558664599
H           -0.80310551407031        1.28551660964335        1.09043513498201
C           -2.54456506815731        2.50881580016886        1.40603241740554
H           -2.51591562384391        2.98388028847367        0.42260000533259
H           -3.59426261078326        2.36934518696274        1.67394174176026
C           -1.88272033161412        3.43610490578337        2.41896527274729
H           -1.98591129484729        3.04840709058764        3.42936166571711
H           -0.82257017071541        3.54584496462591        2.19796960150982
H           -2.34290736933449        4.42145644179670        2.38642560280195
14
 energy: -13.664174920614 gnorm: 0.000603402320 xtb: 6.7.1 (edcfbbe)
C           -2.01643618385059        0.30374779358223        2.57073306602234
H           -1.57463610243892       -0.67984776348753        2.42611952938985
H           -3.06857564540399        0.17394564638415        2.81587236083529
H           -1.52153417725116        0.77514696841557        3.41548985025762
C           -1.86324757431173        1.14362728056318        1.30775820953379
H           -2.29780769697606        0.59724814657613        0.46671569100667
H           -0.80125391483390        1.28736503500759        1.09395896700266
C           -2.54471545520538        2.50865063058812        1.40695757162253
H           -2.51981627021523        2.98314094486704        0.42268351592162
H           -3.59366222865815        2.36720119205480        1.67836728992807
C           -1.88144884608703        3.43727046693078        2.41769948625442
H           -1.97857924225831        3.04818528888322        3.42806901065462
H           -0.82263628920285        3.55105278499808        2.19201389359722
H           -2.34550945330669        4.42112309463670        2.38823487797322
