14
 energy: -13.657520885837 gnorm: 0.016068878639 xtb: 6.7.1 (edcfbbe)
C           -0.49577276000000        0.94275113000000        1.44090223000000
H           -0.18963803000000       -0.10332286000000        1.39148983000000
H           -0.19433252000000        1.33022455000000        2.41657087000000
H            0.06864028000000        1.48911690000000        0.68205292000000
C           -2.00023900000000        1.09707300000000        1.22694500000000
H           -2.53829553000000        0.51189032000000        1.97939597000000
H           -2.27733377000000        0.66956837000000        0.25813920000000
C           -2.47573600000000        2.54906500000000        1.28786500000000
H           -2.14216000000000        3.07351700000000        0.38686300000000
H           -3.56979700000000        2.56933900000000        1.26055900000000
C           -1.98256300000000        3.29668400000000        2.52514300000000
H           -1.70657778000000        4.32482237000000        2.28081576000000
H           -2.74846419000000        3.33534075000000        3.30124298000000
H           -1.10164501000000        2.81318246000000        2.95309267000000
14
 energy: -13.658134742882 gnorm: 0.008139193117 xtb: 6.7.1 (edcfbbe)
C           -0.50190399895356        0.94634439072535        1.43926503490327
H           -0.20314343772974       -0.09774663664774        1.38922325883164
H           -0.20368927416992        1.32035654828607        2.41609212747390
H            0.04764352287543        1.50620850382270        0.68310031091676
C           -2.00410032339873        1.09340059611743        1.23349913073721
H           -2.53433872840962        0.51516241737644        1.99594002072440
H           -2.27378886392336        0.67071938677703        0.26112510130988
C           -2.46599313341405        2.55174559220286        1.28022851811222
H           -2.11011706684415        3.06504777714099        0.38224154533807
H           -3.55876218342576        2.57206378076565        1.24180249761932
C           -1.98499418811116        3.29695609926312        2.52678505041557
H           -1.71831594167640        4.32478545333519        2.29113196594972
H           -2.74221258267969        3.30815418374340        3.30765075606695
H           -1.10019811013929        2.82605389709149        2.94299211160107
14
 energy: -13.658591127162 gnorm: 0.007741537819 xtb: 6.7.1 (edcfbbe)
C           -0.50773542806247        0.94668980380750        1.44117413612747
H           -0.21037849937959       -0.09413832213268        1.38165262793414
H           -0.21301332070146        1.30673252509270        2.42110488567813
H            0.02707843058114        1.52351417979931        0.69110244227021
C           -2.00966962315289        1.09114682242022        1.24073011227152
H           -2.53672980851190        0.52794847681408        2.01430812215106
H           -2.27966644533401        0.66745874152041        0.27011588223689
C           -2.45565399666353        2.55691104433572        1.27023696749404
H           -2.06267664450280        3.05719428145407        0.38108737719023
H           -3.54635842268704        2.59106672050856        1.20910505906510
C           -1.98663271597168        3.29407914697064        2.52810061652953
H           -1.75464182158429        4.33082686062662        2.30752272627726
H           -2.73430603693970        3.25606554614012        3.31582381454372
H           -1.08352997708980        2.84375616264275        2.91901266023071
14
 energy: -13.659405176526 gnorm: 0.015204009590 xtb: 6.7.1 (edcfbbe)
C           -0.52102204719436        0.94356433415810        1.44933885363047
H           -0.22157938139377       -0.09119454046111        1.36259943363928
H           -0.23533141303314        1.27339946051449        2.44001928803638
H           -0.00425505598332        1.55394662556443        0.71738193660573
C           -2.02357262925173        1.08804374770563        1.25276893161703
H           -2.55126861324711        0.55836427692562        2.04669306088476
H           -2.29899876360387        0.65414476313566        0.29018142731230
C           -2.43172810437522        2.56901738286659        1.24786165899958
H           -1.96505943091237        3.04606872941082        0.37909286266614
H           -3.51736540768689        2.64013992438029        1.13694420200872
C           -1.98847836819279        3.28703660676164        2.52832193180432
H           -1.86378174053991        4.35532619966674        2.34918258281179
H           -2.70574910889218        3.12263020701936        3.34077301942243
H           -1.02572424569340        2.89876427235174        2.84991824056109
14
 energy: -13.659902335039 gnorm: 0.021962058371 xtb: 6.7.1 (edcfbbe)
C           -0.53115894341557        0.93773111600035        1.46003878343218
H           -0.22422585079307       -0.09241745294800        1.34245191189408
H           -0.25630886742069        1.24018727557960        2.46421940919053
H           -0.01364528500297        1.57385831731909        0.75048597949407
C           -2.03409838372714        1.08897385564949        1.25606532303446
H           -2.56948723918703        0.58175858771261        2.05816031732394
H           -2.31565153097853        0.64365485615489        0.30111425927242
C           -2.41585327897970        2.57713435386228        1.23290498227463
H           -1.90449652721042        3.04216108188779        0.38219279601390
H           -3.49575032196911        2.68097350620535        1.08646786336969
C           -1.98784152335649        3.27898466938104        2.52498966703348
H           -1.96233737138993        4.37008769766588        2.38361109873163
H           -2.66822413998667        3.01980202781626        3.35639357806408
H           -0.97483504658275        2.95636209771338        2.79198146087096
14
 energy: -13.660830054797 gnorm: 0.013386482588 xtb: 6.7.1 (edcfbbe)
C           -0.53442558012042        0.93188961288990        1.47039276617122
H           -0.21320787810375       -0.09567137137071        1.32327553380055
H           -0.27004803245280        1.21761978217149        2.48782279889565
H            0.00685789648019        1.57812918959918        0.78326483743475
C           -2.03792724596245        1.09455149588101        1.24719511575503
H           -2.58811932932656        0.58952543300488        2.03966448765050
H           -2.32446652715048        0.63887785083198        0.29753239228323
C           -2.41270801577358        2.57878222509498        1.23055202172255
H           -1.89940988719244        3.04851303083555        0.39119979087466
H           -3.48723513490336        2.70382607078228        1.07191714604139
C           -1.98658518771525        3.27057538136250        2.52055215772860
H           -2.00345899822284        4.35965664470298        2.40094868843046
H           -2.63980277492415        2.99653177304607        3.34927719695497
H           -0.96337761463222        2.98644487116793        2.77748249625650
14
 energy: -13.661369047412 gnorm: 0.015716614039 xtb: 6.7.1 (edcfbbe)
C           -0.54218995814406        0.92139843680312        1.48587777934713
H           -0.22082333319952       -0.10431470960170        1.31404605719820
H           -0.29453137896466        1.18236966897771        2.51685811509449
H            0.02997166550526        1.57489134037347        0.82597166153041
C           -2.03988999308092        1.10471252480679        1.23528454569425
H           -2.60962090965240        0.59931900425169        2.01588897612740
H           -2.31985053023523        0.64495079119464        0.28466259152975
C           -2.40010012579984        2.58876644631814        1.22087941150893
H           -1.88304430434764        3.06474354444867        0.38985073095177
H           -3.46979029383635        2.72323781843431        1.05503403784877
C           -1.98702796009556        3.26982444736611        2.51661576954164
H           -2.06931863660816        4.36117172977175        2.43149277905450
H           -2.60480126889485        2.93330707124509        3.35585916082457
H           -0.94289728264623        3.03487387561026        2.74275581374824
14
 energy: -13.662011288394 gnorm: 0.012781194429 xtb: 6.7.1 (edcfbbe)
C           -0.54988051133112        0.90665328824026        1.50645601042119
H           -0.24189202607420       -0.11994174829880        1.32203459474179
H           -0.32472843193249        1.14606974934428        2.54694434410582
H            0.06819398346985        1.55186639569288        0.87410469572364
C           -2.03456971136150        1.12139413806151        1.21269288442414
H           -2.63458974867860        0.59851555923192        1.96521707089680
H           -2.29040664488749        0.67306300805374        0.24803892205297
C           -2.38852382918251        2.60219415003666        1.21369515467632
H           -1.87882127754335        3.09648808387059        0.38542825433586
H           -3.45735209756783        2.73044545726493        1.05058261631404
C           -1.98827103199843        3.27211484241751        2.51753512124183
H           -2.12168890188403        4.34982406101920        2.46514656204261
H           -2.57145760737507        2.88850386768852        3.35670982594503
H           -0.93992647365346        3.08206113737686        2.72649137307804
14
 energy: -13.662368965893 gnorm: 0.022485542722 xtb: 6.7.1 (edcfbbe)
C           -0.56189618244201        0.88803587349238        1.53296924501498
H           -0.27487645734209       -0.14065973204275        1.33226266933263
H           -0.36921508901452        1.09712319874018        2.58550565395618
H            0.09083086328505        1.53376587817352        0.93326799764480
C           -2.03010190563251        1.13517929553087        1.19010802038801
H           -2.66342487726006        0.60224974013253        1.91350682859354
H           -2.25522723390746        0.70982625789293        0.20549133490317
C           -2.37171073135047        2.61716437762550        1.20420245684907
H           -1.84877811828110        3.12426752855595        0.38557488671078
H           -3.44104480343004        2.74901537224597        1.02946177397987
C           -1.98386679900263        3.27076857068982        2.52035224459788
H           -2.23082442141349        4.34482910840960        2.51176308745870
H           -2.51309270060334        2.79753690592944        3.36239876742762
H           -0.90068585360564        3.17014961462415        2.68421246314290
14
 energy: -13.662905947248 gnorm: 0.009421956576 xtb: 6.7.1 (edcfbbe)
C           -0.56062214696088        0.88426060849171        1.53562119604438
H           -0.28991411240577       -0.15021290819645        1.35385936537175
H           -0.37714949222563        1.10271457094990        2.58196004666478
H            0.08699753520958        1.51675166548257        0.93006784380164
C           -2.02113698601524        1.13477612811109        1.18195614820147
H           -2.65901145559261        0.59130301922217        1.89066085628844
H           -2.22827189497531        0.73307456310833        0.18289524413709
C           -2.37173547186106        2.61839831780618        1.20946601049407
H           -1.85862428592962        3.13028267029435        0.38621942609571
H           -3.44654122585448        2.73777948823870        1.04352810678919
C           -1.98175359646875        3.27554756366190        2.52665590387884
H           -2.22376251097356        4.33662591302446        2.51213683704093
H           -2.51194466704879        2.81295167169227        3.35660373903616
H           -0.91044399889820        3.17499871811290        2.69944670615568
14
 energy: -13.663102932914 gnorm: 0.006462653644 xtb: 6.7.1 (edcfbbe)
C           -0.56332147803820        0.87427205903252        1.54612257515970
H           -0.30573600404415       -0.16508874465198        1.36510142140815
H           -0.40126025702262        1.08179989727443        2.59999662529136
H            0.10031196574141        1.50540916603293        0.95704482439780
C           -2.01614084651672        1.13928151320532        1.16726029131509
H           -2.67015467555902        0.59205753170075        1.85557050948396
H           -2.20630774616719        0.75755118966164        0.15791105472282
C           -2.36422392760051        2.62673481806443        1.20594432763203
H           -1.84858942715155        3.14097000177158        0.38709872316165
H           -3.43979007232891        2.74578450514907        1.03902090659653
C           -1.98196974145077        3.27911346674808        2.52939692417647
H           -2.26133413924408        4.33052163949667        2.53377904618957
H           -2.48665939242386        2.78004909202996        3.35851673161855
H           -0.90873856819418        3.21079585448469        2.68831346884646
14
 energy: -13.663214802320 gnorm: 0.005270086761 xtb: 6.7.1 (edcfbbe)
C           -0.56854506164536        0.86426612003298        1.55522222562764
H           -0.31840841740833       -0.17821196918983        1.37708685894320
H           -0.42501136759804        1.06633953199919        2.61266621126496
H            0.11279469110337        1.49011845434157        0.98287573527389
C           -2.01350623143686        1.14334202427818        1.15331971752011
H           -2.68260548130135        0.59464826826101        1.82079455038745
H           -2.18703599235968        0.77872825820180        0.13738649967459
C           -2.35720403968188        2.63447451846353        1.20257586367234
H           -1.83567100687572        3.15147905334918        0.39210886318627
H           -3.43127348335212        2.75471524479799        1.03287087507758
C           -1.98280059083959        3.27837098379852        2.53306287534427
H           -2.30823907076616        4.31831141345356        2.55611996658199
H           -2.45520789295861        2.74686488272107        3.36030014628742
H           -0.90120036488006        3.25580520549134        2.67468704115842
14
 energy: -13.663261578510 gnorm: 0.003874420328 xtb: 6.7.1 (edcfbbe)
C           -0.57137011614615        0.86166108077037        1.55737373732050
H           -0.32075964672755       -0.18169989061837        1.37996762227454
H           -0.43138534740898        1.06449717972611        2.61568178396355
H            0.11590926405305        1.48511428694113        0.99009054654200
C           -2.01381995048242        1.14475202210151        1.14933089917768
H           -2.68794441521246        0.59829383721898        1.81026186116215
H           -2.18235351047044        0.78325371314771        0.13374577209243
C           -2.35389001393633        2.63751253513663        1.20009273484164
H           -1.82385265156987        3.15447383533012        0.39627734094944
H           -3.42608756303209        2.76167046698212        1.02355704559745
C           -1.98460186868394        3.27673935043437        2.53418057782631
H           -2.31948085322563        4.31160004374800        2.56686519684646
H           -2.44667810370397        2.73619370524562        3.35907466243316
H           -0.90759953345361        3.26518982383583        2.67457764897284
14
 energy: -13.663286945536 gnorm: 0.002905596284 xtb: 6.7.1 (edcfbbe)
C           -0.57527717697893        0.85892274389331        1.56155791303564
H           -0.32637003839791       -0.18481381976453        1.38403695126836
H           -0.43764163991906        1.06204142980878        2.61982935771683
H            0.11728888544479        1.47863134766155        0.99725760387620
C           -2.01366283640494        1.14741688811169        1.14505842091621
H           -2.69491926909687        0.60071016112864        1.79993255216334
H           -2.17549387274267        0.78870052265336        0.12655150334426
C           -2.34938003235513        2.64018733573274        1.19832281650643
H           -1.81272942471537        3.15938239392476        0.40046396498363
H           -3.41957462002388        2.76740854004433        1.01409405521947
C           -1.98595692813577        3.27459170605350        2.53589107384990
H           -2.33619441171838        4.30356038533097        2.57754177713726
H           -2.43622004277608        2.72125223980606        3.35838706455984
H           -0.90778290218023        3.28126011561494        2.67215237542280
14
 energy: -13.663300643567 gnorm: 0.002372821400 xtb: 6.7.1 (edcfbbe)
C           -0.57819111450999        0.85774553295898        1.56321680280297
H           -0.33166912342527       -0.18638516755001        1.38829853165468
H           -0.44142761004405        1.06314332632271        2.62123656610472
H            0.11712771865177        1.47440428580071        0.99851502435461
C           -2.01348291547639        1.15008012620488        1.14277741121184
H           -2.69778837997420        0.60446988250473        1.79638581967194
H           -2.17352013213264        0.78986206401295        0.12394835786225
C           -2.34481071268619        2.64235224893972        1.19618719319972
H           -1.80229020125830        3.16219766219803        0.40291782267167
H           -3.41269922490440        2.77343737792034        1.00475764345063
C           -1.98716447889935        3.27173548388945        2.53745612131154
H           -2.34886519717786        4.29647491360026        2.58644172875622
H           -2.42990397585713        2.70922301102851        3.35674359995799
H           -0.90922896230644        3.29051124216888        2.67219480698938
14
 energy: -13.663307540512 gnorm: 0.002468899868 xtb: 6.7.1 (edcfbbe)
C           -0.57925922226641        0.85787686341356        1.56290142844883
H           -0.33563815475356       -0.18733252500793        1.39369013368792
H           -0.44130771072878        1.06894920959568        2.61939997158741
H            0.11651811098033        1.47064628933444        0.99409597068158
C           -2.01372683654908        1.15181514616571        1.14233033056316
H           -2.69841052663472        0.60873188483161        1.79835627660732
H           -2.17629152247235        0.78844099920694        0.12459744748192
C           -2.34131734403697        2.64398914544975        1.19426540201523
H           -1.79301592484069        3.16315412523481        0.40432360396126
H           -3.40733120647473        2.77914728476491        0.99687024207541
C           -1.98875849805142        3.26948029555224        2.53872306811679
H           -2.35673257160854        4.29036753300542        2.59249361725069
H           -2.42752141758015        2.69890272149789        3.35519695796543
H           -0.91112148498339        3.29508301695508        2.67383297955723
14
 energy: -13.663312374119 gnorm: 0.002701297852 xtb: 6.7.1 (edcfbbe)
C           -0.57892330598661        0.85855529718845        1.56158507093985
H           -0.33824308159385       -0.18839397728850        1.39943290256769
H           -0.43973232441383        1.07643014922064        2.61661361463104
H            0.11655461040346        1.46692721102058        0.98723531339189
C           -2.01432703129024        1.15199506455388        1.14245530109540
H           -2.69819368809294        0.61116942958027        1.80180230650778
H           -2.18018860003344        0.78683594169395        0.12546777618836
C           -2.33896531074302        2.64493356072361        1.19302402671528
H           -1.78791920891796        3.16312566401849        0.40440150105994
H           -3.40419135533752        2.78223511658788        0.99374494431855
C           -1.98865421892424        3.26820922052456        2.53929232523542
H           -2.36232982408141        4.28827039040151        2.59713100788349
H           -2.42697507028132        2.69331265660466        3.35227573411205
H           -0.91182590070754        3.29564626517014        2.67661560535342
14
 energy: -13.663316694656 gnorm: 0.002606582786 xtb: 6.7.1 (edcfbbe)
C           -0.57656209738729        0.86070457337069        1.55780620740140
H           -0.33701352195551       -0.18820618991563        1.40417022693139
H           -0.43219144786567        1.08800421179467        2.61024968827331
H            0.11508672131237        1.46413404542127        0.97411302478120
C           -2.01522312099213        1.15070453009076        1.14552598233803
H           -2.69442669544202        0.61194143317070        1.81058005571526
H           -2.18663634999366        0.78269905083058        0.13077543632432
C           -2.34075978954246        2.64411784298770        1.19374448526640
H           -1.79072660286164        3.16010643802935        0.40368740298558
H           -3.40629497810355        2.78093038951858        0.99639542921843
C           -1.98910634881732        3.26857796883682        2.53905784121201
H           -2.35787461327656        4.28850216160924        2.59411668212653
H           -2.43069295887959        2.69645914573281        3.35176369151288
H           -0.91149250619541        3.29057638852256        2.67909127591343
14
 energy: -13.663318517641 gnorm: 0.002746536338 xtb: 6.7.1 (edcfbbe)
C           -0.57638157963860        0.86026725690104        1.55763684074736
H           -0.33764887021903       -0.18960755390125        1.40812110145087
H           -0.42899407941950        1.09215319534659        2.60837636030880
H            0.11528769801938        1.45955164565272        0.97020757926260
C           -2.01533703464100        1.15098072351431        1.14597868502870
H           -2.69462694168336        0.61238204561154        1.81086634172784
H           -2.18632547959022        0.78295090530281        0.13148682336730
C           -2.34133551592675        2.64468992056800        1.19357125517190
H           -1.79078351220297        3.16070217843607        0.40352475138055
H           -3.40742595420825        2.78105759837737        0.99603426941902
C           -1.98960273473509        3.26933762315377        2.53885454329567
H           -2.36036521407291        4.28919153389021        2.59644337550030
H           -2.42884912861825        2.69353433667296        3.35272292369043
H           -0.91152596306388        3.29206058047397        2.67725257964882
14
 energy: -13.663321211779 gnorm: 0.002363296256 xtb: 6.7.1 (edcfbbe)
C           -0.57653548748241        0.86042900293926        1.55753037364528
H           -0.33857373351478       -0.18981174513543        1.40927918270475
H           -0.42711697747531        1.09365936805124        2.60819977640392
H            0.11562072850074        1.45836895010944        0.96837225233182
C           -2.01520558671712        1.15079843351548        1.14603962997288
H           -2.69482683604609        0.61123390902735        1.81019489114060
H           -2.18524316841711        0.78321107257903        0.13109417374269
C           -2.34192825172404        2.64405030359185        1.19431845351702
H           -1.79272074655477        3.16098802685319        0.40381123290154
H           -3.40830651361849        2.77923058745406        0.99736229022354
C           -1.98952260496804        3.26950552531433        2.53893228458154
H           -2.35956279287743        4.28971266951299        2.59616527884943
H           -2.42853532224694        2.69574170577032        3.35307027639389
H           -0.91145701685863        3.29213418041700        2.67670733359127
14
 energy: -13.663322629135 gnorm: 0.002344704201 xtb: 6.7.1 (edcfbbe)
C           -0.57606087483621        0.86065077618143        1.55656244089263
H           -0.33961170785072       -0.19048214407932        1.41256966941716
H           -0.42377818479203        1.09882564997301        2.60582941441388
H            0.11498259518428        1.45524940003140        0.96283533249403
C           -2.01483960673904        1.15049394394830        1.14686509911301
H           -2.69342996722924        0.61065064778364        1.81152758049743
H           -2.18551532156022        0.78265395110082        0.13221419165902
C           -2.34282734987394        2.64334691700451        1.19526496852201
H           -1.79597018996970        3.16061826100899        0.40375574171081
H           -3.40935875841751        2.77729512234430        0.99998220307814
C           -1.98929617171295        3.26973753165396        2.53897892142844
H           -2.35989552615992        4.28994789033651        2.59533161079364
H           -2.42714962292138        2.69686168873396        3.35372931689030
H           -0.91116362312184        3.29340235397859        2.67563093908968
14
 energy: -13.663633677592 gnorm: 0.001541177786 xtb: 6.7.1 (edcfbbe)
C           -0.56686246083399        0.84166196514851        1.54477945432697
H           -0.34630481195287       -0.21150772626516        1.38694039071548
H           -0.39541075411953        1.06751583339530        2.59390988750101
H            0.12336579391831        1.43183432813869        0.94558181891972
C           -2.00809027412396        1.15106328130493        1.15609844714793
H           -2.68418377084016        0.61427925514566        1.82591444677239
H           -2.19122015244777        0.78487874362716        0.14294604319584
C           -2.33414420291518        2.64531259217351        1.20179107865334
H           -1.78176908115489        3.15987541395338        0.41199487770574
H           -3.39919086455987        2.77564843520686        0.99521144404854
C           -2.00424061767105        3.28800865321040        2.54452478859369
H           -2.38477204878946        4.30584990971905        2.58473466570880
H           -2.45212592725950        2.72054049275870        3.35773436284351
H           -0.92896513725051        3.32429081248314        2.69891572386719
14
 energy: -13.663803572016 gnorm: 0.001708272017 xtb: 6.7.1 (edcfbbe)
C           -0.55790964677201        0.82786034478670        1.53110770037518
H           -0.35704773244887       -0.22770563551867        1.35715164794366
H           -0.36059566227537        1.04086962009564        2.57926736202091
H            0.12991852530528        1.41170650616446        0.92289224029533
C           -2.00379021100176        1.15160953544712        1.16935984777081
H           -2.67237819195652        0.62297145991168        1.85357073756210
H           -2.20843061137283        0.78438206352751        0.15997348044170
C           -2.32200399263193        2.64749240317601        1.20573075763350
H           -1.75480009077761        3.15686805698495        0.42248552266766
H           -3.38400817065190        2.77516290789315        0.97897005762011
C           -2.02005864142062        3.30089746394294        2.55056282270196
H           -2.40930320805202        4.31715672214426        2.56830857576750
H           -2.48492719450730        2.74268463006709        3.36094785921984
H           -0.94857948143696        3.34729591137724        2.73074881797988
14
 energy: -13.663887166001 gnorm: 0.001016268842 xtb: 6.7.1 (edcfbbe)
C           -0.55505156148948        0.82487639248997        1.52282000963228
H           -0.35690371195964       -0.23073083045385        1.34960145651061
H           -0.34751482695163        1.03984456907820        2.56779876969099
H            0.12715241153455        1.40710618493363        0.90690355214729
C           -2.00345414651782        1.15130039545764        1.17604751935082
H           -2.66503031824958        0.63103719754688        1.87331156538626
H           -2.22134828890513        0.77562468421720        0.17250492924540
C           -2.31601120395082        2.64842103612029        1.20603273424519
H           -1.73508631890570        3.15343062188945        0.43016602908835
H           -3.37412579179432        2.78230950972366        0.96500720694462
C           -2.02864890399736        3.30314926583911        2.55273115686636
H           -2.41202334710113        4.32135630303790        2.56440054376879
H           -2.50608427063912        2.74823054294249        3.35792252934035
H           -0.95978403107324        3.34329611717751        2.74582942778284
14
 energy: -13.663975391353 gnorm: 0.000965319582 xtb: 6.7.1 (edcfbbe)
C           -0.55301925428586        0.82701204086149        1.51438611647168
H           -0.35515662628540       -0.22903670517921        1.34641840414121
H           -0.33146965922358        1.05021683932701        2.55473829675656
H            0.11981597222092        1.40629476094093        0.88504841975371
C           -2.00585339515880        1.15065362244418        1.18477875326218
H           -2.65909577556965        0.64208292293139        1.89845413797974
H           -2.24102771342476        0.76390432345813        0.18958033931254
C           -2.30858467071968        2.64935998228309        1.20338720978279
H           -1.71002844163608        3.14759729671510        0.43649862049178
H           -3.36100655122901        2.79156630924776        0.94371438815425
C           -2.03661405223895        3.30028484359934        2.55482301910705
H           -2.40696411375267        4.32292027947470        2.56152507314186
H           -2.53430588223873        2.75004399506767        3.35131687663160
H           -0.97060414645819        3.32635147882850        2.76640777501317
14
 energy: -13.664033408333 gnorm: 0.001007715062 xtb: 6.7.1 (edcfbbe)
C           -0.55025508056087        0.82694059482260        1.50588208441766
H           -0.35407307865104       -0.23103411929624        1.34612578767019
H           -0.31544422688889        1.06159444950602        2.54111710654043
H            0.11429267820791        1.40038312688245        0.86235984190123
C           -2.00648996208951        1.15032162823443        1.19135535645414
H           -2.65200770603682        0.65111300141841        1.91816935896976
H           -2.25501263811883        0.75416434222733        0.20344511066739
C           -2.30296826852245        2.64998873796152        1.20267549931055
H           -1.69039168515339        3.14290119997295        0.44379223864731
H           -3.35038370714039        2.79943817665741        0.92844047636608
C           -2.04503297379045        3.29978394531030        2.55736906801515
H           -2.40060312343960        4.32803722710283        2.55838264829466
H           -2.56344169987485        2.75610678153770        3.34525323590569
H           -0.98210283794127        3.30951289766236        2.78670961683989
14
 energy: -13.664071819584 gnorm: 0.000789973378 xtb: 6.7.1 (edcfbbe)
C           -0.54761198501612        0.82620690806882        1.49925956568006
H           -0.35554704837666       -0.23379169952443        1.34885598184172
H           -0.30207817593849        1.07057682346536        2.52959612147836
H            0.11229354120515        1.39108622902139        0.84350563776703
C           -2.00603996188014        1.15030315501685        1.19602508006409
H           -2.64608055110367        0.65550821548612        1.93030745357364
H           -2.26298306863125        0.75017626215034        0.21224202955150
C           -2.29892981117592        2.65067626201642        1.20290133147668
H           -1.67863613696138        3.14174388531376        0.44942821760731
H           -3.34333782819169        2.80272925853218        0.91995469040625
C           -2.05155636297172        3.29986970535438        2.55975766725417
H           -2.39481161523458        4.33214252281231        2.55438881856881
H           -2.58661843841052        2.76411889810941        3.34174905732540
H           -0.99197686731342        3.29790556417714        2.80310577740510
14
 energy: -13.664105590553 gnorm: 0.000746990518 xtb: 6.7.1 (edcfbbe)
C           -0.54453704560181        0.82435053753031        1.49349641011489
H           -0.35854837379853       -0.23836657107747        1.35382828950373
H           -0.28811930193468        1.08001990562135        2.51852232585580
H            0.11150655492035        1.37835373960997        0.82474569199985
C           -2.00413028201713        1.15053768430475        1.19881323712617
H           -2.64006841881462        0.65843098606383        1.93820883820170
H           -2.26791138416324        0.74871978832181        0.21748208549356
C           -2.29614760226879        2.65106841642444        1.20478345588304
H           -1.67065469597324        3.14122914948740        0.45522889108480
H           -3.33865649993914        2.80367109616909        0.91503734005025
C           -2.05753864218260        3.30140089484622        2.56260415052497
H           -2.38900876170467        4.33753938222832        2.54972297314497
H           -2.60876951742565        2.77428642568875        3.33901659215196
H           -1.00133033909669        3.28801055478126        2.81958714886443
14
 energy: -13.664134154440 gnorm: 0.000606927591 xtb: 6.7.1 (edcfbbe)
C           -0.54112817590699        0.82211332096188        1.48707418036490
H           -0.36195920845763       -0.24357638319107        1.36082018662983
H           -0.27344762319824        1.09083603520185        2.50577920028488
H            0.11133531038993        1.36298757008471        0.80414858412549
C           -2.00224704047182        1.15075136572371        1.20246791170414
H           -2.63469450010931        0.65977892549388        1.94585940763090
H           -2.27132118075617        0.74811343711734        0.22291495324525
C           -2.29280904150153        2.65197814687912        1.20648014331714
H           -1.66301987870487        3.14228789674315        0.46032640473973
H           -3.33380966400525        2.80487257396604        0.91128019590908
C           -2.06413073408404        3.30288231148632        2.56575718481394
H           -2.38296206509574        4.34288244395914        2.54486215980186
H           -2.63195937762284        2.78534433952990        3.33658694551477
H           -1.01176113047591        3.27800000604407        2.83671997191822
14
 energy: -13.664153467947 gnorm: 0.000530602920 xtb: 6.7.1 (edcfbbe)
C           -0.53811696079240        0.82031028900879        1.48126120751843
H           -0.36542816363050       -0.24794727678794        1.36877229268390
H           -0.25824719783590        1.10231210551468        2.49323242456736
H            0.10996896621432        1.34762489895787        0.78369109861956
C           -2.00027118035013        1.15108181281639        1.20507398226452
H           -2.62904203713057        0.66236500529074        1.95320831487033
H           -2.27616896685068        0.74708961985056        0.22758512891465
C           -2.28967742170909        2.65244451109947        1.20843838884932
H           -1.65486259891317        3.14222569386266        0.46612482539419
H           -3.32888608430582        2.80568939337340        0.90623131544872
C           -2.07019692979943        3.30425769832522        2.56881836015486
H           -2.37714480617806        4.34754269729647        2.54114464561061
H           -2.65395939889858        2.79544615912735        3.33340907594620
H           -1.02188152982044        3.26880938226437        2.85408636915746
14
 energy: -13.664164689811 gnorm: 0.000407720523 xtb: 6.7.1 (edcfbbe)
C           -0.53557867195857        0.81879593245286        1.47587383677430
H           -0.36779036139528       -0.25147443807655        1.37496402965048
H           -0.24608647328845        1.11233434950020        2.48167716188594
H            0.10820766820512        1.33511793017207        0.76645497947315
C           -1.99892827408585        1.15145287928260        1.20835011536207
H           -2.62430962354321        0.66502630704730        1.96082393015344
H           -2.28034966959181        0.74562889654663        0.23328383842242
C           -2.28662505951064        2.65319480212722        1.20961510473201
H           -1.64658468708602        3.14209317030841        0.47112034975139
H           -3.32379039573713        2.80797148935812        0.90120741450181
C           -2.07572855015654        3.30494668694312        2.57130233693359
H           -2.37309214549886        4.35094710086055        2.53823885552508
H           -2.67224732462494        2.80271837049348        3.33025837433236
H           -1.03101074172825        3.26049851298402        2.86790710250209
14
 energy: -13.664171692843 gnorm: 0.000368813322 xtb: 6.7.1 (edcfbbe)
C           -0.53386034419772        0.81786996771609        1.47121107957839
H           -0.36944590790653       -0.25361676150597        1.37999371451163
H           -0.23556178504234        1.12076764215515        2.47156653331135
H            0.10562397869317        1.32508982262004        0.75150553989218
C           -1.99831845594976        1.15143330520331        1.21108106742295
H           -2.62006833068237        0.66812749303573        1.96869567895763
H           -2.28569540917028        0.74287124802942        0.23878282868730
C           -2.28322927103923        2.65380237576624        1.21013783228419
H           -1.63770281902701        3.14157424604998        0.47567935875724
H           -3.31813370348816        2.81044955745808        0.89522154823124
C           -2.08053307381743        3.30546740428843        2.57325065237131
H           -2.37050065348181        4.35320891938000        2.53724011618351
H           -2.68736673795268        2.80788679045831        3.32687841181255
H           -1.03912179693828        3.25431997934521        2.87983306799864
14
 energy: -13.664175616242 gnorm: 0.000289388809 xtb: 6.7.1 (edcfbbe)
C           -0.53221507225726        0.81692867095532        1.46702732063246
H           -0.37036029695714       -0.25554732798892        1.38347274192785
H           -0.22660471519616        1.12754749059687        2.46265969434994
H            0.10324662940436        1.31708812313526        0.73900546354808
C           -1.99769444679719        1.15187556771484        1.21419069030143
H           -2.61614735835455        0.67181409870585        1.97633646337605
H           -2.29069996852767        0.74082012365723        0.24477027067213
C           -2.28071182096244        2.65448676166264        1.21051535522536
H           -1.62944490194575        3.14047798287432        0.48003232419980
H           -3.31328540834278        2.81344972976068        0.88912140575338
C           -2.08475200135794        3.30546241447645        2.57476887333523
H           -2.36866372750233        4.35490020782950        2.53574086412520
H           -2.70047877271726        2.81143352589179        3.32373272154469
H           -1.04610244848632        3.24851462072819        2.88970324100851
14
 energy: -13.664177150419 gnorm: 0.000218629422 xtb: 6.7.1 (edcfbbe)
C           -0.53134068813820        0.81628662952829        1.46382195219995
H           -0.37156600374545       -0.25693083922391        1.38551866231954
H           -0.22019716288821        1.13235430540640        2.45602001357755
H            0.10112075722772        1.31133345448725        0.72971092858772
C           -1.99746338342407        1.15178011883875        1.21624864231923
H           -2.61311777019263        0.67455291548101        1.98240393975827
H           -2.29487879059800        0.73828593862008        0.24928710350065
C           -2.27785476132552        2.65491755794788        1.21066374217585
H           -1.62239654850778        3.13979687246400        0.48334756348242
H           -3.30844261802341        2.81551225532921        0.88439176567046
C           -2.08818787049015        3.30589367357849        2.57590907207917
H           -2.36865321823792        4.35611696470503        2.53566554463301
H           -2.70925373724296        2.81377511489102        3.32138466694247
H           -1.05168251441385        3.24557702794652        2.89670383275383
14
 energy: -13.664177370792 gnorm: 0.000110976942 xtb: 6.7.1 (edcfbbe)
C           -0.53101690515669        0.81590284494124        1.46277430431601
H           -0.37141283029654       -0.25730254960337        1.38563932839872
H           -0.21810894714246        1.13301775395767        2.45398743411489
H            0.10041903916519        1.30976948624446        0.72709700500388
C           -1.99742066575663        1.15184839690449        1.21716838297608
H           -2.61204360345246        0.67553359229192        1.98470140694224
H           -2.29650696304824        0.73763006921950        0.25104743198867
C           -2.27720256528607        2.65514635194358        1.21066224094908
H           -1.62008218673793        3.13950556428723        0.48450866794229
H           -3.30711426858711        2.81645557274483        0.88253824505254
C           -2.08915139790298        3.30600860084607        2.57611875566433
H           -2.36873994562352        4.35644347467175        2.53536671716675
H           -2.71229869011769        2.81441038449363        3.32045308750046
H           -1.05323438005729        3.24488244705704        2.89901442198416
