14
 energy: -13.660533267240 gnorm: 0.014375995892 xtb: 6.7.1 (edcfbbe)
C           -3.14387063000000        0.08802834000000        1.14359529000000
H           -2.77137982000000       -0.93662796000000        1.10163194000000
H           -3.75347973000000        0.25545614000000        0.25293494000000
H           -3.80240969000000        0.16565121000000        2.01148404000000
C           -2.00023900000000        1.09707300000000        1.22694500000000
H           -1.33919432000000        0.97236906000000        0.36346661000000
H           -1.38775010000000        0.88325141000000        2.10857081000000
C           -2.47573600000000        2.54906500000000        1.28786500000000
H           -2.14216000000000        3.07351700000000        0.38686300000000
H           -3.56979700000000        2.56933900000000        1.26055900000000
C           -1.98256300000000        3.29668400000000        2.52514300000000
H           -0.89126000000000        3.32285300000000        2.56126900000000
H           -2.33875400000000        4.32789100000000        2.53819100000000
H           -2.32989700000000        2.81479100000000        3.44169600000000
14
 energy: -13.661018616517 gnorm: 0.005250153079 xtb: 6.7.1 (edcfbbe)
C           -3.14068332519722        0.09664800755209        1.14592945814294
H           -2.76080427170713       -0.92317783413917        1.10739988745822
H           -3.73877646002772        0.27060674248767        0.25181524681596
H           -3.79174834654478        0.18512894340878        2.01509199917156
C           -1.99396693290337        1.09493186322487        1.22932922044297
H           -1.33975550142955        0.95128017427847        0.36534974557703
H           -1.39782229330618        0.87175476226692        2.11828826639154
C           -2.48145929985564        2.55142685624977        1.28450738575281
H           -2.14734412221671        3.09229683981386        0.39517270072062
H           -3.57454679784481        2.57487792274407        1.27713619588380
C           -1.98458495971496        3.28853268754225        2.52074160355962
H           -0.89539025430679        3.31195216874974        2.54363093015835
H           -2.34666100102812        4.31551361514724        2.52768889903464
H           -2.33494672391700        2.79756845067343        3.42813309088994
14
 energy: -13.661049137748 gnorm: 0.001678022106 xtb: 6.7.1 (edcfbbe)
C           -3.14159164137214        0.09721764696111        1.14509543277144
H           -2.76148801491616       -0.92179118767628        1.10907720392210
H           -3.73629318484086        0.27177856571901        0.25041600435166
H           -3.79177112650645        0.18911912032744        2.01298366435629
C           -1.99297198065960        1.09471066356760        1.22910170372396
H           -1.33765862639054        0.95176418164582        0.36721651512951
H           -1.40240638929139        0.87600765042642        2.12159721428198
C           -2.48184631235758        2.55189236265072        1.28365644984215
H           -2.14991455111083        3.09162236989906        0.39414630055977
H           -3.57402195371017        2.56899337882963        1.28102848056480
C           -1.98330520608168        3.28811234607636        2.52091681101295
H           -0.89535010465309        3.31179472578158        2.54055335099347
H           -2.34741721766462        4.31354834371486        2.52856590436550
H           -2.33245398044490        2.79457103207665        3.42585959412443
14
 energy: -13.661057343769 gnorm: 0.001203883195 xtb: 6.7.1 (edcfbbe)
C           -3.14219770450041        0.09619167216034        1.14233611376336
H           -2.76265631612642       -0.92271886573439        1.10886659494138
H           -3.73245725116978        0.27139935059287        0.24569982959961
H           -3.79424926243760        0.19040143693190        2.00768328109755
C           -1.99254270110541        1.09410224208163        1.23108561051479
H           -1.33388844600646        0.95299488106706        0.37266141925092
H           -1.40741690040470        0.87720909344890        2.12663797637760
C           -2.48382348043677        2.55187861323502        1.28441857400229
H           -2.15618874662215        3.08938521426050        0.39314375347580
H           -3.57526393229099        2.56527886852565        1.28707989736965
C           -1.98089965952870        3.28986154764123        2.52048390744855
H           -0.89359265724393        3.31442212781100        2.53534665358669
H           -2.34679096238350        4.31425821698411        2.52973783675156
H           -2.32652226974320        2.79467680099416        3.42503318182026
14
 energy: -13.661065664882 gnorm: 0.001433908167 xtb: 6.7.1 (edcfbbe)
C           -3.14227275097924        0.09530233134692        1.13944158768329
H           -2.76242546354125       -0.92357714059444        1.10732199860960
H           -3.72863849722232        0.27079209662462        0.24024492706064
H           -3.79802639168210        0.18921828795091        2.00212465462783
C           -1.99315103123872        1.09371788711547        1.23388871523010
H           -1.33054460005082        0.95415548074455        0.37832034811813
H           -1.41203957591936        0.87614341211098        2.13180898592056
C           -2.48587747526293        2.55119292265251        1.28633850120689
H           -2.16242383534566        3.08706257497153        0.39261398308624
H           -3.57724393122210        2.56369085757811        1.29362222669857
C           -1.97864182898551        3.29162818186602        2.51950612382163
H           -0.89126020224017        3.31750166009459        2.52988917447084
H           -2.34580290928148        4.31560638877076        2.52911996357771
H           -2.32014179702835        2.79690625876747        3.42597343988797
14
 energy: -13.661076812926 gnorm: 0.001613437123 xtb: 6.7.1 (edcfbbe)
C           -3.14231144834436        0.09424670553490        1.13600518441461
H           -2.76181014463912       -0.92437227377214        1.10496906148604
H           -3.72437342080447        0.27029576418091        0.23419042737932
H           -3.80212115110705        0.18729513156334        1.99560453656897
C           -1.99415878159767        1.09323903137408        1.23717922633704
H           -1.32719921646585        0.95509294580655        0.38482977744364
H           -1.41761127585550        0.87524273303035        2.13790345387174
C           -2.48813644190775        2.55035884613247        1.28884322877033
H           -2.16940173113035        3.08466515209815        0.39254874658985
H           -3.57944508351358        2.56146753674428        1.30131698584426
C           -1.97598827745588        3.29373474631530        2.51830372347428
H           -0.88865246689327        3.32076027976557        2.52375113354056
H           -2.34434342361591        4.31723541321369        2.52779208642622
H           -2.31293742666926        2.80007918801255        3.42697705785310
14
 energy: -13.661092028441 gnorm: 0.001880074658 xtb: 6.7.1 (edcfbbe)
C           -3.14234905392974        0.09307804006714        1.13207561916546
H           -2.76106680122064       -0.92522965043021        1.10192415357580
H           -3.71943755502583        0.27002622532126        0.22728328665282
H           -3.80684958750087        0.18478871048798        1.98816490405210
C           -1.99522850620064        1.09269428507860        1.24105979335805
H           -1.32308689460248        0.95634483433826        0.39256205108158
H           -1.42404826174600        0.87413996636042        2.14503568161041
C           -2.49086038053805        2.54937886817508        1.29169272415471
H           -2.17773887804895        3.08171524300138        0.39231144820859
H           -3.58207485427887        2.55892626775693        1.31026940669223
C           -1.97295030235679        3.29610929375805        2.51691056700369
H           -0.88565972618873        3.32421644201021        2.51659272460144
H           -2.34239433585925        4.31917491586380        2.52606049906474
H           -2.30474515250317        2.80397775821111        3.42827177077838
14
 energy: -13.661112837692 gnorm: 0.002148003492 xtb: 6.7.1 (edcfbbe)
C           -3.14232557144572        0.09161195711597        1.12741392180022
H           -2.76013587633303       -0.92633048370511        1.09805164097890
H           -3.71380139963403        0.26981249212646        0.21935336704614
H           -3.81206750927247        0.18163962298171        1.97953649956294
C           -1.99658133410184        1.09203266368689        1.24562247287712
H           -1.31846223043505        0.95775304630455        0.40162241867317
H           -1.43167201411811        0.87281481109967        2.15335130942055
C           -2.49401612486489        2.54822843986850        1.29512836743983
H           -2.18741502345080        3.07827677327849        0.39221255766945
H           -3.58508470574901        2.55597765596106        1.32081804480159
C           -1.96939766069295        3.29901265894021        2.51522814354401
H           -0.88218958259930        3.32809012314600        2.50836784914452
H           -2.33990967243995        4.32164851507126        2.52387362120910
H           -2.29543158486286        2.80877292412435        3.42963441583245
14
 energy: -13.661131278091 gnorm: 0.002375848720 xtb: 6.7.1 (edcfbbe)
C           -3.14229219983467        0.09054530578422        1.12382759809370
H           -2.75936436570725       -0.92708967077716        1.09493156879077
H           -3.70942232279170        0.26979733603081        0.21328232163777
H           -3.81608363141761        0.17911596155654        1.97287539587238
C           -1.99760078163315        1.09153347665665        1.24918930993705
H           -1.31481685016402        0.95890348888221        0.40873543912046
H           -1.43761217746758        0.87178867333045        2.15982633741122
C           -2.49650016259905        2.54731953159483        1.29777680184355
H           -2.19501097168255        3.07553854285614        0.39210796289546
H           -3.58742521108788        2.55367569651392        1.32903312510050
C           -1.96666133043489        3.30119248394101        2.51390095834985
H           -0.87953953778217        3.33093037992780        2.50196905865828
H           -2.33789545443287        4.32352732260515        2.52205170231466
H           -2.28826529296464        2.81256267109745        3.43070704997433
14
 energy: -13.661154006359 gnorm: 0.002609730206 xtb: 6.7.1 (edcfbbe)
C           -3.14222615516677        0.08933126587362        1.11983602979854
H           -2.75848915063192       -0.92796785766513        1.09138508698979
H           -3.70458812632392        0.26981879677937        0.20660297075031
H           -3.82043788847673        0.17625539325295        1.96550356743698
C           -1.99877051829257        1.09097081502505        1.25314976816407
H           -1.31084505254067        0.96016551157635        0.41663877117814
H           -1.44423553202725        0.87062198329426        2.16697578213647
C           -2.49923964451204        2.54631103000772        1.30075139947128
H           -2.20341179717605        3.07249643473346        0.39206185515445
H           -3.58998122636035        2.55115309158013        1.33816810478499
C           -1.96363629880537        3.30364885940448        2.51240889251237
H           -0.87662560856753        3.33402299631627        2.49490304301143
H           -2.33560787261170        4.32567667712148        2.51998726188559
H           -2.28039541850716        2.81683620270002        3.43184209672555
14
 energy: -13.661181896060 gnorm: 0.002863561335 xtb: 6.7.1 (edcfbbe)
C           -3.14212815140170        0.08801299678669        1.11543228929416
H           -2.75748783769721       -0.92890800595991        1.08740461864582
H           -3.69923822533756        0.26991600433602        0.19927894350499
H           -3.82519017552770        0.17305857154710        1.95736409158143
C           -2.00007520221974        1.09035136007085        1.25754153448675
H           -1.30648764457994        0.96157534232299        0.42541496419997
H           -1.45158328076258        0.86931307738467        2.17485965946539
C           -2.50227257931722        2.54518714184377        1.30405468247436
H           -2.21271043485339        3.06910065810045        0.39205154489928
H           -3.59278040470616        2.54838382998314        1.34828512109384
C           -1.96030842915361        3.30634402296974        2.51073506017066
H           -0.87344300663250        3.33735511663497        2.48709020060099
H           -2.33304204552974        4.32805050328234        2.51763949169814
H           -2.27174287228097        2.82160058069719        3.43306242788419
14
 energy: -13.661215913562 gnorm: 0.003132216000 xtb: 6.7.1 (edcfbbe)
C           -3.14198691817439        0.08657753118739        1.11059090365367
H           -2.75634833405662       -0.92992380020510        1.08296287073726
H           -3.69333456968504        0.27009413428487        0.19128173916116
H           -3.83034697983886        0.16950339535580        1.94840581047550
C           -2.00153764746568        1.08966923730849        1.26238859738842
H           -1.30174961556375        0.96313650979398        0.43511742371848
H           -1.45970880312225        0.86783885720274        2.18350256301161
C           -2.50560759429280        2.54394110613556        1.30771843356323
H           -2.22294753032172        3.06532934301655        0.39210458526953
H           -3.59581870416273        2.54537118046491        1.35944710851347
C           -1.95666520071122        3.30930050588213        2.50886273415331
H           -0.86998768694209        3.34093848440954        2.47848435150375
H           -2.33018453085896        4.33067274651545        2.51499038422244
H           -2.26226617480394        2.82689196864772        3.43435712462814
14
 energy: -13.661257084120 gnorm: 0.003414674839 xtb: 6.7.1 (edcfbbe)
C           -3.14179312224821        0.08503087850911        1.10529791043915
H           -2.75505533358529       -0.93100666446860        1.07804197978623
H           -3.68684454041605        0.27036947234259        0.18259573594997
H           -3.83591545960418        0.16557946672587        1.93859037051287
C           -2.00316925007967        1.08892300556332        1.26771319671115
H           -1.29663125797406        0.96485823295637        0.44579349317422
H           -1.46864866310691        0.86618462353176        2.19292482190229
C           -2.50925716249387        2.54256476996100        1.31176276791115
H           -2.23416019160396        3.06115823887396        0.39223998220572
H           -3.59909601621597        2.54211519099976        1.37169841094274
C           -1.95269899837544        3.31251910620044        2.50677580259270
H           -0.86626122381145        3.34476929105125        2.46904604534419
H           -2.32702722266495        4.33354424454811        2.51201626460225
H           -2.25193184782006        2.83273134320512        3.43571784792532
14
 energy: -13.661306427795 gnorm: 0.003707078742 xtb: 6.7.1 (edcfbbe)
C           -3.14153478322377        0.08337902585575        1.09955073475902
H           -2.75359432411952       -0.93214988654368        1.07262997588504
H           -3.67974981956362        0.27075910864555        0.17322894279000
H           -3.84188365965325        0.16127976793902        1.92790148259760
C           -2.00498280565816        1.08811187556581        1.27352504893988
H           -1.29115224236787        0.96674361224512        0.45746672281096
H           -1.47842291035317        0.86433391250221        2.20312034288577
C           -2.51322257833706        2.54105325992299        1.31620295928891
H           -2.24635669422375        3.05657301352957        0.39248376038792
H           -3.60259965185158        2.53862936688776        1.38505817706832
C           -1.94841300362252        3.31599737639298        2.50446123272443
H           -0.86227683965851        3.34883249445966        2.45875823409216
H           -2.32356678506441        4.33666545490273        2.50869744641772
H           -2.24073419230287        2.83913281769459        3.43712956935222
14
 energy: -13.661364872229 gnorm: 0.004004846545 xtb: 6.7.1 (edcfbbe)
C           -3.14119903473426        0.08163502173896        1.09336219952034
H           -2.75195143564714       -0.93334037565811        1.06672576894195
H           -3.67205006902400        0.27128355907845        0.16321661717668
H           -3.84822156436384        0.15660663941226        1.91635036016762
C           -2.00698708634333        1.08723741214678        1.27982063287341
H           -1.28534867356778        0.96879152547054        0.47013329132940
H           -1.48902672256152        0.86227360347607        2.21405609607277
C           -2.51749594836029        2.53940465810585        1.32104409006699
H           -2.25951475500399        3.05156923451352        0.39286426085554
H           -3.60630744400384        2.53493767691271        1.39951155741285
C           -1.94382223607250        3.31972140276357        2.50191001968182
H           -0.85805992061355        3.35309751044899        2.44763009704813
H           -2.31980731094845        4.34002721696455        2.50501767287150
H           -2.22869808875559        2.84609611462593        3.43857196598097
14
 energy: -13.661433140229 gnorm: 0.004301820080 xtb: 6.7.1 (edcfbbe)
C           -3.14077233183109        0.07981798869015        1.08676380477834
H           -2.75011516035920       -0.93456040700850        1.06034230446389
H           -3.66376791413332        0.27196517435078        0.15262665146413
H           -3.85487700632413        0.15157369199466        1.90398284135486
C           -2.00918643373929        1.08630363728906        1.28657863339867
H           -1.27927676497496        0.97099433948434        0.48375334016448
H           -1.50042469816862        0.85999464375071        2.22566530043007
C           -2.52205664520870        2.53762148864258        1.32627858347864
H           -2.27357285604190        3.04615666709043        0.39341193017224
H           -3.61018505883001        2.53107720172856        1.41500162002243
C           -1.93895632366796        3.32366559626677        2.49911919678442
H           -0.85365008117555        3.35751697310979        2.43570415709221
H           -2.31576231925084        4.34361099859700        2.50096756798752
H           -2.21588669629452        2.85360320601373        3.44001869840803
14
 energy: -13.661511633233 gnorm: 0.004590654891 xtb: 6.7.1 (edcfbbe)
C           -3.14024171951952        0.07795358752512        1.07980696899269
H           -2.74807800780237       -0.93578730419864        1.05350928886289
H           -3.65495136244213        0.27282681917500        0.14156001951030
H           -3.86177629813760        0.14620818848015        1.89088219887319
C           -2.01157880857893        1.08531726061827        1.29375843946334
H           -1.27301141414224        0.97333761166576        0.49824735049512
H           -1.51254716725569        0.85749456428462        2.23784691466152
C           -2.52687106618456        2.53571136646284        1.33188381868201
H           -2.28842807996346        3.04036101537543        0.39415657932624
H           -3.61418708489896        2.52709666360030        1.43142524748265
C           -1.93385976462676        3.32779162024565        2.49609330515296
H           -0.84910047924374        3.36202735662842        2.42305891115031
H           -2.31145605373582        4.34738738849073        2.49654714903651
H           -2.20240298346832        2.86161506164644        3.44143843831020
14
 energy: -13.661600335540 gnorm: 0.004863224040 xtb: 6.7.1 (edcfbbe)
C           -3.13959617100199        0.07607273324541        1.07256162653970
H           -2.74583816180608       -0.93699473363973        1.04627431226953
H           -3.64567288294628        0.27388974639714        0.13014640504835
H           -3.86882778799343        0.14055207488249        1.87716716343223
C           -2.01415471096412        1.08428738295254        1.30130056668581
H           -1.26664202266202        0.97579999962938        0.51349704742200
H           -1.52529122058704        0.85477898233876        2.25046956654964
C           -2.53189362357806        2.53368733179999        1.33782155693475
H           -2.30393910911672        3.03422448758172        0.39512438247048
H           -3.61825943351655        2.52305354314435        1.44863529575781
C           -1.92859028320124        3.33204978906343        2.49284525192618
H           -0.84447511344044        3.36655256368824        2.40980676642126
H           -2.30692376465932        4.35131661709642        2.49176813650893
H           -2.18838600452682        2.87007068181994        3.44279655203326
14
 energy: -13.661698759689 gnorm: 0.005111182199 xtb: 6.7.1 (edcfbbe)
C           -3.13882804022756        0.07420960173730        1.06511229015199
H           -2.74340082708742       -0.93815459724012        1.03870185849450
H           -3.63602558204623        0.27517121410319        0.11853566011289
H           -3.87592836943258        0.13466120521264        1.86298543657092
C           -2.01689678069268        1.08322494328158        1.30912957592119
H           -1.26026574843352        0.97835450619770        0.52935113045375
H           -1.53852566334378        0.85186268879203        2.26337981826045
C           -2.53706945842400        2.53156747224051        1.34403910853044
H           -2.31993432990944        3.02780400622155        0.39633455512823
H           -3.62234329138569        2.51900941734507        1.46644812562277
C           -1.92321519423113        3.33638194617896        2.48939638414607
H           -0.83984427028025        3.37100966193349        2.39608773562209
H           -2.30221052030356        4.35535038067121        2.48665523586687
H           -2.17400221420228        2.87888875332500        3.44405771511777
14
 energy: -13.661805955990 gnorm: 0.005327043780 xtb: 6.7.1 (edcfbbe)
C           -3.13793439753569        0.07239848594812        1.05755104744167
H           -2.74077895632620       -0.93923975443420        1.03087026954605
H           -3.62611510201554        0.27668161752273        0.10688404325052
H           -3.88297355213693        0.12860272990175        1.84850099400016
C           -2.01978047042648        1.08214167302164        1.31715982517534
H           -1.25397819504381        0.98097043522356        0.54563705767808
H           -1.55210146585558        0.84876944563283        2.27641541539146
C           -2.54233900402639        2.52937386063986        1.35047291742085
H           -2.33622616090403        3.02116723483682        0.39779646693889
H           -3.62638047283697        2.51502380836689        1.48465838015065
C           -1.91780551451462        3.34072643851067        2.48577537011977
H           -0.83527807128946        3.37531761277471        2.38205738285693
H           -2.29736882676514        4.35943522723940        2.48124623355884
H           -2.15943010032328        2.88797238481533        3.44518922647071
14
 energy: -13.661920589091 gnorm: 0.005505335411 xtb: 6.7.1 (edcfbbe)
C           -3.13691759210600        0.07067039476475        1.04996924854994
H           -2.73799278678575       -0.94022683836929        1.02286584757182
H           -3.61604959477864        0.27842292769727        0.09533947241031
H           -3.88986749993804        0.12245023886184        1.83387902885551
C           -2.02277595227978        1.08104895003114        1.32530298544373
H           -1.24786427008757        0.98361624559689        0.56217632737422
H           -1.56586508361708        0.84553019899384        2.28942013548881
C           -2.54764339694919        2.52713076826367        1.35705393774530
H           -2.35262800691511        3.01438658505629        0.39950821614919
H           -3.63031883350359        2.51114843790062        1.50305738057993
C           -1.91242939890937        3.34502391347833        2.48201598939695
H           -0.83084001489668        3.37940545965069        2.36787229062485
H           -2.29245454441119        4.36351720651971        2.47558983164381
H           -2.14484331482215        2.89721671155438        3.44616393816552
14
 energy: -13.662091409216 gnorm: 0.002470329376 xtb: 6.7.1 (edcfbbe)
C           -3.13388473798546        0.07003131797608        1.04204253685762
H           -2.73187800263696       -0.94001646828426        1.01145275093294
H           -3.60405777128720        0.28300282458103        0.08446700647873
H           -3.89627651684260        0.11234277453321        1.81718452767656
C           -2.02844205562389        1.07974061004901        1.33608637718744
H           -1.24590029340614        0.98535650345998        0.58097966166069
H           -1.58007611013838        0.83742259507170        2.30185787393213
C           -2.55373126230219        2.52371518150157        1.36712221948983
H           -2.36883955840789        3.00692023980158        0.40598024394465
H           -3.63445888958385        2.51188078582014        1.52317469368662
C           -1.90764631651295        3.34880426012266        2.47607696985063
H           -0.82745792372693        3.38100426040889        2.35147124720403
H           -2.28629330800740        4.36824059568514        2.46522539130371
H           -2.12954754353827        2.91089571927341        3.44709312979431
14
 energy: -13.662303678496 gnorm: 0.002345395434 xtb: 6.7.1 (edcfbbe)
C           -3.13011450767195        0.07062914506092        1.03061015867174
H           -2.72453523184239       -0.93841915903409        0.99416075654753
H           -3.59034748941443        0.29120323409645        0.07006300405705
H           -3.90407185381605        0.09907410684881        1.79545204202490
C           -2.03472285747570        1.07878509040023        1.35018813661399
H           -1.23719934569136        0.99121917918307        0.60949459104320
H           -1.60228177176198        0.83028941243617        2.32139252827900
C           -2.56215650402455        2.51876034985816        1.37910914777558
H           -2.39588904683095        2.99368330349364        0.41001574808426
H           -3.63997752267969        2.50787157887062        1.55282330933275
C           -1.90014080577860        3.35273822855116        2.46750581947305
H           -0.82141309600786        3.38074328860612        2.33082940425677
H           -2.27569016769094        4.37385581103068        2.45068154187191
H           -2.10995008931367        2.92890763059817        3.44788844196817
14
 energy: -13.662607712777 gnorm: 0.005496632970 xtb: 6.7.1 (edcfbbe)
C           -3.12496757661297        0.06997311611843        1.01330323302720
H           -2.71501107579348       -0.93757453674923        0.96718490869406
H           -3.57210378387257        0.30354717401943        0.04946673147723
H           -3.91287919736383        0.08019098490104        1.76544393121087
C           -2.04293150916997        1.07695316281550        1.36993096370871
H           -1.22261746297480        0.99927607488255        0.65143905440332
H           -1.63585538938606        0.82119426617035        2.35076004394269
C           -2.57435749105792        2.51238962055178        1.39557328620779
H           -2.43673907105975        2.97506920752566        0.41467125767270
H           -3.64786800293041        2.50030218601783        1.59701373929515
C           -1.88876939916938        3.36003309208866        2.45550875984419
H           -0.81192525644354        3.37954453377477        2.30222946165666
H           -2.25842192282345        4.38377920710047        2.43012777723359
H           -2.08404315134196        2.95466311078291        3.44756148162572
14
 energy: -13.663247957964 gnorm: 0.013442551548 xtb: 6.7.1 (edcfbbe)
C           -3.11331343681209        0.06754107008367        0.97212838913627
H           -2.69268392184714       -0.93577372046870        0.90319250018130
H           -3.52856415264249        0.33290263391845        0.00055855379203
H           -3.93309503157429        0.03636076081303        1.69433608384690
C           -2.06173093744588        1.07218213764195        1.41643538344927
H           -1.18821808516909        1.01790587234862        0.75112248375492
H           -1.71617386761530        0.80057871721620        2.42062367302030
C           -2.60346931573346        2.49790499171650        1.43406410344990
H           -2.53378128977650        2.93126308095678        0.42611709112850
H           -3.66620797333965        2.48126646959228        1.70217184904139
C           -1.86156165279263        3.37808401670498        2.42774163995932
H           -0.78950401236572        3.37669862241317        2.23412186621038
H           -2.21735332574532        4.40745755620499        2.38165608512544
H           -2.02283328714047        3.01496899085826        3.44594492790394
14
 energy: -13.663563871522 gnorm: 0.016422883303 xtb: 6.7.1 (edcfbbe)
C           -3.10598212945194        0.06555632655368        0.94777329277936
H           -2.67785372536891       -0.93390110283620        0.86608099745331
H           -3.50021072990721        0.35119591823502       -0.02779974989945
H           -3.94334068052663        0.01253780897339        1.65013723354714
C           -2.07385094254715        1.06847969592334        1.44426789984023
H           -1.17241848988108        1.02773444720173        0.81168259146724
H           -1.76579474674800        0.78814331864984        2.46035003507039
C           -2.62058500426628        2.48985746713653        1.45809622162698
H           -2.59028255108495        2.90507629590965        0.43776249699055
H           -3.67465325038219        2.47036468644179        1.76545593510830
C           -1.84580465724425        3.38934810952637        2.41113756630533
H           -0.77793158191462        3.37445165202609        2.19165087147151
H           -2.19439009528703        4.42077443104318        2.35172171331830
H           -1.98539170538975        3.04972214521579        3.44189752492064
14
 energy: -13.663943263101 gnorm: 0.014460511474 xtb: 6.7.1 (edcfbbe)
C           -3.09903194553549        0.06391749131226        0.92697207421716
H           -2.66242416149152       -0.93032089021193        0.83642816403967
H           -3.46924719515326        0.36771365925176       -0.05283363592478
H           -3.95302939560730       -0.00549329674708        1.60651622561390
C           -2.08556212183796        1.06392999891394        1.46974443873509
H           -1.16511397956875        1.03389753482958        0.86678690874512
H           -1.81122712410432        0.77563354989842        2.49302030151160
C           -2.63613767829041        2.48344956555660        1.48098636097288
H           -2.63842308696634        2.88250083230623        0.45510226110031
H           -3.67954618064308        2.46264816892640        1.82206389441129
C           -1.83270540868172        3.39904497289650        2.39637072311016
H           -0.77082655122965        3.37323407838584        2.14915019467926
H           -2.17757160795217        4.43015505292934        2.32416577980023
H           -1.94764385293798        3.07903048175235        3.43574093898793
14
 energy: -13.664494567866 gnorm: 0.007185847173 xtb: 6.7.1 (edcfbbe)
C           -3.08894680771053        0.06206135639019        0.89891039551150
H           -2.63858290687693       -0.92320681184095        0.80287111078457
H           -3.41325021361111        0.38961051644266       -0.08994625759391
H           -3.97187281530704       -0.02595238478030        1.53515477747300
C           -2.10331318935973        1.05545420008425        1.50736118530633
H           -1.16305571695002        1.03879921138664        0.94623657400294
H           -1.87701125237511        0.75384366436287        2.53595642399344
C           -2.65918341033631        2.47552853662097        1.51574420247632
H           -2.70403531822318        2.85205595232895        0.48839911673790
H           -3.68371890629377        2.45632132781961        1.90323320256706
C           -1.81534773684712        3.41193063306717        2.37574850270115
H           -0.76618517960578        3.37570885772798        2.07868871810762
H           -2.16138638272727        4.43912816310946        2.28671416218314
H           -1.88260045377602        3.11805797728072        3.42514251574875
14
 energy: -13.664745179998 gnorm: 0.005449455827 xtb: 6.7.1 (edcfbbe)
C           -3.08259470474787        0.06141666794396        0.88251784896759
H           -2.62554638143600       -0.91950283875528        0.79328167101772
H           -3.36844885665504        0.39970335891982       -0.11389600875514
H           -3.98646913182555       -0.02964020043128        1.48304962523903
C           -2.11513126567888        1.04879698667158        1.53023517544154
H           -1.16457110035786        1.03882180517018        0.99516675887858
H           -1.91943810876755        0.73689602627841        2.55951427888790
C           -2.67292865422363        2.47191122703206        1.53822052889194
H           -2.74351123856359        2.83555809166724        0.51218879572745
H           -3.68354615300425        2.45628602490912        1.95463579413796
C           -1.80537299775165        3.41913737545363        2.36317699603561
H           -0.76858625276195        3.38265781964313        2.02741900456861
H           -2.15978470092052        4.44130764138392        2.27033375282924
H           -1.83256074330555        3.13599121411375        3.41437040813178
14
 energy: -13.664851141830 gnorm: 0.007766810579 xtb: 6.7.1 (edcfbbe)
C           -3.07667765115378        0.06186965662444        0.86656031386920
H           -2.61749987096896       -0.91848142841870        0.78790067815402
H           -3.32343342251984        0.40747046917927       -0.13855712862135
H           -4.00298789101678       -0.03013300902048        1.43235025382632
C           -2.12594528200684        1.04352777567020        1.55211592888881
H           -1.16143489902164        1.04039197114062        1.04116565078629
H           -1.95855233110512        0.72200258725968        2.58366144678734
C           -2.68613505204920        2.46752602769400        1.55895301054449
H           -2.78277707495801        2.81946663751022        0.53028494811223
H           -3.68525043886903        2.45477353854164        2.00290223945183
C           -1.79531861332495        3.42510364211518        2.35080080143087
H           -0.77095008518263        3.39203346618314        1.97641496303375
H           -2.15947521530870        4.44364477480572        2.26088975947094
H           -1.78205246251439        3.15014509071534        3.40477176426505
14
 energy: -13.664959840639 gnorm: 0.008988204322 xtb: 6.7.1 (edcfbbe)
C           -3.07276670384690        0.06319768604622        0.85894321167255
H           -2.62022653605697       -0.92229435231451        0.80597875726685
H           -3.27994197398547        0.40325497843705       -0.15443753793011
H           -4.01620838548126       -0.01173935346525        1.39109345799649
C           -2.13418995946472        1.03920836337860        1.56316366873078
H           -1.16587364000196        1.03670936288813        1.06498736498128
H           -1.98150187768466        0.71101662812625        2.59146028742066
C           -2.69162026044663        2.46632673704734        1.57226315281297
H           -2.80070190026614        2.81416047562492        0.54613710936882
H           -3.68142477396535        2.45807262786171        2.02903046997337
C           -1.79089417135621        3.42712596244091        2.34363058791434
H           -0.78196343647404        3.40930314804136        1.93467810390954
H           -2.17361308670105        4.44067994340424        2.27272794523019
H           -1.73756358426849        3.14431899248328        3.39055805065207
14
 energy: -13.665044049384 gnorm: 0.006741865881 xtb: 6.7.1 (edcfbbe)
C           -3.06763100438525        0.06597465098845        0.84834039899836
H           -2.62438365784449       -0.92577799401717        0.81735203966006
H           -3.23685837811588        0.40121635087016       -0.17479819199047
H           -4.03107619056401        0.00307876713731        1.34928659694298
C           -2.14167175430590        1.03673226754391        1.57756605109599
H           -1.16328647397673        1.03698735725941        1.09504646633193
H           -2.00723264241555        0.70162928907608        2.60769947720796
C           -2.69993298770843        2.46245465433238        1.58588095045773
H           -2.82678877041554        2.80443747338687        0.55776724333245
H           -3.68276119601398        2.45658111554147        2.06080939191403
C           -1.78439699166182        3.42902448466613        2.33359621261987
H           -0.78866271791433        3.42596532443131        1.89049199024465
H           -2.18140137885342        4.43936268888390        2.28254539086086
H           -1.69240614582451        3.14167476990005        3.37863061232341
14
 energy: -13.665114688767 gnorm: 0.002006567448 xtb: 6.7.1 (edcfbbe)
C           -3.06426078454432        0.06986351690175        0.84460252504740
H           -2.63956145953337       -0.93237079924218        0.83852501516971
H           -3.20624953616032        0.39036107503216       -0.18568912993395
H           -4.03950840225183        0.02670926368252        1.32536886659197
C           -2.14460182418326        1.03725848938952        1.58238888793283
H           -1.16117208495324        1.03756148551914        1.10511623096411
H           -2.01477231464725        0.69849335991340        2.61313615007763
C           -2.70223632105951        2.45982520795546        1.59034221007510
H           -2.83610665251356        2.80096833406359        0.56047660456111
H           -3.68378331448346        2.45627619807077        2.07056130566203
C           -1.78239934320282        3.42729298063516        2.32781115824064
H           -0.79812041429725        3.44532117308751        1.86386043010052
H           -2.19193371977153        4.43562223257086        2.30698325245114
H           -1.66378411839812        3.12615868242059        3.36673112305955
14
 energy: -13.665125143680 gnorm: 0.001281519200 xtb: 6.7.1 (edcfbbe)
C           -3.06431997168506        0.07105229668876        0.84626406442739
H           -2.64571676100494       -0.93360431926562        0.84729492920149
H           -3.20026200391398        0.38509706036905       -0.18671700388832
H           -4.04172619962721        0.03508118620472        1.32383204736932
C           -2.14467367362515        1.03799081591343        1.58134742310470
H           -1.16254180297843        1.03855248704923        1.10219112844862
H           -2.01039684228553        0.69918456635812        2.61075291573322
C           -2.70120375999056        2.45947927229275        1.58967900430072
H           -2.83277914031533        2.80076451610898        0.55992842788966
H           -3.68403652093429        2.45724218184525        2.06563101994012
C           -1.78351401186580        3.42563228146877        2.32823210540094
H           -0.80146418874678        3.45164730349823        1.86019833163475
H           -2.19608699329886        4.43271249163818        2.31650182745153
H           -1.65976841972793        3.11850905983041        3.36507840898564
14
 energy: -13.665126384270 gnorm: 0.000862482868 xtb: 6.7.1 (edcfbbe)
C           -3.06401487973751        0.07125204118654        0.84566385805569
H           -2.64691434740187       -0.93313775184606        0.84879289630781
H           -3.19890612132692        0.38316615127519       -0.18748302102177
H           -4.04128055902532        0.03787667973619        1.32217996160302
C           -2.14499459142887        1.03797057482223        1.58163070157804
H           -1.16231615808682        1.03972596469624        1.10340113448570
H           -2.01066428832821        0.69781097753903        2.61138505148040
C           -2.70126904512627        2.45934459723151        1.59008039568245
H           -2.83367765546774        2.79932101335185        0.55991168841468
H           -3.68467022378874        2.45825404820499        2.06659713585483
C           -1.78314583700172        3.42570296993106        2.32763810373521
H           -0.80191996459523        3.45393945248723        1.85936796194225
H           -2.19659119947769        4.43156180077657        2.31802398615296
H           -1.65812541920693        3.11655268060769        3.36302477572851
14
 energy: -13.665126782673 gnorm: 0.000781120521 xtb: 6.7.1 (edcfbbe)
C           -3.06322662720751        0.07141838481570        0.84421401972174
H           -2.64733303817681       -0.93347469996632        0.85111763309705
H           -3.19146068966116        0.38298505938569       -0.19078310723274
H           -4.04416290909502        0.04059290696300        1.31493720349915
C           -2.14627730613092        1.03733664455834        1.58392351076339
H           -1.16239535567304        1.03981719718353        1.10854747953674
H           -2.01435144669653        0.69602259454944        2.61355595277424
C           -2.70258816184624        2.45893297555483        1.59240302303754
H           -2.83785600404469        2.79751881401233        0.56231834083073
H           -3.68481597380939        2.45850220669147        2.07122553665181
C           -1.78234324907840        3.42617592297923        2.32626581359723
H           -0.80322562053691        3.45658796386596        1.85177594776713
H           -2.19834382203701        4.43102600385381        2.31955167013945
H           -1.65011008600622        3.11589922555324        3.36116160581633
