14
 energy: -13.652119227639 gnorm: 0.016279790155 xtb: 6.7.1 (edcfbbe)
C           -1.09209717000000        0.80650867000000        0.03368795000000
H           -0.10838007000000        0.46017438000000        0.35428754000000
H           -0.94566568000000        1.69991474000000       -0.57730679000000
H           -1.52108283000000        0.03534678000000       -0.60990395000000
C           -2.00023900000000        1.09707300000000        1.22694500000000
H           -1.47352787000000        0.85321296000000        2.15497180000000
H           -2.87175183000000        0.43570658000000        1.19250284000000
C           -2.47573600000000        2.54906500000000        1.28786500000000
H           -2.14216000000000        3.07351700000000        0.38686300000000
H           -3.56979700000000        2.56933900000000        1.26055900000000
C           -1.98256300000000        3.29668400000000        2.52514300000000
H           -1.10598595000000        2.80906307000000        2.95731270000000
H           -1.70558105000000        4.32492782000000        2.28760183000000
H           -2.75332655000000        3.33156740000000        3.29821342000000
14
 energy: -13.652740255183 gnorm: 0.007286800505 xtb: 6.7.1 (edcfbbe)
C           -1.08539565756391        0.79055830200715        0.02890762964117
H           -0.10859924866902        0.44191636510546        0.35772806809659
H           -0.92522827001299        1.67644836624876       -0.58266768411439
H           -1.50906272003550        0.02301530837363       -0.61612897837241
C           -2.00637336766329        1.09483996957551        1.21731288147181
H           -1.48590033593202        0.84273679203416        2.14382807961545
H           -2.87560783511840        0.43499356105720        1.17199940395663
C           -2.48025340622118        2.55645326707885        1.29447024326775
H           -2.14666260776136        3.09067782530172        0.40213924888833
H           -3.57216110731026        2.58715655597430        1.27589227701972
C           -1.98495880951853        3.30697069092416        2.53276665192408
H           -1.08448155621167        2.84403961353621        2.93499424841344
H           -1.74572149716229        4.34270259272281        2.29683216671998
H           -2.73748758081960        3.30959119006009        3.32066810347186
14
 energy: -13.653333632331 gnorm: 0.006656714691 xtb: 6.7.1 (edcfbbe)
C           -1.08062502184857        0.78334469309104        0.03196554520376
H           -0.11290893460958        0.43122420043567        0.37573315680270
H           -0.90776456859773        1.66565073982676       -0.57623203717733
H           -1.49963716144719        0.01927842490236       -0.61456060045953
C           -2.01896076461877        1.09138600491158        1.21412246575846
H           -1.51210091714178        0.83246524173738        2.14377291790275
H           -2.89168664031522        0.44171689415967        1.14703229767542
C           -2.48176849536418        2.56382691170846        1.29176408548163
H           -2.13916797030140        3.09697590392291        0.40491070700074
H           -3.57130112502973        2.60493793672600        1.28014159624375
C           -1.98014018040025        3.30949800501501        2.53521675912257
H           -1.03543741197617        2.89032821125468        2.88603171408400
H           -1.81382875779697        4.36337580957658        2.30869726267819
H           -2.70256605055246        3.24809142273193        3.35014646968288
14
 energy: -13.653881764360 gnorm: 0.022498956276 xtb: 6.7.1 (edcfbbe)
C           -1.07551927447164        0.77866149645367        0.04461499072941
H           -0.11836119410835        0.42642772837337        0.41246579632785
H           -0.89080979892513        1.66051710292962       -0.55665207054059
H           -1.48474506979267        0.01653234683120       -0.60627616371117
C           -2.04245012841509        1.08686201235016        1.21245154778598
H           -1.56185937321124        0.81759109580637        2.15089507510134
H           -2.92326369950113        0.45549544076000        1.10940523296533
C           -2.48238783743220        2.57265078860010        1.28353008956200
H           -2.11895441871722        3.09650085982975        0.40217316320247
H           -3.56909705340240        2.63534329141921        1.27617973153820
C           -1.96772228001676        3.30735551069270        2.53129525647820
H           -0.95081099999064        2.96581370705159        2.79172531994758
H           -1.92976387198876        4.39183434722011        2.33349851905596
H           -2.63214900002674        3.13051467168220        3.39343585155744
14
 energy: -13.654441976629 gnorm: 0.015078596391 xtb: 6.7.1 (edcfbbe)
C           -1.07642737686837        0.78353633302511        0.04947571889516
H           -0.11741348266972        0.43750105125943        0.41977397975071
H           -0.89767668836442        1.66658625916559       -0.55329956464272
H           -1.48133524587781        0.01643520019232       -0.60008499957955
C           -2.04606411625647        1.08725402223725        1.21429482461956
H           -1.56959384725588        0.81831852805291        2.15507487969104
H           -2.92774873801144        0.45820703471063        1.10683549484135
C           -2.48263834755840        2.57133476465658        1.28064870640723
H           -2.11573805075291        3.08967263091068        0.39701792927020
H           -3.56954131695470        2.63797163897144        1.27277125672901
C           -1.96365865822048        3.30224324975348        2.52632693440540
H           -0.95088942714201        2.97265576898711        2.78033544712372
H           -1.93548898225851        4.38157258958299        2.34145531728403
H           -2.61367972180886        3.11881132849451        3.38811641520484
14
 energy: -13.655454675854 gnorm: 0.011470578750 xtb: 6.7.1 (edcfbbe)
C           -1.07419042258228        0.78740732881135        0.07082186111006
H           -0.11496858630890        0.45965369871420        0.46297604650569
H           -0.90084740224839        1.66779269424033       -0.54146607585783
H           -1.45821864517957        0.00300949519786       -0.57610107436739
C           -2.06788765860200        1.09340023225984        1.21049451883628
H           -1.62110684472181        0.81353130923420        2.16435231076726
H           -2.95715960496903        0.47899457630810        1.07705339126707
C           -2.48287383473442        2.57725187023670        1.27191849212588
H           -2.10898529349695        3.08824335463068        0.38574840886428
H           -3.56977566988580        2.66202733207986        1.26559717044312
C           -1.94717977139544        3.28994098815453        2.51298249266390
H           -0.89965803096694        3.03291381678189        2.68810429247997
H           -2.02002068678113        4.37475744482852        2.38367341711345
H           -2.52502154812729        3.01317625852202        3.40258708804826
14
 energy: -13.656198438074 gnorm: 0.009933975137 xtb: 6.7.1 (edcfbbe)
C           -1.07044683947035        0.78887396654332        0.09242484092956
H           -0.10621087862912        0.49295655294452        0.50578180284924
H           -0.90725116435635        1.65815372851829       -0.54388187482620
H           -1.42227712062685       -0.02369859747542       -0.54557829276800
C           -2.08910710425864        1.10356520764663        1.19831274222616
H           -1.67459476356239        0.80581953751813        2.16542504075285
H           -2.98418133674176        0.49835258145738        1.04348776345656
C           -2.48499105307120        2.58414382544950        1.26922416004259
H           -2.12362109827300        3.10118228685030        0.37852695377982
H           -3.57333803566688        2.67987095041369        1.26856326128769
C           -1.93048286581832        3.28020767612025        2.50288571451589
H           -0.86178698899869        3.08214794389027        2.60822566835688
H           -2.07791448287837        4.35985300732569        2.42900552837810
H           -2.44169026764803        2.93067173279755        3.40633903101887
14
 energy: -13.656734386558 gnorm: 0.013569958930 xtb: 6.7.1 (edcfbbe)
C           -1.06447788039946        0.79257440495707        0.11154864498599
H           -0.09553216210877        0.53817527324181        0.54664848023302
H           -0.91670463559347        1.64735649881060       -0.55035370787233
H           -1.37857090176138       -0.05046151184053       -0.51100336586718
C           -2.11180376355868        1.10729272793347        1.18541903213025
H           -1.73086091746611        0.78937693479614        2.16317126677399
H           -3.01111799774960        0.51153206533625        0.99934220698971
C           -2.49176373385483        2.58890756131440        1.26793253598137
H           -2.14505736232169        3.11000877475050        0.37099318663074
H           -3.58124082171665        2.69365671231474        1.28369815541346
C           -1.91154976967144        3.27377258081540        2.49443813013765
H           -0.83217419725587        3.12325361405477        2.54532284641925
H           -2.11430976418933        4.34490334452143        2.46536772512821
H           -2.36273009235265        2.87175141899407        3.40621720291587
14
 energy: -13.657543712358 gnorm: 0.018809636982 xtb: 6.7.1 (edcfbbe)
C           -1.05246633395364        0.80048897635691        0.13818716703044
H           -0.07862257758021        0.61938107534181        0.60764359728146
H           -0.93414615738618        1.62944934231115       -0.56455131462912
H           -1.30484684907975       -0.09083697427168       -0.45132885383243
C           -2.14549734468856        1.10906402892828        1.16353665502971
H           -1.81849143667718        0.75681086874236        2.15290858369146
H           -3.04809632758524        0.53069796364120        0.92042885831173
C           -2.50638593544192        2.59340981048772        1.26983222560824
H           -2.18972232022025        3.11959296259173        0.36165648633793
H           -3.59607809289001        2.70482842659570        1.32351641207325
C           -1.88203282134946        3.26722626813064        2.48284820085145
H           -0.80103826056116        3.17145366224866        2.46625892657000
H           -2.13903284843843        4.31844587427524        2.50989717714486
H           -2.25143669414792        2.81208811462043        3.39790821853101
14
 energy: -13.657502150838 gnorm: 0.035521579074 xtb: 6.7.1 (edcfbbe)
C           -1.03400479561309        0.81021249408673        0.17737994172841
H           -0.06501084722358        0.72270038434107        0.69771352994554
H           -0.94634313613967        1.60152222756061       -0.57442011679652
H           -1.20607495414212       -0.13680697870481       -0.36376700980192
C           -2.19587820813296        1.10726077969497        1.13501290893690
H           -1.95177411235735        0.70486843566140        2.13776708017498
H           -3.10234151485462        0.56360101052121        0.79691244710546
C           -2.52644949068069        2.60084916383928        1.26941606813570
H           -2.24310648238730        3.12765482270193        0.34860832038696
H           -3.61340548295792        2.72419699601941        1.38110238038576
C           -1.83906236127416        3.25936410442400        2.46479400859172
H           -0.73697525095106        3.26464167102967        2.33164509069918
H           -2.20946377272802        4.29443115485949        2.58011350639590
H           -2.07800359055735        2.69760413396527        3.39646418411190
14
 energy: -13.659209405029 gnorm: 0.016627954300 xtb: 6.7.1 (edcfbbe)
C           -1.02833619663825        0.81351816720077        0.17848259042147
H           -0.08390204453783        0.73509426724821        0.69280443765267
H           -0.93452457475960        1.58599220661915       -0.57388948738057
H           -1.20070556872092       -0.11673507166960       -0.33266312130683
C           -2.19324938112248        1.09706121790764        1.13080203332356
H           -1.96445682517259        0.68314489092882        2.11396769216737
H           -3.08578825745269        0.57146145104690        0.76213324850443
C           -2.53208668065687        2.59539528506868        1.27557607398057
H           -2.26502249031535        3.12049149417707        0.35490563799834
H           -3.61169458884110        2.70135221417401        1.41844432575821
C           -1.83500465778062        3.26684719319527        2.46370702411752
H           -0.75669927143182        3.26398568364073        2.34462988855374
H           -2.18052871047625        4.29672390985073        2.57760787673678
H           -2.07589475209348        2.72776749061185        3.37223411947269
14
 energy: -13.659955402710 gnorm: 0.028082873329 xtb: 6.7.1 (edcfbbe)
C           -1.02313818573379        0.82417618383061        0.19492634069406
H           -0.07502113649264        0.84139209204125        0.76119920812548
H           -0.96739618716769        1.56746110167624       -0.60356671260481
H           -1.11778178899655       -0.17294352666561       -0.27159747563848
C           -2.22163626414103        1.10720103805424        1.10774728915387
H           -2.03065650682949        0.67536816468386        2.09099456624866
H           -3.10093986431063        0.59642133475577        0.70619645095283
C           -2.55401076151987        2.59907418865143        1.27904569354219
H           -2.31273009125027        3.13195648830683        0.35656376498464
H           -3.62866846870135        2.70473259546925        1.45108266387866
C           -1.81609345061464        3.24979886516685        2.45453614884266
H           -0.75017144199023        3.25446157112728        2.29091432749320
H           -2.14572318805816        4.25478212064353        2.59125038412873
H           -2.00392666419350        2.70821818225873        3.36944969019826
14
 energy: -13.661113938284 gnorm: 0.018504397945 xtb: 6.7.1 (edcfbbe)
C           -1.01200184814588        0.83250180428483        0.22027475086779
H           -0.07911698863185        0.89150372081831        0.79953411780920
H           -0.96384841692153        1.55069272442368       -0.60037469784173
H           -1.07276457474236       -0.17659317732681       -0.21512535103222
C           -2.24326657524904        1.10419554357821        1.09476074218830
H           -2.10599541852902        0.63598204662127        2.08026150511263
H           -3.11936601807629        0.62180046750566        0.62933447993627
C           -2.56277712049281        2.59686805136600        1.28435824586225
H           -2.35042944910867        3.13301108941873        0.35567388403112
H           -3.63268185464626        2.69977787642403        1.49196986509115
C           -1.79225466998114        3.24570822062034        2.44041488581972
H           -0.72296136967029        3.30320011864922        2.21983402814671
H           -2.17538761764240        4.24435869445008        2.62382416526263
H           -1.91504207816227        2.65909321916672        3.35400171874613
14
 energy: -13.661865554828 gnorm: 0.009708091926 xtb: 6.7.1 (edcfbbe)
C           -1.00851012237760        0.83866053131849        0.23830305063896
H           -0.09447765641106        0.92056996231912        0.81995006186500
H           -0.95484750241278        1.53852286366223       -0.59064261238273
H           -1.05124860030747       -0.16502876412817       -0.17665935698939
C           -2.25429795396634        1.10488436230268        1.08693669146197
H           -2.14067037172869        0.62473900328849        2.06235226753828
H           -3.11575850857033        0.64019326122349        0.59803096624657
C           -2.56920051749275        2.59300097413056        1.28772618357914
H           -2.37807701813318        3.13464114788534        0.35880335400056
H           -3.63324595042256        2.69200296574772        1.51467545916347
C           -1.77980321804493        3.23735477822866        2.42725596328166
H           -0.71750560759238        3.31326935553347        2.18029349240937
H           -2.17616489214827        4.23549848826794        2.63535685488731
H           -1.87408608039149        2.63379147022027        3.33635996429975
14
 energy: -13.662946826026 gnorm: 0.012443697516 xtb: 6.7.1 (edcfbbe)
C           -0.99780255861577        0.85925134121106        0.27736676208930
H           -0.10892591672541        1.04110861611718        0.88862918698300
H           -0.96537936968687        1.51193314137758       -0.59474280370540
H           -0.96357298471288       -0.17724120588266       -0.07411989014351
C           -2.29052314986093        1.10176496273329        1.06220052337887
H           -2.24592232881332        0.57814988912895        2.02644452585846
H           -3.12761375376226        0.67419172532839        0.48864704287351
C           -2.59067894947662        2.58367959036438        1.30149250814018
H           -2.45088395007399        3.13588128719806        0.36722998653823
H           -3.64462081148627        2.67774401042607        1.58385102603110
C           -1.74266858441751        3.21967216427967        2.40233738765759
H           -0.69982983940043        3.33168220754996        2.09615492941927
H           -2.15070522673031        4.20358003828353        2.65406869195956
H           -1.76876657623724        2.60070263188489        3.29918246291975
14
 energy: -13.663455074879 gnorm: 0.017419007797 xtb: 6.7.1 (edcfbbe)
C           -0.99488123769861        0.87903978948653        0.30255248329616
H           -0.13317329850516        1.11439408717144        0.92598851135806
H           -0.95935187903095        1.50229113735694       -0.58878288280321
H           -0.91629349783993       -0.16377397101240       -0.01082972498886
C           -2.30755726339146        1.10184484978342        1.04961578476026
H           -2.29247899249331        0.56083477556082        1.99930125778394
H           -3.11618048419685        0.68888396131580        0.43789105071232
C           -2.61177416584074        2.57321814312720        1.31283177736113
H           -2.50365952268539        3.13419605904811        0.38014826490441
H           -3.65696993765233        2.65982324060326        1.62226889917091
C           -1.72868817794174        3.20243631054546        2.38323749909143
H           -0.70337835260860        3.30193035370027        2.05159153458561
H           -2.08820518340014        4.17984423783800        2.63192868006596
H           -1.73530200671458        2.60713742547552        3.28099920470177
14
 energy: -13.663604161234 gnorm: 0.018576518269 xtb: 6.7.1 (edcfbbe)
C           -0.98818530027355        0.88855848682146        0.32837280150277
H           -0.15117817688672        1.17800430723472        0.97895640660360
H           -0.95010427421430        1.47874947733209       -0.59061154964942
H           -0.86334234140468       -0.17151289702564        0.05818095365032
C           -2.32982014024460        1.10845621787421        1.02811887179983
H           -2.34566034604393        0.55270818512661        1.96381699150263
H           -3.11567661749745        0.71133863236068        0.39130327318426
C           -2.63218634336944        2.57679641683167        1.31152135785534
H           -2.55724633086550        3.14357825863395        0.37623326658315
H           -3.66990793484151        2.65632784804806        1.66238186911384
C           -1.70869923348277        3.19062493574772        2.36286289132799
H           -0.70085779194977        3.29841961993360        1.97925715323688
H           -2.07391088727169        4.16630734423959        2.66328634309115
H           -1.66111828165387        2.56374356684167        3.26506171019754
14
 energy: -13.663955412881 gnorm: 0.006842498317 xtb: 6.7.1 (edcfbbe)
C           -0.98804093664327        0.88879874740117        0.32803618757917
H           -0.15448335318378        1.15427572570072        0.96909642988492
H           -0.93722085787795        1.49087112655536       -0.57300273057814
H           -0.88005903722852       -0.15249849458077        0.04368888951918
C           -2.32477500438117        1.10339140875138        1.03173683949419
H           -2.34047404100570        0.54025749058117        1.96952553235106
H           -3.11572191992388        0.70551959090176        0.39219703080559
C           -2.62932916928714        2.57326770623491        1.31643396400086
H           -2.55434277222872        3.13963748738887        0.38268443030221
H           -3.66601279219152        2.65017243321749        1.66418745851710
C           -1.70839262989119        3.19387275018915        2.36262506033478
H           -0.69353135077463        3.30595495093060        1.97879845524456
H           -2.08246723070011        4.17654540432532        2.65556514294519
H           -1.67304290468219        2.57203407240325        3.25716964959920
14
 energy: -13.664026478030 gnorm: 0.006147493812 xtb: 6.7.1 (edcfbbe)
C           -0.98970024595997        0.89284472516759        0.33119143607340
H           -0.16042306074769        1.17583917676489        0.97472087206400
H           -0.94256457299258        1.48639697928957       -0.58077605586992
H           -0.86951180335178       -0.15725755587080        0.06259615685949
C           -2.32719952101351        1.10225101743146        1.02883661514435
H           -2.34554331657385        0.53601004044830        1.96155336409027
H           -3.11540661139480        0.70889638715987        0.38331907716196
C           -2.63011394463242        2.57160636540278        1.32024387859609
H           -2.55927453595666        3.14245128563928        0.39142910606999
H           -3.66240639177109        2.64728897802234        1.67092979133634
C           -1.70530831517490        3.19079154328226        2.35982602601129
H           -0.69751150312155        3.29756252666566        1.97745557573418
H           -2.06892022928017        4.17578833907543        2.64887117485741
H           -1.67400994802881        2.57163059152175        3.24854532187100
14
 energy: -13.664012198660 gnorm: 0.009807933081 xtb: 6.7.1 (edcfbbe)
C           -0.98429169552586        0.90100053070711        0.34362577393893
H           -0.16721248091478        1.20268266958659        0.99684270755881
H           -0.93061531563708        1.48469428736344       -0.57339108097118
H           -0.84483609010722       -0.14919119903194        0.08663047418383
C           -2.33821698721769        1.10180673710103        1.02105647036398
H           -2.37279904321467        0.52673358715407        1.95048457446606
H           -3.12044018349845        0.71619806793969        0.35760746165796
C           -2.64364082987912        2.56881849790218        1.32415748196684
H           -2.58927787894410        3.14402087188834        0.39573472139963
H           -3.67084376072425        2.63982524167661        1.69389019966138
C           -1.69830932838201        3.18447312687021        2.35157019483886
H           -0.69327452489565        3.29310373900689        1.94748132407636
H           -2.04856560857796        4.16305697565950        2.63652132470828
H           -1.64557027248090        2.56487726617670        3.24653071215014
14
 energy: -13.664099017861 gnorm: 0.004639069498 xtb: 6.7.1 (edcfbbe)
C           -0.98565288303015        0.89654862568216        0.33875736719510
H           -0.16712961327066        1.18694928078999        0.99141938272917
H           -0.92663026252190        1.48551937791593       -0.57292780139083
H           -0.85481920672013       -0.14958311961149        0.07545352426039
C           -2.33327297835538        1.10456146147885        1.02148625245632
H           -2.35824834237042        0.53646842116750        1.95179640736597
H           -3.11751490525899        0.71331413671733        0.37504959458413
C           -2.64133612059439        2.57207026493977        1.31989227790415
H           -2.58520232056887        3.14691296846761        0.39140649365250
H           -3.66943322825256        2.64208783069389        1.68910119223700
C           -1.70144543649434        3.18522255363128        2.35286621492109
H           -0.69664577242942        3.28559885260283        1.95472872697405
H           -2.05260697626310        4.17087659752392        2.64234769234297
H           -1.65795595386944        2.56555314800084        3.24736501476784
14
 energy: -13.664135078431 gnorm: 0.001592224779 xtb: 6.7.1 (edcfbbe)
C           -0.98626346677313        0.89911837037452        0.33880005905763
H           -0.16949283393189        1.19170992582808        0.99309599427683
H           -0.92769757279321        1.48994838012073       -0.57282265230554
H           -0.85207941236466       -0.14800917879779        0.07706873615998
C           -2.33448326744985        1.10326715505104        1.02078321586194
H           -2.35766406825485        0.53499360018873        1.95298425838077
H           -3.12024120950229        0.70911455483245        0.37310534290381
C           -2.64127130124704        2.57096002815261        1.32042615068231
H           -2.58584498078545        3.14657412292164        0.39324188692644
H           -3.66747640111532        2.64160879165193        1.69085463773047
C           -1.70100387549982        3.18424138501615        2.35214748656386
H           -0.69370153253432        3.27706770659923        1.95575290990299
H           -2.04649883564183        4.17544704568093        2.63597805890837
H           -1.66417524210610        2.56605851238015        3.24732625494999
14
 energy: -13.664150582168 gnorm: 0.002014809690 xtb: 6.7.1 (edcfbbe)
C           -0.98635042775093        0.90242424165186        0.33838765459227
H           -0.17104862835719        1.19842352197767        0.99331981988841
H           -0.92942952934156        1.49453870282108       -0.57321737965174
H           -0.84690034713846       -0.14502422139258        0.07756837060904
C           -2.33432606104436        1.10332741734233        1.02072748880627
H           -2.35622028779420        0.53396027571047        1.95404267771371
H           -3.12189998440317        0.70577402350826        0.37318109601762
C           -2.64353743084202        2.57032728421267        1.32094009815489
H           -2.58966008430350        3.14604353443752        0.39437610092098
H           -3.66759446248262        2.64068292703034        1.69399879036764
C           -1.70076632641325        3.18093896491990        2.35144785389253
H           -0.68913870077056        3.25828289116905        1.95964986435914
H           -2.03425950138514        4.18154476960915        2.62234191783990
H           -1.67676222797282        2.57085606700267        3.25197798648918
14
 energy: -13.664158024369 gnorm: 0.001530906394 xtb: 6.7.1 (edcfbbe)
C           -0.98631417537717        0.90302128453525        0.33763675907951
H           -0.17046308201665        1.19921711748818        0.99176799920229
H           -0.93030066824224        1.49487955190114       -0.57399877868134
H           -0.84655424516414       -0.14401601020884        0.07638005942010
C           -2.33390640026041        1.10296229359096        1.02074007930017
H           -2.35545126083308        0.53323533813012        1.95356564342779
H           -3.12139154437189        0.70529536531701        0.37375437698934
C           -2.64350084384947        2.56972976680004        1.32151943355905
H           -2.59028020876854        3.14564383794086        0.39492601361175
H           -3.66760865544014        2.63936423656931        1.69502406876788
C           -1.70109611608572        3.18111789175940        2.35190569085065
H           -0.68815085190801        3.25168043922161        1.96265243688132
H           -2.03031979741566        4.18436593136846        2.61722229950574
H           -1.68255615026663        2.57560335558691        3.25564625808560
14
 energy: -13.664170661244 gnorm: 0.000994874508 xtb: 6.7.1 (edcfbbe)
C           -0.98572409635674        0.90439534204466        0.33311621116865
H           -0.16672787352903        1.20100297790578        0.98292487208309
H           -0.93469076031905        1.49569383212337       -0.57860362640171
H           -0.84605506681282       -0.14149951059265        0.07019540480940
C           -2.33079070666970        1.10201115475499        1.02168821014476
H           -2.34892426009062        0.53129034064387        1.95276194963613
H           -3.11819694241969        0.70491728502169        0.37726244357321
C           -2.64360805775897        2.56773392313084        1.32436637808579
H           -2.59275761150275        3.14476071394106        0.39780204711323
H           -3.66856313916037        2.63429156922635        1.69873813831386
C           -1.70301772000131        3.18200541702673        2.35453921303457
H           -0.68396704046333        3.22165336593385        1.97791017003446
H           -2.01487742584977        4.19666904927806        2.59305384983398
H           -1.70999329906560        2.59717493956181        3.27298707857044
14
 energy: -13.664173042050 gnorm: 0.000308020082 xtb: 6.7.1 (edcfbbe)
C           -0.98593439589727        0.90393227840636        0.33241579194354
H           -0.16637201636677        1.20014791337784        0.98173199548744
H           -0.93538262689983        1.49561527553168       -0.57931984477981
H           -0.84714038101062       -0.14244990107867        0.06967881825555
C           -2.33068238837593        1.10186159367740        1.02216511800912
H           -2.34726685928707        0.53213761753974        1.95420242096545
H           -3.11894039686322        0.70408669329895        0.37834964473516
C           -2.64287913724642        2.56798906268804        1.32390924363418
H           -2.59063454988558        3.14446411920760        0.39723028998663
H           -3.66811942373456        2.63518770471777        1.69664792313153
C           -1.70354655837900        3.18237245928684        2.35520848494696
H           -0.68474296909463        3.22408392374539        1.97972997118914
H           -2.01669810607143        4.19604085068597        2.59464970074539
H           -1.70955419088742        2.59663080891548        3.27214278174957
14
 energy: -13.664174338502 gnorm: 0.000222689531 xtb: 6.7.1 (edcfbbe)
C           -0.98622118247693        0.90378850030312        0.33125139869990
H           -0.16579498354680        1.19995156888802        0.97951991196349
H           -0.93696615191943        1.49577657904114       -0.58045599913925
H           -0.84786281397787       -0.14275807036989        0.06828555430700
C           -2.33005627006100        1.10176848949593        1.02309324268530
H           -2.34455936819712        0.53308136329769        1.95597628084271
H           -3.11934247222007        0.70265107818326        0.38084620314725
C           -2.64229266152599        2.56819184939955        1.32355345435815
H           -2.58798336329288        3.14403930758636        0.39670273236720
H           -3.66795978328591        2.63631728989761        1.69450891691186
C           -1.70425230462866        3.18244741813828        2.35608750605916
H           -0.68458216406078        3.22274380491993        1.98245926155154
H           -2.01707929507767        4.19684503018890        2.59367298562524
H           -1.71294118572864        2.59725619103050        3.27324089062031
14
 energy: -13.664175222464 gnorm: 0.000196834092 xtb: 6.7.1 (edcfbbe)
C           -0.98656682681195        0.90358254445202        0.33025886824932
H           -0.16529105266691        1.19970276101379        0.97747142849966
H           -0.93853570375874        1.49565775149735       -0.58142431363861
H           -0.84856913531103       -0.14290055597956        0.06695391868714
C           -2.32942280418480        1.10173009373482        1.02392557526697
H           -2.34216778017550        0.53420842555249        1.95750998831625
H           -3.11952522156506        0.70132616867042        0.38353316757398
C           -2.64173565457495        2.56839033808355        1.32297650799865
H           -2.58542517925529        3.14368329806606        0.39589214454568
H           -3.66799284682831        2.63732772559724        1.69214390928718
C           -1.70496051049049        3.18247708836203        2.35684615726100
H           -0.68462170756367        3.22193400262216        1.98483539448243
H           -2.01747257702401        4.19720697524232        2.59350246973645
H           -1.71560699978905        2.59777378308573        3.27431712373375
