14
 energy: -13.652223797558 gnorm: 0.021453997905 xtb: 6.7.1 (edcfbbe)
C           -0.59904439000000        0.89386620000000        1.79998276000000
H           -0.60952390000000        0.21005771000000        2.65011628000000
H           -0.17134537000000        1.83930695000000        2.14078550000000
H            0.07760054000000        0.47899053000000        1.04967636000000
C           -2.00023900000000        1.09707300000000        1.22694500000000
H           -2.71133336000000        0.46412791000000        1.76717772000000
H           -2.02284032000000        0.75588879000000        0.18713304000000
C           -2.47573600000000        2.54906500000000        1.28786500000000
H           -2.14216000000000        3.07351700000000        0.38686300000000
H           -3.56979700000000        2.56933900000000        1.26055900000000
C           -1.98256300000000        3.29668400000000        2.52514300000000
H           -0.89126000000000        3.32285300000000        2.56126900000000
H           -2.33875400000000        4.32789100000000        2.53819100000000
H           -2.32989700000000        2.81479100000000        3.44169600000000
14
 energy: -13.655904220783 gnorm: 0.009008330277 xtb: 6.7.1 (edcfbbe)
C           -0.56321534512317        0.82548156816707        1.77064150294981
H           -0.58780062298805        0.15646744155499        2.62752901862254
H           -0.06148363761327        1.73326928609133        2.09185020461141
H            0.06995703253007        0.37794452090425        1.00709355519242
C           -1.98118096720958        1.10468203851064        1.24899596402754
H           -2.69521310059706        0.49192851779645        1.80649003602452
H           -2.04387134532368        0.76720855905033        0.21040849632085
C           -2.45347999637946        2.56735927873066        1.29790104774057
H           -2.10043092942456        3.09663955033502        0.40796572920793
H           -3.54650079000975        2.57138541386659        1.25124617679706
C           -2.03486219191584        3.34962294186819        2.54003251470583
H           -0.95120456965293        3.44931526383067        2.59474576498520
H           -2.44424021902353        4.35822342196143        2.52467590158534
H           -2.37336611726922        2.84392328733248        3.44382674722896
14
 energy: -13.656898296101 gnorm: 0.005656773927 xtb: 6.7.1 (edcfbbe)
C           -0.55506423508366        0.82218586948156        1.75678160015361
H           -0.57192546113553        0.16589582797079        2.62283637085820
H           -0.03577491386561        1.73146730256989        2.04690310143564
H            0.04240678147659        0.34318874881631        0.98144611928175
C           -1.98335903043210        1.10370286003538        1.26380728904985
H           -2.68861413208175        0.51292102672821        1.85553170158044
H           -2.07652259316988        0.75781893476261        0.23010732889354
C           -2.43333898402086        2.57452181202213        1.29356956823513
H           -2.04014672380170        3.10061873153619        0.41802252948950
H           -3.52475848593818        2.58186337168678        1.21306431652960
C           -2.04631554786427        3.34744941735402        2.55076310060946
H           -0.96652274444610        3.47306293563970        2.62560865249600
H           -2.48805747845190        4.34293822671823        2.52155314896235
H           -2.39889925118505        2.83581602467831        3.44340783242493
14
 energy: -13.658223147811 gnorm: 0.012091083457 xtb: 6.7.1 (edcfbbe)
C           -0.54138994467717        0.81973418212815        1.72312007958929
H           -0.52647458428269        0.20197830949613        2.61905538964403
H            0.00244189492705        1.73878740022007        1.93761378749699
H           -0.00425269969218        0.28451351832918        0.93544490578913
C           -1.99238862662007        1.09988061754857        1.29286951841197
H           -2.67893995519821        0.56100988606878        1.95912157217657
H           -2.15379911344210        0.71910103425867        0.27687405424007
C           -2.39370728025761        2.58567927955897        1.28318958045134
H           -1.90694368692623        3.09651605440747        0.43941115860384
H           -3.47960309279009        2.62023736393003        1.11689444034379
C           -2.07541959278064        3.34086726915731        2.57280300756445
H           -1.00546503371480        3.49640264880413        2.69210680845171
H           -2.55514385673078        4.31808520562108        2.53380100703984
H           -2.45580722781448        2.81065832047154        3.44109735019696
14
 energy: -13.658954977463 gnorm: 0.013340239392 xtb: 6.7.1 (edcfbbe)
C           -0.53609517494136        0.81934401965661        1.69740410565887
H           -0.48603075371862        0.23254707263072        2.61474026178248
H            0.01602744974692        1.74550513977709        1.85603934493755
H           -0.03398977589253        0.25530706763087        0.90919641134233
C           -2.00078731191568        1.09946415505095        1.31584412006895
H           -2.67006141978006        0.59803277919408        2.02928665004632
H           -2.21029656194441        0.68719910633247        0.31983788562659
C           -2.36598956023392        2.59189320931753        1.27504391802545
H           -1.81693282070776        3.08619642799683        0.45740479958395
H           -3.44173613763928        2.65584199474337        1.04580729000245
C           -2.09743463628566        3.33448986613375        2.58410203422031
H           -1.03488379149812        3.49796182471425        2.74050706644909
H           -2.58898480659777        4.30388674191632        2.54624367570313
H           -2.49969749859172        2.78578168490523        3.43194509655248
14
 energy: -13.659602891519 gnorm: 0.006157374749 xtb: 6.7.1 (edcfbbe)
C           -0.53674066255719        0.82090668222195        1.67842756465331
H           -0.45398788109858        0.25816130943735        2.60748105595453
H            0.01551392786538        1.74888697697777        1.79764900500729
H           -0.05472325161708        0.24230763389333        0.89726069348825
C           -2.00592056125438        1.10339020134997        1.33267821504569
H           -2.65794087806632        0.62818342906313        2.07007906449397
H           -2.24595292886508        0.66425780840506        0.35967358786335
C           -2.34774029595864        2.59389299651018        1.26996624746041
H           -1.76585664471364        3.07058201912665        0.47502123255537
H           -3.40707802546143        2.68387823753258        1.00015471348615
C           -2.11482651960732        3.32973890183328        2.58643598097788
H           -1.05784555607745        3.48331010715471        2.77603253036193
H           -2.59897659885822        4.30024542902301        2.55556162459455
H           -2.53481692373000        2.76570935747110        3.41698114405729
14
 energy: -13.659830102918 gnorm: 0.007833938869 xtb: 6.7.1 (edcfbbe)
C           -0.53162810902783        0.82396878949409        1.65816953100223
H           -0.42293206757741        0.29372925770377        2.60533659252465
H            0.03980430722307        1.75214794863094        1.72745293674045
H           -0.08055923537881        0.21135183956559        0.87682641573861
C           -2.00933814827274        1.10770121279869        1.34993323673083
H           -2.64582140127552        0.65919710396627        2.11763871194840
H           -2.28051911197907        0.64072274107604        0.39771725884806
C           -2.33303422306403        2.59792851805862        1.26338468804610
H           -1.71138551166475        3.06136735378558        0.49104902681612
H           -3.37820850183643        2.70788056275137        0.95306684444174
C           -2.13705097510914        3.32369427638895        2.59275175974485
H           -1.08272774949311        3.45889587047000        2.82368654069869
H           -2.60474993311776        4.30167784589134        2.56134356933602
H           -2.58874213942639        2.75318776941879        3.40504554738321
14
 energy: -13.660008009497 gnorm: 0.004751922740 xtb: 6.7.1 (edcfbbe)
C           -0.52977557544327        0.82522788406507        1.64872613282743
H           -0.40794759790639        0.30709913825637        2.59692247242479
H            0.04220231673555        1.74872620236068        1.70367000381932
H           -0.08449260403762        0.20759324935226        0.87203731664741
C           -2.00932047555359        1.10933712232417        1.35521790286409
H           -2.63442404381715        0.66684304055329        2.13246166216630
H           -2.29058222960300        0.63518547891576        0.41321716179498
C           -2.33251311496236        2.59764602354838        1.26422535572288
H           -1.69915763106756        3.05815367665451        0.50392741555003
H           -3.36852116198713        2.71303500559337        0.94223067673088
C           -2.14701518985803        3.32125842212333        2.59383362955803
H           -1.09304314096780        3.42679806854609        2.84494464647355
H           -2.58714054313419        4.31339002237703        2.55306588589005
H           -2.62516180839738        2.76315775532973        3.39892239753022
14
 energy: -13.660173776672 gnorm: 0.005597013274 xtb: 6.7.1 (edcfbbe)
C           -0.52491264665577        0.82612582001631        1.63511954537996
H           -0.38497894033457        0.32991321468667        2.59214520366168
H            0.04936973860419        1.74958248773717        1.65710879670723
H           -0.09355328152712        0.19336413985978        0.86323918483988
C           -2.00851699141927        1.10826856622203        1.36198016431345
H           -2.61888158132146        0.67353387222254        2.15497548293908
H           -2.30652314556245        0.62693222985865        0.43017993140376
C           -2.32893709912809        2.59796733300335        1.26703671565790
H           -1.67805861577136        3.05813505895696        0.52215750944615
H           -3.35687392041313        2.71785501567361        0.92429907912497
C           -2.16083036967165        3.31818903676537        2.60025074070854
H           -1.10875829349578        3.38011680144972        2.88023904359753
H           -2.55889575024348        4.33017598339082        2.54123837282110
H           -2.68654190305996        2.78329153015707        3.39343288939873
14
 energy: -13.660329643811 gnorm: 0.009250513699 xtb: 6.7.1 (edcfbbe)
C           -0.51678857588668        0.82803054775183        1.62281526076945
H           -0.36374061574603        0.35841377205389        2.59079898923204
H            0.05854986871329        1.75228675574047        1.60626728219047
H           -0.09980889111223        0.17120278926638        0.86057807266488
C           -2.00358841681732        1.10584868191878        1.36534487864734
H           -2.60055184379108        0.67029784064582        2.16604531426415
H           -2.31257588551524        0.62671852363014        0.43827340459107
C           -2.33096710456349        2.59728715260754        1.27398211251501
H           -1.67337531653519        3.06336513669351        0.54065406661693
H           -3.35426663504553        2.71252134300418        0.91906097111776
C           -2.17401817426467        3.31538400896813        2.60835028465704
H           -1.12669784220034        3.31395471179659        2.91882972309865
H           -2.50575284385257        4.35464778026881        2.52488334356920
H           -2.76331052338282        2.82349204565397        3.38751895606598
14
 energy: -13.660462435089 gnorm: 0.005525249082 xtb: 6.7.1 (edcfbbe)
C           -0.51419246513374        0.82924517593236        1.62164896440444
H           -0.36129659658399        0.36856270965774        2.59426280337838
H            0.05844174918021        1.75379217621119        1.59516922009389
H           -0.09806531036220        0.16436481521239        0.86736316587120
C           -2.00146436289697        1.10378510994776        1.36298186865265
H           -2.59883974915780        0.66405831470726        2.16304330052739
H           -2.30993841132977        0.63012208653352        0.43131225937738
C           -2.33353781730906        2.59708696798452        1.27634496456818
H           -1.67922940878459        3.06826404114676        0.54072109110285
H           -3.36053383788490        2.70617120070920        0.92436008180435
C           -2.17399799796402        3.31408747838437        2.61093111778776
H           -1.13199744719522        3.29724371016896        2.92608566770976
H           -2.48529242904744        4.35695530694633        2.52465609402911
H           -2.77694871553040        2.83971199645767        3.38452206069264
14
 energy: -13.660644987390 gnorm: 0.007364635887 xtb: 6.7.1 (edcfbbe)
C           -0.50771520112489        0.83541833684932        1.61460843084878
H           -0.34690195445438        0.40942859825400        2.60598969788583
H            0.06872528870280        1.75978192545331        1.54666396411178
H           -0.10355287222557        0.13756327101487        0.88063491918318
C           -1.99767639860050        1.10279384627361        1.36187389128177
H           -2.59459388262774        0.65668571590135        2.15972932240562
H           -2.30560473707747        0.63472785686089        0.42504943504501
C           -2.33655970274414        2.59701675410382        1.28041879474995
H           -1.69051790030047        3.07243657348908        0.53960705594168
H           -3.36792509626067        2.69953952338851        0.93627462237181
C           -2.17593380285737        3.30953977452476        2.61671820458591
H           -1.14524789675721        3.24409309791009        2.96734229973606
H           -2.43381815176265        4.36397725898743        2.51911029500344
H           -2.82957049190962        2.87044855698898        3.36938172684915
14
 energy: -13.660787798628 gnorm: 0.006141597619 xtb: 6.7.1 (edcfbbe)
C           -0.50588829211359        0.84365642593195        1.61747056914793
H           -0.34749408651776        0.44131848488898        2.61805553213429
H            0.07183910275571        1.76375542836502        1.52799914740144
H           -0.10372874816668        0.12421542726280        0.90420004917779
C           -1.99428075093020        1.10342353312630        1.35484807280239
H           -2.59861149014280        0.63999728293771        2.13564977036548
H           -2.28426338441798        0.64650613131566        0.40658963878851
C           -2.34453980861989        2.59442901209612        1.28566047211615
H           -1.72004819565604        3.07311183395809        0.52765311179132
H           -3.38571111468027        2.69065372989766        0.96562504208890
C           -2.16907394631596        3.30668211647728        2.61982642149370
H           -1.15026293397197        3.20814886564856        2.98462178404351
H           -2.38930786166488        4.36582502257514        2.51589880057816
H           -2.84552128955756        2.89172779551876        3.35930424807041
14
 energy: -13.660807660702 gnorm: 0.010494386541 xtb: 6.7.1 (edcfbbe)
C           -0.50090139976753        0.85466059856407        1.60720349493537
H           -0.32716015200535        0.50354485337989        2.62773105285487
H            0.07805020932275        1.76923915141687        1.46186116159334
H           -0.11196277371383        0.09776696680103        0.92593577313621
C           -1.99205303751097        1.10382663259681        1.35245512058668
H           -2.59026348138635        0.63024052036000        2.13437596641307
H           -2.28110009711942        0.64886136436601        0.40127240827104
C           -2.34793752502322        2.59112955991793        1.29159200278477
H           -1.72489588063913        3.07201927085628        0.53006655214250
H           -3.39234066917206        2.69020886970339        0.97553990849126
C           -2.17395656293130        3.29833861669170        2.62943699519348
H           -1.17186344856465        3.13175752707497        3.03374253879953
H           -2.32166829102618        4.37608202890965        2.50611146169073
H           -2.90883969046261        2.92577512936141        3.34607822310713
14
 energy: -13.660974779252 gnorm: 0.007479787293 xtb: 6.7.1 (edcfbbe)
C           -0.50516117966019        0.85486863466257        1.60940054898767
H           -0.33271048086519        0.51078729030917        2.63190088072141
H            0.07462758409939        1.76822920642814        1.45993454631194
H           -0.11408025351670        0.09692660759843        0.93330973063371
C           -1.99496921999053        1.10569693104593        1.35018406280629
H           -2.59366373816342        0.63349901897173        2.13366276413351
H           -2.28328425129525        0.64583795092468        0.40093939284314
C           -2.34453329940648        2.59071197848147        1.28799729152210
H           -1.71877077426782        3.07053254713579        0.52856410754186
H           -3.38705694055311        2.69683597932541        0.96976317680074
C           -2.17159090526834        3.29653024502136        2.62859753960678
H           -1.17027204419940        3.15175986142925        3.02252813869679
H           -2.34323501995733        4.36389749559277        2.51611014740319
H           -2.88219227695550        2.90733734307331        3.35051033199085
14
 energy: -13.661102174449 gnorm: 0.005997982798 xtb: 6.7.1 (edcfbbe)
C           -0.50496862449594        0.85847751397608        1.60936153643121
H           -0.33285309087240        0.53948692892877        2.63667092549752
H            0.07414956941408        1.76605701617879        1.43775376444010
H           -0.11492176003783        0.08323621806096        0.95205635813804
C           -1.99471405804649        1.10616825326531        1.34640120145540
H           -2.59164721170544        0.62614607450037        2.12467280668910
H           -2.27807223374700        0.64857978120607        0.39626126294334
C           -2.34781650061532        2.58935021805158        1.28922375555626
H           -1.72604818629555        3.07424913126372        0.53227964421649
H           -3.38934690726114        2.69667826620305        0.97297438318252
C           -2.17036547937802        3.29368470742996        2.62988572224063
H           -1.17399074841756        3.13645844444230        3.02478159349531
H           -2.32957602166117        4.36241620883907        2.52078267462475
H           -2.88672154688006        2.91246232765395        3.35029703108931
14
 energy: -13.661308023221 gnorm: 0.016721227907 xtb: 6.7.1 (edcfbbe)
C           -0.50342284126237        0.87437878213323        1.60161223429490
H           -0.31723284614203        0.68491591388419        2.66690710127200
H            0.07802117148775        1.75984635358542        1.30491808228754
H           -0.12948571136977        0.01204943316857        1.03121868800092
C           -1.99492261871415        1.10720384933388        1.33323825029352
H           -2.58479373015079        0.60429455390875        2.09950410542559
H           -2.26622591210763        0.65765006502676        0.37946686813813
C           -2.35614150549219        2.58557546406312        1.29434957936831
H           -1.73484914374634        3.08423993255567        0.54864916506706
H           -3.39369287385041        2.70086271846290        0.97649541470454
C           -2.17206748332450        3.27729942564374        2.64180096826839
H           -1.19947887039293        3.05684009376745        3.05991620706927
H           -2.26800067015629        4.35357282031955        2.53962326443303
H           -2.92459976477818        2.93472168414671        3.34570273137676
14
 energy: -13.661708166937 gnorm: 0.008381009767 xtb: 6.7.1 (edcfbbe)
C           -0.50349017696514        0.87741940512303        1.60077849649127
H           -0.30839200392042        0.72767226326382        2.66033801581283
H            0.07105824379264        1.74112566310899        1.27513319175724
H           -0.12834173554790        0.00976642751751        1.06316271071364
C           -1.99816728180691        1.10318538629414        1.32988824249124
H           -2.58826348193677        0.59338431487710        2.09338088205888
H           -2.26742283553127        0.66080729172184        0.37136488895554
C           -2.36086572960852        2.58491197221302        1.29608747151447
H           -1.73205248563706        3.08354099149865        0.55573064596881
H           -3.39553906914172        2.70225182285247        0.97207814166627
C           -2.17102625162499        3.27417033106185        2.64451677351768
H           -1.19849251199216        3.04043771621612        3.06412790002885
H           -2.25715870344726        4.35102038170491        2.54185455757210
H           -2.92873877663232        2.94375712254650        3.35496074145114
14
 energy: -13.661996333905 gnorm: 0.011926148401 xtb: 6.7.1 (edcfbbe)
C           -0.50278926943038        0.88801270970098        1.59705517371777
H           -0.30249345053157        0.83925960659324        2.66901568976625
H            0.07604654767064        1.71791216042380        1.17704427916170
H           -0.14098211631111       -0.03974128688832        1.13698549666390
C           -1.99611912872899        1.10246408280458        1.31897903498294
H           -2.58709615034065        0.57958036645164        2.07621418849978
H           -2.25522010592990        0.67035781388249        0.35103316856573
C           -2.36634724544159        2.58511095935890        1.30165546719997
H           -1.73567446462342        3.08753093846002        0.56608194888153
H           -3.39952800040826        2.70107071780713        0.97656097923662
C           -2.17394359565801        3.26383035097959        2.65624344225013
H           -1.21147703963542        3.00119690104423        3.07937703199757
H           -2.22649975923606        4.34428142491893        2.55530493640699
H           -2.94476902139509        2.95258434446271        3.36185182266906
14
 energy: -13.662276845282 gnorm: 0.016708513459 xtb: 6.7.1 (edcfbbe)
C           -0.50483908689574        0.88526934153166        1.59864218047385
H           -0.31111915286538        0.87345289239129        2.66197805813584
H            0.08660378186866        1.68704370424044        1.14323063159785
H           -0.15795698967859       -0.06389927252556        1.17236813804162
C           -1.99071335688948        1.10335524242788        1.31769896526012
H           -2.58999896160655        0.58668741393578        2.07321121874335
H           -2.24321735862664        0.67752720494783        0.34263023697872
C           -2.36258730438152        2.59068106766553        1.30499170029890
H           -1.72697664184365        3.08774344649714        0.57017245532954
H           -3.39618921614799        2.69754150466208        0.97660526546480
C           -2.18037877060505        3.26415243705538        2.66247221868884
H           -1.20780421181473        3.03755900698098        3.06074392798509
H           -2.25954281445007        4.33962526866704        2.56472376135839
H           -2.92217271606308        2.92671183152244        3.37393390164304
14
 energy: -13.662645971140 gnorm: 0.014101639334 xtb: 6.7.1 (edcfbbe)
C           -0.50800333120357        0.88259322098187        1.59561789943054
H           -0.29916716095248        0.93854396616833        2.66659801220102
H            0.08469021346919        1.65095021761659        1.09123496123182
H           -0.17704654199318       -0.08805108305176        1.21829721466177
C           -1.98951169314338        1.10207021981763        1.31526490581507
H           -2.59378043268614        0.58161699208068        2.06196545960543
H           -2.23382742382381        0.68636928794933        0.33252162795957
C           -2.35894344564976        2.59273019376276        1.30827233152750
H           -1.72451072210792        3.09188024351431        0.57431337578319
H           -3.39474715373893        2.69908264643149        0.98214428613124
C           -2.18063518490667        3.26152188485015        2.66632040257054
H           -1.20105010312534        3.04885921911075        3.06453885843783
H           -2.27114270802907        4.33405681848194        2.57239175567155
H           -2.91921711210874        2.91122726228584        3.37392156897286
14
 energy: -13.663153660203 gnorm: 0.004428598457 xtb: 6.7.1 (edcfbbe)
C           -0.50329269356452        0.87682280466638        1.59328049218861
H           -0.28711826284117        0.94201537155831        2.65733901223714
H            0.10243472293737        1.62104408518987        1.07559927175593
H           -0.19371228338764       -0.10804293825598        1.24689111527206
C           -1.98457675322330        1.11145662902088        1.31214874042940
H           -2.58864755363168        0.58975341243344        2.05712378529613
H           -2.23518175370716        0.69401385405368        0.33376181842171
C           -2.35564655158533        2.59792870205826        1.30618558549924
H           -1.72929270908268        3.10911182310223        0.57178704207352
H           -3.39421766103836        2.70209434887749        0.98526480554809
C           -2.18247253445921        3.26261883277429        2.66716209731431
H           -1.19055785102791        3.06977789835079        3.06339104356777
H           -2.30823337527387        4.33856985108166        2.57897820228344
H           -2.91637754011435        2.88628641508861        3.37448964811258
14
 energy: -13.663441000783 gnorm: 0.005410852031 xtb: 6.7.1 (edcfbbe)
C           -0.50035922426100        0.86990879329701        1.59057546648482
H           -0.27935944547374        0.96373203368100        2.64967916397910
H            0.11751071484700        1.58143043144535        1.04503966131007
H           -0.21855091076086       -0.13585076933876        1.28291612909187
C           -1.98000018001286        1.11975576945773        1.30715660529347
H           -2.58545299364930        0.59719868553274        2.05058407166308
H           -2.23116541778602        0.70193325366368        0.33008800984963
C           -2.34793966111414        2.60297043638324        1.30548151299470
H           -1.72584246719322        3.12449127494743        0.57325746847814
H           -3.38768754585276        2.70637307852479        0.98499734577153
C           -2.18563859716076        3.26396372224072        2.66984173585623
H           -1.17988461376426        3.10638071254069        3.05971022519264
H           -2.35942279692075        4.33977889589364        2.59317815823548
H           -2.90309966089714        2.85138477173065        3.38089710579916
14
 energy: -13.663620089362 gnorm: 0.006069841296 xtb: 6.7.1 (edcfbbe)
C           -0.50020941958409        0.86654748175372        1.58866239795169
H           -0.27348763658666        0.99038911921987        2.64424521925595
H            0.12204343694624        1.55424637834908        1.01805390742114
H           -0.23295521808214       -0.15191949633789        1.30948803708326
C           -1.97894694262487        1.12271195847877        1.30461509116045
H           -2.58584979523341        0.59816242162987        2.04595532980975
H           -2.22816207207082        0.70773811225837        0.32582422740079
C           -2.34362547102140        2.60530736210631        1.30644093026220
H           -1.71747590658600        3.12897764728602        0.57914979224342
H           -3.38190466294398        2.71247423228958        0.98084462597750
C           -2.18851294539945        3.26320823004706        2.67275859259571
H           -1.17765768798035        3.12759200331064        3.05880400515547
H           -2.38668052801174        4.33544381398475        2.60218746735091
H           -2.89346795082115        2.83257182562376        3.38637303633169
14
 energy: -13.663898995239 gnorm: 0.005630291604 xtb: 6.7.1 (edcfbbe)
C           -0.50218607906345        0.86214581100514        1.58486351611043
H           -0.26302222122183        1.04989251783641        2.63180393728659
H            0.12442004842573        1.50464913651650        0.96450441209808
H           -0.25560740137266       -0.17717172356132        1.36283343980181
C           -1.97882728405719        1.12542595303560        1.30028526400739
H           -2.58865178416081        0.59757844235274        2.03754326891111
H           -2.22424235348848        0.71721032943038        0.31701998789686
C           -2.33584593254275        2.60957744808107        1.30915686909051
H           -1.69710511588285        3.13348893981557        0.59320548582322
H           -3.36959425117358        2.72540444199475        0.97082829901667
C           -2.19396020721206        3.26053692614866        2.67943082386517
H           -1.17776154086527        3.15981066908419        3.05737686295164
H           -2.42852119263423        4.32360317701218        2.61887863185177
H           -2.87598748475037        2.80129902124804        3.39567186128868
14
 energy: -13.664055334300 gnorm: 0.006426217606 xtb: 6.7.1 (edcfbbe)
C           -0.50537620123195        0.85708202545699        1.58203895857582
H           -0.25467127541517        1.10393875998751        2.61602932263740
H            0.12531742108264        1.45395673382015        0.91939361730001
H           -0.27521693168920       -0.19723971244081        1.41704174499441
C           -1.97870892185110        1.12823546066124        1.29585324684759
H           -2.59309156828437        0.59985237724243        2.02914789649877
H           -2.22232086261117        0.72690740676030        0.30859047804820
C           -2.32804951081029        2.61532116739408        1.31073369448812
H           -1.67723571809760        3.13907423701336        0.60572830264498
H           -3.35706792231536        2.73774152820581        0.96063006698884
C           -2.19807921810596        3.25787540698973        2.68574396944012
H           -1.17452653847716        3.19689378138915        3.05030990519182
H           -2.47629611142701        4.31031987307676        2.63716759926901
H           -2.85156944076611        2.76349204444318        3.40499385707487
14
 energy: -13.664140239044 gnorm: 0.001934137284 xtb: 6.7.1 (edcfbbe)
C           -0.50753479396688        0.85514203865409        1.58216121844381
H           -0.25314523517479        1.11882265666457        2.60643310874500
H            0.12426263072299        1.43327785597147        0.91114242224843
H           -0.28136081528859       -0.19847105038662        1.43803909188575
C           -1.97874727994275        1.12932838745977        1.29388309707833
H           -2.59651199349967        0.60353590353156        2.02591822091016
H           -2.22314238089521        0.73013603191764        0.30578230135981
C           -2.32500260601573        2.61853804115859        1.30997303656303
H           -1.66991806797799        3.14161496026152        0.60900701772486
H           -3.35188630537636        2.74233500959199        0.95607453816629
C           -2.19843366371525        3.25655022134994        2.68743733569722
H           -1.17164028751696        3.21749412939485        3.04245134612364
H           -2.50054385041463        4.30146167850919        2.64655009971565
H           -2.83328815093799        2.74368522592135        3.40854982533794
14
 energy: -13.664158361192 gnorm: 0.003799929388 xtb: 6.7.1 (edcfbbe)
C           -0.50819328129635        0.85389818206395        1.58075258740708
H           -0.24672458861272        1.16019511690376        2.59109039485821
H            0.12921988990621        1.39227386733245        0.87808154949958
H           -0.30077520098056       -0.21334256186091        1.48642141164954
C           -1.97698269243312        1.13410038412960        1.28918326739684
H           -2.59924561581404        0.61506785404730        2.02156627092313
H           -2.22482572226723        0.73291732374714        0.30321789434334
C           -2.31848180378542        2.62540841501092        1.30679482136911
H           -1.65820682332575        3.15139518834957        0.61321524067023
H           -3.34275522861711        2.75159935292139        0.94852297377871
C           -2.19998254163113        3.25203430541195        2.69130796216086
H           -1.16942070449109        3.24365995665582        3.03610115580796
H           -2.53998062653509        4.28649291736798        2.66712912213470
H           -2.81053786011643        2.70775078791898        3.41001800800067
14
 energy: -13.664174159577 gnorm: 0.001392126816 xtb: 6.7.1 (edcfbbe)
C           -0.50784713502783        0.85427815926430        1.58173789161198
H           -0.24739454640521        1.15178238710139        2.59366297030952
H            0.12818303720794        1.39964351257454        0.88665875699464
H           -0.29739582058692       -0.20871054099244        1.47732502280930
C           -1.97717261596756        1.13389544425975        1.28978845797732
H           -2.59860085432058        0.61533909781783        2.02330240672440
H           -2.22503392658775        0.73089071483718        0.30473163615488
C           -2.31983820635131        2.62459955014081        1.30607932038158
H           -1.66205596473008        3.15115115553532        0.61066798658082
H           -3.34509118966714        2.74991728254458        0.95012278536540
C           -2.19907573917825        3.25228499382901        2.68997451605892
H           -1.17017741218789        3.23741829616742        3.03718632316205
H           -2.53169017990593        4.28759626259908        2.66474109368424
H           -2.81370224629132        2.71336477432114        3.40742349218491
14
 energy: -13.664174634338 gnorm: 0.000836411272 xtb: 6.7.1 (edcfbbe)
C           -0.50814677764277        0.85334909269199        1.58215947047141
H           -0.24735544906002        1.15047860517302        2.59466485355869
H            0.12783628695497        1.39903864860905        0.88846813477382
H           -0.29740548161728       -0.20796444588993        1.47574088642185
C           -1.97748161421086        1.13425906587676        1.28981832965106
H           -2.59869783591985        0.61475188738521        2.02333072700704
H           -2.22379701566051        0.73147972916174        0.30416199258839
C           -2.31986113836882        2.62449848155372        1.30623439305705
H           -1.66295044250753        3.15160332761799        0.61033698891132
H           -3.34562446019847        2.74984354930288        0.95065485581048
C           -2.19895439946640        3.25294177280470        2.68963007124120
H           -1.16865832385643        3.23890998939513        3.03639947651082
H           -2.53280182664442        4.28838133908475        2.66433361045377
H           -2.81299432180143        2.71188004723291        3.40746886954304
14
 energy: -13.664175993687 gnorm: 0.000309373637 xtb: 6.7.1 (edcfbbe)
C           -0.50778272643672        0.85395434856727        1.58183474073632
H           -0.24698746659138        1.15130243805709        2.59422535268519
H            0.12858090873768        1.39891040122658        0.88737958019331
H           -0.29785930545590       -0.20827885324545        1.47682608843987
C           -1.97731359102538        1.13448807533215        1.28977510081508
H           -2.59830542287041        0.61496743327856        2.02345257865080
H           -2.22367330899282        0.73140317794918        0.30426929635425
C           -2.32015215118416        2.62445376593594        1.30618321400229
H           -1.66341419332549        3.15153221624379        0.61009038132548
H           -3.34602122418485        2.74967738697499        0.95071351038746
C           -2.19918293097067        3.25268747485405        2.68970531817848
H           -1.16976921892061        3.23681472072012        3.03742304902608
H           -2.53087349751355        4.28810992236897        2.66437776584502
H           -2.81413867126556        2.71342858173666        3.40714668336034
14
 energy: -13.664176172430 gnorm: 0.000206283309 xtb: 6.7.1 (edcfbbe)
C           -0.50770723010149        0.85407208527073        1.58184878255130
H           -0.24685150036345        1.15212329030117        2.59388925952561
H            0.12869248464007        1.39812045035320        0.88673126825440
H           -0.29834425268503       -0.20854203396881        1.47815913323141
C           -1.97716619711685        1.13454392611142        1.28954364562275
H           -2.59826131150177        0.61502160544704        2.02302887225659
H           -2.22377414414670        0.73152740929138        0.30409074205834
C           -2.32004983767007        2.62456854504127        1.30615854829905
H           -1.66342946526127        3.15180561196278        0.61007096591710
H           -3.34593045211525        2.74965095616468        0.95083245352723
C           -2.19911539750005        3.25260731501955        2.68978853549960
H           -1.16964347565989        3.23690276999174        3.03736539055467
H           -2.53145393633334        4.28806403276691        2.66470813852072
H           -2.81385808418474        2.71298512624684        3.40718692418118
