14
 energy: -13.661320316655 gnorm: 0.013689536496 xtb: 6.7.1 (edcfbbe)
C           -1.55078237000000        0.66473401000000       -0.16735889000000
H           -0.68248570000000        1.23408233000000       -0.50252191000000
H           -2.34624461000000        0.81130202000000       -0.90131313000000
H           -1.27960026000000       -0.39314733000000       -0.18400873000000
C           -2.00023900000000        1.09707300000000        1.22694500000000
H           -1.17714886000000        0.95948888000000        1.93526647000000
H           -2.80634337000000        0.44125526000000        1.57078399000000
C           -2.47573600000000        2.54906500000000        1.28786500000000
H           -2.14216000000000        3.07351700000000        0.38686300000000
H           -3.56979700000000        2.56933900000000        1.26055900000000
C           -1.98256300000000        3.29668400000000        2.52514300000000
H           -0.89126000000000        3.32285300000000        2.56126900000000
H           -2.33875400000000        4.32789100000000        2.53819100000000
H           -2.32989700000000        2.81479100000000        3.44169600000000
14
 energy: -13.661909432728 gnorm: 0.005194980533 xtb: 6.7.1 (edcfbbe)
C           -1.56021008691365        0.66776973581808       -0.16050910374049
H           -0.70028997311170        1.24883082478917       -0.49085263339104
H           -2.36714488412497        0.81318595183166       -0.87833690684195
H           -1.28267262763434       -0.38565662166725       -0.16957697960854
C           -1.99341730719358        1.09581432806754        1.23510115384344
H           -1.15210070385153        0.96385453343172        1.92141029038986
H           -2.79144744994222        0.43196668002894        1.57813295811387
C           -2.47145843738892        2.55379265167799        1.27777545177768
H           -2.11140376770022        3.08540402035784        0.39225467896760
H           -3.56387289141805        2.58800307882962        1.24779869902775
C           -1.98721678803305        3.28705724921787        2.52125921524255
H           -0.89833704407649        3.30750193447942        2.55398092912408
H           -2.34676138755139        4.31487022669763        2.52538590983051
H           -2.34667782105989        2.79653357643976        3.42555513726470
14
 energy: -13.662107950415 gnorm: 0.002209274550 xtb: 6.7.1 (edcfbbe)
C           -1.56939282095997        0.66335536564103       -0.16258822627701
H           -0.71854813131989        1.25065857811292       -0.50162928691638
H           -2.38708970201510        0.80339238610379       -0.86676582659236
H           -1.28548928904575       -0.38668574580772       -0.16832875970760
C           -1.98539358343207        1.09734033873543        1.23697178626879
H           -1.13228001659160        0.97702223534092        1.90926131587632
H           -2.77834834618384        0.43718607449301        1.59477555625060
C           -2.46212739930284        2.55729141349890        1.27299574939850
H           -2.07837728131380        3.08634115066593        0.39685020979909
H           -3.55266878976975        2.59393466019065        1.22468943823676
C           -1.99462776803161        3.28529642626446        2.52648765595790
H           -0.90775491174912        3.30501675045041        2.56743335079047
H           -2.35646375818272        4.31108482278738        2.52854533206730
H           -2.36444937210192        2.78769371352288        3.42068050484763
14
 energy: -13.662398977879 gnorm: 0.004716311991 xtb: 6.7.1 (edcfbbe)
C           -1.58515825134727        0.65463799676150       -0.16723551644952
H           -0.74782377216350        1.24845877421094       -0.52625727762105
H           -2.41952636374516        0.78387978988246       -0.85175579059170
H           -1.29151749084233       -0.39114690572884       -0.16861612927986
C           -1.97091280384628        1.10157949226155        1.23928375154795
H           -1.10030850226364        0.99680953527406        1.89015060867017
H           -2.75549214622243        0.44941725139361        1.62671063424555
C           -2.44504883536749        2.56332252322047        1.26496891873173
H           -2.02553196220549        3.08970370952954        0.40422144445863
H           -3.53275408630635        2.60236430280174        1.18025920487082
C           -2.00822492189359        3.28332213238388        2.53678553211026
H           -0.92341767928692        3.30658065119725        2.59492542399999
H           -2.37513494151926        4.30617379560330        2.53946000792928
H           -2.39215941299026        2.77382512120851        3.41647798737775
14
 energy: -13.662774363859 gnorm: 0.007375145047 xtb: 6.7.1 (edcfbbe)
C           -1.60553226671528        0.64202858778366       -0.17315867463919
H           -0.78395272891163        1.23946430479280       -0.56289769038563
H           -2.46102981163901        0.75684443982785       -0.83353455444632
H           -1.30243012501463       -0.40017502459006       -0.16878201754419
C           -1.95026453040449        1.10922789435716        1.24032210765272
H           -1.05874809501052        1.01913555015147        1.86439881190399
H           -2.72392614924250        0.46743864510694        1.66657896776326
C           -2.42050624155575        2.57173049795786        1.25529072662140
H           -1.96012629599278        3.09831751684128        0.41524169848011
H           -3.50427128927809        2.61339370747080        1.12315804446268
C           -2.02698681201404        3.28167154851926        2.55019985570104
H           -0.94405649533089        3.31354486574613        2.63444919765494
H           -2.40318738616087        4.30059552238231        2.55620097608774
H           -2.42799294272950        2.75571011365246        3.41191135068745
14
 energy: -13.663102331249 gnorm: 0.007534979337 xtb: 6.7.1 (edcfbbe)
C           -1.62148360753260        0.63183603386622       -0.17701792198540
H           -0.81108627741219        1.22727650556161       -0.59460762503896
H           -2.49261732183925        0.73548712516793       -0.81906699991416
H           -1.31413032929997       -0.40913892226496       -0.16798312389612
C           -1.93246019940506        1.11711115696670        1.23952606807833
H           -1.02643873556287        1.03392043643925        1.84318766385738
H           -2.69712156000643        0.48377973166275        1.69552266717892
C           -2.39921376555084        2.57873733686634        1.24831632826119
H           -1.91209419733727        3.10817720441658        0.42548734397402
H           -3.47868603758269        2.62203895577098        1.08012983136528
C           -2.04243456793223        3.28044409644633        2.55989990737468
H           -0.96098245128683        3.32235409260950        2.66832553526597
H           -2.42845115857292        4.29588234348372        2.56991653642739
H           -2.45581096067881        2.74102207300695        3.40774258905147
14
 energy: -13.663423870834 gnorm: 0.006061979615 xtb: 6.7.1 (edcfbbe)
C           -1.63521039595076        0.62351699940215       -0.17914206736664
H           -0.83350442142639        1.21244434359540       -0.62354420351331
H           -2.51929181283468        0.71860592583999       -0.80522582174667
H           -1.32773188821595       -0.41802001508139       -0.16585410209492
C           -1.91526156923558        1.12530394844926        1.23765463082068
H           -0.99797207771164        1.04419472336029        1.82410853435097
H           -2.67146614067657        0.49884742604780        1.71716375242463
C           -2.37923406026399        2.58514439658662        1.24279393805152
H           -1.87344126574680        3.11959970537390        0.43550626526846
H           -3.45375012411078        2.62968985700237        1.04625637954049
C           -2.05638092683208        3.27891168412199        2.56687614030590
H           -0.97687368438378        3.33141134760264        2.69970665155145
H           -2.45248604294855        4.29102187336876        2.58020510521179
H           -2.48040675966240        2.72825595433012        3.40287359719565
14
 energy: -13.663786373773 gnorm: 0.004309206536 xtb: 6.7.1 (edcfbbe)
C           -1.65099122382999        0.61514435940649       -0.18047956641560
H           -0.85879570828207        1.19316225436754       -0.65669072202999
H           -2.55049721974553        0.70292681550183       -0.78676745055491
H           -1.34686571889777       -0.42839094834793       -0.16209798482857
C           -1.89338627363762        1.13500259727246        1.23517126160967
H           -0.96284593046149        1.05511179921773        1.80179655209521
H           -2.63911222955822        0.51496176649636        1.73945005627555
C           -2.35553107075792        2.59268008796318        1.23679105380037
H           -1.82999033308337        3.13469900077570        0.44727094299935
H           -3.42406478062642        2.63835928822804        1.01063057098882
C           -2.07283779386322        3.27628998035264        2.57352257897122
H           -0.99686724421671        3.33981182093840        2.73709851997787
H           -2.47978091208477        4.28475830888809        2.58798657241284
H           -2.51144473095484        2.71441103893936        3.39569641469817
14
 energy: -13.664172567993 gnorm: 0.004834235863 xtb: 6.7.1 (edcfbbe)
C           -1.67066417993987        0.60489137260785       -0.18204418211385
H           -0.89039115528140        1.16745081438202       -0.69632564556389
H           -2.58931926514246        0.68821556275827       -0.76148483570814
H           -1.37400370166290       -0.44178965142467       -0.15819321899800
C           -1.86390975901891        1.14655783052366        1.23157292918485
H           -0.91669384875226        1.06909869084794        1.77267899056359
H           -2.59571902998846        0.53393282901199        1.76628694098107
C           -2.32530381589302        2.60201305448756        1.23027474084382
H           -1.77704461337539        3.15370091234198        0.46248888787191
H           -3.38625595298549        2.64752590191266        0.96914550353973
C           -2.09382526139412        3.27331262420594        2.58138746671789
H           -1.02406564064633        3.34650884258867        2.78493900781051
H           -2.51149472310035        4.27795017539237        2.59366186993946
H           -2.55432022281896        2.69955921036362        3.38499034493104
14
 energy: -13.664550118411 gnorm: 0.008758322956 xtb: 6.7.1 (edcfbbe)
C           -1.69964238593832        0.59077280675726       -0.18388461478386
H           -0.93853118813366        1.13105000581822       -0.75185457914675
H           -2.64609379209694        0.67108395403705       -0.72128022012167
H           -1.41494633072999       -0.46012442692301       -0.15294353516279
C           -1.81933932543951        1.16235660277388        1.22661266380439
H           -0.84770398265054        1.09045490821261        1.72794224922580
H           -2.52866865692355        0.56067362562249        1.80658948537773
C           -2.28145826768566        2.61509788422922        1.22138662606710
H           -1.70016411141243        3.18021467599216        0.48603548557532
H           -3.33056106374362        2.65914488342152        0.90915470372144
C           -2.12485585049829        3.26865444431499        2.59222202054121
H           -1.06646104507039        3.34966897341790        2.85549838475800
H           -2.55298826791421        4.26925780781157        2.59755147168472
H           -2.62159690176280        2.68062202451395        3.36634865845934
14
 energy: -13.664749531479 gnorm: 0.008681282110 xtb: 6.7.1 (edcfbbe)
C           -1.71903597318255        0.58160513088221       -0.18393558580459
H           -0.97314734805868        1.10668770870464       -0.78355551287158
H           -2.68129725195776        0.66418534261921       -0.69138476930797
H           -1.44336400874007       -0.47177258069800       -0.14934572362093
C           -1.78852316326511        1.17197399537910        1.22204257827159
H           -0.80191960947594        1.10356790162328        1.69376986594587
H           -2.47956579700718        0.57782847657341        1.83127234610641
C           -2.25226468714253        2.62342093395200        1.21741966321511
H           -1.65221654896092        3.19778318326287        0.50529725789970
H           -3.29113168341195        2.66581602772386        0.87320280258945
C           -2.14616412673715        3.26577951536080        2.59804507778825
H           -1.09897855017754        3.34536085313620        2.90083257455155
H           -2.57603734644637        4.26551308938342        2.59607922733875
H           -2.66936507543614        2.67117859209679        3.34963899789839
14
 energy: -13.664922635112 gnorm: 0.004961322591 xtb: 6.7.1 (edcfbbe)
C           -1.73127974075069        0.57939801835202       -0.18059398894897
H           -1.00089345914077        1.09753543573723       -0.80037274745731
H           -2.70452539030653        0.66337424266682       -0.66372229240842
H           -1.45898442936268       -0.47419415736370       -0.14339903671020
C           -1.76833347731440        1.17662539788312        1.22002872655172
H           -0.77264737162346        1.11287810349437        1.66832815988679
H           -2.44297338965137        0.58644368248467        1.84672523117242
C           -2.23544487168008        2.62802551392353        1.21509185979131
H           -1.62275978799392        3.20778340798076        0.52026631930126
H           -3.26540653426174        2.67031192250799        0.85145878196187
C           -2.15913437000145        3.26093132679132        2.59827636767707
H           -1.12306155640003        3.32968145757509        2.92922077345186
H           -2.58108244993020        4.26338018071186        2.58746860359543
H           -2.70648434158257        2.66675363725471        3.33060204213517
14
 energy: -13.664999668309 gnorm: 0.005016740772 xtb: 6.7.1 (edcfbbe)
C           -1.74722118711584        0.57569517538264       -0.17760499869788
H           -1.03667340228800        1.08983678088780       -0.82428144854148
H           -2.73634109864031        0.65602570613593       -0.63036045925404
H           -1.47382808016490       -0.47685136773332       -0.13787988998591
C           -1.74427328245112        1.18289260705097        1.21912131306912
H           -0.73472766248360        1.12887410765844        1.63861413818924
H           -2.40101779013350        0.59812988704059        1.86992845122914
C           -2.21469198077489        2.63434597429842        1.20975508988063
H           -1.58295199273861        3.21826175695212        0.53455485156088
H           -3.23562151429617        2.67622255965627        0.82162411264987
C           -2.17465972324621        3.25465894342906        2.59999451273893
H           -1.14952462858799        3.30995039557646        2.96783801707081
H           -2.58592103646792        4.26124072514398        2.58076547819539
H           -2.75555779061082        2.65964491852040        3.30730963189528
14
 energy: -13.665046797409 gnorm: 0.002653928971 xtb: 6.7.1 (edcfbbe)
C           -1.75266443388793        0.57339790738333       -0.17619563645710
H           -1.05418039090930        1.09107685453695       -0.82857509925576
H           -2.74556386474890        0.65096130402652       -0.61477336531033
H           -1.47415826902863       -0.47694756922836       -0.13802585472227
C           -1.73530452872398        1.18430117029009        1.21763148326642
H           -0.72267891258639        1.13557445773436        1.62443462810040
H           -2.38375764081314        0.60173681406179        1.87491720387353
C           -2.20820930165399        2.63661381837162        1.20952175851429
H           -1.57174578055415        3.22034540086194        0.54148231839523
H           -3.22503272754516        2.67756961972137        0.81602753951107
C           -2.18066459769331        3.25317020097111        2.60052018863902
H           -1.16260751731977        3.29262192907740        2.98050971422972
H           -2.57818039004420        4.26525302103699        2.57805470001180
H           -2.77826281449102        2.66325324115462        3.29384922120397
14
 energy: -13.665069664388 gnorm: 0.002069032084 xtb: 6.7.1 (edcfbbe)
C           -1.75708217578172        0.57172284324504       -0.17589929654139
H           -1.06916984936480        1.09346027188036       -0.83875399037685
H           -2.75688947891388        0.64108627003553       -0.60207490352565
H           -1.47123472078179       -0.47661384766311       -0.13786260328408
C           -1.72849876779307        1.18625568563229        1.21687447648528
H           -0.71255038551109        1.14063370898703        1.61445863023214
H           -2.37059018116231        0.60482993665341        1.88184897594408
C           -2.20256773530074        2.63849858559102        1.20859189900603
H           -1.55954167443550        3.22312683292200        0.54675357728139
H           -3.21721942164821        2.68035075886791        0.80627063977818
C           -2.18553874041043        3.25188158046904        2.60195534556582
H           -1.17144735116371        3.27984486963802        2.99470735840317
H           -2.57298492416618        4.26771900164047        2.57722917368439
H           -2.79769576356644        2.66613167210074        3.28527951734748
14
 energy: -13.665095917899 gnorm: 0.001836368530 xtb: 6.7.1 (edcfbbe)
C           -1.76052699089353        0.57067839936023       -0.17624285483138
H           -1.08676129427082        1.10327887935470       -0.84585756123396
H           -2.76522348510700        0.62319961668495       -0.59158079487794
H           -1.45682086775769       -0.47305296314374       -0.14022303018799
C           -1.72584874400167        1.18760089221608        1.21631003019404
H           -0.70600079164441        1.14605503535193        1.60521610965597
H           -2.36147963102841        0.60588576270444        1.88905709392721
C           -2.20024597251639        2.63976669597485        1.20770266187997
H           -1.55450536527933        3.22431303341231        0.54928060719804
H           -3.21366955583407        2.68354583856769        0.80166134052739
C           -2.18767430360027        3.25075669895384        2.60306363088089
H           -1.17721624795157        3.25815961717898        3.00942820809477
H           -2.55560751647288        4.27384148038579        2.57640813926941
H           -2.82143040364181        2.67489918299768        3.27515521950359
14
 energy: -13.665110429801 gnorm: 0.003367359367 xtb: 6.7.1 (edcfbbe)
C           -1.75663061713830        0.57252803375716       -0.17752694837811
H           -1.09729737059355        1.12541555289302       -0.84700384948920
H           -2.76453863213141        0.59665665985886       -0.58925320181680
H           -1.42311668411704       -0.46348491686248       -0.14673607422750
C           -1.73349682010305        1.18660229060722        1.21722710562783
H           -0.71715144510014        1.14456331162588        1.61094963241329
H           -2.37034687003114        0.60204277094194        1.88365976133008
C           -2.20834386982526        2.63771224986531        1.20894211953485
H           -1.56451602422692        3.22099486181807        0.54588238567822
H           -3.22494308132586        2.68381434075681        0.80827254555047
C           -2.18349531707369        3.25103602700773        2.60428733302435
H           -1.17391107471998        3.23241085100155        3.00887657452849
H           -2.52319336392872        4.28441180222059        2.57755410897817
H           -2.83202999968479        2.69422433450806        3.27424730724584
14
 energy: -13.665121236967 gnorm: 0.001570606117 xtb: 6.7.1 (edcfbbe)
C           -1.75610051143489        0.57259784238323       -0.17804011098438
H           -1.09547421353388        1.12409690189301       -0.84487533247695
H           -2.76153898610947        0.59862149843243       -0.59256751142052
H           -1.42411682701177       -0.46315548468364       -0.14804822518571
C           -1.73426278026967        1.18629994735820        1.21711140411750
H           -0.71739906047194        1.14394375426454        1.61269361345025
H           -2.37287193784311        0.60201080490884        1.88304316570237
C           -2.20886841638914        2.63726534805087        1.20921228786426
H           -1.56797014233038        3.22050253144034        0.54418612467582
H           -3.22573588120187        2.68187824297425        0.81167486211192
C           -2.18254420282588        3.25149177588243        2.60409158096808
H           -1.17242600693603        3.23357726423632        3.00837903027029
H           -2.52261082314451        4.28444623197093        2.57607320680651
H           -2.83109138049732        2.69535151088798        3.27644470410055
14
 energy: -13.665124999455 gnorm: 0.000846893527 xtb: 6.7.1 (edcfbbe)
C           -1.75505890795444        0.57293640572447       -0.17798560645999
H           -1.09569879435639        1.12390499494127       -0.84564783225310
H           -2.76069249379134        0.60086849736445       -0.59284492958574
H           -1.42496912534005       -0.46259660203832       -0.14704472982506
C           -1.73400592738621        1.18580176414229        1.21668613194560
H           -0.71778191858434        1.14269227860823        1.61539638028475
H           -2.37481126038597        0.60182956769110        1.88110087832410
C           -2.20848785412218        2.63698154577069        1.20936002019700
H           -1.56924835976197        3.22082148409756        0.54328420531105
H           -3.22526386118048        2.68011932658909        0.81316808149904
C           -2.18203764093560        3.25165512381187        2.60339374044108
H           -1.17208681444622        3.23489278122105        3.00855946223609
H           -2.52291040809188        4.28393946319477        2.57365891815605
H           -2.82995780366277        2.69508153888119        3.27829407972912
14
 energy: -13.665126170867 gnorm: 0.000400952087 xtb: 6.7.1 (edcfbbe)
C           -1.75510045454263        0.57289298506757       -0.17807254887116
H           -1.09758762333886        1.12472374183804       -0.84651814207709
H           -2.76095290499442        0.59920544379444       -0.59200936722490
H           -1.42314314007021       -0.46218850024049       -0.14777493552877
C           -1.73383059974561        1.18579919213189        1.21677463088221
H           -0.71762895342203        1.14206937969757        1.61629047310570
H           -2.37527871116252        0.60152887824267        1.88078623795978
C           -2.20846299291089        2.63699002584467        1.20942791374585
H           -1.56846260911755        3.22110149905548        0.54343253219869
H           -3.22552646464987        2.68048449483024        0.81211295361919
C           -2.18226033373154        3.25170545937975        2.60343255435327
H           -1.17278767139740        3.23412610703572        3.00890033306169
H           -2.52208496180987        4.28433620260994        2.57415554382059
H           -2.82990374910647        2.69615326071222        3.27844062095495
14
 energy: -13.665126911460 gnorm: 0.000456597588 xtb: 6.7.1 (edcfbbe)
C           -1.75537781164978        0.57278719839055       -0.17814606701188
H           -1.10252581428232        1.12758182202812       -0.84926859807973
H           -2.76332967953743        0.59399507280059       -0.58822163840549
H           -1.41839426282386       -0.46108232945847       -0.14874471363714
C           -1.73302037934343        1.18614459671100        1.21667415525038
H           -0.71723665923849        1.14218768416684        1.61614814894873
H           -2.37440437763871        0.60182399292651        1.88056570515351
C           -2.20747686772657        2.63743201205464        1.20931029742180
H           -1.56714065456900        3.22126043554484        0.54374960621445
H           -3.22430673939222        2.68135032141144        0.81136177065165
C           -2.18250735775576        3.25167793997667        2.60362961532537
H           -1.17418319938941        3.22991524561214        3.01191735739667
H           -2.51849712374120        4.28581883552261        2.57437236355277
H           -2.83461024291167        2.69803534231223        3.27603079721890
