14
 energy: -13.652223797557 gnorm: 0.021454011717 xtb: 6.7.1 (edcfbbe)
C           -0.59904439000000        0.89386620000000        1.79998276000000
H           -0.60952390000000        0.21005771000000        2.65011628000000
H           -0.17134537000000        1.83930695000000        2.14078550000000
H            0.07760054000000        0.47899053000000        1.04967636000000
C           -2.00023900000000        1.09707300000000        1.22694500000000
H           -2.71133336000000        0.46412791000000        1.76717772000000
H           -2.02284032000000        0.75588879000000        0.18713304000000
C           -2.47573600000000        2.54906500000000        1.28786500000000
H           -2.14216000000000        3.07351700000000        0.38686300000000
H           -3.56979700000000        2.56933900000000        1.26055900000000
C           -1.98256300000000        3.29668400000000        2.52514300000000
H           -0.89126000000000        3.32285300000000        2.56126900000000
H           -2.33875400000000        4.32789100000000        2.53819100000000
H           -2.32989700000000        2.81479100000000        3.44169600000000
14
 energy: -13.655904223314 gnorm: 0.009008376688 xtb: 6.7.1 (edcfbbe)
C           -0.56321528391697        0.82548131624733        1.77064137010883
H           -0.58780054256621        0.15646720208785        2.62752885395023
H           -0.06148317403499        1.73326883401096        2.09185001447704
H            0.06995697740034        0.37794420689228        1.00709330926999
C           -1.98118087043561        1.10468211052102        1.24899611849074
H           -2.69521300380402        0.49192857583241        1.80649018464694
H           -2.04387136345516        0.76720864846436        0.21040865193431
C           -2.45347990509690        2.56735932438909        1.29790113824476
H           -2.10043075222843        3.09663956108528        0.40796582955214
H           -3.54650072167303        2.57138537741065        1.25124614792405
C           -2.03486243290390        3.34962311522771        2.54003253522564
H           -0.95120484369073        3.44931568876789        2.59474598801921
H           -2.44424049402195        4.35822360062053        2.52467579853413
H           -2.37336638957245        2.84392352844272        3.44382671962200
14
 energy: -13.656898303930 gnorm: 0.005656835285 xtb: 6.7.1 (edcfbbe)
C           -0.55506413467996        0.82218565789147        1.75678137481244
H           -0.57192514459755        0.16589564047732        2.62283613684636
H           -0.03577449891266        1.73146708139934        2.04690257736607
H            0.04240653968976        0.34318821096555        0.98144576333930
C           -1.98335896097761        1.10370289078837        1.26380749333088
H           -2.68861400242760        0.51292119331232        1.85553221151970
H           -2.07652293628429        0.75781889131994        0.23010755270411
C           -2.43333874424115        2.57452184731106        1.29356962052957
H           -2.04014608509709        3.10061876222691        0.41802270989171
H           -3.52475823986551        2.58186344292697        1.21306394830715
C           -2.04631579944618        3.34744954878245        2.55076322662432
H           -0.96652301987862        3.47306336163607        2.62560912090154
H           -2.48805797151039        4.34293825454389        2.52155301489204
H           -2.39889980177116        2.83581630641842        3.44340790893478
14
 energy: -13.658223152027 gnorm: 0.012091164282 xtb: 6.7.1 (edcfbbe)
C           -0.54138981280321        0.81973414579383        1.72311971453889
H           -0.52647398793321        0.20197834946784        2.61905514046233
H            0.00244188410567        1.73878760937898        1.93761300176329
H           -0.00425290155984        0.28451328969846        0.93544443053845
C           -1.99238870339627        1.09988051185878        1.29286976291341
H           -2.67893987791493        0.56100992091952        1.95912229405993
H           -2.15379968606733        0.71910080367853        0.27687434980429
C           -2.39370702008511        2.58567921466883        1.28318961936107
H           -1.90694269050957        3.09651598362406        0.43941143922176
H           -3.47960277298933        2.62023760109398        1.11689383575057
C           -2.07541980833170        3.34086730433660        2.57280323395317
H           -1.00546529325140        3.49640226613019        2.69210760997242
H           -2.55514383361045        4.31808527987941        2.53380063360782
H           -2.45580829565330        2.81065880947108        3.44109759405259
14
 energy: -13.658954978124 gnorm: 0.013339918992 xtb: 6.7.1 (edcfbbe)
C           -0.53609532783732        0.81934415246812        1.69740462310419
H           -0.48603151543659        0.23254635396493        2.61474019712204
H            0.01602668884069        1.74550526884039        1.85604126625290
H           -0.03398891823294        0.25530809772372        0.90919713738151
C           -2.00078707924566        1.09946410336013        1.31584347914010
H           -2.67006150283769        0.59803151000463        2.02928449900820
H           -2.21029505242548        0.68719998034198        0.31983679629889
C           -2.36599038588554        2.59189280035900        1.27504433223820
H           -1.81693540358945        3.08619648501486        0.45740464765477
H           -3.44173706467692        2.65584103058703        1.04580931129133
C           -2.09743406129144        3.33449008512657        2.58410178665339
H           -1.03488298616930        3.49796060009788        2.74050632266390
H           -2.58898293486174        4.30388750654553        2.54624272585244
H           -2.49969725635060        2.78578311556530        3.43194553533811
14
 energy: -13.659602904077 gnorm: 0.006157258854 xtb: 6.7.1 (edcfbbe)
C           -0.53674069977215        0.82090711517898        1.67842726419475
H           -0.45398734218957        0.25816248758999        2.60748121105785
H            0.01551401528993        1.74888743800288        1.79764790948842
H           -0.05472345735906        0.24230767870168        0.89726077396345
C           -2.00592062421158        1.10339025012415        1.33267827751867
H           -2.65794063769537        0.62818354606729        2.07007904935136
H           -2.24595321502225        0.66425738375133        0.35967406807192
C           -2.34774041712426        2.59389282068941        1.26996623832881
H           -1.76585673565385        3.07058170298480        0.47502156783993
H           -3.40707775363407        2.68387852214375        1.00015438384625
C           -2.11482673692818        3.32973865984224        2.58643600160107
H           -1.05784565781952        3.48330801330632        2.77603362399750
H           -2.59897506056508        4.30024591306096        2.55556134590804
H           -2.53481847731496        2.76570955855628        3.41698094483195
14
 energy: -13.659830106677 gnorm: 0.007834140393 xtb: 6.7.1 (edcfbbe)
C           -0.53162789650084        0.82396918215976        1.65816900624585
H           -0.42293128898110        0.29373077116326        2.60533678253474
H            0.03980482091307        1.75214843984684        1.72745105135825
H           -0.08055955288370        0.21135130527005        0.87682617183284
C           -2.00933828586258        1.10770117978971        1.34993350288755
H           -2.64582116324342        0.65919749894208        2.11763981717768
H           -2.28051989782343        0.64072210316146        0.39771783129985
C           -2.33303420334900        2.59792854095864        1.26338454770104
H           -1.71138442757028        3.06136731323855        0.49104936716750
H           -3.37820833397719        2.70788105352847        0.95306584774371
C           -2.13705141588910        3.32369388057222        2.59275201047722
H           -1.08272811073331        3.45889378975274        2.82368788997971
H           -2.60474883444317        4.30167821570974        2.56134351119138
H           -2.58874420965591        2.75318781590652        3.40504532240263
14
 energy: -13.660008014476 gnorm: 0.004751791390 xtb: 6.7.1 (edcfbbe)
C           -0.52977545905827        0.82522808592900        1.64872615062856
H           -0.40794767439470        0.30709986035027        2.59692282402172
H            0.04220249076750        1.74872654372594        1.70366944318403
H           -0.08449258956653        0.20759279612202        0.87203755134079
C           -2.00932044465704        1.10933711686731        1.35521781921225
H           -2.63442403411504        0.66684294760917        2.13246169595441
H           -2.29058200051960        0.63518553204756        0.41321693084503
C           -2.33251329093527        2.59764606668052        1.26422532645002
H           -1.69915780294801        3.05815385786145        0.50392727864502
H           -3.36852153029785        2.71303489737271        0.94223080167176
C           -2.14701518524398        3.32125820899193        2.59383373242580
H           -1.09304308051009        3.42679712679673        2.84494474669588
H           -2.58713987993958        4.31339021234975        2.55306605622151
H           -2.62516231858147        2.76315783729569        3.39892230270320
14
 energy: -13.660173780448 gnorm: 0.005596891405 xtb: 6.7.1 (edcfbbe)
C           -0.52491271082777        0.82612587375204        1.63511990935628
H           -0.38497924938929        0.32991334666427        2.59214558066517
H            0.04936944701001        1.74958261902162        1.65710912213457
H           -0.09355312383373        0.19336411077223        0.86323978270716
C           -2.00851694919534        1.10826853686794        1.36197990777644
H           -2.61888186085634        0.67353355590428        2.15497478097057
H           -2.30652252988839        0.62693263057288        0.43017930931407
C           -2.32893722577989        2.59796737620102        1.26703672062282
H           -1.67805949401617        3.05813522871567        0.52215702067268
H           -3.35687439425781        2.71785461861365        0.92429989187872
C           -2.16082997179839        3.31818893378048        2.60025068224939
H           -1.10875785740560        3.38011690416893        2.88023858076746
H           -2.55889552599277        4.33017590387267        2.54123863356514
H           -2.68654135376846        2.78329145109236        3.39343273731951
14
 energy: -13.660329650189 gnorm: 0.009250390143 xtb: 6.7.1 (edcfbbe)
C           -0.51678862169940        0.82803049765543        1.62281541668493
H           -0.36374047753831        0.35841421396486        2.59079934976769
H            0.05854973765773        1.75228667676274        1.60626675127454
H           -0.09980909643878        0.17120224928966        0.86057865105635
C           -2.00358838229081        1.10584871058426        1.36534478609646
H           -2.60055199554780        0.67029785792808        2.16604494875379
H           -2.31257571557349        0.62671887601582        0.43827309246925
C           -2.33096697445257        2.59728722733949        1.27398214937966
H           -1.67337550127368        3.06336519007260        0.54065380738166
H           -3.35426675484568        2.71252119459863        0.91906140261462
C           -2.17401794750024        3.31538395787517        2.60835030399061
H           -1.12669773169449        3.31395516616546        2.91882978697183
H           -2.50575311960547        4.35464751422652        2.52488353643515
H           -2.76331021919691        2.82349175752133        3.38751867712344
14
 energy: -13.660462440956 gnorm: 0.005525345725 xtb: 6.7.1 (edcfbbe)
C           -0.51419238951751        0.82924516890193        1.62164871997552
H           -0.36129594792428        0.36856397919567        2.59426308367790
H            0.05844187371213        1.75379200600356        1.59516734858090
H           -0.09806568878297        0.16436375315829        0.86736375470764
C           -2.00146423648180        1.10378512250521        1.36298183231200
H           -2.59883940754062        0.66405831643659        2.16304323231577
H           -2.30993846740588        0.63012231116429        0.43131224760039
C           -2.33353766647422        2.59708699051485        1.27634512994868
H           -1.67922948683664        3.06826416457020        0.54072131945203
H           -3.36053367471334        2.70617107921915        0.92436036085271
C           -2.17399813531643        3.31408741733968        2.61093130276105
H           -1.13199778851732        3.29724267967436        2.92608683628323
H           -2.48529159392676        4.35695559224237        2.52465581537364
H           -2.77695019027426        2.83971250907388        3.38452167615852
14
 energy: -13.660644997720 gnorm: 0.007365047179 xtb: 6.7.1 (edcfbbe)
C           -0.50771472596114        0.83541866087259        1.61460757250940
H           -0.34690090172429        0.40943306284788        2.60599085285947
H            0.06872646363493        1.75978191034644        1.54665832619945
H           -0.10355365244780        0.13755970716850        0.88063660093289
C           -1.99767590560430        1.10279390445178        1.36187364610006
H           -2.59459275746976        0.65668523018114        2.15972901284158
H           -2.30560445982803        0.63472834133964        0.42504919754305
C           -2.33655988825034        2.59701671966535        1.28041930600635
H           -1.69051843134731        3.07243722714926        0.53960793996081
H           -3.36792518452511        2.69953912280720        0.93627513463461
C           -2.17593452128391        3.30953944164139        2.61671887207506
H           -1.14524949908298        3.24408872695235        2.96734536286617
H           -2.43381445720682        4.36397812983110        2.51910986191223
H           -2.82957487890300        2.87045090474542        3.36938097355884
14
 energy: -13.660787806523 gnorm: 0.006141780576 xtb: 6.7.1 (edcfbbe)
C           -0.50588813534126        0.84365658281730        1.61747036919107
H           -0.34749419223484        0.44132132160099        2.61805650554620
H            0.07183975759975        1.76375492933436        1.52799660018065
H           -0.10372886169269        0.12421339402640        0.90420200239075
C           -1.99428059685209        1.10342355695245        1.35484766028827
H           -2.59861156676016        0.63999660162460        2.13564890861672
H           -2.28426304757385        0.64650659091536        0.40658878991891
C           -2.34454003529947        2.59442901682763        1.28566065200579
H           -1.72004876333874        3.07311234276281        0.52765307899379
H           -3.38571155330338        2.69065366818732        0.96562538896677
C           -2.16907389039313        3.30668197517679        2.61982673973536
H           -1.15026351094666        3.20814846765514        2.98462236121044
H           -2.38930717143382        4.36582432009840        2.51589937350247
H           -2.84552123242952        2.89172832202048        3.35930422945279
14
 energy: -13.660807641485 gnorm: 0.010495411219 xtb: 6.7.1 (edcfbbe)
C           -0.50090046870619        0.85466221490791        1.60720247147243
H           -0.32715797058808        0.50355383607016        2.62773252334329
H            0.07805146027022        1.76923923631749        1.46185254248720
H           -0.11196351383643        0.09776273924265        0.92594018167913
C           -1.99205238147171        1.10382649710928        1.35245446807126
H           -2.59026273013291        0.63023806820342        2.13437426049331
H           -2.28109839603063        0.64886260892841        0.40127060978342
C           -2.34793877911593        2.59112921773675        1.29159314246507
H           -1.72489834440746        3.07201976460060        0.53006658147226
H           -3.39234274386341        2.69020802194550        0.97554241158535
C           -2.17395690174520        3.29833766378483        2.62943828994310
H           -1.17186621122917        3.13174717421997        3.03374833306021
H           -2.32165805353497        4.37608335290813        2.50611043979251
H           -2.90884776560799        2.92578069402492        3.34607640435143
14
 energy: -13.660974781151 gnorm: 0.007479107060 xtb: 6.7.1 (edcfbbe)
C           -0.50516098786842        0.85486760615086        1.60940087709493
H           -0.33271117516144        0.51078246064284        2.63189963342356
H            0.07462778757378        1.76822863693282        1.45993802588309
H           -0.11407995370893        0.09692755885567        0.93330742782812
C           -1.99496885876976        1.10569652310208        1.35018458628054
H           -2.59366334493813        0.63349976636479        2.13366357204294
H           -2.28328457491143        0.64583795457276        0.40094043272877
C           -2.34453346101626        2.59071247861328        1.28799729735954
H           -1.71877000166504        3.07053335709771        0.52856544764626
H           -3.38705637507329        2.69683517242692        0.96976164455625
C           -2.17159161044711        3.29653098149625        2.62859709921864
H           -1.17027109094201        3.15176325413145        3.02252489051607
H           -2.34323815906336        4.36389844345924        2.51611037110248
H           -2.88219099400846        2.90733689615333        3.35051135431878
14
 energy: -13.661102156925 gnorm: 0.005997290117 xtb: 6.7.1 (edcfbbe)
C           -0.50496851444836        0.85847589192110        1.60936168941042
H           -0.33285326403025        0.53947774722575        2.63666917427842
H            0.07414968348074        1.76605695031970        1.43776044595975
H           -0.11492159106256        0.08323933889091        0.95205065878997
C           -1.99471397063999        1.10616790213870        1.34640258826428
H           -2.59164739806602        0.62614869917271        2.12467571296204
H           -2.27807410330055        0.64857903765161        0.39626343706562
C           -2.34781567008094        2.58935108226703        1.28922329569246
H           -1.72604544121068        3.07424894171121        0.53228009305181
H           -3.38934548802586        2.69667801389073        0.97297189015930
C           -2.17036623426887        3.29368577849297        2.62988499268310
H           -1.17398891732553        3.13646483023640        3.02477866800136
H           -2.32958244656387        4.36241679511736        2.52078232437578
H           -2.88671944445711        2.91246008096382        3.35029768930566
14
 energy: -13.661308038388 gnorm: 0.016721175111 xtb: 6.7.1 (edcfbbe)
C           -0.50342333584391        0.87437775991081        1.60161218391951
H           -0.31723219630534        0.68491303214980        2.66690686573203
H            0.07802028664086        1.75984592403875        1.30491982060496
H           -0.12948639891178        0.01205045552212        1.03121632205622
C           -1.99492349871742        1.10720409950178        1.33323937684795
H           -2.58479462221029        0.60429796140130        2.09950726806409
H           -2.26622892725476        0.65764870119315        0.37946903482215
C           -2.35613988454772        2.58557634258648        1.29434842765259
H           -1.73484440856567        3.08423907051163        0.54864959135324
H           -3.39369030062588        2.70086461724074        0.97649151009853
C           -2.17206761843989        3.27729943039800        2.64180038087774
H           -1.19947677618826        3.05684717011189        3.05991363462478
H           -2.26800979061279        4.35357100395511        2.53962489486828
H           -2.92459532841696        2.93471552147839        3.34570334847789
14
 energy: -13.661708184736 gnorm: 0.008381659593 xtb: 6.7.1 (edcfbbe)
C           -0.50349091811352        0.87741921594304        1.60077856879263
H           -0.30839165353344        0.72767373865623        2.66033802043743
H            0.07105718002560        1.74112475352048        1.27513219600452
H           -0.12834231444484        0.00976622193328        1.06316372511056
C           -1.99816846385361        1.10318613653099        1.32988865072311
H           -2.58826444307866        0.59338663038775        2.09338289855812
H           -2.26742499747531        0.66080609302980        0.37136592533768
C           -2.36086435676304        2.58491234285315        1.29608639422525
H           -1.73204876424362        3.08353989562550        0.55573068421384
H           -3.39553703670180        2.70225462631004        0.97207548718394
C           -2.17102588536201        3.27416980888472        2.64451649343275
H           -1.19849052820666        3.04044308891877        3.06412581182526
H           -2.25716651804042        4.35101850458248        2.54185617981602
H           -2.92873410020848        2.94375003282371        3.35496162433885
14
 energy: -13.661996343172 gnorm: 0.011927216114 xtb: 6.7.1 (edcfbbe)
C           -0.50278989487975        0.88801349157117        1.59705569845244
H           -0.30249392385066        0.83926671078887        2.66901670870704
H            0.07604599634162        1.71791099551994        1.17703903368100
H           -0.14098272311958       -0.03974437879447        1.13699095416109
C           -1.99611973844118        1.10246481797132        1.31897819988464
H           -2.58709658016901        0.57957974205687        2.07621269310400
H           -2.25521899522449        0.67035781441095        0.35103210044312
C           -2.36634706777985        2.58511072911508        1.30165516716979
H           -1.73567488785081        3.08753101609168        0.56608207167300
H           -3.39952770361273        2.70107242956099        0.97656179659996
C           -2.17394285988978        3.26382953995530        2.65624354752281
H           -1.21147530688109        3.00119704200741        3.07937578950502
H           -2.22650209263613        4.34428154234359        2.55530640928893
H           -2.94476702200636        2.95257959740121        3.36185248980710
14
 energy: -13.662276885846 gnorm: 0.016706831169 xtb: 6.7.1 (edcfbbe)
C           -0.50483926907420        0.88526940927464        1.59864389592521
H           -0.31112169520572        0.87344494698978        2.66197922752580
H            0.08660309660440        1.68704759073849        1.14323977960843
H           -0.15795456806845       -0.06389581131958        1.17236390698112
C           -1.99071324932998        1.10335530755924        1.31769843448736
H           -2.58999902112780        0.58668396065310        2.07320714555605
H           -2.24321376834902        0.67752765371046        0.34262968571006
C           -2.36258839735713        2.59067972192651        1.30499199388475
H           -1.72698315934437        3.08774464540089        0.57017056795360
H           -3.39619163691487        2.69754061837389        0.97661072233128
C           -2.18037670741057        3.26415347247821        2.66247078991803
H           -1.20780117029679        3.03755710711615        3.06074221515696
H           -2.25953982556927        4.33962952634593        2.56472144796901
H           -2.92217342855603        2.92671294075221        3.37393284699228
14
 energy: -13.662646020656 gnorm: 0.014101883677 xtb: 6.7.1 (edcfbbe)
C           -0.50800443843344        0.88259184784831        1.59561944806220
H           -0.29916974136519        0.93854771802079        2.66660053257389
H            0.08469035672066        1.65094605027129        1.09123440098261
H           -0.17704837541602       -0.08805310423719        1.21830153538452
C           -1.98951153076456        1.10206983879164        1.31526424191719
H           -2.59378285154248        0.58161493017016        2.06196019485048
H           -2.23382369496526        0.68637160347245        0.33251955056508
C           -2.35894310151757        2.59273009755254        1.30827274924678
H           -1.72451253727543        3.09188169007661        0.57431261881593
H           -3.39474797957503        2.69908238146689        0.98214715354522
C           -2.18063320603312        3.26152248782508        2.66631993347749
H           -1.20104468026852        3.04886855145516        3.06453365574830
H           -2.27115152339383        4.33405630730635        2.57239304195907
H           -2.91920949617000        2.91122068997982        3.37392360287116
14
 energy: -13.663153710814 gnorm: 0.004428638578 xtb: 6.7.1 (edcfbbe)
C           -0.50329359427679        0.87682220336557        1.59328212170216
H           -0.28712058894833        0.94201877864174        2.65734089936464
H            0.10243539960709        1.62104089410099        1.07559905751546
H           -0.19371389692301       -0.10804505154504        1.24689680982911
C           -1.98457672028783        1.11145674776106        1.31214730246382
H           -2.58864954332292        0.58975253351594        2.05711965220978
H           -2.23517921015059        0.69401602779418        0.33375890300492
C           -2.35564673805811        2.59792881267336        1.30618559004117
H           -1.72929452838952        3.10911241039475        0.57178592830682
H           -3.39421860119807        2.70209406885822        0.98526676093364
C           -2.18247100328698        3.26261892305184        2.66716182873893
H           -1.19055289684018        3.06978593250370        3.06338570667044
H           -2.30824126203677        4.33856886562011        2.57897946118757
H           -2.91636961588779        2.88627994326348        3.37449263803146
14
 energy: -13.663441038846 gnorm: 0.005410770885 xtb: 6.7.1 (edcfbbe)
C           -0.50036004346422        0.86990889100173        1.59057708584844
H           -0.27936194483976        0.96373523289260        2.64968059187334
H            0.11751143404836        1.58142826636689        1.04503976246177
H           -0.21855222949571       -0.13585237002904        1.28292185844494
C           -1.98000036146530        1.11975608969700        1.30715511677640
H           -2.58545453965564        0.59719817710411        2.05058126919007
H           -2.23116366131486        0.70193461668901        0.33008531861570
C           -2.34794018467599        2.60297071196872        1.30548110949849
H           -1.72584401837374        3.12449174426087        0.57325648560122
H           -3.38768844637860        2.70637291410359        0.98499836792725
C           -2.18563736320540        3.26396348198666        2.66984140362563
H           -1.17988050722649        3.10638703127662        3.05970485052089
H           -2.35942907401580        4.33977741156730        2.59317949459695
H           -2.90309185993664        2.85137889111383        3.38089994501884
14
 energy: -13.663620116399 gnorm: 0.006069649358 xtb: 6.7.1 (edcfbbe)
C           -0.50021020403928        0.86654782484832        1.58866402220353
H           -0.27349015731890        0.99039138570448        2.64424664377738
H            0.12204384563092        1.55424530207172        1.01805498979950
H           -0.23295595870003       -0.15192012223569        1.30949239773073
C           -1.97894723016273        1.12271220674954        1.30461386049622
H           -2.58585115393733        0.59816213254249        2.04595332921869
H           -2.22816084529690        0.70773878295700        0.32582218675594
C           -2.34362612742334        2.60530757942323        1.30644035190221
H           -1.71747736610711        3.12897792908227        0.57914873454814
H           -3.38190560622190        2.71247401482898        0.98084529625607
C           -2.18851174604211        3.26320793424909        2.67275809961269
H           -1.17765414266216        3.12759696589431        3.05879885549649
H           -2.38668531056265        4.33544231150129        2.60218865483724
H           -2.89346079715627        2.83256684238284        3.38637523736511
14
 energy: -13.663899016187 gnorm: 0.005630146116 xtb: 6.7.1 (edcfbbe)
C           -0.50218680005011        0.86214599136273        1.58486479739232
H           -0.26302408311475        1.04989551412770        2.63180481018703
H            0.12442023112003        1.50464722698370        0.96450450355904
H           -0.25560850594255       -0.17717226333634        1.36283759149136
C           -1.97882762766085        1.12542616638588        1.30028448453727
H           -2.58865300743918        0.59757850857777        2.03754197905307
H           -2.22424164887446        0.71721051740600        0.31701888511544
C           -2.33584612984430        2.60957768840034        1.30915625170838
H           -1.69710543039000        3.13348927537398        0.59320488834770
H           -3.36959453362355        2.72540473780139        0.97082814720414
C           -2.19395932295775        3.26053659911435        2.67943038043446
H           -1.17775860423525        3.15981583788139        3.05737229502684
H           -2.42852648122731        4.32360149510906        2.61888024051246
H           -2.87598085575979        2.80129379481191        3.39567340543041
14
 energy: -13.664055344846 gnorm: 0.006425700091 xtb: 6.7.1 (edcfbbe)
C           -0.50537655962299        0.85708224226614        1.58203996592815
H           -0.25467286085436        1.10393784956236        2.61603049523460
H            0.12531732073057        1.45395771288010        0.91939621010133
H           -0.27521676328039       -0.19723872633374        1.41704156490493
C           -1.97870919222151        1.12823540338252        1.29585328721295
H           -2.59309216597538        0.59985273014885        2.02914797179689
H           -2.22232085816834        0.72690651456863        0.30859092470256
C           -2.32804979342721        2.61532105845284        1.31073303728688
H           -1.67723650852133        3.13907414029252        0.60572714200757
H           -3.35706844630086        2.73774132282767        0.96063007223036
C           -2.19807840846624        3.25787544260522        2.68574316367499
H           -1.17452484346344        3.19689652275053        3.05030678653457
H           -2.47629828240884        4.31031900520119        2.63716811766135
H           -2.85156543801948        2.76348987139504        3.40499392072283
14
 energy: -13.664140244077 gnorm: 0.001934039880 xtb: 6.7.1 (edcfbbe)
C           -0.50753504814401        0.85514190527656        1.58216175612060
H           -0.25314583529841        1.11882411056995        2.60643337564780
H            0.12426287012592        1.43327633026533        0.91114209123185
H           -0.28136180255750       -0.19847163581535        1.43804129857442
C           -1.97874733543654        1.12932853026290        1.29388311244840
H           -2.59651240322150        0.60353666943569        2.02591823393645
H           -2.22314243340511        0.73013552678760        0.30578273842969
C           -2.32500230519136        2.61853825267379        1.30997251976751
H           -1.66991792266511        3.14161529572913        0.60900636903672
H           -3.35188608019391        2.74233528493590        0.95607420620688
C           -2.19843323268607        3.25655028016051        2.68743691909787
H           -1.17163904400638        3.21749805096879        3.04244892679372
H           -2.50054790537770        4.30146049948932        2.64655126392826
H           -2.83328432194214        2.74368198925976        3.40854984877976
14
 energy: -13.664158358170 gnorm: 0.003800172776 xtb: 6.7.1 (edcfbbe)
C           -0.50819330991635        0.85389795080653        1.58075286147506
H           -0.24672419072708        1.16019618178983        2.59109045821016
H            0.12922014522054        1.39227244666276        0.87808073277545
H           -0.30077605294375       -0.21334343089212        1.48642323751201
C           -1.97698262878350        1.13410057611156        1.28918338319145
H           -2.59924561068389        0.61506878163984        2.02156683484189
H           -2.22482595550604        0.73291699915431        0.30321826683004
C           -2.31848153463377        2.62540859518248        1.30679442145662
H           -1.65820666072384        3.15139527594028        0.61321465673560
H           -3.34275501995987        2.75159941158559        0.94852258379427
C           -2.19998247904667        3.25203446976040        2.69130767593266
H           -1.16942040532972        3.24366279498682        3.03609999636939
H           -2.53998343604753        4.28649197501029        2.66712952836568
H           -2.81053566091836        2.70774906226129        3.41001802250965
14
 energy: -13.664174159161 gnorm: 0.001392159249 xtb: 6.7.1 (edcfbbe)
C           -0.50784721619322        0.85427804180698        1.58173831665765
H           -0.24739475610480        1.15178197059865        2.59366352560083
H            0.12818318273499        1.39964344856305        0.88665937293102
H           -0.29739600340840       -0.20871079232241        1.47732549969988
C           -1.97717262756017        1.13389542908897        1.28978860855711
H           -2.59860094614568        0.61533944391023        2.02330277620760
H           -2.22503395101244        0.73089040171171        0.30473185936454
C           -2.31983823497365        2.62459951374363        1.30607904064206
H           -1.66205629805399        3.15115093796542        0.61066729740745
H           -3.34509136025588        2.74991695772499        0.95012279272486
C           -2.19907549508360        3.25228532624802        2.68997407850586
H           -1.17017677925626        3.23742067815317        3.03718487238859
H           -2.53169212455266        4.28759585180358        2.66474085901184
H           -2.81370019013409        2.71336388100388        3.40742376030065
14
 energy: -13.664174634017 gnorm: 0.000836397821 xtb: 6.7.1 (edcfbbe)
C           -0.50814687028268        0.85334906242546        1.58215992168252
H           -0.24735592511128        1.15047795239765        2.59466567054378
H            0.12783629961953        1.39903923587531        0.88846910205949
H           -0.29740531425779       -0.20796436413766        1.47574060903744
C           -1.97748168261815        1.13425885583260        1.28981858982566
H           -2.59869796117110        0.61475175478910        2.02333098191462
H           -2.22379692465923        0.73147926913775        0.30416233897747
C           -2.31986130647303        2.62449825342792        1.30623422521909
H           -1.66295092177881        3.15160293296612        0.61033638917754
H           -3.34562477557187        2.74984309090446        0.95065501102405
C           -2.19895409459534        3.25294215833648        2.68962957010929
H           -1.16865773917532        3.23891164612275        3.03639810789089
H           -2.53280281758551        4.28838129004973        2.66433311490293
H           -2.81299276633924        2.71187995187220        3.40746902763519
14
 energy: -13.664175993364 gnorm: 0.000309403462 xtb: 6.7.1 (edcfbbe)
C           -0.50778282300895        0.85395436359035        1.58183524951255
H           -0.24698803530609        1.15130172705478        2.59422621679654
H            0.12858087622290        1.39891115439653        0.88738075961866
H           -0.29785903660338       -0.20827866300799        1.47682577672074
C           -1.97731366535463        1.13448786682112        1.28977531877210
H           -2.59830555472727        0.61496730742871        2.02345279899011
H           -2.22367321197609        0.73140271449711        0.30426959280558
C           -2.32015239148862        2.62445352161963        1.30618301567843
H           -1.66341480871322        3.15153179097343        0.61008969168740
H           -3.34602163315584        2.74967688120640        0.95071370814679
C           -2.19918258345143        3.25268780666488        2.68970480243966
H           -1.16976857356929        3.23681620135629        3.03742162375182
H           -2.53087424116569        4.28810986836289        2.66437723400887
H           -2.81413711770224        2.71342854903575        3.40714687107068
14
 energy: -13.664176172158 gnorm: 0.000206311943 xtb: 6.7.1 (edcfbbe)
C           -0.50770732692514        0.85407212632239        1.58184929898471
H           -0.24685204561515        1.15212279930702        2.59389004702790
H            0.12869250601649        1.39812103251067        0.88673230177540
H           -0.29834405636905       -0.20854191854289        1.47815914880484
C           -1.97716626850809        1.13454375259055        1.28954380989767
H           -2.59826145542922        0.61502152670646        2.02302904584947
H           -2.22377401870788        0.73152701590769        0.30409094285432
C           -2.32005008498603        2.62456832483711        1.30615833763577
H           -1.66343011892259        3.15180522110929        0.61007024539204
H           -3.34593088285585        2.74965044576190        0.95083267351143
C           -2.19911504901293        3.25260760659380        2.68978804582286
H           -1.16964279558147        3.23690425881561        3.03736395139474
H           -2.53145471194909        4.28806393908325        2.66470766048591
H           -2.81385649115383        2.71298495899703        3.40718715056288
